==========================================================================================================================
全量数据 · 免责期 1 s / 3 s（默认）/ 5 s 对比（raw 为下界）
==========================================================================================================================
         右拇指指尖/数据1 [恒载] 162.7s ch=31  | 时漂 全段/慢相段: 1s -3.03/-3.37%  3s -0.53/-2.93%  5s +1.05/-3.40%
         右拇指指尖/数据2 [恒载] 234.1s ch=31  | 时漂 全段/慢相段: 1s +5.54/+4.54%  3s +7.20/+4.45%  5s +8.77/+5.15%
         右拇指指尖/数据3 [恒载] 190.4s ch=31  | 时漂 全段/慢相段: 1s -0.60/-3.35%  3s +1.91/-2.51%  5s +2.62/-1.89%
         左拇指指尖/数据1 [恒载] 196.2s ch=31  | 时漂 全段/慢相段: 1s -0.77/-1.56%  3s -0.97/-2.01%  5s -0.18/-1.58%
         左拇指指尖/数据2 [恒载] 198.5s ch=31  | 时漂 全段/慢相段: 1s -0.25/-0.50%  3s +0.26/-0.62%  5s +0.84/-0.31%
         左拇指指尖/数据3 [恒载] 192.8s ch=31  | 时漂 全段/慢相段: 1s -1.09/-1.45%  3s -0.19/-1.21%  5s +0.78/-0.52%
          四指指尖/数据1 [恒载] 190.8s ch=21  | 时漂 全段/慢相段: 1s +0.98/+0.39%  3s +0.89/+0.19%  5s +1.04/-0.40%
          四指指尖/数据2 [恒载] 190.5s ch=21  | 时漂 全段/慢相段: 1s +0.28/-0.55%  3s +2.78/+0.07%  5s +3.47/-0.18%
          四指指尖/数据3 [恒载] 199.7s ch=21  | 时漂 全段/慢相段: 1s +0.96/-0.08%  3s +1.87/-0.18%  5s +2.44/-0.20%
         切换负载-快相无责 [实采] 255.7s ch=21  | 全程偏差(ADC): 1s 2831  3s 2672  5s 2067  | 台阶捕获中位: 1s 0.99  3s 1.00  5s 0.99
             再切换负载 [实采]  70.9s ch=21  | 全程偏差(ADC): 1s 1790  3s 1292  5s 960  | 台阶捕获中位: 1s nan  3s nan  5s nan
       中途切换-1d9493 [实采]  63.9s ch=21  | 全程偏差(ADC): 1s 3686  3s 1827  5s 801  | 台阶捕获中位: 1s 0.80  3s 0.92  5s 0.98
       中途切换-13ffca [实采] 120.6s ch=21  | 全程偏差(ADC): 1s 4754  3s 1952  5s 489  | 台阶捕获中位: 1s 0.90  3s 0.96  5s 0.99

----- 恒载 9 组（9 份均值 / |·|）-----
      时漂残余_全段  时漂残余_慢相段  受载中位   噪声比   平坦度  阶跃保真  首扣时延  A占幅度   g末端  epoch数
algo                                                                     
1s       1.50      1.75  0.52  0.66  1.71   1.0  4.24  1.41  0.19      16
3s       1.85      1.57  0.91  0.71  1.85   1.0  6.42  1.45  0.16      16
5s       2.35      1.51  1.48  0.76  1.97   1.0  8.47  1.47  0.14      16

----- 实采 4 份 -----
       全程偏差中位  占峰值中位  变载窗偏差中位  捕获比中位  捕获比最小  有效事件  epoch数
algo                                                     
1s    3258.10  11.39  2753.71   0.90   0.76    10      31
3s    1889.42   6.26  1560.29   0.96   0.80    10      29
5s     880.21   3.28   330.33   0.99   0.81    10      29

每份实录的全程最大偏差（ADC）
algo             1s      3s      5s
dataset                            
中途切换-13ffca  4754.0  1952.0   489.0
中途切换-1d9493  3686.0  1827.0   801.0
再切换负载        1790.0  1292.0   960.0
切换负载-快相无责    2831.0  2672.0  2067.0

每份实录的台阶捕获比（中位；空 = 无有效负载内变载事件）
algo           1s    3s    5s
dataset                      
中途切换-13ffca  0.90  0.96  0.99
中途切换-1d9493  0.80  0.92  0.98
切换负载-快相无责    0.99  1.00  0.99

图已保存：D:\workshop\Processing\multi-device-cascade-host-cpp\temp\v4.1flash\figures\H6_1s_overview_all.png
图已保存：D:\workshop\Processing\multi-device-cascade-host-cpp\temp\v4.1flash\figures\H7_1s_metrics_all.png
