====================================================================================================================================
A. 恒载 9 组（真实恒压：零基线 → 压上恒压 → 算法回调）：全过程时刻（相对真实加载沿，s）
====================================================================================================================================
            数据    档位     首扣理论     可见回调    扣到63%    扣到90%     显示走平      末段残余
------------------------------------------------------------------------------------------------------------------------------------
     右拇指指尖/数据1    1s      3.5      3.8     57.5     86.5      nan   1031.9%
     右拇指指尖/数据1    3s      5.5      5.5     57.9     87.0      nan   1031.9%
     右拇指指尖/数据1    5s      7.5      7.9     62.2     87.2      nan   1031.9%
     右拇指指尖/数据1   raw        —        —        —        —      nan   1031.9%
     右拇指指尖/数据2    1s      3.5      3.9     40.4     81.2      nan    568.6%
     右拇指指尖/数据2    3s      5.5      6.1     52.8     98.6      nan    568.6%
     右拇指指尖/数据2    5s      7.5      7.9     50.8     93.5      nan    568.6%
     右拇指指尖/数据2   raw        —        —        —        —      nan    568.6%
     右拇指指尖/数据3    1s      3.5      4.3     53.2     64.2     63.7    160.2%
     右拇指指尖/数据3    3s      5.5      8.3     56.4     78.7     63.7    160.2%
     右拇指指尖/数据3    5s      7.5     10.8     56.2     78.5     63.7    160.2%
     右拇指指尖/数据3   raw        —        —        —        —     83.6    160.2%
     左拇指指尖/数据1    1s      3.5      4.2     49.9     79.1      nan    357.8%
     左拇指指尖/数据1    3s      5.5      6.2     60.8     75.4      nan    357.8%
     左拇指指尖/数据1    5s      7.5      8.3     55.5     73.2      nan    357.8%
     左拇指指尖/数据1   raw        —        —        —        —      nan    357.8%
     左拇指指尖/数据2    1s      3.5      5.0     36.3     71.7      5.0    165.0%
     左拇指指尖/数据2    3s      5.5      7.2     41.4     70.5      8.9    165.0%
     左拇指指尖/数据2    5s      7.5      9.1     43.5     74.6      9.9    165.0%
     左拇指指尖/数据2   raw        —        —        —        —      nan    165.0%
     左拇指指尖/数据3    1s      3.5      4.3     49.3     78.9     92.4    496.3%
     左拇指指尖/数据3    3s      5.5      6.2     52.6     76.7      nan    496.3%
     左拇指指尖/数据3    5s      7.5      8.3     56.3     78.9     79.5    496.3%
     左拇指指尖/数据3   raw        —        —        —        —      nan    496.3%
      四指指尖/数据1    1s      3.5      4.6     21.2     57.8     18.9    289.9%
      四指指尖/数据1    3s      5.5      6.5     21.7     58.4     20.9    289.9%
      四指指尖/数据1    5s      7.5      8.4     22.5     56.9     35.9    289.9%
      四指指尖/数据1   raw        —        —        —        —     69.8    289.9%
      四指指尖/数据2    1s      3.5      4.1     20.0     56.4      nan    748.1%
      四指指尖/数据2    3s      5.5      5.7     20.8     55.6      nan    748.1%
      四指指尖/数据2    5s      7.5      7.9     23.9     55.6      nan    748.1%
      四指指尖/数据2   raw        —        —        —        —      nan    748.1%
      四指指尖/数据3    1s      3.5      3.9     25.6     84.8     42.9    453.4%
      四指指尖/数据3    3s      5.5      6.0     34.1     87.5     34.9    453.4%
      四指指尖/数据3    5s      7.5      7.8     38.7     88.2     31.9    453.4%
      四指指尖/数据3   raw        —        —        —        —      nan    453.4%

====================================================================================================================================
B. 4 份实录的「空载→负载」沿（ADC 域）
====================================================================================================================================
                  录制      加载沿    档位     首扣理论     可见回调    扣到63%    扣到90%     显示走平
------------------------------------------------------------------------------------------------------------------------------------
           切换负载-快相无责    10.84    1s      3.5     15.9     28.4     32.6      nan
           切换负载-快相无责    10.84    3s      5.5      6.1     25.5     29.8      nan
           切换负载-快相无责    10.84    5s      7.5      8.9     27.0     30.8      nan
           切换负载-快相无责   133.83    1s      3.5     10.5     30.9     33.9      3.0
           切换负载-快相无责   133.83    3s      5.5     15.7     30.4     33.0      4.0
           切换负载-快相无责   133.83    5s      7.5     19.9     30.4     33.0      4.0
           切换负载-快相无责   185.97    1s      3.5      7.4     20.0     24.0      nan
           切换负载-快相无责   185.97    3s      5.5      8.8     20.0     20.0      nan
           切换负载-快相无责   185.97    5s      7.5     10.5     20.0     20.0      nan
               再切换负载    11.80    1s      3.5      7.5     31.7     33.0      nan
               再切换负载    11.80    3s      5.5      6.4     32.9     33.6      nan
               再切换负载    11.80    5s      7.5      8.1     20.0     20.0      nan
               再切换负载    35.95    1s      3.5      6.1     29.1     30.3      nan
               再切换负载    35.95    3s      5.5     10.7     29.4     30.3      nan
               再切换负载    35.95    5s      7.5     14.1     30.0     30.4      nan
               再切换负载    57.30    1s      3.5      6.8      nan      nan      nan
               再切换负载    57.30    3s      5.5      9.0      nan      nan      nan
               再切换负载    57.30    5s      7.5     12.0      nan      nan      nan
         中途切换-1d9493    10.91    1s      3.5      4.3     34.1     34.7      nan
         中途切换-1d9493    10.91    3s      5.5      6.0     20.0     20.1      nan
         中途切换-1d9493    10.91    5s      7.5      8.8      nan      nan      nan
         中途切换-1d9493    39.08    1s      3.5      5.7     20.0     20.0      nan
         中途切换-1d9493    39.08    3s      5.5      8.2     20.0     20.0      nan
         中途切换-1d9493    39.08    5s      7.5     10.2     20.0     20.0      nan
         中途切换-13ffca     8.42    1s      3.5      4.2     20.0     24.0      nan
         中途切换-13ffca     8.42    3s      5.5      6.7     20.0     26.2      nan
         中途切换-13ffca     8.42    5s      7.5      8.5     20.0     34.1      nan
         中途切换-13ffca    88.00    1s      3.5      5.3     20.0     20.0      nan
         中途切换-13ffca    88.00    3s      5.5      7.4     20.0     20.0      nan
         中途切换-13ffca    88.00    5s      7.5      9.1     20.0     21.1      nan

====================================================================================================================================
汇总（均值）：各时刻相对真实加载沿的秒数
====================================================================================================================================

[恒载 9 组（display 域，真实恒压）]
      首扣理论  可见回调   扣到63   扣到90   显示走平  扣到位95  n
algo                                           
1s     3.5  4.22  39.28  73.39  44.58   12.5  9
3s     5.5  6.40  44.26  76.48  32.11   14.5  9
5s     7.5  8.48  45.51  76.30  44.18   16.5  9
raw    NaN   NaN    NaN    NaN  76.68    NaN  0

[实录空载→负载沿（ADC 域）]
      首扣理论   可见回调   扣到63   扣到90  显示走平  扣到位95     n
algo                                              
1s     3.5   7.39  26.03  28.05  2.99   12.5  10.0
3s     5.5   8.51  24.24  25.89  3.98   14.5  10.0
5s     7.5  11.01  23.42  26.16  3.98   16.5  10.0
raw    NaN    NaN    NaN    NaN   NaN    NaN   NaN
