==========================================================================================================================
A. 恒载 9 组（口径同 Document/03；时漂残余为 |末10% − 首10%| / 电平 %）
==========================================================================================================================
右拇指指尖/数据1 ch17 amp=  1.394 | raw:+33.06/+28.06%(A/幅=nan 首扣=nans) | 1s: -3.03/ -3.37%(A/幅=0.86 首扣=3.8s) | 3s: -0.53/ -2.93%(A/幅=0.89 首扣=5.6s) | 5s: +1.05/ -3.40%(A/幅=0.93 首扣=7.9s) | v3: -1.68/ -3.44%(A/幅=0.88 首扣=5.6s)
右拇指指尖/数据2 ch17 amp=  1.589 | raw:+27.37/+21.58%(A/幅=nan 首扣=nans) | 1s: +5.54/ +4.54%(A/幅=0.91 首扣=3.7s) | 3s: +7.20/ +4.45%(A/幅=0.96 首扣=5.9s) | 5s: +8.77/ +5.15%(A/幅=0.98 首扣=7.6s) | v3: +4.76/ +2.41%(A/幅=0.87 首扣=5.6s)
右拇指指尖/数据3 ch17 amp=  1.685 | raw:+23.29/+17.71%(A/幅=nan 首扣=nans) | 1s: -0.60/ -3.35%(A/幅=0.83 首扣=3.8s) | 3s: +1.91/ -2.51%(A/幅=0.87 首扣=7.4s) | 5s: +2.62/ -1.89%(A/幅=0.87 首扣=7.7s) | v3: +1.51/ -2.25%(A/幅=0.86 首扣=5.8s)
左拇指指尖/数据1 ch18 amp=  1.267 | raw: +5.70/ +3.64%(A/幅=nan 首扣=nans) | 1s: -0.84/ -1.63%(A/幅=0.95 首扣=3.9s) | 3s: -1.04/ -2.09%(A/幅=0.95 首扣=5.8s) | 5s: -0.25/ -1.65%(A/幅=0.96 首扣=7.9s) | v3: -1.14/ -2.12%(A/幅=0.95 首扣=5.7s)
左拇指指尖/数据2 ch18 amp=  1.329 | raw: +5.34/ +3.53%(A/幅=nan 首扣=nans) | 1s: -0.25/ -0.50%(A/幅=0.95 首扣=3.9s) | 3s: +0.26/ -0.62%(A/幅=0.96 首扣=5.9s) | 5s: +0.84/ -0.31%(A/幅=0.97 首扣=7.7s) | v3: -0.19/ -0.84%(A/幅=0.96 首扣=5.7s)
左拇指指尖/数据3 ch18 amp=  1.343 | raw: +5.11/ +3.32%(A/幅=nan 首扣=nans) | 1s: -1.17/ -1.53%(A/幅=0.95 首扣=4.0s) | 3s: -0.27/ -1.30%(A/幅=0.96 首扣=5.9s) | 5s: +0.70/ -0.60%(A/幅=0.97 首扣=7.8s) | v3: -0.61/ -1.51%(A/幅=0.96 首扣=5.7s)
四指指尖/数据1 ch11 amp=  1.736 | raw:+14.79/+11.61%(A/幅=nan 首扣=nans) | 1s: +1.06/ +0.47%(A/幅=0.89 首扣=4.0s) | 3s: +0.97/ +0.27%(A/幅=0.90 首扣=6.0s) | 5s: +1.11/ -0.32%(A/幅=0.91 首扣=7.9s) | v3: +0.92/ +0.29%(A/幅=0.90 首扣=5.8s)
四指指尖/数据2 ch7 amp=  1.800 | raw:+14.01/ +8.93%(A/幅=nan 首扣=nans) | 1s: +0.21/ -0.62%(A/幅=0.87 首扣=4.0s) | 3s: +2.71/ -0.01%(A/幅=0.91 首扣=5.7s) | 5s: +3.40/ -0.26%(A/幅=0.92 首扣=7.8s) | v3: +1.85/ -0.33%(A/幅=0.90 首扣=5.6s)
四指指尖/数据3 ch11 amp=  1.889 | raw:+10.52/ +7.27%(A/幅=nan 首扣=nans) | 1s: +0.96/ -0.08%(A/幅=0.92 首扣=3.8s) | 3s: +1.87/ -0.18%(A/幅=0.94 首扣=5.8s) | 5s: +2.44/ -0.20%(A/幅=0.95 首扣=7.8s) | v3: +1.56/ -0.24%(A/幅=0.94 首扣=5.7s)

----- 恒载 9 组汇总（v3 = 现役基线参考）-----
      时漂残余_全段  时漂残余_慢相段  时漂残余_受载中位   噪声比   平坦度  阶跃保真  事件跳变超额  A占幅度  g_末端  首扣时延s
algo                                                                           
raw     15.46     11.74      10.17  1.00  2.60   1.0    0.00   NaN   NaN    NaN
1s       1.52      1.79       0.53  0.65  1.75   1.0    0.57  0.90  0.19   3.89
3s       1.86      1.59       0.91  0.71  1.89   1.0    0.51  0.93  0.16   6.01
5s       2.35      1.53       1.46  0.76  2.01   1.0    0.47  0.94  0.14   7.79
v3       1.58      1.49       0.59  0.71  1.88   1.0    0.03  0.91  0.12   5.69

[切换负载-快相无责] 255.7s / 25691 帧 / 负载段 3 / 事件 16
   [1s ] A_max= 3056.15 loaded= 12 g_end=+0.0390 epoch=15
   [3s ] A_max= 3007.17 loaded= 12 g_end=+0.0357 epoch=13
   [5s ] A_max= 3069.73 loaded= 12 g_end=+0.0149 epoch=13
   [v3 ] A_max= 2462.04 loaded= 12 g_end=+0.2173 epoch=12
   负载段 @  10.8s amp= 26309 | 1s: epoch+2.5s 理论首扣 3.5s 实测首扣 24.0s | 3s: epoch+2.5s 理论首扣 5.5s 实测首扣 7.5s | 5s: epoch+2.5s 理论首扣 7.5s 实测首扣 12.7s
   负载段 @ 133.8s amp= 27991 | 1s: epoch+2.6s 理论首扣 3.6s 实测首扣 10.5s | 3s: epoch+2.6s 理论首扣 5.6s 实测首扣 16.2s | 5s: epoch+2.6s 理论首扣 7.6s 实测首扣 20.2s
   负载段 @ 186.0s amp= 26089 | 1s: epoch+2.6s 理论首扣 3.6s 实测首扣 7.5s | 3s: epoch+2.6s 理论首扣 5.6s 实测首扣 8.9s | 5s: epoch+2.6s 理论首扣 7.6s 实测首扣 10.6s

[再切换负载] 70.9s / 7127 帧 / 负载段 3 / 事件 5
   [1s ] A_max= 2999.90 loaded= 14 g_end=+0.0228 epoch=4
   [3s ] A_max= 3015.49 loaded= 14 g_end=+0.0151 epoch=4
   [5s ] A_max= 3024.76 loaded= 14 g_end=+0.0082 epoch=4
   [v3 ] A_max= 2925.32 loaded= 14 g_end=+0.0175 epoch=4
   负载段 @  11.8s amp= 16004 | 1s: epoch+2.5s 理论首扣 3.5s 实测首扣 7.7s | 3s: epoch+2.5s 理论首扣 5.5s 实测首扣 7.0s | 5s: epoch+2.5s 理论首扣 7.5s 实测首扣 8.6s
   负载段 @  35.9s amp= 22786 | 1s: epoch+2.6s 理论首扣 3.6s 实测首扣 6.5s | 3s: epoch+2.6s 理论首扣 5.6s 实测首扣 12.8s | 5s: epoch+2.6s 理论首扣 7.6s 实测首扣 14.2s
   负载段 @  57.3s amp= 25866 | 1s: epoch+2.6s 理论首扣 3.6s 实测首扣 6.8s | 3s: epoch+2.6s 理论首扣 5.6s 实测首扣 9.1s | 5s: epoch+2.6s 理论首扣 7.6s 实测首扣 12.0s

[中途切换-1d9493] 63.9s / 6419 帧 / 负载段 2 / 事件 5
   [1s ] A_max= 3199.79 loaded= 13 g_end=+0.0476 epoch=4
   [3s ] A_max= 3254.15 loaded= 13 g_end=+0.0295 epoch=4
   [5s ] A_max= 3273.26 loaded= 13 g_end=+0.0215 epoch=4
   [v3 ] A_max= 3138.01 loaded= 13 g_end=-0.0120 epoch=4
   负载段 @  10.8s amp= 26097 | 1s: epoch+2.4s 理论首扣 3.4s 实测首扣 4.7s | 3s: epoch+2.4s 理论首扣 5.4s 实测首扣 6.8s | 5s: epoch+2.4s 理论首扣 7.4s 实测首扣 9.6s
   负载段 @  39.1s amp= 27685 | 1s: epoch+2.6s 理论首扣 3.6s 实测首扣 6.1s | 3s: epoch+2.6s 理论首扣 5.6s 实测首扣 8.6s | 5s: epoch+2.6s 理论首扣 7.6s 实测首扣 10.5s

[中途切换-13ffca] 120.6s / 12119 帧 / 负载段 2 / 事件 7
   [1s ] A_max= 3305.87 loaded= 13 g_end=+0.1191 epoch=8
   [3s ] A_max= 3520.93 loaded= 13 g_end=+0.0433 epoch=8
   [5s ] A_max= 3648.22 loaded= 13 g_end=+0.0108 epoch=8
   [v3 ] A_max= 3076.86 loaded= 13 g_end=+0.1076 epoch=4
   负载段 @   8.4s amp= 24572 | 1s: epoch+2.4s 理论首扣 3.4s 实测首扣 5.0s | 3s: epoch+2.4s 理论首扣 5.4s 实测首扣 7.8s | 5s: epoch+2.4s 理论首扣 7.4s 实测首扣 9.5s
   负载段 @  87.8s amp= 32406 | 1s: epoch+2.6s 理论首扣 3.6s 实测首扣 7.5s | 3s: epoch+2.6s 理论首扣 5.6s 实测首扣 9.9s | 5s: epoch+2.6s 理论首扣 7.6s 实测首扣 11.5s

==========================================================================================================================
B. 4 份实录汇总（台阶捕获比 = 事件后 6s 显示增量 ÷ 原始增量；仅 |台阶| ≥ 2000 ADC 的有效事件）
==========================================================================================================================
      有效事件  台阶捕获比中位  台阶捕获比最小  变载窗最大偏差中位  全程最大偏差中位  全程最大偏差占峰值  epoch数
algo                                                                
1s      10     0.90     0.76    2271.66   3258.10      11.39      31
3s      10     0.96     0.80    1426.27   1889.42       6.26      29
5s      10     0.99     0.81     512.33    880.21       3.28      29
v3      10     0.81    -0.38    2426.30   4329.17      13.89      24

----- 首扣时延（相对真实加载沿，s）-----
             theo_1s  theo_3s  theo_5s  ded_1s  ded_3s  ded_5s
rec                                                           
中途切换-13ffca     3.50     5.50     7.50    6.27    8.85   10.48
中途切换-1d9493     3.51     5.51     7.51    5.39    7.72   10.01
再切换负载           3.55     5.55     7.55    7.02    9.64   11.62
切换负载-快相无责       3.58     5.58     7.58   13.98   10.83   14.50
全体负载段均值：1s: 理论3.54s / 实测8.63s  3s: 理论5.54s / 实测9.46s  5s: 理论7.54s / 实测11.94s

----- 机制：加载沿 → 首个真实变载之前（≤40s）窗内的 pending / hold 占空比 -----
[三档主对比]
         win_s  pending_pct  hold_pct  epoch_restarts  ded_peak
variant                                                        
1s       21.66        21.17      5.93             1.2   1427.15
3s       21.66        16.30      1.06             1.1    849.44
5s       21.66        16.30      1.06             1.1    433.04
[两因子拆解]
           win_s  pending_pct  hold_pct  epoch_restarts  ded_peak
variant                                                          
免责1s|ARM1   14.4        30.99     12.41            1.25   1256.88
免责1s|ARM3   14.4        18.82      0.24            1.00   1440.49
免责3s|ARM1   14.4        30.99     12.41            1.25    740.54
免责3s|ARM3   14.4        18.82      0.24            1.00    855.69
免责5s|ARM5   14.4        18.82      0.24            1.00    436.58

----- A 采集窗内的原始电平（占本段幅度；越接近 1.0 说明触面越接近建立）-----
         win_start  win_end  level
variant                           
1s           3.208    3.541  0.789
3s           4.541    5.541  0.803
5s           5.874    7.541  0.812
相对 5s 档：A(1s)/A(5s) = 0.971，A(3s)/A(5s) = 0.989

----- 两因子拆解（免责期长度 × 武装延时；实录与恒载口径）-----
            全程最大偏差    占峰值  捕获比中位  捕获比最小  epoch数  时漂残余_全段  时漂残余_慢相段   噪声比
algo                                                                    
免责1s|ARM1  3258.10  11.39   0.90   0.76    31.0     1.52      1.79  0.65
免责1s|ARM3  4219.95  13.87   0.88  -0.12    29.0     1.52      1.79  0.65
免责3s|ARM1  1889.42   6.26   0.96   0.80    31.0     1.86      1.59  0.71
免责3s|ARM3  1889.42   6.26   0.96   0.80    29.0     1.86      1.59  0.71
免责5s|ARM5   880.21   3.28   0.99   0.81    29.0     2.35      1.53  0.76

npz 键名对照：r0=切换负载-快相无责  r1=再切换负载  r2=中途切换-1d9493  r3=中途切换-13ffca

图已保存：D:\workshop\Processing\multi-device-cascade-host-cpp\temp\v4.1flash\figures\H1_exempt_1s_3s_5s.png
图已保存：D:\workshop\Processing\multi-device-cascade-host-cpp\temp\v4.1flash\figures\H2_exempt_1s_ablation.png
主记录 切换负载-快相无责：首个可分析负载段 @10.8s（峰值 29537 ADC）
