================================================================================================================================
[★最终测试目标(13ffca)] 120.6s / 12119 帧 / 21ch / 真实加载沿 4 个（空载→负载 2 个）
     加载沿       台阶         类型   档位 | t_detect     确认(实测)  t_epoch    免责     首扣理论     首扣实测      爬升到可见     沿后6s捕获
--------------------------------------------------------------------------------------------------------------------------------
    8.42    15364      空载→负载   1s |    -0.09       2.51     2.42   1.0     3.42     4.54       1.12       0.98
    8.42    15364      空载→负载   3s |    -0.09       2.51     2.42   3.0     5.42     7.18       1.77       1.00
    8.42    15364      空载→负载   5s |    -0.09       2.51     2.42   5.0     7.42     8.92       1.51       1.00
    8.42    15364      空载→负载   v3 |    -0.09       2.51     2.42   nan      nan     6.70        nan       1.00
   18.68     6405      负载内变载   1s |     0.13       2.51     2.64   1.0     3.64      nan        nan       0.86
   18.68     6405      负载内变载   3s |     0.13       2.51     2.64   3.0     5.64      nan        nan       0.93
   18.68     6405      负载内变载   5s |     0.13       2.51     2.64   5.0     7.64      nan        nan       0.98
   18.68     6405      负载内变载   v3 |     0.51       2.51     3.01   nan      nan      nan        nan       0.96
   27.66     4672      负载内变载   1s |    -0.25       2.98     2.74   1.0     3.74      nan        nan       0.84
   27.66     4672      负载内变载   3s |    -0.25       2.98     2.74   3.0     5.74      nan        nan       0.96
   27.66     4672      负载内变载   5s |    -0.25       2.98     2.74   5.0     7.74      nan        nan       1.00
   27.66     4672      负载内变载   v3 |    41.46      21.26    62.72   nan      nan      nan        nan       0.14
   88.00    27820      空载→负载   1s |    -0.13       2.51     2.38   1.0     3.38     6.98       3.61       0.99
   88.00    27820      空载→负载   3s |    -0.13       2.51     2.38   3.0     5.38     9.25       3.87       1.00
   88.00    27820      空载→负载   5s |    -0.13       2.51     2.38   5.0     7.38    11.22       3.84       1.00
   88.00    27820      空载→负载   v3 |    -0.13       2.51     2.38   nan      nan     0.00        nan       0.99
--------------------------------------------------------------------------------------------------------------------------------
================================================================================================================================
[切换负载-快相无责] 255.7s / 25691 帧 / 21ch / 真实加载沿 11 个（空载→负载 3 个）
     加载沿       台阶         类型   档位 | t_detect     确认(实测)  t_epoch    免责     首扣理论     首扣实测      爬升到可见     沿后6s捕获
--------------------------------------------------------------------------------------------------------------------------------
   10.84     4165      空载→负载   1s |     0.00       2.51     2.51   1.0     3.51      nan        nan       1.00
   10.84     4165      空载→负载   3s |     0.00       2.51     2.51   3.0     5.51     6.21       0.70       1.00
   10.84     4165      空载→负载   5s |     0.00       2.51     2.51   5.0     7.51     9.20       1.69       1.00
   10.84     4165      空载→负载   v3 |     0.00       2.51     2.51   nan      nan     6.08        nan       0.99
   28.52     6779      负载内变载   1s |    -0.02       2.51     2.49   1.0     3.49      nan        nan       0.99
   28.52     6779      负载内变载   3s |    -0.02       2.51     2.49   3.0     5.49      nan        nan       0.99
   28.52     6779      负载内变载   5s |    -0.02       2.51     2.49   5.0     7.49      nan        nan       1.00
   28.52     6779      负载内变载   v3 |     0.09       2.51     2.60   nan      nan      nan        nan       0.99
   71.79     3924      负载内变载   1s |    -0.03       2.51     2.48   1.0     3.48      nan        nan       1.00
   71.79     3924      负载内变载   3s |    -0.03       2.51     2.48   3.0     5.48      nan        nan       1.01
   71.79     3924      负载内变载   5s |    -0.03       2.51     2.48   5.0     7.48      nan        nan       1.01
   71.79     3924      负载内变载   v3 |     0.29       2.51     2.80   nan      nan      nan        nan       1.08
   76.01    12619      负载内变载   1s |    -0.25       4.51     4.26   1.0     5.26      nan        nan       0.99
   76.01    12619      负载内变载   3s |     0.12       4.14     4.26   3.0     7.26      nan        nan       1.02
   76.01    12619      负载内变载   5s |     0.12       4.14     4.26   5.0     9.26      nan        nan       1.01
   76.01    12619      负载内变载   v3 |     0.11       4.47     4.58   nan      nan      nan        nan       0.96
  111.14     6507      负载内变载   1s |    -0.25       2.29     2.04   1.0     3.04      nan        nan       0.63
  111.14     6507      负载内变载   3s |    -0.25       2.29     2.04   3.0     5.04      nan        nan       1.08
  111.14     6507      负载内变载   5s |    -0.25       2.29     2.04   5.0     7.04      nan        nan       1.07
  111.14     6507      负载内变载   v3 |     0.56       2.51     3.07   nan      nan      nan        nan       3.04
  133.83    27105      空载→负载   1s |     0.14       2.51     2.65   1.0     3.65    10.35       6.70       1.00
  133.83    27105      空载→负载   3s |     0.14       2.51     2.65   3.0     5.65      nan        nan       1.00
  133.83    27105      空载→负载   5s |     0.14       2.51     2.65   5.0     7.65      nan        nan       1.00
  133.83    27105      空载→负载   v3 |     0.14       2.51     2.65   nan      nan     0.02        nan       0.97
  185.97    25194      空载→负载   1s |     0.10       2.51     2.61   1.0     3.61     7.45       3.85       1.00
  185.97    25194      空载→负载   3s |     0.10       2.51     2.61   3.0     5.61     8.84       3.23       1.00
  185.97    25194      空载→负载   5s |     0.10       2.51     2.61   5.0     7.61    10.57       2.96       1.00
  185.97    25194      空载→负载   v3 |     0.10       2.51     2.61   nan      nan     0.00        nan       0.96
  218.26     6145      负载内变载   1s |    -0.25       2.96     2.71   1.0     3.71      nan        nan       0.98
  218.26     6145      负载内变载   3s |    -0.25       2.96     2.71   3.0     5.71      nan        nan       1.00
  218.26     6145      负载内变载   5s |     0.16       2.55     2.71   5.0     7.71      nan        nan       1.00
  218.26     6145      负载内变载   v3 |     0.14       2.79     2.93   nan      nan      nan        nan       0.89
  230.64     7764      负载内变载   1s |     0.01       2.51     2.52   1.0     3.52      nan        nan       0.99
  230.64     7764      负载内变载   3s |     0.01       2.51     2.52   3.0     5.52      nan        nan       1.00
  230.64     7764      负载内变载   5s |     0.01       2.51     2.52   5.0     7.52      nan        nan       1.00
  230.64     7764      负载内变载   v3 |     0.33       2.51     2.84   nan      nan      nan        nan       1.01
  233.31    15091      负载内变载   1s |    -0.25       0.10    -0.15   1.0     0.85      nan        nan       0.99
  233.31    15091      负载内变载   3s |    -0.25       0.10    -0.15   3.0     2.85      nan        nan       1.00
  233.31    15091      负载内变载   5s |    -0.25       0.10    -0.15   5.0     4.85      nan        nan       1.00
  233.31    15091      负载内变载   v3 |    -0.25       0.42     0.17   nan      nan      nan        nan       0.92
  240.71     5254      负载内变载   1s |     0.15       4.30     4.45   1.0     5.45      nan        nan       0.97
  240.71     5254      负载内变载   3s |     8.94        nan      nan   3.0      nan      nan        nan       0.90
  240.71     5254      负载内变载   5s |     8.94        nan      nan   5.0      nan      nan        nan       0.96
  240.71     5254      负载内变载   v3 |     9.12        nan      nan   nan      nan      nan        nan      -0.41
--------------------------------------------------------------------------------------------------------------------------------
================================================================================================================================
[再切换负载] 70.9s / 7127 帧 / 21ch / 真实加载沿 3 个（空载→负载 3 个）
     加载沿       台阶         类型   档位 | t_detect     确认(实测)  t_epoch    免责     首扣理论     首扣实测      爬升到可见     沿后6s捕获
--------------------------------------------------------------------------------------------------------------------------------
   11.80    14394      空载→负载   1s |    -0.03       2.51     2.48   1.0     3.48     7.70       4.22       1.00
   11.80    14394      空载→负载   3s |    -0.03       2.51     2.48   3.0     5.48     6.89       1.42       1.00
   11.80    14394      空载→负载   5s |    -0.03       2.51     2.48   5.0     7.48     8.56       1.09       1.00
   11.80    14394      空载→负载   v3 |    -0.03       2.51     2.48   nan      nan     6.45        nan       0.99
   35.95    21603      空载→负载   1s |     0.08       2.51     2.59   1.0     3.59     6.40       2.81       1.00
   35.95    21603      空载→负载   3s |     0.08       2.51     2.59   3.0     5.59      nan        nan       1.00
   35.95    21603      空载→负载   5s |     0.08       2.51     2.59   5.0     7.59      nan        nan       1.00
   35.95    21603      空载→负载   v3 |     0.08       2.51     2.59   nan      nan     0.01        nan       0.97
   57.30    25171      空载→负载   1s |     0.06       2.51     2.57   1.0     3.57     6.80       3.24       1.00
   57.30    25171      空载→负载   3s |     0.06       2.51     2.57   3.0     5.57     9.07       3.50       1.00
   57.30    25171      空载→负载   5s |     0.06       2.51     2.57   5.0     7.57    11.94       4.37       1.00
   57.30    25171      空载→负载   v3 |     0.06       2.51     2.57   nan      nan     0.01        nan       0.97
--------------------------------------------------------------------------------------------------------------------------------
================================================================================================================================
[中途切换-1d9493] 63.9s / 6419 帧 / 21ch / 真实加载沿 3 个（空载→负载 2 个）
     加载沿       台阶         类型   档位 | t_detect     确认(实测)  t_epoch    免责     首扣理论     首扣实测      爬升到可见     沿后6s捕获
--------------------------------------------------------------------------------------------------------------------------------
   10.91    17614      空载→负载   1s |    -0.24       2.51     2.27   1.0     3.27     4.35       1.08       0.93
   10.91    17614      空载→负载   3s |    -0.24       2.51     2.27   3.0     5.27     6.23       0.96       0.99
   10.91    17614      空载→负载   5s |    -0.24       2.51     2.27   5.0     7.27     8.95       1.68       1.00
   10.91    17614      空载→负载   v3 |    -0.24       2.51     2.27   nan      nan     5.81        nan       0.99
   20.95     7067      负载内变载   1s |    -0.07       2.51     2.44   1.0     3.44      nan        nan       0.72
   20.95     7067      负载内变载   3s |    -0.07       2.51     2.44   3.0     5.44      nan        nan       0.93
   20.95     7067      负载内变载   5s |    -0.07       2.51     2.44   5.0     7.44      nan        nan       1.00
   20.95     7067      负载内变载   v3 |     0.36       2.51     2.86   nan      nan      nan        nan       0.91
   39.08    26579      空载→负载   1s |     0.08       2.51     2.59   1.0     3.59     5.99       2.40       0.99
   39.08    26579      空载→负载   3s |     0.08       2.51     2.59   3.0     5.59     8.54       2.96       1.00
   39.08    26579      空载→负载   5s |     0.08       2.51     2.59   5.0     7.59    10.37       2.78       1.00
   39.08    26579      空载→负载   v3 |     0.08       2.51     2.59   nan      nan     0.01        nan       0.96
--------------------------------------------------------------------------------------------------------------------------------

==========================================================================================================================
时延拆解汇总（4 份录制 · 21 个真实加载沿）
==========================================================================================================================
[A] 空载→负载沿（10 个）：起扣前扣除为 0，四项时延都可测
      t_detect  confirm  exempt  t_epoch  t_ded_theo  t_ded_meas  visible_extra  cap6   n
algo                                                                                     
1s        -0.0     2.51     1.0      2.5         3.5        6.73           3.23  0.99  10
3s        -0.0     2.51     3.0      2.5         5.5        7.78           2.30  1.00  10
5s        -0.0     2.51     5.0      2.5         7.5        9.97           2.49  1.00  10
v3        -0.0     2.51     NaN      2.5         NaN        2.51            NaN  0.98  10

[B] 负载内变载沿（11 个）：扣除本来就非零，「首个可见扣除」口径无意义，只列检测/确认
      t_detect  confirm  t_epoch  t_ded_theo  cap6   n
algo                                                  
1s       -0.10     2.70     2.60        3.60  0.91  11
3s        0.73     2.50     2.42        5.42  0.98  11
5s        0.77     2.46     2.42        7.42  1.00  11
v3        4.79     4.40     8.76         NaN  0.95  11

检测延迟的离散度（全部沿）：t_detect 中位 0.00s，最小 -0.25s，最大 41.46s；确认延迟实测 0.10~21.26s（常量 kStepPersistS=2.5s）

分档（空载→负载口径）
   1s: 检测 -0.00 + 确认 2.51 + 免责 1.0 = 首扣理论 3.50s ；实测可见首扣 6.73s（再 +3.23s）；扣到位95% ≈ 12.5s
   3s: 检测 -0.00 + 确认 2.51 + 免责 3.0 = 首扣理论 5.50s ；实测可见首扣 7.78s（再 +2.30s）；扣到位95% ≈ 14.5s
   5s: 检测 -0.00 + 确认 2.51 + 免责 5.0 = 首扣理论 7.50s ；实测可见首扣 9.97s（再 +2.49s）；扣到位95% ≈ 16.5s

（v3 参考：检测 -0.00s、确认 2.51s、无免责期，实测可见首扣 2.51s）
