A/B 变体已构造：A = 当前实现（pending 冻结）；B = 不冻结（源码补丁 1 处）
======================================================================================================================
[中途切换-13ffca] 负载内加重事件 2 个（免责 3.0 s）
      事件      台阶 |    A 检测    A pending 期Δ扣除 |    B pending 期Δ扣除 |      台阶后6s捕获 A/B |        变载窗偏差 A/B
----------------------------------------------------------------------------------------------------------------------
   18.68    6405 |    0.13                -0 |              5486 |    0.93 /  1.08 |    1405 /  6048
   27.66    4672 |   -0.02                 0 |               133 |    0.96 /  0.50 |    1560 /  1601
  全程最大偏差：A（冻结）1952 ADC（占峰值 6.0%）  |  B（不冻结）6554 ADC（占峰值 20.0%）
----------------------------------------------------------------------------------------------------------------------
======================================================================================================================
[中途切换-1d9493] 负载内加重事件 1 个（免责 3.0 s）
      事件      台阶 |    A 检测    A pending 期Δ扣除 |    B pending 期Δ扣除 |      台阶后6s捕获 A/B |        变载窗偏差 A/B
----------------------------------------------------------------------------------------------------------------------
   20.95    7067 |   -0.02                 0 |              5723 |    0.93 /  1.27 |    1827 /  6327
  全程最大偏差：A（冻结）1827 ADC（占峰值 6.5%）  |  B（不冻结）6327 ADC（占峰值 22.7%）
----------------------------------------------------------------------------------------------------------------------
======================================================================================================================
[切换负载-快相无责] 负载内加重事件 4 个（免责 3.0 s）
      事件      台阶 |    A 检测    A pending 期Δ扣除 |    B pending 期Δ扣除 |      台阶后6s捕获 A/B |        变载窗偏差 A/B
----------------------------------------------------------------------------------------------------------------------
   71.79    3924 |   -0.02                 0 |             -5925 |    1.01 /  1.04 |    1275 /  5219
  111.14    6507 |   -0.02                 0 |              5104 |    1.08 /  4.47 |    2662 /  7175
  230.64    7764 |    0.01                63 |             -5570 |    1.00 /  1.00 |     599 /  5590
  240.71    5254 |    8.94                 7 |             -8548 |    0.90 /  0.88 |    1154 /  5560
  全程最大偏差：A（冻结）2672 ADC（占峰值 9.0%）  |  B（不冻结）8488 ADC（占峰值 28.7%）
----------------------------------------------------------------------------------------------------------------------

汇总（负载内加重事件，均值）
  pending 期时长           : 1.84 s（≈ kStepPersistS = 2.5 s）
  pending 期扣除量变化     : 冻结     +10 ADC  vs 不冻结    -514 ADC
  → 冻结挡掉的误扣量        : -524 ADC（占这些台阶均值 5,942 ADC 的 -8.8%）
  台阶后 6 s 捕获比        : 冻结 0.97  vs 不冻结 1.46
  变载窗最大偏差           : 冻结 1405 ADC  vs 不冻结 5590 ADC
