============================================================================================================================
[中途切换-13ffca] 负载内变载 5 个（免责 3.0s 档）；括号内 = 该阶段扣除量变化 Δ
----------------------------------------------------------------------------------------------------------------------------
  变载 @  18.68s  台阶   +6405（占电平 0.40）
                ① 检测窗   0.00s →   0.12s  扣除      622 →      841 (Δ    +218)   g +0.0236 → +0.0288   hold=0
         ② pending 冻结   0.13s →   2.63s  扣除      852 →      852 (Δ      +0)   g +0.0288 → +0.0288   hold=1
                ③ 免责期   2.64s →   5.63s  扣除      879 →      906 (Δ     +27)   g +0.0000 → +0.0000   hold=0
         ④ 重建期(12s 内)   5.64s →  17.63s  扣除      909 →     1518 (Δ    +609)   g +0.0217 → +0.0473   hold=0
  变载 @  27.66s  台阶   +4672（占电平 0.24）
         ② pending 冻结  -0.99s →   2.73s  扣除     1104 →     1110 (Δ      +7)   g +0.0321 → +0.0322   hold=1
                ③ 免责期   2.74s →   5.73s  扣除     1113 →     1116 (Δ      +3)   g +0.0000 → +0.0000   hold=0
         ④ 重建期(12s 内)   5.74s →  17.73s  扣除     1118 →     1565 (Δ    +448)   g +0.0308 → +0.0607   hold=0
  变载 @  45.28s  台阶   -3627（占电平 0.15）
                ① 检测窗   0.00s →   0.17s  扣除     1629 →     1506 (Δ    -123)   g +0.0623 → +0.0586   hold=0
         ② pending 冻结   0.18s →   2.68s  扣除     1498 →     1498 (Δ      -0)   g +0.0586 → +0.0586   hold=1
                ③ 免责期   2.69s →   5.68s  扣除     1461 →     1424 (Δ     -37)   g +0.0000 → +0.0000   hold=0
         ④ 重建期(12s 内)   5.69s →  17.68s  扣除     1430 →     1573 (Δ    +143)   g +0.0669 → +0.0769   hold=0
  变载 @  68.94s  台阶  -24364（占电平 1.00）
                ① 检测窗   0.00s →   0.00s  扣除     1420 →     1420 (Δ      +0)   g +0.0666 → +0.0666   hold=0
         ② pending 冻结   0.01s →  21.43s  扣除      621 →        0 (Δ    -621)   g +0.0666 → +0.0666   hold=1
                ③ 免责期  21.44s →  24.44s  扣除        0 →        0 (Δ      +0)   g +0.0000 → +0.0000   hold=0
         ④ 重建期(12s 内)  24.45s →  36.43s  扣除        0 →      493 (Δ    +493)   g +0.0000 → +0.0162   hold=0
  变载 @ 113.80s  台阶  -32373（占电平 1.00）
                ① 检测窗   0.00s →   0.02s  扣除     1949 →     1596 (Δ    -353)   g +0.0481 → +0.0433   hold=0
         ④ 重建期(12s 内)   0.00s →   6.76s  扣除     1949 →        0 (Δ   -1949)   g +0.0481 → +0.0433   hold=0
----------------------------------------------------------------------------------------------------------------------------
============================================================================================================================
[中途切换-1d9493] 负载内变载 3 个（免责 3.0s 档）；括号内 = 该阶段扣除量变化 Δ
----------------------------------------------------------------------------------------------------------------------------
  变载 @  20.95s  台阶   +7067（占电平 0.38）
         ② pending 冻结  -0.07s →   2.43s  扣除      954 →      954 (Δ      +0)   g +0.0330 → +0.0330   hold=1
                ③ 免责期   2.44s →   5.43s  扣除      981 →     1007 (Δ     +26)   g +0.0000 → +0.0000   hold=0
         ④ 重建期(12s 内)   5.44s →  17.43s  扣除     1007 →        0 (Δ   -1007)   g +0.0242 → +0.0474   hold=0
  变载 @  30.68s  台阶  -25926（占电平 1.00）
                ① 检测窗   0.00s →   0.01s  扣除     1813 →      929 (Δ    -884)   g +0.0509 → +0.0474   hold=0
         ② pending 冻结   0.02s →  10.98s  扣除       43 →        0 (Δ     -43)   g +0.0474 → +0.0474   hold=1
                ③ 免责期  10.99s →  13.99s  扣除        0 →        0 (Δ      +0)   g +0.0000 → +0.0000   hold=0
         ④ 重建期(12s 内)  14.00s →  25.98s  扣除        0 →      779 (Δ    +779)   g +0.0000 → +0.0223   hold=0
  变载 @  60.78s  台阶  -27665（占电平 1.00）
                ① 检测窗   0.00s →   0.01s  扣除     1073 →      560 (Δ    -513)   g +0.0330 → +0.0295   hold=0
         ④ 重建期(12s 内)   0.00s →   3.05s  扣除     1073 →        0 (Δ   -1073)   g +0.0330 → +0.0295   hold=0
----------------------------------------------------------------------------------------------------------------------------
============================================================================================================================
[切换负载-快相无责] 负载内变载 8 个（免责 3.0s 档）；括号内 = 该阶段扣除量变化 Δ
----------------------------------------------------------------------------------------------------------------------------
  变载 @  71.79s  台阶   +3924（占电平 0.32）
         ② pending 冻结  -0.03s →   2.47s  扣除     1182 →     1156 (Δ     -26)   g +0.0901 → +0.0901   hold=1
                ③ 免责期   2.48s →   5.47s  扣除     1105 →     1054 (Δ     -51)   g +0.0000 → +0.0000   hold=0
         ④ 重建期(12s 内)   5.48s →  17.47s  扣除     1054 →     1394 (Δ    +339)   g +0.0450 → +0.0626   hold=1
  变载 @ 111.14s  台阶   +6507（占电平 0.34）
         ② pending 冻结  -0.47s →   2.03s  扣除     2397 →     2397 (Δ      +0)   g +0.1160 → +0.1160   hold=1
                ③ 免责期   2.04s →   5.04s  扣除     2359 →     2321 (Δ     -38)   g +0.0000 → +0.0000   hold=0
         ④ 重建期(12s 内)   5.05s →  17.03s  扣除     2313 →     2622 (Δ    +309)   g +0.0830 → +0.0941   hold=0
  变载 @ 182.03s  台阶   -3603（占电平 0.13）
                ① 检测窗   0.00s →   0.01s  扣除      677 →      477 (Δ    -200)   g +0.0239 → +0.0205   hold=0
         ② pending 冻结   0.02s →   6.54s  扣除      277 →        0 (Δ    -277)   g +0.0205 → +0.0205   hold=1
                ③ 免责期   6.55s →   9.54s  扣除        0 →        0 (Δ      +0)   g +0.0000 → +0.0000   hold=0
         ④ 重建期(12s 内)   9.55s →  21.54s  扣除        0 →      574 (Δ    +574)   g +0.0000 → +0.0162   hold=0
  变载 @ 202.61s  台阶   -3919（占电平 0.15）
                ① 检测窗   0.00s →   0.07s  扣除      537 →      574 (Δ     +37)   g +0.0203 → +0.0162   hold=0
         ② pending 冻结   0.08s →   2.58s  扣除      574 →      574 (Δ      +0)   g +0.0162 → +0.0162   hold=1
                ③ 免责期   2.59s →   5.58s  扣除      569 →      564 (Δ      -5)   g +0.0000 → +0.0000   hold=0
         ④ 重建期(12s 内)   5.59s →  17.58s  扣除      564 →      384 (Δ    -180)   g +0.0185 → +0.0596   hold=0
  变载 @ 212.41s  台阶  -16380（占电平 0.74）
                ① 检测窗   0.00s →   0.04s  扣除      552 →      447 (Δ    -105)   g +0.0243 → +0.0182   hold=0
         ② pending 冻结   0.05s →   2.55s  扣除      428 →      409 (Δ     -18)   g +0.0182 → +0.0182   hold=1
                ③ 免责期   2.56s →   5.55s  扣除      390 →      356 (Δ     -33)   g +0.0000 → +0.0000   hold=0
         ④ 重建期(12s 内)   5.56s →  17.55s  扣除      356 →      447 (Δ     +91)   g +0.0596 → +0.0353   hold=1
  变载 @ 230.64s  台阶   +7764（占电平 0.64）
                ① 检测窗   0.00s →   0.00s  扣除      422 →      422 (Δ      +0)   g +0.0339 → +0.0339   hold=0
         ② pending 冻结   0.01s →   2.51s  扣除      422 →      390 (Δ     -32)   g +0.0339 → +0.0339   hold=1
                ③ 免责期   2.52s →   5.51s  扣除      390 →      390 (Δ      +0)   g +0.0000 → +0.0000   hold=0
         ④ 重建期(12s 内)   5.52s →  17.51s  扣除      390 →     1048 (Δ    +658)   g +0.0191 → +0.0369   hold=1
  变载 @ 240.71s  台阶   +5254（占电平 0.26）
                ① 检测窗   0.00s →   8.93s  扣除      420 →      592 (Δ    +172)   g +0.0000 → +0.0357   hold=0
         ④ 重建期(12s 内)   0.00s →  11.98s  扣除      420 →        0 (Δ    -420)   g +0.0000 → +0.0357   hold=0
  变载 @ 249.63s  台阶  -25811（占电平 1.00）
                ① 检测窗   0.00s →   0.01s  扣除     1134 →      592 (Δ    -542)   g +0.0391 → +0.0357   hold=0
         ④ 重建期(12s 内)   0.00s →   6.05s  扣除     1134 →        0 (Δ   -1134)   g +0.0391 → +0.0357   hold=0
----------------------------------------------------------------------------------------------------------------------------

各阶段汇总（3 档 · 全部负载内变载事件）
              时长s   n      扣除变化均值      扣除变化最大  g变化均值
stage                                               
① 检测窗         NaN  12 -191.004605  218.433315    NaN
② pending 冻结  NaN  12  -84.275265    6.570903    NaN
③ 免责期         NaN  12   -8.993589   26.886816    NaN
④ 重建期(12s 内)  NaN  16  -82.484424  779.259370    NaN
               事件数  阶段时长中位(s)   Δ扣除均值  Δ扣除绝对值均值  Δg均值
stage                                                
① 检测窗         12.0       0.01 -191.00    262.25  0.00
② pending 冻结  12.0       2.50  -84.28     85.37  0.00
③ 免责期         12.0       3.00   -8.99     18.35  0.00
④ 重建期(12s 内)  16.0      11.98  -82.48    637.85  0.01
