[最终测试目标] 120.6s / 12119 帧 / 21ch / dt=9.95ms / 峰值 32707 ADC / 负载段 2 / 检出事件 7

时间划分（相对真实加载沿，s）
   档位     确认结束            免责期            A 采集窗     首扣    扣除63%    扣除95%
   1s      2.5    2.5~3.5       3.17~3.50       3.5      6.5     12.5
   3s      2.5    2.5~5.5       4.50~5.50       5.5      8.5     14.5
   5s      2.5    2.5~7.5       5.83~7.50       7.5     10.5     16.5
   [1s ] A_max=  3305.9 loaded=13 g_end=+0.1191 γ∈[0.51,2.00] epoch=8
   [3s ] A_max=  3520.9 loaded=13 g_end=+0.0433 γ∈[0.53,2.00] epoch=8
   [5s ] A_max=  3648.2 loaded=13 g_end=+0.0108 γ∈[1.00,1.00] epoch=8
   [v3 ] A_max=  3076.9 loaded=13 g_end=+0.1076 γ∈[0.30,2.00] epoch=4

真实加载沿（上升沿）
   t(s)    台阶(ADC)     台阶比         类型 |               1s               3s               5s               v3
----------------------------------------------------------------------------------------------------------------------
   8.42      15364 182.909      空载→负载 |    0.99( 15262)    1.00( 15469)    1.00( 15486)    1.00( 15458)
  18.68       6405   0.398      负载内变载 |    0.84(  5748)    0.89(  6077)    0.97(  6684)    0.94(  6439)
  27.66       4672   0.240      负载内变载 |    0.90(  4313)    0.98(  4691)    1.00(  4784)    0.61(  2927)
  88.00      27820 370.928      空载→负载 |    1.00( 27846)    1.00( 27920)    1.00( 27933)    0.97( 27077)

以真实加载沿为原点的实测口径
      加载沿    档位       沿后6s台阶捕获      沿后12s偏差(ADC)
----------------------------------------------------
     8.42    1s           0.98             -1327
     8.42    3s           1.00              -852
     8.42    5s           1.00              -270
     8.42    v3           1.00             -2039
    18.68    1s           0.86             -2185
    18.68    3s           0.93             -1116
    18.68    5s           0.98              -201
    18.68    v3           0.96             -1335
    27.66    1s           0.84             -2743
    27.66    3s           0.96             -1526
    27.66    5s           1.00              -217
    27.66    v3           0.14             -2310
    88.00    1s           0.99             -1153
    88.00    3s           1.00              -392
    88.00    5s           1.00              -292
    88.00    v3           0.99             -2425

均值（全部真实加载沿）
     1s: 沿后6s捕获 0.92   沿后12s偏差   -1852 ADC
     3s: 沿后6s捕获 0.97   沿后12s偏差    -972 ADC
     5s: 沿后6s捕获 1.00   沿后12s偏差    -245 ADC
     v3: 沿后6s捕获 0.77   沿后12s偏差   -2027 ADC

首个加载沿 @8.42s（台阶 +15364 ADC）的实测首扣：1s 4.5s  3s 7.2s  5s 8.9s

图已保存：D:\workshop\Processing\multi-device-cascade-host-cpp\temp\v4.1flash\figures\H3_13ffca_loadedge.png
