================================================================================================================
A. 恒载 9 组（当前实现 · 默认档 免责 3 s）
================================================================================================================
             数据集     全段%     慢相段%     受载中位%     噪声比     平坦度%     阶跃保真     跳变超额    首扣s   A_max loaded
----------------------------------------------------------------------------------------------------------------
       右拇指指尖/数据1   -0.53    -2.93      0.60    0.72     2.51     1.00    0.025    5.6       1     23
       右拇指指尖/数据2    7.20     4.45      2.36    0.83     2.77     1.00    0.304    6.2       2     23
       右拇指指尖/数据3    1.91    -2.51      1.13    0.69     2.28     1.00    0.029    8.2       1     20
       左拇指指尖/数据1   -1.04    -2.09     -0.03    0.92     2.97     1.00    0.092    5.8       1     19
       左拇指指尖/数据2    0.26    -0.62      0.15    0.56     0.54     1.00    0.002    7.1       1     20
       左拇指指尖/数据3   -0.27    -1.30      0.39    0.85     1.46     1.00    0.005    5.8       1     21
        四指指尖/数据1    0.97     0.27      0.97    0.35     0.80     1.00    0.031    7.4       2     13
        四指指尖/数据2    2.71    -0.01      2.09    0.64     1.94     1.00    0.223    5.6       2     13
        四指指尖/数据3    1.87    -0.18      0.46    0.84     1.77     1.00    0.016    6.0       2     13
----------------------------------------------------------------------------------------------------------------
      9 组均值(|·|)    1.86     1.59      0.91    0.71     1.89     1.00    0.304    6.4
（跳变超额列打印的是 9 组最大值；原始时漂参考：全段 15.46% / 慢相段 11.74%）

================================================================================================================
B. 4 份实采录制（当前实现 · 免责 3 s）
================================================================================================================
[切换负载-快相无责] 全程最大偏差    2672 ADC（占峰值  9.0%）｜有效负载内变载  6 个｜捕获比中位/最小 1.00/0.80｜变载窗偏差中位/最大 969/2662｜epoch 13｜A_max 3007｜loaded 12｜γ∈[0.30,2.00]
        慢相稳定窗：原始 1.75% → 本算法 0.18%（2 个窗）
[再切换负载] 全程最大偏差    1292 ADC（占峰值  5.0%）｜有效负载内变载  0 个｜捕获比中位/最小 nan/nan｜变载窗偏差中位/最大 nan/nan｜epoch 4｜A_max 3015｜loaded 14｜γ∈[1.00,1.00]
        慢相稳定窗：原始 2.35% → 本算法 -0.39%（2 个窗）
[中途切换-1d9493] 全程最大偏差    1827 ADC（占峰值  6.5%）｜有效负载内变载  1 个｜捕获比中位/最小 0.92/0.92｜变载窗偏差中位/最大 1827/1827｜epoch 4｜A_max 3254｜loaded 13｜γ∈[0.30,2.00]
        慢相稳定窗：原始 1.96% → 本算法 -0.94%（1 个窗）
[中途切换-13ffca] 全程最大偏差    1952 ADC（占峰值  6.0%）｜有效负载内变载  3 个｜捕获比中位/最小 0.96/0.89｜变载窗偏差中位/最大 1560/1632｜epoch 8｜A_max 3521｜loaded 13｜γ∈[0.53,2.00]
        慢相稳定窗：原始 1.27% → 本算法 0.95%（1 个窗）
----------------------------------------------------------------------------------------------------------------
4 份合计：全程最大偏差中位 1889 ADC（占峰值中位 6.3%）｜捕获比中位均值 0.96｜捕获比最小 0.80｜变载窗偏差中位 1560 ADC

慢相稳定窗合计：原始 1.91% → 本算法 -0.07%（6 个窗，占本窗电平 %）
