蠕变律（实测拟合）：0.00%·τ=42.6s + 15.64%·τ=199s
================================================================================================
合成砝码场景 · 当前实现（免责 3 s 默认档）
                                      场景       理想      原始(含蠕变)             本算法
------------------------------------------------------------------------------------------------
        1. 10N → 保压 280s → +2.5N（台阶 25%）    12500        14265   12491( -0.1%)
          2. 10N → 保压 280s → +5N（台阶 50%）    15000        17060   14998( -0.0%)
        3. 10N → 保压 280s → +10N（台阶 100%）    20000        22650   20030( +0.1%)
        4. 20N → 保压 280s → +5N（台阶 12.5%）    22500        25735   22468( -0.1%)
      5. 10N → 保压 200s → +5N → 80s 后 +5N    20000        22714   19957( -0.2%)
       6. 10N → 保压 200s → +5N → 8s 后 +5N    20000        22772   19979( -0.1%)
       7. 10N → 保压 200s → +5N → 3s 后 +5N    20000        22775   20066( +0.3%)

偏差范围：-0.22% ~ +0.33%（|偏差| 中位 0.14%）

--- 1. 10N → 保压 280s → +2.5N（台阶 25%） ---
     t(s)       原始       理想      本算法      偏差
    295.0    11171    12500    10031   -2469
    300.5    13683    12500    12482     -18
    302.0    13689    12500    12488     -12
    305.0    13700    12500    12499      -1
    308.0    13712    12500    12498      -2
    312.0    13726    12500    12496      -4
    320.0    13755    12500    12494      -6
    340.0    13822    12500    12493      -7
    400.0    13987    12500    12491      -9
    500.0    14172    12500    12491      -9
    595.0    14279    12500    12491      -9

--- 2. 10N → 保压 280s → +5N（台阶 50%） ---
     t(s)       原始       理想      本算法      偏差
    295.0    11171    15000    10031   -4969
    300.5    16184    15000    14983     -17
    302.0    16193    15000    14991      -9
    305.0    16210    15000    15009       9
    308.0    16227    15000    15011      11
    312.0    16249    15000    15010      10
    320.0    16293    15000    15009       9
    340.0    16393    15000    15006       6
    400.0    16641    15000    15001       1
    500.0    16920    15000    14998      -2
    595.0    17081    15000    14998      -2
