
########## 四指指腹 ##########
  现役默认 score=340.969
  随机 21 个起点：最好 39.353 / 最差 1154.744
  起点0（39.353）→ 坐标下降
    pass1: score=37.409  {'edge_slope_thres': 20.0, 'hold_eps': 0.0, 'idle_frac': 0.02, 'r_fast': 0.0, 'r_slow_max': 1.0, 'ramp_slope_min': 2.0, 'slope_cap_frac': 0.02, 'slope_gate_frac': 5.0, 'slow_confirm_s': 5.0, 'soft_unfreeze_s': 4.0, 'tau_c_fast_s': 2.0, 'tau_r_fast_s': 0.2, 'tau_r_slow_idle_s': 30.0, 'tau_slope_s': 2.0}
    pass2: score=25.900  {'edge_slope_thres': 150.0, 'hold_eps': 0.0, 'idle_frac': 0.02, 'r_fast': 0.0, 'r_slow_max': 10.0, 'ramp_slope_min': 2.0, 'slope_cap_frac': 0.15, 'slope_gate_frac': 2.0, 'slow_confirm_s': 5.0, 'soft_unfreeze_s': 4.0, 'tau_c_fast_s': 2.0, 'tau_r_fast_s': 0.2, 'tau_r_slow_idle_s': 30.0, 'tau_slope_s': 1.0}
    pass3: score=23.015  {'edge_slope_thres': 400.0, 'hold_eps': 0.0, 'idle_frac': 0.02, 'r_fast': 0.0, 'r_slow_max': 30.0, 'ramp_slope_min': 2.0, 'slope_cap_frac': 0.3, 'slope_gate_frac': 20.0, 'slow_confirm_s': 5.0, 'soft_unfreeze_s': 4.0, 'tau_c_fast_s': 2.0, 'tau_r_fast_s': 0.2, 'tau_r_slow_idle_s': 30.0, 'tau_slope_s': 0.5}
    pass4: score=22.381  {'edge_slope_thres': 400.0, 'hold_eps': 0.0, 'idle_frac': 0.02, 'r_fast': 0.0, 'r_slow_max': 30.0, 'ramp_slope_min': 2.0, 'slope_cap_frac': 0.08, 'slope_gate_frac': 20.0, 'slow_confirm_s': 5.0, 'soft_unfreeze_s': 4.0, 'tau_c_fast_s': 2.0, 'tau_r_fast_s': 0.2, 'tau_r_slow_idle_s': 8.0, 'tau_slope_s': 0.5}
  起点1（47.536）→ 坐标下降
    pass1: score=32.228  {'edge_slope_thres': 60.0, 'hold_eps': 0.0, 'idle_frac': 0.1, 'r_fast': 0.0, 'r_slow_max': 0.2, 'ramp_slope_min': 2.0, 'slope_cap_frac': 0.002, 'slope_gate_frac': 0.02, 'slow_confirm_s': 0.0, 'soft_unfreeze_s': 0.5, 'tau_c_fast_s': 20.0, 'tau_r_fast_s': 0.5, 'tau_r_slow_idle_s': 30.0, 'tau_slope_s': 2.0}
    pass2: score=32.228  {'edge_slope_thres': 60.0, 'hold_eps': 0.0, 'idle_frac': 0.1, 'r_fast': 0.0, 'r_slow_max': 0.2, 'ramp_slope_min': 2.0, 'slope_cap_frac': 0.002, 'slope_gate_frac': 0.02, 'slow_confirm_s': 0.5, 'soft_unfreeze_s': 1.0, 'tau_c_fast_s': 20.0, 'tau_r_fast_s': 0.5, 'tau_r_slow_idle_s': 30.0, 'tau_slope_s': 2.0}
    pass3: score=32.228  {'edge_slope_thres': 60.0, 'hold_eps': 0.0, 'idle_frac': 0.1, 'r_fast': 0.0, 'r_slow_max': 0.2, 'ramp_slope_min': 2.0, 'slope_cap_frac': 0.002, 'slope_gate_frac': 0.02, 'slow_confirm_s': 0.0, 'soft_unfreeze_s': 1.0, 'tau_c_fast_s': 20.0, 'tau_r_fast_s': 0.5, 'tau_r_slow_idle_s': 30.0, 'tau_slope_s': 2.0}
    pass4: score=32.228  {'edge_slope_thres': 60.0, 'hold_eps': 0.0, 'idle_frac': 0.1, 'r_fast': 0.0, 'r_slow_max': 0.2, 'ramp_slope_min': 2.0, 'slope_cap_frac': 0.002, 'slope_gate_frac': 0.02, 'slow_confirm_s': 0.0, 'soft_unfreeze_s': 1.0, 'tau_c_fast_s': 20.0, 'tau_r_fast_s': 0.5, 'tau_r_slow_idle_s': 30.0, 'tau_slope_s': 2.0}
  起点2（49.705）→ 坐标下降
    pass1: score=38.814  {'edge_slope_thres': 20.0, 'hold_eps': 8.0, 'idle_frac': 0.05, 'r_fast': 0.0, 'r_slow_max': 0.6, 'ramp_slope_min': 2.0, 'slope_cap_frac': 0.002, 'slope_gate_frac': 2.0, 'slow_confirm_s': 2.0, 'soft_unfreeze_s': 0.5, 'tau_c_fast_s': 2.0, 'tau_r_fast_s': 0.2, 'tau_r_slow_idle_s': 30.0, 'tau_slope_s': 2.0}
    pass2: score=32.228  {'edge_slope_thres': 60.0, 'hold_eps': 8.0, 'idle_frac': 0.1, 'r_fast': 0.0, 'r_slow_max': 0.6, 'ramp_slope_min': 2.0, 'slope_cap_frac': 0.002, 'slope_gate_frac': 0.02, 'slow_confirm_s': 0.0, 'soft_unfreeze_s': 0.5, 'tau_c_fast_s': 2.0, 'tau_r_fast_s': 0.2, 'tau_r_slow_idle_s': 30.0, 'tau_slope_s': 2.0}
    pass3: score=32.228  {'edge_slope_thres': 60.0, 'hold_eps': 8.0, 'idle_frac': 0.1, 'r_fast': 0.0, 'r_slow_max': 0.6, 'ramp_slope_min': 2.0, 'slope_cap_frac': 0.002, 'slope_gate_frac': 0.02, 'slow_confirm_s': 0.5, 'soft_unfreeze_s': 1.0, 'tau_c_fast_s': 2.0, 'tau_r_fast_s': 0.2, 'tau_r_slow_idle_s': 30.0, 'tau_slope_s': 2.0}
    pass4: score=32.228  {'edge_slope_thres': 60.0, 'hold_eps': 8.0, 'idle_frac': 0.1, 'r_fast': 0.0, 'r_slow_max': 0.6, 'ramp_slope_min': 2.0, 'slope_cap_frac': 0.002, 'slope_gate_frac': 0.02, 'slow_confirm_s': 0.0, 'soft_unfreeze_s': 1.0, 'tau_c_fast_s': 2.0, 'tau_r_fast_s': 0.2, 'tau_r_slow_idle_s': 30.0, 'tau_slope_s': 2.0}
  起点3（340.969）→ 坐标下降
    pass1: score=43.047  {'idle_frac': 0.1, 'r_fast': 0.0, 'r_slow_max': 0.04, 'slope_cap_frac': 0.002, 'slope_gate_frac': 0.02, 'slow_confirm_s': 0.5, 'soft_unfreeze_s': 1.0, 'tau_r_slow_idle_s': 30.0, 'tau_slope_s': 2.0}
    pass2: score=32.228  {'hold_eps': 0.0, 'idle_frac': 0.1, 'r_fast': 0.0, 'r_slow_max': 0.2, 'slope_cap_frac': 0.002, 'slope_gate_frac': 0.02, 'slow_confirm_s': 0.0, 'soft_unfreeze_s': 1.0, 'tau_r_slow_idle_s': 30.0, 'tau_slope_s': 2.0}
    pass3: score=32.228  {'hold_eps': 0.0, 'idle_frac': 0.1, 'r_fast': 0.0, 'r_slow_max': 0.2, 'slope_cap_frac': 0.002, 'slope_gate_frac': 0.02, 'slow_confirm_s': 0.0, 'soft_unfreeze_s': 1.0, 'tau_r_slow_idle_s': 30.0, 'tau_slope_s': 2.0}
  ★ 最优 score=22.381（现役 340.969）
    {"edge_slope_thres": 400.0, "hold_eps": 0.0, "idle_frac": 0.02, "r_fast": 0.0, "r_slow_max": 30.0, "ramp_slope_min": 2.0, "slope_cap_frac": 0.08, "slope_gate_frac": 20.0, "slow_confirm_s": 5.0, "soft_unfreeze_s": 4.0, "tau_c_fast_s": 2.0, "tau_r_fast_s": 0.2, "tau_r_slow_idle_s": 8.0, "tau_slope_s": 0.5}

########## 右拇指指腹 ##########
  现役默认 score=138.649
  随机 21 个起点：最好 37.102 / 最差 153.354
  起点0（37.102）→ 坐标下降
    pass1: score=7.687  {'edge_slope_thres': 60.0, 'hold_eps': 2.0, 'idle_frac': 0.1, 'r_fast': 0.1, 'r_slow_max': 30.0, 'ramp_slope_min': 0.0, 'slope_cap_frac': 0.3, 'slope_gate_frac': 2.0, 'slow_confirm_s': 2.0, 'soft_unfreeze_s': 1.0, 'tau_c_fast_s': 12.0, 'tau_r_fast_s': 0.2, 'tau_r_slow_idle_s': 0.5, 'tau_slope_s': 3.0}
    pass2: score=7.687  {'edge_slope_thres': 60.0, 'hold_eps': 2.0, 'idle_frac': 0.1, 'r_fast': 0.1, 'r_slow_max': 30.0, 'ramp_slope_min': 0.0, 'slope_cap_frac': 0.3, 'slope_gate_frac': 2.0, 'slow_confirm_s': 2.0, 'soft_unfreeze_s': 1.0, 'tau_c_fast_s': 12.0, 'tau_r_fast_s': 0.2, 'tau_r_slow_idle_s': 0.5, 'tau_slope_s': 3.0}
  起点1（54.825）→ 坐标下降
    pass1: score=6.377  {'edge_slope_thres': 150.0, 'hold_eps': 2.0, 'idle_frac': 0.1, 'r_fast': 0.1, 'r_slow_max': 30.0, 'ramp_slope_min': 2.0, 'slope_cap_frac': 0.3, 'slope_gate_frac': 2.0, 'slow_confirm_s': 0.5, 'soft_unfreeze_s': 4.0, 'tau_c_fast_s': 4.0, 'tau_r_fast_s': 0.5, 'tau_r_slow_idle_s': 30.0, 'tau_slope_s': 3.0}
    pass2: score=6.361  {'edge_slope_thres': 150.0, 'hold_eps': 2.0, 'idle_frac': 0.1, 'r_fast': 0.1, 'r_slow_max': 30.0, 'ramp_slope_min': 2.0, 'slope_cap_frac': 0.3, 'slope_gate_frac': 2.0, 'slow_confirm_s': 0.5, 'soft_unfreeze_s': 4.0, 'tau_c_fast_s': 4.0, 'tau_r_fast_s': 0.5, 'tau_r_slow_idle_s': 8.0, 'tau_slope_s': 3.0}
    pass3: score=6.361  {'edge_slope_thres': 150.0, 'hold_eps': 2.0, 'idle_frac': 0.1, 'r_fast': 0.1, 'r_slow_max': 30.0, 'ramp_slope_min': 2.0, 'slope_cap_frac': 0.3, 'slope_gate_frac': 2.0, 'slow_confirm_s': 0.5, 'soft_unfreeze_s': 4.0, 'tau_c_fast_s': 4.0, 'tau_r_fast_s': 0.5, 'tau_r_slow_idle_s': 8.0, 'tau_slope_s': 3.0}
  起点2（56.555）→ 坐标下降
    pass1: score=4.008  {'edge_slope_thres': 10.0, 'hold_eps': 2.0, 'idle_frac': 0.02, 'r_fast': 0.1, 'r_slow_max': 30.0, 'ramp_slope_min': 2.0, 'slope_cap_frac': 0.3, 'slope_gate_frac': 5.0, 'slow_confirm_s': 0.0, 'soft_unfreeze_s': 0.5, 'tau_c_fast_s': 8.0, 'tau_r_fast_s': 1.0, 'tau_r_slow_idle_s': 2.0, 'tau_slope_s': 3.0}
    pass2: score=3.639  {'edge_slope_thres': 10.0, 'hold_eps': 2.0, 'idle_frac': 0.02, 'r_fast': 0.04, 'r_slow_max': 30.0, 'ramp_slope_min': 0.5, 'slope_cap_frac': 0.3, 'slope_gate_frac': 1.0, 'slow_confirm_s': 0.0, 'soft_unfreeze_s': 0.5, 'tau_c_fast_s': 8.0, 'tau_r_fast_s': 1.0, 'tau_r_slow_idle_s': 0.5, 'tau_slope_s': 3.0}
    pass3: score=3.532  {'edge_slope_thres': 10.0, 'hold_eps': 2.0, 'idle_frac': 0.02, 'r_fast': 0.02, 'r_slow_max': 30.0, 'ramp_slope_min': 0.5, 'slope_cap_frac': 0.3, 'slope_gate_frac': 1.0, 'slow_confirm_s': 0.0, 'soft_unfreeze_s': 0.5, 'tau_c_fast_s': 4.0, 'tau_r_fast_s': 1.0, 'tau_r_slow_idle_s': 0.5, 'tau_slope_s': 3.0}
    pass4: score=3.532  {'edge_slope_thres': 10.0, 'hold_eps': 2.0, 'idle_frac': 0.02, 'r_fast': 0.02, 'r_slow_max': 30.0, 'ramp_slope_min': 0.5, 'slope_cap_frac': 0.3, 'slope_gate_frac': 1.0, 'slow_confirm_s': 0.0, 'soft_unfreeze_s': 0.5, 'tau_c_fast_s': 4.0, 'tau_r_fast_s': 1.0, 'tau_r_slow_idle_s': 0.5, 'tau_slope_s': 3.0}
  起点3（138.649）→ 坐标下降
    pass1: score=106.057  {'hold_eps': 0.5, 'r_fast': 0.1, 'ramp_slope_min': 2.0, 'slope_cap_frac': 0.08, 'slope_gate_frac': 2.0, 'slow_confirm_s': 5.0, 'tau_c_fast_s': 4.0, 'tau_r_fast_s': 2.0, 'tau_r_slow_idle_s': 30.0, 'tau_slope_s': 3.0}
    pass2: score=8.032  {'hold_eps': 2.0, 'idle_frac': 0.1, 'r_fast': 0.1, 'r_slow_max': 30.0, 'ramp_slope_min': 2.0, 'slope_cap_frac': 0.3, 'slope_gate_frac': 0.5, 'slow_confirm_s': 0.5, 'tau_c_fast_s': 4.0, 'tau_r_fast_s': 0.5, 'tau_r_slow_idle_s': 30.0, 'tau_slope_s': 3.0}
    pass3: score=6.361  {'hold_eps': 2.0, 'idle_frac': 0.1, 'r_fast': 0.1, 'r_slow_max': 30.0, 'ramp_slope_min': 2.0, 'slope_cap_frac': 0.3, 'slope_gate_frac': 2.0, 'slow_confirm_s': 0.5, 'tau_c_fast_s': 4.0, 'tau_r_fast_s': 0.5, 'tau_r_slow_idle_s': 8.0, 'tau_slope_s': 3.0}
    pass4: score=6.361  {'hold_eps': 2.0, 'idle_frac': 0.1, 'r_fast': 0.1, 'r_slow_max': 30.0, 'ramp_slope_min': 2.0, 'slope_cap_frac': 0.3, 'slope_gate_frac': 2.0, 'slow_confirm_s': 0.5, 'tau_c_fast_s': 4.0, 'tau_r_fast_s': 0.5, 'tau_r_slow_idle_s': 8.0, 'tau_slope_s': 3.0}
  ★ 最优 score=3.532（现役 138.649）
    {"edge_slope_thres": 10.0, "hold_eps": 2.0, "idle_frac": 0.02, "r_fast": 0.02, "r_slow_max": 30.0, "ramp_slope_min": 0.5, "slope_cap_frac": 0.3, "slope_gate_frac": 1.0, "slow_confirm_s": 0.0, "soft_unfreeze_s": 0.5, "tau_c_fast_s": 4.0, "tau_r_fast_s": 1.0, "tau_r_slow_idle_s": 0.5, "tau_slope_s": 3.0}

########## 左拇指指腹 ##########
  现役默认 score=83.561
  随机 21 个起点：最好 39.770 / 最差 101.919
  起点0（39.770）→ 坐标下降
    pass1: score=17.125  {'edge_slope_thres': 10.0, 'hold_eps': 0.0, 'idle_frac': 0.1, 'r_fast': 0.1, 'r_slow_max': 30.0, 'ramp_slope_min': 0.5, 'slope_cap_frac': 0.15, 'slope_gate_frac': 20.0, 'slow_confirm_s': 0.0, 'soft_unfreeze_s': 0.5, 'tau_c_fast_s': 2.0, 'tau_r_fast_s': 0.2, 'tau_r_slow_idle_s': 30.0, 'tau_slope_s': 1.0}
    pass2: score=14.847  {'edge_slope_thres': 10.0, 'hold_eps': 0.0, 'idle_frac': 0.1, 'r_fast': 0.1, 'r_slow_max': 30.0, 'ramp_slope_min': 0.5, 'slope_cap_frac': 0.15, 'slope_gate_frac': 20.0, 'slow_confirm_s': 0.0, 'soft_unfreeze_s': 0.5, 'tau_c_fast_s': 20.0, 'tau_r_fast_s': 0.2, 'tau_r_slow_idle_s': 30.0, 'tau_slope_s': 2.0}
    pass3: score=14.839  {'edge_slope_thres': 10.0, 'hold_eps': 0.0, 'idle_frac': 0.1, 'r_fast': 0.1, 'r_slow_max': 30.0, 'ramp_slope_min': 0.5, 'slope_cap_frac': 0.15, 'slope_gate_frac': 5.0, 'slow_confirm_s': 0.0, 'soft_unfreeze_s': 0.5, 'tau_c_fast_s': 20.0, 'tau_r_fast_s': 0.2, 'tau_r_slow_idle_s': 30.0, 'tau_slope_s': 2.0}
    pass4: score=14.839  {'edge_slope_thres': 10.0, 'hold_eps': 0.0, 'idle_frac': 0.1, 'r_fast': 0.1, 'r_slow_max': 30.0, 'ramp_slope_min': 0.5, 'slope_cap_frac': 0.15, 'slope_gate_frac': 5.0, 'slow_confirm_s': 0.0, 'soft_unfreeze_s': 0.5, 'tau_c_fast_s': 20.0, 'tau_r_fast_s': 0.2, 'tau_r_slow_idle_s': 30.0, 'tau_slope_s': 2.0}
  起点1（47.958）→ 坐标下降
    pass1: score=15.188  {'edge_slope_thres': 10.0, 'hold_eps': 0.5, 'idle_frac': 0.1, 'r_fast': 0.1, 'r_slow_max': 30.0, 'ramp_slope_min': 0.0, 'slope_cap_frac': 0.3, 'slope_gate_frac': 2.0, 'slow_confirm_s': 0.0, 'soft_unfreeze_s': 1.0, 'tau_c_fast_s': 4.0, 'tau_r_fast_s': 1.0, 'tau_r_slow_idle_s': 0.5, 'tau_slope_s': 3.0}
    pass2: score=15.188  {'edge_slope_thres': 10.0, 'hold_eps': 0.5, 'idle_frac': 0.1, 'r_fast': 0.1, 'r_slow_max': 30.0, 'ramp_slope_min': 0.0, 'slope_cap_frac': 0.3, 'slope_gate_frac': 2.0, 'slow_confirm_s': 0.0, 'soft_unfreeze_s': 1.0, 'tau_c_fast_s': 4.0, 'tau_r_fast_s': 1.0, 'tau_r_slow_idle_s': 0.5, 'tau_slope_s': 3.0}
  起点2（76.400）→ 坐标下降
    pass1: score=30.594  {'edge_slope_thres': 150.0, 'hold_eps': 0.5, 'idle_frac': 0.05, 'r_fast': 0.1, 'r_slow_max': 5.0, 'ramp_slope_min': 0.5, 'slope_cap_frac': 0.15, 'slope_gate_frac': 1.0, 'slow_confirm_s': 0.5, 'soft_unfreeze_s': 2.0, 'tau_c_fast_s': 12.0, 'tau_r_fast_s': 2.0, 'tau_r_slow_idle_s': 30.0, 'tau_slope_s': 3.0}
    pass2: score=12.806  {'edge_slope_thres': 60.0, 'hold_eps': 0.5, 'idle_frac': 0.05, 'r_fast': 0.1, 'r_slow_max': 30.0, 'ramp_slope_min': 0.5, 'slope_cap_frac': 0.15, 'slope_gate_frac': 2.0, 'slow_confirm_s': 0.5, 'soft_unfreeze_s': 2.0, 'tau_c_fast_s': 8.0, 'tau_r_fast_s': 2.0, 'tau_r_slow_idle_s': 30.0, 'tau_slope_s': 3.0}
    pass3: score=12.707  {'edge_slope_thres': 60.0, 'hold_eps': 0.5, 'idle_frac': 0.05, 'r_fast': 0.1, 'r_slow_max': 30.0, 'ramp_slope_min': 0.5, 'slope_cap_frac': 0.15, 'slope_gate_frac': 20.0, 'slow_confirm_s': 0.5, 'soft_unfreeze_s': 2.0, 'tau_c_fast_s': 8.0, 'tau_r_fast_s': 2.0, 'tau_r_slow_idle_s': 30.0, 'tau_slope_s': 3.0}
    pass4: score=12.707  {'edge_slope_thres': 60.0, 'hold_eps': 0.5, 'idle_frac': 0.05, 'r_fast': 0.1, 'r_slow_max': 30.0, 'ramp_slope_min': 0.5, 'slope_cap_frac': 0.15, 'slope_gate_frac': 20.0, 'slow_confirm_s': 0.5, 'soft_unfreeze_s': 2.0, 'tau_c_fast_s': 8.0, 'tau_r_fast_s': 2.0, 'tau_r_slow_idle_s': 30.0, 'tau_slope_s': 3.0}
  起点3（83.561）→ 坐标下降
    pass1: score=71.783  {'hold_eps': 0.0, 'idle_frac': 0.1, 'r_fast': 0.1, 'slope_cap_frac': 0.04, 'slope_gate_frac': 20.0, 'slow_confirm_s': 0.5, 'soft_unfreeze_s': 1.0, 'tau_c_fast_s': 2.0, 'tau_r_fast_s': 2.0, 'tau_r_slow_idle_s': 30.0, 'tau_slope_s': 0.5}
    pass2: score=13.095  {'hold_eps': 0.0, 'idle_frac': 0.1, 'r_fast': 0.1, 'r_slow_max': 30.0, 'ramp_slope_min': 0.0, 'slope_cap_frac': 0.3, 'slope_gate_frac': 5.0, 'slow_confirm_s': 0.5, 'soft_unfreeze_s': 4.0, 'tau_c_fast_s': 12.0, 'tau_r_fast_s': 2.0, 'tau_r_slow_idle_s': 30.0, 'tau_slope_s': 2.0}
    pass3: score=12.585  {'hold_eps': 0.5, 'idle_frac': 0.02, 'r_fast': 0.04, 'r_slow_max': 30.0, 'ramp_slope_min': 0.0, 'slope_cap_frac': 0.3, 'slope_gate_frac': 5.0, 'slow_confirm_s': 0.5, 'soft_unfreeze_s': 4.0, 'tau_c_fast_s': 20.0, 'tau_r_fast_s': 2.0, 'tau_r_slow_idle_s': 30.0, 'tau_slope_s': 2.0}
    pass4: score=12.279  {'hold_eps': 0.5, 'idle_frac': 0.02, 'r_fast': 0.04, 'r_slow_max': 30.0, 'ramp_slope_min': 0.5, 'slope_cap_frac': 0.3, 'slope_gate_frac': 2.0, 'slow_confirm_s': 0.5, 'soft_unfreeze_s': 4.0, 'tau_c_fast_s': 20.0, 'tau_r_fast_s': 2.0, 'tau_r_slow_idle_s': 30.0, 'tau_slope_s': 2.0}
  ★ 最优 score=12.279（现役 83.561）
    {"hold_eps": 0.5, "idle_frac": 0.02, "r_fast": 0.04, "r_slow_max": 30.0, "ramp_slope_min": 0.5, "slope_cap_frac": 0.3, "slope_gate_frac": 2.0, "slow_confirm_s": 0.5, "soft_unfreeze_s": 4.0, "tau_c_fast_s": 20.0, "tau_r_fast_s": 2.0, "tau_r_slow_idle_s": 30.0, "tau_slope_s": 2.0}

########## 右手掌 ##########
  现役默认 score=91.838
  随机 21 个起点：最好 50.513 / 最差 103.412
  起点0（50.513）→ 坐标下降
    pass1: score=11.442  {'edge_slope_thres': 60.0, 'hold_eps': 8.0, 'idle_frac': 0.1, 'r_fast': 0.1, 'r_slow_max': 30.0, 'ramp_slope_min': 0.0, 'slope_cap_frac': 0.08, 'slope_gate_frac': 1.0, 'slow_confirm_s': 0.0, 'soft_unfreeze_s': 0.5, 'tau_c_fast_s': 12.0, 'tau_r_fast_s': 2.0, 'tau_r_slow_idle_s': 0.5, 'tau_slope_s': 2.0}
    pass2: score=11.177  {'edge_slope_thres': 60.0, 'hold_eps': 8.0, 'idle_frac': 0.1, 'r_fast': 0.1, 'r_slow_max': 30.0, 'ramp_slope_min': 0.0, 'slope_cap_frac': 0.08, 'slope_gate_frac': 20.0, 'slow_confirm_s': 0.0, 'soft_unfreeze_s': 0.5, 'tau_c_fast_s': 12.0, 'tau_r_fast_s': 0.5, 'tau_r_slow_idle_s': 0.5, 'tau_slope_s': 2.0}
    pass3: score=11.177  {'edge_slope_thres': 60.0, 'hold_eps': 8.0, 'idle_frac': 0.1, 'r_fast': 0.1, 'r_slow_max': 30.0, 'ramp_slope_min': 0.0, 'slope_cap_frac': 0.08, 'slope_gate_frac': 20.0, 'slow_confirm_s': 0.0, 'soft_unfreeze_s': 0.5, 'tau_c_fast_s': 12.0, 'tau_r_fast_s': 0.5, 'tau_r_slow_idle_s': 0.5, 'tau_slope_s': 2.0}
  起点1（51.996）→ 坐标下降
    pass1: score=16.190  {'edge_slope_thres': 20.0, 'hold_eps': 0.0, 'idle_frac': 0.1, 'r_fast': 0.1, 'r_slow_max': 30.0, 'ramp_slope_min': 0.5, 'slope_cap_frac': 0.15, 'slope_gate_frac': 2.0, 'slow_confirm_s': 5.0, 'soft_unfreeze_s': 1.0, 'tau_c_fast_s': 4.0, 'tau_r_fast_s': 0.2, 'tau_r_slow_idle_s': 8.0, 'tau_slope_s': 1.0}
    pass2: score=15.095  {'edge_slope_thres': 20.0, 'hold_eps': 0.0, 'idle_frac': 0.1, 'r_fast': 0.1, 'r_slow_max': 30.0, 'ramp_slope_min': 0.5, 'slope_cap_frac': 0.15, 'slope_gate_frac': 2.0, 'slow_confirm_s': 5.0, 'soft_unfreeze_s': 1.0, 'tau_c_fast_s': 2.0, 'tau_r_fast_s': 0.2, 'tau_r_slow_idle_s': 0.5, 'tau_slope_s': 1.0}
    pass3: score=14.629  {'edge_slope_thres': 10.0, 'hold_eps': 0.0, 'idle_frac': 0.1, 'r_fast': 0.1, 'r_slow_max': 30.0, 'ramp_slope_min': 0.5, 'slope_cap_frac': 0.15, 'slope_gate_frac': 2.0, 'slow_confirm_s': 5.0, 'soft_unfreeze_s': 1.0, 'tau_c_fast_s': 2.0, 'tau_r_fast_s': 0.2, 'tau_r_slow_idle_s': 0.5, 'tau_slope_s': 3.0}
    pass4: score=13.620  {'edge_slope_thres': 10.0, 'hold_eps': 8.0, 'idle_frac': 0.1, 'r_fast': 0.1, 'r_slow_max': 30.0, 'ramp_slope_min': 0.5, 'slope_cap_frac': 0.3, 'slope_gate_frac': 2.0, 'slow_confirm_s': 5.0, 'soft_unfreeze_s': 1.0, 'tau_c_fast_s': 12.0, 'tau_r_fast_s': 0.2, 'tau_r_slow_idle_s': 0.5, 'tau_slope_s': 3.0}
  起点2（62.310）→ 坐标下降
    pass1: score=11.184  {'edge_slope_thres': 400.0, 'hold_eps': 0.0, 'idle_frac': 0.1, 'r_fast': 0.1, 'r_slow_max': 30.0, 'ramp_slope_min': 0.0, 'slope_cap_frac': 0.08, 'slope_gate_frac': 2.0, 'slow_confirm_s': 0.0, 'soft_unfreeze_s': 4.0, 'tau_c_fast_s': 12.0, 'tau_r_fast_s': 0.5, 'tau_r_slow_idle_s': 0.5, 'tau_slope_s': 2.0}
    pass2: score=11.177  {'edge_slope_thres': 400.0, 'hold_eps': 0.0, 'idle_frac': 0.1, 'r_fast': 0.1, 'r_slow_max': 30.0, 'ramp_slope_min': 0.0, 'slope_cap_frac': 0.08, 'slope_gate_frac': 20.0, 'slow_confirm_s': 0.0, 'soft_unfreeze_s': 4.0, 'tau_c_fast_s': 12.0, 'tau_r_fast_s': 0.5, 'tau_r_slow_idle_s': 0.5, 'tau_slope_s': 2.0}
    pass3: score=11.177  {'edge_slope_thres': 400.0, 'hold_eps': 0.0, 'idle_frac': 0.1, 'r_fast': 0.1, 'r_slow_max': 30.0, 'ramp_slope_min': 0.0, 'slope_cap_frac': 0.08, 'slope_gate_frac': 20.0, 'slow_confirm_s': 0.0, 'soft_unfreeze_s': 4.0, 'tau_c_fast_s': 12.0, 'tau_r_fast_s': 0.5, 'tau_r_slow_idle_s': 0.5, 'tau_slope_s': 2.0}
  起点3（91.838）→ 坐标下降
    pass1: score=32.338  {'hold_eps': 0.0, 'r_fast': 0.1, 'r_slow_max': 5.0, 'ramp_slope_min': 2.0, 'slope_cap_frac': 0.08, 'slope_gate_frac': 1.0, 'slow_confirm_s': 0.5, 'soft_unfreeze_s': 4.0, 'tau_slope_s': 0.5}
    pass2: score=12.170  {'hold_eps': 0.0, 'idle_frac': 0.1, 'r_fast': 0.1, 'r_slow_max': 30.0, 'ramp_slope_min': 2.0, 'slope_cap_frac': 0.08, 'slope_gate_frac': 20.0, 'slow_confirm_s': 0.0, 'soft_unfreeze_s': 4.0, 'tau_c_fast_s': 2.0, 'tau_slope_s': 2.0}
    pass3: score=11.267  {'hold_eps': 0.0, 'idle_frac': 0.1, 'r_fast': 0.1, 'r_slow_max': 30.0, 'ramp_slope_min': 0.0, 'slope_cap_frac': 0.08, 'slope_gate_frac': 20.0, 'slow_confirm_s': 0.0, 'soft_unfreeze_s': 4.0, 'tau_c_fast_s': 8.0, 'tau_r_slow_idle_s': 0.5, 'tau_slope_s': 2.0}
    pass4: score=11.177  {'hold_eps': 0.0, 'idle_frac': 0.1, 'r_fast': 0.1, 'r_slow_max': 30.0, 'ramp_slope_min': 0.0, 'slope_cap_frac': 0.08, 'slope_gate_frac': 5.0, 'slow_confirm_s': 0.0, 'soft_unfreeze_s': 4.0, 'tau_c_fast_s': 12.0, 'tau_r_slow_idle_s': 0.5, 'tau_slope_s': 2.0}
  ★ 最优 score=11.177（现役 91.838）
    {"edge_slope_thres": 60.0, "hold_eps": 8.0, "idle_frac": 0.1, "r_fast": 0.1, "r_slow_max": 30.0, "ramp_slope_min": 0.0, "slope_cap_frac": 0.08, "slope_gate_frac": 20.0, "slow_confirm_s": 0.0, "soft_unfreeze_s": 0.5, "tau_c_fast_s": 12.0, "tau_r_fast_s": 0.5, "tau_r_slow_idle_s": 0.5, "tau_slope_s": 2.0}

########## 左手掌 ##########
  现役默认 score=94.017
  随机 21 个起点：最好 35.680 / 最差 102.874
  起点0（35.680）→ 坐标下降
    pass1: score=17.102  {'edge_slope_thres': 10.0, 'hold_eps': 0.5, 'idle_frac': 0.1, 'r_fast': 0.1, 'r_slow_max': 30.0, 'ramp_slope_min': 0.0, 'slope_cap_frac': 0.15, 'slope_gate_frac': 0.2, 'slow_confirm_s': 0.0, 'soft_unfreeze_s': 0.5, 'tau_c_fast_s': 20.0, 'tau_r_fast_s': 0.2, 'tau_r_slow_idle_s': 0.5, 'tau_slope_s': 2.0}
    pass2: score=17.102  {'edge_slope_thres': 10.0, 'hold_eps': 0.5, 'idle_frac': 0.1, 'r_fast': 0.1, 'r_slow_max': 30.0, 'ramp_slope_min': 0.0, 'slope_cap_frac': 0.15, 'slope_gate_frac': 0.2, 'slow_confirm_s': 0.0, 'soft_unfreeze_s': 0.5, 'tau_c_fast_s': 20.0, 'tau_r_fast_s': 0.2, 'tau_r_slow_idle_s': 0.5, 'tau_slope_s': 2.0}
  起点1（51.148）→ 坐标下降
    pass1: score=20.175  {'edge_slope_thres': 20.0, 'hold_eps': 0.5, 'idle_frac': 0.1, 'r_fast': 0.1, 'r_slow_max': 10.0, 'ramp_slope_min': 2.0, 'slope_cap_frac': 0.08, 'slope_gate_frac': 5.0, 'slow_confirm_s': 0.0, 'soft_unfreeze_s': 0.5, 'tau_c_fast_s': 20.0, 'tau_r_fast_s': 0.2, 'tau_r_slow_idle_s': 30.0, 'tau_slope_s': 3.0}
    pass2: score=16.172  {'edge_slope_thres': 20.0, 'hold_eps': 0.0, 'idle_frac': 0.02, 'r_fast': 0.1, 'r_slow_max': 30.0, 'ramp_slope_min': 0.5, 'slope_cap_frac': 0.08, 'slope_gate_frac': 0.2, 'slow_confirm_s': 0.0, 'soft_unfreeze_s': 0.5, 'tau_c_fast_s': 8.0, 'tau_r_fast_s': 1.0, 'tau_r_slow_idle_s': 30.0, 'tau_slope_s': 3.0}
    pass3: score=16.172  {'edge_slope_thres': 20.0, 'hold_eps': 0.0, 'idle_frac': 0.02, 'r_fast': 0.1, 'r_slow_max': 30.0, 'ramp_slope_min': 0.5, 'slope_cap_frac': 0.08, 'slope_gate_frac': 0.2, 'slow_confirm_s': 0.0, 'soft_unfreeze_s': 0.5, 'tau_c_fast_s': 8.0, 'tau_r_fast_s': 1.0, 'tau_r_slow_idle_s': 30.0, 'tau_slope_s': 3.0}
  起点2（59.541）→ 坐标下降
    pass1: score=16.049  {'edge_slope_thres': 60.0, 'hold_eps': 8.0, 'idle_frac': 0.02, 'r_fast': 0.1, 'r_slow_max': 30.0, 'ramp_slope_min': 0.0, 'slope_cap_frac': 0.08, 'slope_gate_frac': 0.5, 'slow_confirm_s': 0.5, 'soft_unfreeze_s': 1.0, 'tau_c_fast_s': 4.0, 'tau_r_fast_s': 0.2, 'tau_r_slow_idle_s': 0.5, 'tau_slope_s': 3.0}
    pass2: score=15.904  {'edge_slope_thres': 60.0, 'hold_eps': 8.0, 'idle_frac': 0.02, 'r_fast': 0.04, 'r_slow_max': 30.0, 'ramp_slope_min': 0.0, 'slope_cap_frac': 0.08, 'slope_gate_frac': 0.5, 'slow_confirm_s': 0.0, 'soft_unfreeze_s': 1.0, 'tau_c_fast_s': 2.0, 'tau_r_fast_s': 0.2, 'tau_r_slow_idle_s': 0.5, 'tau_slope_s': 3.0}
    pass3: score=15.904  {'edge_slope_thres': 60.0, 'hold_eps': 8.0, 'idle_frac': 0.02, 'r_fast': 0.04, 'r_slow_max': 30.0, 'ramp_slope_min': 0.0, 'slope_cap_frac': 0.08, 'slope_gate_frac': 0.5, 'slow_confirm_s': 0.0, 'soft_unfreeze_s': 1.0, 'tau_c_fast_s': 2.0, 'tau_r_fast_s': 0.2, 'tau_r_slow_idle_s': 0.5, 'tau_slope_s': 3.0}
  起点3（94.017）→ 坐标下降
    pass1: score=31.908  {'hold_eps': 0.5, 'idle_frac': 0.02, 'r_fast': 0.1, 'r_slow_max': 5.0, 'slope_cap_frac': 0.15, 'slope_gate_frac': 1.0, 'tau_c_fast_s': 8.0, 'tau_slope_s': 3.0}
    pass2: score=21.747  {'hold_eps': 0.5, 'idle_frac': 0.02, 'r_fast': 0.1, 'r_slow_max': 10.0, 'slope_cap_frac': 0.08, 'slope_gate_frac': 2.0, 'tau_c_fast_s': 4.0, 'tau_r_slow_idle_s': 30.0, 'tau_slope_s': 3.0}
    pass3: score=16.440  {'hold_eps': 0.0, 'idle_frac': 0.02, 'r_fast': 0.1, 'r_slow_max': 30.0, 'slope_cap_frac': 0.08, 'slope_gate_frac': 0.5, 'tau_c_fast_s': 2.0, 'tau_r_fast_s': 2.0, 'tau_r_slow_idle_s': 0.5, 'tau_slope_s': 3.0}
    pass4: score=15.961  {'hold_eps': 0.0, 'idle_frac': 0.02, 'r_fast': 0.1, 'r_slow_max': 30.0, 'slope_cap_frac': 0.08, 'slope_gate_frac': 0.5, 'slow_confirm_s': 0.5, 'tau_c_fast_s': 2.0, 'tau_r_fast_s': 0.5, 'tau_r_slow_idle_s': 0.5, 'tau_slope_s': 3.0}
  ★ 最优 score=15.904（现役 94.017）
    {"edge_slope_thres": 60.0, "hold_eps": 8.0, "idle_frac": 0.02, "r_fast": 0.04, "r_slow_max": 30.0, "ramp_slope_min": 0.0, "slope_cap_frac": 0.08, "slope_gate_frac": 0.5, "slow_confirm_s": 0.0, "soft_unfreeze_s": 1.0, "tau_c_fast_s": 2.0, "tau_r_fast_s": 0.2, "tau_r_slow_idle_s": 0.5, "tau_slope_s": 3.0}

写出 D:\workshop\文档\v2.7 - 抗蠕变补偿算法\v3.4\sensor_tune\out\04_search_ext.json
