
########## 四指指腹 ##########
  起点最好 J=483.0 / 最差 9510.0
  起点0（J=483.0）→ 坐标下降
    pass1: J=213.7  {'edge_slope_thres': 60.0, 'hold_eps': 0.0, 'idle_frac': 0.02, 'r_fast': 0.02, 'r_slow_max': 1.0, 'ramp_slope_min': 2.0, 'slope_cap_frac': 1.5, 'slope_gate_frac': 20.0, 'slow_confirm_s': 0.5, 'soft_unfreeze_s': 2.0, 'tau_c_fast_s': 1.0, 'tau_r_fast_s': 0.2, 'tau_r_slow_idle_s': 0.0, 'tau_slope_s': 0.3}
    pass2: J=134.1  {'edge_boost_s': 0.0, 'edge_slope_thres': 60.0, 'hold_eps': 0.0, 'idle_frac': 0.02, 'r_fast': 0.02, 'r_slow_max': 1.0, 'ramp_slope_min': 0.0, 'slope_cap_frac': 6.0, 'slope_gate_frac': 5.0, 'slow_confirm_s': 0.0, 'soft_unfreeze_s': 4.0, 'tau_c_fast_s': 1.0, 'tau_r_fast_s': 0.2, 'tau_r_slow_idle_s': 0.5, 'tau_slope_s': 0.2}
    pass3: J=129.6  {'edge_boost_s': 0.0, 'edge_slope_thres': 60.0, 'hold_eps': 0.0, 'idle_frac': 0.05, 'r_fast': 0.02, 'r_slow_max': 1.0, 'ramp_slope_min': 0.0, 'slope_cap_frac': 6.0, 'slope_gate_frac': 20.0, 'slow_confirm_s': 0.0, 'soft_unfreeze_s': 4.0, 'tau_c_fast_s': 1.0, 'tau_r_fast_s': 0.5, 'tau_r_slow_idle_s': 0.5, 'tau_slope_s': 0.2}
    pass4: J=129.6  {'edge_boost_s': 0.0, 'edge_slope_thres': 60.0, 'hold_eps': 0.0, 'idle_frac': 0.05, 'r_fast': 0.02, 'r_slow_max': 1.0, 'ramp_slope_min': 0.0, 'slope_cap_frac': 6.0, 'slope_gate_frac': 20.0, 'slow_confirm_s': 0.0, 'soft_unfreeze_s': 4.0, 'tau_c_fast_s': 1.0, 'tau_r_fast_s': 0.2, 'tau_r_slow_idle_s': 0.5, 'tau_slope_s': 0.2}
    pass5: J=129.6  {'edge_boost_s': 0.0, 'edge_slope_thres': 60.0, 'hold_eps': 0.0, 'idle_frac': 0.05, 'r_fast': 0.02, 'r_slow_max': 1.0, 'ramp_slope_min': 0.0, 'slope_cap_frac': 6.0, 'slope_gate_frac': 20.0, 'slow_confirm_s': 0.0, 'soft_unfreeze_s': 4.0, 'tau_c_fast_s': 1.0, 'tau_r_fast_s': 0.2, 'tau_r_slow_idle_s': 0.5, 'tau_slope_s': 0.2}
  起点1（J=612.3）→ 坐标下降
    pass1: J=212.3  {'edge_boost_s': 0.0, 'edge_slope_thres': 60.0, 'hold_eps': 0.0, 'hold_tau_s': 0.5, 'idle_frac': 0.02, 'r_fast': 0.02, 'r_slow_max': 0.2, 'ramp_slope_min': 0.0, 'slope_cap_frac': 0.1, 'slope_gate_frac': 0.05, 'slow_confirm_s': 0.5, 'soft_unfreeze_s': 4.0, 'tau_c_fast_s': 1.0, 'tau_r_fast_s': 0.2, 'tau_r_slow_idle_s': 0.5, 'tau_slope_s': 0.3}
    pass2: J=194.4  {'edge_boost_s': 0.0, 'edge_slope_thres': 60.0, 'hold_eps': 0.0, 'hold_tau_s': 0.5, 'idle_frac': 0.1, 'r_fast': 0.02, 'r_slow_max': 0.2, 'ramp_slope_min': 0.0, 'slope_cap_frac': 0.05, 'slope_gate_frac': 0.05, 'slow_confirm_s': 0.5, 'soft_unfreeze_s': 4.0, 'tau_c_fast_s': 1.0, 'tau_r_fast_s': 0.2, 'tau_r_slow_idle_s': 2.0, 'tau_slope_s': 0.2}
    pass3: J=194.4  {'edge_boost_s': 0.0, 'edge_slope_thres': 60.0, 'hold_eps': 0.0, 'hold_tau_s': 0.5, 'idle_frac': 0.1, 'r_fast': 0.02, 'r_slow_max': 0.2, 'ramp_slope_min': 0.0, 'slope_cap_frac': 0.05, 'slope_gate_frac': 0.05, 'slow_confirm_s': 0.5, 'soft_unfreeze_s': 4.0, 'tau_c_fast_s': 1.0, 'tau_r_fast_s': 0.2, 'tau_r_slow_idle_s': 2.0, 'tau_slope_s': 0.2}
  起点2（J=638.1）→ 坐标下降
    pass1: J=225.2  {'edge_boost_s': 0.0, 'edge_slope_thres': 60.0, 'hold_eps': 0.0, 'hold_tau_s': 0.2, 'idle_frac': 0.02, 'r_fast': 0.0, 'r_slow_max': 0.2, 'ramp_slope_min': 0.0, 'slope_cap_frac': 0.05, 'slope_gate_frac': 0.05, 'slow_confirm_s': 0.0, 'soft_unfreeze_s': 2.0, 'tau_c_fast_s': 4.0, 'tau_r_fast_s': 0.2, 'tau_r_slow_idle_s': 0.5, 'tau_slope_s': 0.3}
    pass2: J=210.3  {'edge_boost_s': 0.0, 'edge_slope_thres': 60.0, 'hold_eps': 0.0, 'hold_tau_s': 0.2, 'idle_frac': 0.02, 'r_fast': 0.0, 'r_slow_max': 0.2, 'ramp_slope_min': 0.0, 'slope_cap_frac': 0.05, 'slope_gate_frac': 5.0, 'slow_confirm_s': 0.0, 'soft_unfreeze_s': 2.0, 'tau_c_fast_s': 4.0, 'tau_r_fast_s': 0.2, 'tau_r_slow_idle_s': 30.0, 'tau_slope_s': 0.3}
    pass3: J=163.7  {'edge_boost_s': 0.0, 'edge_slope_thres': 60.0, 'hold_eps': 0.0, 'hold_tau_s': 0.2, 'idle_frac': 0.05, 'r_fast': 0.0, 'r_slow_max': 0.2, 'ramp_slope_min': 0.0, 'slope_cap_frac': 0.8, 'slope_gate_frac': 2.0, 'slow_confirm_s': 0.0, 'soft_unfreeze_s': 2.0, 'tau_c_fast_s': 4.0, 'tau_r_fast_s': 0.2, 'tau_r_slow_idle_s': 0.5, 'tau_slope_s': 0.3}
    pass4: J=163.7  {'edge_boost_s': 0.0, 'edge_slope_thres': 60.0, 'hold_eps': 0.0, 'hold_tau_s': 0.2, 'idle_frac': 0.05, 'r_fast': 0.0, 'r_slow_max': 0.2, 'ramp_slope_min': 0.0, 'slope_cap_frac': 0.8, 'slope_gate_frac': 2.0, 'slow_confirm_s': 0.0, 'soft_unfreeze_s': 2.0, 'tau_c_fast_s': 4.0, 'tau_r_fast_s': 0.2, 'tau_r_slow_idle_s': 0.5, 'tau_slope_s': 0.3}
  ★ J=129.6  {"edge_boost_s": 0.0, "edge_slope_thres": 60.0, "hold_eps": 0.0, "idle_frac": 0.05, "r_fast": 0.02, "r_slow_max": 1.0, "ramp_slope_min": 0.0, "slope_cap_frac": 6.0, "slope_gate_frac": 20.0, "slow_confirm_s": 0.0, "soft_unfreeze_s": 4.0, "tau_c_fast_s": 1.0, "tau_r_fast_s": 0.2, "tau_r_slow_idle_s": 0.5, "tau_slope_s": 0.2}
    会话          过减ADC      @t      欠减峰      末值偏差      绝对过减     扣除%       J
    d1/6a679f     25.6   220.8      0.0    -109.8     114.1   121.6    54.9
    d1/5ce2c4     21.5   109.6      0.0    -165.3     166.2   163.6    82.6
    d2/857759    129.5   191.4      0.0    -456.7     659.5   132.4   346.5
    d2/8e127e     98.9    41.4     31.0      -6.4     198.0    99.9    34.2

########## 右拇指指腹 ##########
  起点最好 J=581.4 / 最差 2418.5
  起点0（J=581.4）→ 坐标下降
    pass1: J=340.2  {'edge_boost_s': 0.0, 'edge_slope_thres': 3000.0, 'hold_eps': 8.0, 'hold_tau_s': 1.0, 'idle_frac': 0.2, 'r_fast': 0.1, 'r_slow_max': 30.0, 'ramp_slope_min': 0.5, 'slope_cap_frac': 6.0, 'slope_gate_frac': 20.0, 'slow_confirm_s': 0.0, 'soft_unfreeze_s': 0.2, 'tau_c_fast_s': 4.0, 'tau_r_fast_s': 2.0, 'tau_r_slow_idle_s': 0.0, 'tau_slope_s': 0.5}
    pass2: J=286.2  {'edge_boost_s': 0.0, 'edge_slope_thres': 3000.0, 'hold_eps': 0.2, 'hold_tau_s': 0.1, 'idle_frac': 0.2, 'r_fast': 0.16, 'r_slow_max': 30.0, 'ramp_slope_min': 0.0, 'slope_cap_frac': 6.0, 'slope_gate_frac': 20.0, 'slow_confirm_s': 0.0, 'soft_unfreeze_s': 0.2, 'tau_c_fast_s': 4.0, 'tau_r_fast_s': 2.0, 'tau_r_slow_idle_s': 0.0, 'tau_slope_s': 0.5}
    pass3: J=286.2  {'edge_boost_s': 0.0, 'edge_slope_thres': 3000.0, 'hold_eps': 0.5, 'hold_tau_s': 0.1, 'idle_frac': 0.2, 'r_fast': 0.16, 'r_slow_max': 30.0, 'ramp_slope_min': 0.0, 'slope_cap_frac': 6.0, 'slope_gate_frac': 20.0, 'slow_confirm_s': 0.0, 'soft_unfreeze_s': 0.2, 'tau_c_fast_s': 4.0, 'tau_r_fast_s': 2.0, 'tau_r_slow_idle_s': 0.0, 'tau_slope_s': 0.5}
    pass4: J=286.2  {'edge_boost_s': 0.0, 'edge_slope_thres': 3000.0, 'hold_eps': 0.5, 'hold_tau_s': 0.1, 'idle_frac': 0.2, 'r_fast': 0.16, 'r_slow_max': 30.0, 'ramp_slope_min': 0.0, 'slope_cap_frac': 6.0, 'slope_gate_frac': 20.0, 'slow_confirm_s': 0.0, 'soft_unfreeze_s': 0.2, 'tau_c_fast_s': 4.0, 'tau_r_fast_s': 2.0, 'tau_r_slow_idle_s': 0.0, 'tau_slope_s': 0.5}
  起点1（J=1143.9）→ 坐标下降
    pass1: J=296.9  {'edge_boost_s': 0.0, 'edge_slope_thres': 1000000000.0, 'hold_eps': 2.0, 'hold_tau_s': 0.1, 'idle_frac': 0.1, 'r_fast': 0.3, 'r_slow_max': 30.0, 'ramp_slope_min': 0.0, 'slope_cap_frac': 6.0, 'slope_gate_frac': 20.0, 'slow_confirm_s': 0.0, 'soft_unfreeze_s': 1.0, 'tau_c_fast_s': 8.0, 'tau_r_fast_s': 2.0, 'tau_r_slow_idle_s': 0.0, 'tau_slope_s': 0.5}
    pass2: J=295.6  {'edge_boost_s': 0.0, 'edge_slope_thres': 1000000000.0, 'hold_eps': 0.2, 'hold_tau_s': 0.1, 'idle_frac': 0.1, 'r_fast': 0.3, 'r_slow_max': 30.0, 'ramp_slope_min': 0.0, 'slope_cap_frac': 6.0, 'slope_gate_frac': 20.0, 'slow_confirm_s': 0.0, 'soft_unfreeze_s': 1.0, 'tau_c_fast_s': 8.0, 'tau_r_fast_s': 2.0, 'tau_r_slow_idle_s': 0.0, 'tau_slope_s': 0.5}
    pass3: J=295.6  {'edge_boost_s': 0.0, 'edge_slope_thres': 1000000000.0, 'hold_eps': 0.2, 'hold_tau_s': 0.1, 'idle_frac': 0.1, 'r_fast': 0.3, 'r_slow_max': 30.0, 'ramp_slope_min': 0.0, 'slope_cap_frac': 6.0, 'slope_gate_frac': 20.0, 'slow_confirm_s': 0.0, 'soft_unfreeze_s': 1.0, 'tau_c_fast_s': 8.0, 'tau_r_fast_s': 2.0, 'tau_r_slow_idle_s': 0.0, 'tau_slope_s': 0.5}
  起点2（J=1462.2）→ 坐标下降
    pass1: J=518.6  {'edge_slope_thres': 150.0, 'hold_eps': 8.0, 'hold_tau_s': 0.1, 'idle_frac': 0.1, 'r_fast': 0.01, 'r_slow_max': 30.0, 'ramp_slope_min': 2.0, 'slope_cap_frac': 0.8, 'slope_gate_frac': 20.0, 'slow_confirm_s': 0.0, 'soft_unfreeze_s': 4.0, 'tau_c_fast_s': 20.0, 'tau_r_fast_s': 0.5, 'tau_r_slow_idle_s': 2.0, 'tau_slope_s': 1.0}
    pass2: J=494.1  {'edge_slope_thres': 150.0, 'hold_eps': 0.2, 'hold_tau_s': 0.2, 'idle_frac': 0.1, 'r_fast': 0.01, 'r_slow_max': 30.0, 'ramp_slope_min': 2.0, 'slope_cap_frac': 0.8, 'slope_gate_frac': 20.0, 'slow_confirm_s': 0.0, 'soft_unfreeze_s': 4.0, 'tau_c_fast_s': 20.0, 'tau_r_fast_s': 6.0, 'tau_r_slow_idle_s': 2.0, 'tau_slope_s': 1.0}
    pass3: J=494.1  {'edge_slope_thres': 150.0, 'hold_eps': 0.2, 'hold_tau_s': 0.2, 'idle_frac': 0.1, 'r_fast': 0.01, 'r_slow_max': 30.0, 'ramp_slope_min': 2.0, 'slope_cap_frac': 0.8, 'slope_gate_frac': 20.0, 'slow_confirm_s': 0.0, 'soft_unfreeze_s': 4.0, 'tau_c_fast_s': 20.0, 'tau_r_fast_s': 6.0, 'tau_r_slow_idle_s': 2.0, 'tau_slope_s': 1.0}
  ★ J=286.2  {"edge_boost_s": 0.0, "edge_slope_thres": 3000.0, "hold_eps": 0.5, "hold_tau_s": 0.1, "idle_frac": 0.2, "r_fast": 0.16, "r_slow_max": 30.0, "ramp_slope_min": 0.0, "slope_cap_frac": 6.0, "slope_gate_frac": 20.0, "slow_confirm_s": 0.0, "soft_unfreeze_s": 0.2, "tau_c_fast_s": 4.0, "tau_r_fast_s": 2.0, "tau_r_slow_idle_s": 0.0, "tau_slope_s": 0.5}
    会话          过减ADC      @t      欠减峰      末值偏差      绝对过减     扣除%       J
    d1          143.3    91.0    249.6     199.6      95.4   102.5   522.7
    d2          107.3    13.6      0.0     -41.2     181.9   113.8    49.7

########## 左拇指指腹 ##########
  起点最好 J=1226.6 / 最差 2864.5
  起点0（J=1226.6）→ 坐标下降
    pass1: J=1048.9  {'edge_boost_s': 2.0, 'edge_slope_thres': 150.0, 'hold_eps': 0.5, 'hold_tau_s': 1.0, 'idle_frac': 0.2, 'r_fast': 0.3, 'r_slow_max': 10.0, 'ramp_slope_min': 2.0, 'slope_cap_frac': 0.8, 'slope_gate_frac': 20.0, 'slow_confirm_s': 0.0, 'soft_unfreeze_s': 4.0, 'tau_c_fast_s': 12.0, 'tau_r_fast_s': 0.5, 'tau_r_slow_idle_s': 0.5, 'tau_slope_s': 1.0}
    pass2: J=1009.7  {'edge_boost_s': 2.0, 'edge_slope_thres': 150.0, 'hold_eps': 2.0, 'hold_tau_s': 0.1, 'idle_frac': 0.2, 'r_fast': 0.3, 'r_slow_max': 10.0, 'ramp_slope_min': 2.0, 'slope_cap_frac': 0.8, 'slope_gate_frac': 20.0, 'slow_confirm_s': 0.0, 'soft_unfreeze_s': 2.0, 'tau_c_fast_s': 12.0, 'tau_r_fast_s': 0.5, 'tau_r_slow_idle_s': 0.5, 'tau_slope_s': 1.0}
    pass3: J=983.1  {'edge_boost_s': 0.0, 'edge_slope_thres': 150.0, 'hold_eps': 2.0, 'hold_tau_s': 0.5, 'idle_frac': 0.2, 'r_fast': 0.3, 'r_slow_max': 10.0, 'ramp_slope_min': 2.0, 'slope_cap_frac': 0.8, 'slope_gate_frac': 20.0, 'slow_confirm_s': 0.0, 'soft_unfreeze_s': 1.0, 'tau_c_fast_s': 12.0, 'tau_r_fast_s': 0.5, 'tau_r_slow_idle_s': 0.5, 'tau_slope_s': 1.0}
    pass4: J=983.1  {'edge_boost_s': 0.0, 'edge_slope_thres': 150.0, 'hold_eps': 2.0, 'hold_tau_s': 0.5, 'idle_frac': 0.2, 'r_fast': 0.3, 'r_slow_max': 10.0, 'ramp_slope_min': 2.0, 'slope_cap_frac': 0.8, 'slope_gate_frac': 20.0, 'slow_confirm_s': 0.0, 'soft_unfreeze_s': 1.0, 'tau_c_fast_s': 12.0, 'tau_r_fast_s': 0.5, 'tau_r_slow_idle_s': 0.5, 'tau_slope_s': 1.0}
  起点1（J=1707.0）→ 坐标下降
    pass1: J=568.6  {'edge_boost_s': 0.0, 'edge_slope_thres': 400.0, 'hold_eps': 0.0, 'hold_tau_s': 0.3, 'idle_frac': 0.2, 'r_fast': 0.1, 'r_slow_max': 30.0, 'ramp_slope_min': 2.0, 'slope_cap_frac': 6.0, 'slope_gate_frac': 5.0, 'slow_confirm_s': 0.0, 'soft_unfreeze_s': 0.1, 'tau_c_fast_s': 20.0, 'tau_r_fast_s': 0.2, 'tau_r_slow_idle_s': 0.5, 'tau_slope_s': 0.5}
    pass2: J=489.4  {'edge_boost_s': 0.0, 'edge_slope_thres': 400.0, 'hold_eps': 0.2, 'hold_tau_s': 0.3, 'idle_frac': 0.2, 'r_fast': 0.1, 'r_slow_max': 30.0, 'ramp_slope_min': 0.0, 'slope_cap_frac': 6.0, 'slope_gate_frac': 20.0, 'slow_confirm_s': 0.0, 'soft_unfreeze_s': 0.1, 'tau_c_fast_s': 20.0, 'tau_r_fast_s': 0.2, 'tau_r_slow_idle_s': 0.5, 'tau_slope_s': 0.5}
    pass3: J=484.4  {'edge_boost_s': 0.0, 'edge_slope_thres': 400.0, 'hold_eps': 0.5, 'hold_tau_s': 0.2, 'idle_frac': 0.2, 'r_fast': 0.1, 'r_slow_max': 30.0, 'ramp_slope_min': 0.0, 'slope_cap_frac': 6.0, 'slope_gate_frac': 20.0, 'slow_confirm_s': 0.0, 'soft_unfreeze_s': 0.1, 'tau_c_fast_s': 20.0, 'tau_r_fast_s': 0.2, 'tau_r_slow_idle_s': 0.5, 'tau_slope_s': 0.5}
    pass4: J=484.4  {'edge_boost_s': 0.0, 'edge_slope_thres': 400.0, 'hold_eps': 0.5, 'hold_tau_s': 0.2, 'idle_frac': 0.2, 'r_fast': 0.1, 'r_slow_max': 30.0, 'ramp_slope_min': 0.0, 'slope_cap_frac': 6.0, 'slope_gate_frac': 20.0, 'slow_confirm_s': 0.0, 'soft_unfreeze_s': 0.1, 'tau_c_fast_s': 20.0, 'tau_r_fast_s': 0.2, 'tau_r_slow_idle_s': 0.5, 'tau_slope_s': 0.5}
  起点2（J=1800.5）→ 坐标下降
    pass1: J=1396.7  {'edge_slope_thres': 60.0, 'hold_eps': 0.0, 'idle_frac': 0.1, 'r_fast': 0.1, 'r_slow_max': 5.0, 'ramp_slope_min': 2.0, 'slope_cap_frac': 1.5, 'slope_gate_frac': 20.0, 'slow_confirm_s': 0.0, 'soft_unfreeze_s': 2.0, 'tau_c_fast_s': 2.0, 'tau_r_fast_s': 2.0, 'tau_r_slow_idle_s': 30.0, 'tau_slope_s': 2.0}
    pass2: J=1372.4  {'edge_slope_thres': 60.0, 'hold_eps': 0.2, 'idle_frac': 0.1, 'r_fast': 0.1, 'r_slow_max': 5.0, 'ramp_slope_min': 2.0, 'slope_cap_frac': 1.5, 'slope_gate_frac': 20.0, 'slow_confirm_s': 0.0, 'soft_unfreeze_s': 2.0, 'tau_c_fast_s': 2.0, 'tau_r_fast_s': 2.0, 'tau_r_slow_idle_s': 30.0, 'tau_slope_s': 2.0}
    pass3: J=1368.7  {'edge_slope_thres': 60.0, 'hold_eps': 0.2, 'hold_tau_s': 1.0, 'idle_frac': 0.1, 'r_fast': 0.1, 'r_slow_max': 5.0, 'ramp_slope_min': 2.0, 'slope_cap_frac': 1.5, 'slope_gate_frac': 20.0, 'slow_confirm_s': 0.0, 'soft_unfreeze_s': 2.0, 'tau_c_fast_s': 2.0, 'tau_r_fast_s': 2.0, 'tau_r_slow_idle_s': 30.0, 'tau_slope_s': 2.0}
    pass4: J=1368.7  {'edge_slope_thres': 60.0, 'hold_eps': 0.2, 'hold_tau_s': 1.0, 'idle_frac': 0.1, 'r_fast': 0.1, 'r_slow_max': 5.0, 'ramp_slope_min': 2.0, 'slope_cap_frac': 1.5, 'slope_gate_frac': 20.0, 'slow_confirm_s': 0.0, 'soft_unfreeze_s': 2.0, 'tau_c_fast_s': 2.0, 'tau_r_fast_s': 2.0, 'tau_r_slow_idle_s': 30.0, 'tau_slope_s': 2.0}
  ★ J=484.4  {"edge_boost_s": 0.0, "edge_slope_thres": 400.0, "hold_eps": 0.5, "hold_tau_s": 0.2, "idle_frac": 0.2, "r_fast": 0.1, "r_slow_max": 30.0, "ramp_slope_min": 0.0, "slope_cap_frac": 6.0, "slope_gate_frac": 20.0, "slow_confirm_s": 0.0, "soft_unfreeze_s": 0.1, "tau_c_fast_s": 20.0, "tau_r_fast_s": 0.2, "tau_r_slow_idle_s": 0.5, "tau_slope_s": 0.5}
    会话          过减ADC      @t      欠减峰      末值偏差      绝对过减     扣除%       J
    d1          160.0    14.2    142.7     106.0     239.8    98.5   435.6
    d2          139.3   126.6    254.4     243.2      74.5    96.3   533.2

########## 右手掌 ##########
  起点最好 J=790.2 / 最差 1933.7
  起点0（J=790.2）→ 坐标下降
    pass1: J=367.9  {'edge_boost_s': 2.0, 'edge_slope_thres': 1000.0, 'hold_eps': 0.2, 'hold_tau_s': 0.5, 'idle_frac': 0.2, 'r_fast': 0.01, 'r_slow_max': 30.0, 'ramp_slope_min': 2.0, 'slope_cap_frac': 6.0, 'slope_gate_frac': 5.0, 'slow_confirm_s': 0.0, 'soft_unfreeze_s': 4.0, 'tau_c_fast_s': 20.0, 'tau_r_fast_s': 6.0, 'tau_r_slow_idle_s': 0.5, 'tau_slope_s': 0.5}
    pass2: J=248.3  {'edge_boost_s': 0.0, 'edge_slope_thres': 60.0, 'hold_eps': 0.2, 'hold_tau_s': 0.5, 'idle_frac': 0.2, 'r_fast': 0.06, 'r_slow_max': 30.0, 'ramp_slope_min': 2.0, 'slope_cap_frac': 6.0, 'slope_gate_frac': 20.0, 'slow_confirm_s': 0.0, 'soft_unfreeze_s': 4.0, 'tau_c_fast_s': 20.0, 'tau_r_fast_s': 6.0, 'tau_r_slow_idle_s': 2.0, 'tau_slope_s': 0.3}
    pass3: J=243.5  {'edge_boost_s': 0.0, 'edge_slope_thres': 60.0, 'hold_eps': 0.2, 'hold_tau_s': 0.3, 'idle_frac': 0.2, 'r_fast': 0.06, 'r_slow_max': 30.0, 'ramp_slope_min': 2.0, 'slope_cap_frac': 6.0, 'slope_gate_frac': 20.0, 'slow_confirm_s': 0.0, 'soft_unfreeze_s': 4.0, 'tau_c_fast_s': 20.0, 'tau_r_fast_s': 6.0, 'tau_r_slow_idle_s': 2.0, 'tau_slope_s': 0.3}
    pass4: J=243.5  {'edge_boost_s': 0.0, 'edge_slope_thres': 60.0, 'hold_eps': 0.2, 'hold_tau_s': 0.3, 'idle_frac': 0.2, 'r_fast': 0.06, 'r_slow_max': 30.0, 'ramp_slope_min': 2.0, 'slope_cap_frac': 6.0, 'slope_gate_frac': 20.0, 'slow_confirm_s': 0.0, 'soft_unfreeze_s': 4.0, 'tau_c_fast_s': 20.0, 'tau_r_fast_s': 6.0, 'tau_r_slow_idle_s': 2.0, 'tau_slope_s': 0.3}
  起点1（J=883.8）→ 坐标下降
    pass1: J=501.1  {'edge_slope_thres': 20.0, 'hold_eps': 0.0, 'idle_frac': 0.2, 'r_fast': 0.3, 'r_slow_max': 30.0, 'ramp_slope_min': 0.0, 'slope_cap_frac': 1.5, 'slope_gate_frac': 1.0, 'slow_confirm_s': 0.0, 'soft_unfreeze_s': 4.0, 'tau_c_fast_s': 2.0, 'tau_r_fast_s': 1.0, 'tau_r_slow_idle_s': 0.5, 'tau_slope_s': 1.0}
    pass2: J=496.6  {'edge_boost_s': 0.0, 'edge_slope_thres': 20.0, 'hold_eps': 0.0, 'idle_frac': 0.2, 'r_fast': 0.3, 'r_slow_max': 30.0, 'ramp_slope_min': 0.0, 'slope_cap_frac': 1.5, 'slope_gate_frac': 1.0, 'slow_confirm_s': 0.0, 'soft_unfreeze_s': 4.0, 'tau_c_fast_s': 1.0, 'tau_r_fast_s': 1.0, 'tau_r_slow_idle_s': 2.0, 'tau_slope_s': 1.0}
    pass3: J=482.5  {'edge_boost_s': 2.0, 'edge_slope_thres': 20.0, 'hold_eps': 0.0, 'idle_frac': 0.2, 'r_fast': 0.3, 'r_slow_max': 30.0, 'ramp_slope_min': 2.0, 'slope_cap_frac': 1.5, 'slope_gate_frac': 2.0, 'slow_confirm_s': 0.0, 'soft_unfreeze_s': 4.0, 'tau_c_fast_s': 4.0, 'tau_r_fast_s': 2.0, 'tau_r_slow_idle_s': 2.0, 'tau_slope_s': 1.0}
    pass4: J=377.3  {'edge_boost_s': 2.0, 'edge_slope_thres': 60.0, 'hold_eps': 0.0, 'idle_frac': 0.2, 'r_fast': 0.04, 'r_slow_max': 30.0, 'ramp_slope_min': 2.0, 'slope_cap_frac': 3.0, 'slope_gate_frac': 5.0, 'slow_confirm_s': 0.0, 'soft_unfreeze_s': 4.0, 'tau_c_fast_s': 20.0, 'tau_r_fast_s': 2.0, 'tau_r_slow_idle_s': 0.5, 'tau_slope_s': 0.5}
    pass5: J=301.1  {'edge_boost_s': 0.0, 'edge_slope_thres': 60.0, 'hold_eps': 0.0, 'idle_frac': 0.2, 'r_fast': 0.16, 'r_slow_max': 30.0, 'ramp_slope_min': 2.0, 'slope_cap_frac': 3.0, 'slope_gate_frac': 5.0, 'slow_confirm_s': 0.0, 'soft_unfreeze_s': 2.0, 'tau_c_fast_s': 1.0, 'tau_r_fast_s': 2.0, 'tau_r_slow_idle_s': 2.0, 'tau_slope_s': 0.3}
  起点2（J=993.4）→ 坐标下降
    pass1: J=676.9  {'edge_boost_s': 2.0, 'edge_slope_thres': 1000000000.0, 'hold_eps': 0.0, 'hold_tau_s': 1.0, 'idle_frac': 0.05, 'r_fast': 0.3, 'r_slow_max': 10.0, 'ramp_slope_min': 0.5, 'slope_cap_frac': 0.2, 'slope_gate_frac': 5.0, 'slow_confirm_s': 0.0, 'soft_unfreeze_s': 0.2, 'tau_c_fast_s': 1.0, 'tau_r_fast_s': 2.0, 'tau_r_slow_idle_s': 0.0, 'tau_slope_s': 1.0}
    pass2: J=675.8  {'edge_boost_s': 2.0, 'edge_slope_thres': 1000000000.0, 'hold_eps': 0.0, 'hold_tau_s': 1.0, 'idle_frac': 0.05, 'r_fast': 0.3, 'r_slow_max': 10.0, 'ramp_slope_min': 0.5, 'slope_cap_frac': 0.2, 'slope_gate_frac': 5.0, 'slow_confirm_s': 0.0, 'soft_unfreeze_s': 0.2, 'tau_c_fast_s': 1.0, 'tau_r_fast_s': 2.0, 'tau_r_slow_idle_s': 30.0, 'tau_slope_s': 1.0}
    pass3: J=675.8  {'edge_boost_s': 2.0, 'edge_slope_thres': 1000000000.0, 'hold_eps': 0.0, 'hold_tau_s': 1.0, 'idle_frac': 0.05, 'r_fast': 0.3, 'r_slow_max': 10.0, 'ramp_slope_min': 0.5, 'slope_cap_frac': 0.2, 'slope_gate_frac': 5.0, 'slow_confirm_s': 0.0, 'soft_unfreeze_s': 0.2, 'tau_c_fast_s': 1.0, 'tau_r_fast_s': 2.0, 'tau_r_slow_idle_s': 30.0, 'tau_slope_s': 1.0}
  ★ J=243.5  {"edge_boost_s": 0.0, "edge_slope_thres": 60.0, "hold_eps": 0.2, "hold_tau_s": 0.3, "idle_frac": 0.2, "r_fast": 0.06, "r_slow_max": 30.0, "ramp_slope_min": 2.0, "slope_cap_frac": 6.0, "slope_gate_frac": 20.0, "slow_confirm_s": 0.0, "soft_unfreeze_s": 4.0, "tau_c_fast_s": 20.0, "tau_r_fast_s": 6.0, "tau_r_slow_idle_s": 2.0, "tau_slope_s": 0.3}
    会话          过减ADC      @t      欠减峰      末值偏差      绝对过减     扣除%       J
    d1/A        194.2    10.9     47.7      23.9     327.5   100.1   436.5
    d1/B        162.2    17.7      0.0     -57.6     355.2   112.6   277.6
    d2/A        110.4     4.8      0.0     -43.9     249.6   114.5    63.4
    d2/B        102.7    13.0    132.6     105.8     226.3    94.2   196.4

########## 左手掌 ##########
  起点最好 J=477.9 / 最差 1184.4
  起点0（J=477.9）→ 坐标下降
    pass1: J=261.7  {'edge_slope_thres': 60.0, 'hold_eps': 0.0, 'hold_tau_s': 1.0, 'idle_frac': 0.2, 'r_fast': 0.3, 'r_slow_max': 10.0, 'ramp_slope_min': 2.0, 'slope_cap_frac': 0.8, 'slope_gate_frac': 2.0, 'slow_confirm_s': 0.0, 'soft_unfreeze_s': 2.0, 'tau_c_fast_s': 2.0, 'tau_r_fast_s': 6.0, 'tau_r_slow_idle_s': 30.0, 'tau_slope_s': 2.0}
    pass2: J=61.3  {'edge_slope_thres': 60.0, 'hold_eps': 0.0, 'hold_tau_s': 1.0, 'idle_frac': 0.2, 'r_fast': 0.3, 'r_slow_max': 30.0, 'ramp_slope_min': 2.0, 'slope_cap_frac': 3.0, 'slope_gate_frac': 1.0, 'slow_confirm_s': 0.0, 'soft_unfreeze_s': 2.0, 'tau_c_fast_s': 1.0, 'tau_r_fast_s': 6.0, 'tau_r_slow_idle_s': 8.0, 'tau_slope_s': 1.0}
    pass3: J=61.3  {'edge_slope_thres': 60.0, 'hold_eps': 0.0, 'hold_tau_s': 1.0, 'idle_frac': 0.2, 'r_fast': 0.3, 'r_slow_max': 30.0, 'ramp_slope_min': 2.0, 'slope_cap_frac': 3.0, 'slope_gate_frac': 1.0, 'slow_confirm_s': 0.0, 'soft_unfreeze_s': 2.0, 'tau_c_fast_s': 1.0, 'tau_r_fast_s': 6.0, 'tau_r_slow_idle_s': 8.0, 'tau_slope_s': 1.0}
  起点1（J=644.5）→ 坐标下降
    pass1: J=204.4  {'edge_boost_s': 2.0, 'edge_slope_thres': 60.0, 'hold_eps': 8.0, 'hold_tau_s': 0.2, 'idle_frac': 0.2, 'r_fast': 0.3, 'r_slow_max': 30.0, 'ramp_slope_min': 2.0, 'slope_cap_frac': 0.4, 'slope_gate_frac': 0.5, 'slow_confirm_s': 0.0, 'soft_unfreeze_s': 4.0, 'tau_c_fast_s': 2.0, 'tau_r_fast_s': 0.2, 'tau_r_slow_idle_s': 0.5, 'tau_slope_s': 2.0}
    pass2: J=168.8  {'edge_boost_s': 2.0, 'edge_slope_thres': 60.0, 'hold_eps': 8.0, 'hold_tau_s': 1.0, 'idle_frac': 0.2, 'r_fast': 0.3, 'r_slow_max': 30.0, 'ramp_slope_min': 0.5, 'slope_cap_frac': 0.8, 'slope_gate_frac': 0.5, 'slow_confirm_s': 0.0, 'soft_unfreeze_s': 4.0, 'tau_c_fast_s': 1.0, 'tau_r_fast_s': 0.2, 'tau_r_slow_idle_s': 2.0, 'tau_slope_s': 2.0}
    pass3: J=168.8  {'edge_boost_s': 2.0, 'edge_slope_thres': 60.0, 'hold_eps': 8.0, 'hold_tau_s': 1.0, 'idle_frac': 0.2, 'r_fast': 0.3, 'r_slow_max': 30.0, 'ramp_slope_min': 0.5, 'slope_cap_frac': 0.8, 'slope_gate_frac': 0.5, 'slow_confirm_s': 0.0, 'soft_unfreeze_s': 4.0, 'tau_c_fast_s': 1.0, 'tau_r_fast_s': 0.2, 'tau_r_slow_idle_s': 2.0, 'tau_slope_s': 2.0}
  起点2（J=660.0）→ 坐标下降
    pass1: J=238.2  {'edge_boost_s': 2.0, 'edge_slope_thres': 3000.0, 'hold_eps': 2.0, 'hold_tau_s': 1.0, 'idle_frac': 0.2, 'r_fast': 0.3, 'r_slow_max': 10.0, 'ramp_slope_min': 2.0, 'slope_cap_frac': 0.8, 'slope_gate_frac': 20.0, 'slow_confirm_s': 0.0, 'soft_unfreeze_s': 0.1, 'tau_c_fast_s': 20.0, 'tau_r_fast_s': 6.0, 'tau_r_slow_idle_s': 0.0, 'tau_slope_s': 0.5}
    pass2: J=30.7  {'edge_boost_s': 2.0, 'edge_slope_thres': 3000.0, 'hold_eps': 2.0, 'hold_tau_s': 0.2, 'idle_frac': 0.2, 'r_fast': 0.3, 'r_slow_max': 30.0, 'ramp_slope_min': 2.0, 'slope_cap_frac': 6.0, 'slope_gate_frac': 5.0, 'slow_confirm_s': 0.0, 'soft_unfreeze_s': 0.1, 'tau_c_fast_s': 2.0, 'tau_r_fast_s': 6.0, 'tau_r_slow_idle_s': 2.0, 'tau_slope_s': 0.5}
    pass3: J=24.5  {'edge_boost_s': 2.0, 'edge_slope_thres': 3000.0, 'hold_eps': 2.0, 'hold_tau_s': 0.2, 'idle_frac': 0.1, 'r_fast': 0.3, 'r_slow_max': 30.0, 'ramp_slope_min': 2.0, 'slope_cap_frac': 3.0, 'slope_gate_frac': 5.0, 'slow_confirm_s': 0.0, 'soft_unfreeze_s': 0.1, 'tau_c_fast_s': 2.0, 'tau_r_fast_s': 6.0, 'tau_r_slow_idle_s': 2.0, 'tau_slope_s': 0.5}
    pass4: J=24.5  {'edge_boost_s': 2.0, 'edge_slope_thres': 3000.0, 'hold_eps': 2.0, 'hold_tau_s': 0.2, 'idle_frac': 0.1, 'r_fast': 0.3, 'r_slow_max': 30.0, 'ramp_slope_min': 2.0, 'slope_cap_frac': 3.0, 'slope_gate_frac': 5.0, 'slow_confirm_s': 0.0, 'soft_unfreeze_s': 0.1, 'tau_c_fast_s': 2.0, 'tau_r_fast_s': 6.0, 'tau_r_slow_idle_s': 2.0, 'tau_slope_s': 0.5}
  ★ J=24.5  {"edge_boost_s": 2.0, "edge_slope_thres": 3000.0, "hold_eps": 2.0, "hold_tau_s": 0.2, "idle_frac": 0.1, "r_fast": 0.3, "r_slow_max": 30.0, "ramp_slope_min": 2.0, "slope_cap_frac": 3.0, "slope_gate_frac": 5.0, "slow_confirm_s": 0.0, "soft_unfreeze_s": 0.1, "tau_c_fast_s": 2.0, "tau_r_fast_s": 6.0, "tau_r_slow_idle_s": 2.0, "tau_slope_s": 0.5}
    会话          过减ADC      @t      欠减峰      末值偏差      绝对过减     扣除%       J
    d1/A         83.6    37.4     19.2       4.4     147.1   110.1    21.4
    d1/B         62.4    35.1      0.0     -76.3     111.4   127.1    38.2
    d2/A         99.6     7.6      0.0     -32.9     175.7   110.0    16.4
    d2/B         53.7    21.0      0.0     -44.1      95.5   110.6    22.0

写出 D:\workshop\文档\v2.7 - 抗蠕变补偿算法\v3.4\sensor_tune\out\14_search_adc.json
