
########## 右手掌：400 组合 × 4 会话
     过减max       J     过减均     欠减峰      末值     扣除% │ hold_tau hold_eps cap r_fast
     208.2   157.7   144.2    19.2    -2.9   105.5 │     0.03        0    6      2
     208.2   157.7   144.2    19.2    -2.9   105.5 │     0.05        0    6      2
     208.2   157.7   144.2    19.2    -2.9   105.5 │     0.08        0    6      2
     208.2   157.7   144.2    19.2    -2.9   105.5 │     0.12        0    6      2
     208.2   157.7   144.2    19.2    -2.9   105.5 │      0.2        0    6      2
     208.2   157.7   144.2    19.2    -2.9   105.5 │      0.2     0.05    6      2
     208.2   157.7   144.2    19.2    -2.9   105.5 │      0.2      0.1    6      2
     208.2   157.7   144.2    19.2    -2.9   105.5 │      0.2      0.3    6      2
     208.8   158.4   144.5    19.2    -2.9   105.5 │     0.12      0.3    6      2
     208.8   158.5   144.5    19.2    -2.9   105.5 │     0.12      0.1    6      2
     208.8   158.5   144.5    19.2    -2.9   105.5 │     0.12     0.05    6      2
     208.6   158.5   144.0    19.0    -3.6   105.5 │     0.03        0   10      2
     208.6   158.5   144.0    19.0    -3.6   105.5 │     0.05        0   10      2
     208.6   158.5   144.0    19.0    -3.6   105.5 │     0.08        0   10      2
  ★ 最优：过减max=208.2 J=157.7 扣除=105.5%
      d1/A     过减   208.2 @  10.9s  欠减峰     2.3  末值    -21.5  绝对过减   286.7  扣除  103.0%
      d1/B     过减   152.4 @  17.7s  欠减峰     0.0  末值    -56.0  绝对过减   249.7  扣除  112.5%
      d2/A     过减   108.4 @   8.6s  欠减峰     6.0  末值      3.7  绝对过减   162.4  扣除  109.4%
      d2/B     过减   107.9 @  13.0s  欠减峰    68.5  末值     62.1  绝对过减   171.6  扣除   96.9%

########## 左拇指指腹：400 组合 × 2 会话
     过减max       J     过减均     欠减峰      末值     扣除% │ hold_tau hold_eps cap r_fast
     178.2   216.9   168.0     4.7   -40.8   109.2 │      0.2     0.05    3    1.2
     178.2   216.9   168.0     4.7   -40.8   109.2 │      0.2      0.1    3    1.2
     178.2   216.9   168.0     4.7   -40.9   109.2 │      0.2      0.3    3    1.2
     178.2   217.0   168.0     4.7   -40.8   109.2 │     0.12     0.05    3    1.2
     178.2   217.0   168.0     4.7   -40.8   109.2 │     0.12      0.1    3    1.2
     178.4   217.4   168.1     4.7   -40.8   109.2 │     0.12      0.3    3    1.2
     178.5   217.5   168.1     4.7   -40.9   109.2 │     0.03        0    3    1.2
     178.5   217.5   168.1     4.7   -40.9   109.2 │     0.05        0    3    1.2
     178.5   217.5   168.1     4.7   -40.9   109.2 │     0.08        0    3    1.2
     178.5   217.5   168.1     4.7   -40.9   109.2 │     0.12        0    3    1.2
     178.5   217.5   168.1     4.7   -40.9   109.2 │      0.2        0    3    1.2
     178.5   217.7   168.2     4.7   -40.8   109.2 │     0.08      0.3    3    1.2
     178.5   217.7   168.2     4.7   -40.8   109.2 │     0.08      0.1    3    1.2
     178.5   217.7   168.2     4.7   -40.8   109.2 │     0.08     0.05    3    1.2
  ★ 最优：过减max=178.2 J=216.9 扣除=109.2%
      d1       过减   178.2 @  14.7s  欠减峰     9.3  末值    -53.6  绝对过减   271.6  扣除  105.4%
      d2       过减   157.8 @ 126.6s  欠减峰     0.0  末值    -28.0  绝对过减   244.4  扣除  113.1%

写出 D:\workshop\文档\v2.7 - 抗蠕变补偿算法\v3.4\sensor_tune\out\17_focus.json
