
[figcheck] 17_出图结构自检示例.png  canvas=1540x550px  axes=1
  ax 0  lines= 5 patches=  0 texts= 0 有内容=True 越界=0 文本重叠=0
  -> 空白面板 无；artist 越界合计 0；文本重叠合计 0
共 27 张图：

  A_右手掌_d1_A_总ADC对比.png                                      1950x910    227.8 KB
  A_右手掌_d1_B_总ADC对比.png                                      1950x910    256.5 KB
  A_右手掌_d2_A_总ADC对比.png                                      1950x910    251.9 KB
  A_右手掌_d2_B_总ADC对比.png                                      1950x910    209.8 KB
  A_右拇指指腹_d1_总ADC对比.png                                      1950x910    215.7 KB
  A_右拇指指腹_d2_总ADC对比.png                                      1950x910    223.5 KB
  A_四指指腹_d1_5ce2c4_总ADC对比.png                                1950x910    101.2 KB
  A_四指指腹_d1_6a679f_总ADC对比.png                                1950x910     99.7 KB
  A_四指指腹_d2_857759_总ADC对比.png                                1950x910    106.3 KB
  A_四指指腹_d2_8e127e_总ADC对比.png                                1950x910    101.3 KB
  A_左手掌_d1_A_总ADC对比.png                                      1950x910    207.3 KB
  A_左手掌_d1_B_总ADC对比.png                                      1950x910    234.9 KB
  A_左手掌_d2_A_总ADC对比.png                                      1950x910    231.5 KB
  A_左手掌_d2_B_总ADC对比.png                                      1950x910    208.3 KB
  A_左拇指指腹_d1_总ADC对比.png                                      1950x910    225.6 KB
  A_左拇指指腹_d2_总ADC对比.png                                      1950x910    233.7 KB
  B_右手掌_残差归一到蠕变.png                                          1950x910    427.9 KB
  B_右拇指指腹_残差归一到蠕变.png                                        1950x910    232.9 KB
  B_四指指腹_残差归一到蠕变.png                                         1950x910    149.9 KB
  B_左手掌_残差归一到蠕变.png                                          1950x910    418.5 KB
  B_左拇指指腹_残差归一到蠕变.png                                        1950x910    286.6 KB
  C_右手掌_A_推荐预设_内部状态.png                                      1950x910    172.5 KB
  C_右手掌_A_现役默认_内部状态.png                                      1950x910    165.1 KB
  C_四指指腹_6a679f_推荐预设_内部状态.png                                1950x910     83.4 KB
  C_四指指腹_6a679f_现役默认_内部状态.png                                1950x910     91.9 KB
  C_左拇指指腹_d1_推荐预设_内部状态.png                                   1950x910    175.7 KB
  C_左拇指指腹_d1_现役默认_内部状态.png                                   1950x910    161.0 KB

—— dptool 结构自检（重画 A 组首图）——
  ok=True  n_panels=1 curves=5
  check={"axes": 1, "empty": [], "oob": 0, "overlap": 0}

—— 图源数值抽查（右手掌/d1_A 残差图，单位 % 蠕变）——
  d1_A·未补偿输入             末值=  100.0  最小=   -3.7  最大=  103.5
  d1_A·本轮推荐              末值=   -1.4  最小=  -25.3  最大=    3.2
  d1_A·现役默认              末值=   85.7  最小=   -3.7  最大=   89.3
  d1_A·第一轮预设             末值=   27.4  最小=   -3.7  最大=   33.3
  参考：该会话 Esum=40.8 蠕变=1525.2
