====================================================================================================
[切换负载-快相无责] 255.7s / 25692 帧 / 负载段 3 / 事件 16
   [v3] 自检 A_max=2462.038 loaded= 12 g_end=+0.2173  epoch=12  γ∈[0.72,2.00]
   [v4] 自检 A_max=2462.038 loaded= 12 g_end=+0.2173  epoch=13  γ∈[0.72,2.00]
   [v5] 自检 A_max=2866.003 loaded= 12 g_end=+0.0355  epoch=13  γ∈[0.30,2.00]
   负载内变载（比值 / 是否重捕获 / 台阶捕获比 / 最大偏差）:
     t= 71.79s 比值=0.319 识别  台阶捕获 v3= 1.16 v5= 1.04  最大偏差 v3=  1302 v5=  1275
     t=111.14s 比值=0.335 识别  台阶捕获 v3= 1.10 v5= 0.99  最大偏差 v3=  4393 v5=  2662
     t=129.48s 比值=0.031 漏检  台阶捕获 v3=  n/a v5=  n/a  最大偏差 v3=  1304 v5=  2672
     t=182.03s 比值=0.129 漏检  台阶捕获 v3= 0.84 v5= 0.85  最大偏差 v3=  1716 v5=  1684
     t=202.61s 比值=0.150 漏检  台阶捕获 v3= 0.26 v5= 1.05  最大偏差 v3=  2875 v5=  1925
     t=230.64s 比值=0.641 识别  台阶捕获 v3= 1.01 v5= 1.00  最大偏差 v3=  6023 v5=  1681
     t=240.71s 比值=0.257 漏检  台阶捕获 v3=-0.38 v5= 0.91  最大偏差 v3=  9241 v5=  2210
   慢相稳定窗时漂残余 (%)（全部窗）:
algo                              raw    v3    v4    v5
   window_s   end_s      dur_s                            
   18.850933  28.515271  9.664338   6.08  1.69  5.00  1.95
   36.517463  71.790804  35.273341  2.88  0.25  1.02  0.17
   84.013056  111.144864 27.131808  6.20  2.38  2.36  0.33
   119.147055 129.478243 10.331187 -0.48  0.77  0.71 -0.83
   141.839837 182.029947 40.190110  2.00 -0.04  0.06  0.04
   193.983469 202.612698 8.629229   1.56  0.13  0.77  0.32
   —— 只含「窗内无真实变载」的窗 ——
algo                              raw    v3    v4    v5
   window_s   end_s      dur_s                            
   141.839837 182.029947 40.190110  2.00 -0.04  0.06  0.04
   193.983469 202.612698 8.629229   1.56  0.13  0.77  0.32
   |均值|: raw=1.78%  v3=0.08%  v4=0.42%  v5=0.18%
   [v3] 全程 max|显示−原始| =    9241 ADC @ 246.9s（占峰值 31.3%）
   [v4] 全程 max|显示−原始| =    9243 ADC @ 246.9s（占峰值 31.3%）
   [v5] 全程 max|显示−原始| =    2672 ADC @ 129.3s（占峰值 9.0%）
====================================================================================================
[再切换负载] 70.9s / 7128 帧 / 负载段 3 / 事件 5
   [v3] 自检 A_max=2925.320 loaded= 14 g_end=+0.0175  epoch=4  γ∈[1.00,1.00]
   [v4] 自检 A_max=2943.878 loaded= 14 g_end=+0.0064  epoch=4  γ∈[1.00,1.00]
   [v5] 自检 A_max=2929.373 loaded= 14 g_end=+0.0154  epoch=4  γ∈[1.00,1.00]
   负载内变载（比值 / 是否重捕获 / 台阶捕获比 / 最大偏差）:
     t= 31.22s 比值=0.080 漏检  台阶捕获 v3= 1.17 v5= 1.15  最大偏差 v3=  1403 v5=  1292
   慢相稳定窗时漂残余 (%)（全部窗）:
algo                            raw    v3    v4    v5
   window_s  end_s     dur_s                            
   19.802497 31.220511 11.418014  3.69 -1.01 -0.58 -1.23
   43.961344 50.605275 6.643932   0.90  0.26  0.44  0.34
   —— 只含「窗内无真实变载」的窗 ——
algo                            raw    v3    v4    v5
   window_s  end_s     dur_s                            
   19.802497 31.220511 11.418014  3.69 -1.01 -0.58 -1.23
   43.961344 50.605275 6.643932   0.90  0.26  0.44  0.34
   |均值|: raw=2.30%  v3=0.63%  v4=0.51%  v5=0.78%
   [v3] 全程 max|显示−原始| =    1403 ADC @ 31.2s（占峰值 5.4%）
   [v4] 全程 max|显示−原始| =     938 ADC @ 70.8s（占峰值 3.6%）
   [v5] 全程 max|显示−原始| =    1292 ADC @ 31.2s（占峰值 5.0%）
====================================================================================================
[中途切换-1d9493] 63.9s / 6420 帧 / 负载段 2 / 事件 5
   [v3] 自检 A_max=3138.014 loaded= 13 g_end=-0.0120  epoch=4  γ∈[0.30,2.00]
   [v4] 自检 A_max=3176.440 loaded= 13 g_end=-0.0319  epoch=4  γ∈[0.32,2.00]
   [v5] 自检 A_max=3152.586 loaded= 13 g_end=+0.0300  epoch=4  γ∈[0.30,2.00]
   负载内变载（比值 / 是否重捕获 / 台阶捕获比 / 最大偏差）:
     t= 20.95s 比值=0.380 识别  台阶捕获 v3= 0.89 v5= 0.92  最大偏差 v3=  2475 v5=  1827
   慢相稳定窗时漂残余 (%)（全部窗）:
algo                          raw   v3    v4   v5
   window_s  end_s   dur_s                          
   47.090671 60.7782 13.687529  1.99 -1.3  0.06 -0.9
   —— 只含「窗内无真实变载」的窗 ——
algo                          raw   v3    v4   v5
   window_s  end_s   dur_s                          
   47.090671 60.7782 13.687529  1.99 -1.3  0.06 -0.9
   |均值|: raw=1.99%  v3=1.30%  v4=0.06%  v5=0.90%
   [v3] 全程 max|显示−原始| =    2475 ADC @ 23.8s（占峰值 8.9%）
   [v4] 全程 max|显示−原始| =    1652 ADC @ 60.6s（占峰值 5.9%）
   [v5] 全程 max|显示−原始| =    2019 ADC @ 60.8s（占峰值 7.2%）
====================================================================================================
[中途切换-13ffca] 120.6s / 12120 帧 / 负载段 2 / 事件 7
   [v3] 自检 A_max=3076.864 loaded= 13 g_end=+0.1076  epoch=4  γ∈[0.30,2.00]
   [v4] 自检 A_max=3132.712 loaded= 13 g_end=+0.0895  epoch=4  γ∈[0.30,2.00]
   [v5] 自检 A_max=3431.586 loaded= 13 g_end=+0.0447  epoch=8  γ∈[0.53,2.00]
   负载内变载（比值 / 是否重捕获 / 台阶捕获比 / 最大偏差）:
     t= 18.68s 比值=0.398 识别  台阶捕获 v3= 0.94 v5= 0.89  最大偏差 v3=  2047 v5=  1405
     t= 27.66s 比值=0.240 漏检  台阶捕获 v3= 0.61 v5= 0.98  最大偏差 v3=  2377 v5=  1560
     t= 45.28s 比值=0.147 漏检  台阶捕获 v3= 0.13 v5= 0.96  最大偏差 v3=  2464 v5=  1632
   慢相稳定窗时漂残余 (%)（全部窗）:
algo                              raw    v3    v4     v5
   window_s  end_s      dur_s                              
   35.667629 45.278488  9.610859    1.27  1.02  0.72   0.95
   53.287537 68.937518  15.649981  16.21  4.67  5.05  15.31
   96.009099 113.798143 17.789043  12.36 -3.35 -2.70   7.06
   —— 只含「窗内无真实变载」的窗 ——
algo                           raw    v3    v4    v5
   window_s  end_s     dur_s                           
   35.667629 45.278488 9.610859  1.27  1.02  0.72  0.95
   |均值|: raw=1.27%  v3=1.02%  v4=0.72%  v5=0.95%
   [v3] 全程 max|显示−原始| =    6183 ADC @ 113.1s（占峰值 18.9%）
   [v4] 全程 max|显示−原始| =    5815 ADC @ 113.8s（占峰值 17.8%）
   [v5] 全程 max|显示−原始| =    2878 ADC @ 113.7s（占峰值 8.8%）

====================================================================================================
汇总：负载内变载的「台阶捕获比 = 显示增量 ÷ 原始增量」（1.0 = 台阶被完整透传；<1 = 被吃掉）
====================================================================================================
      算法     有效事件      捕获比中位      捕获比均值      捕获比最小       最大偏差中位
      v3       11       0.89       0.70      -0.38         2464
      v4       11       0.86       0.68      -0.38         2289
      v5       11       0.98       0.98       0.85         1681

全程最大偏差汇总：
algo             v3      v4      v5
rec                                
中途切换-13ffca  6183.0  5815.0  2878.0
中途切换-1d9493  2475.0  1652.0  2019.0
再切换负载        1403.0   938.0  1292.0
切换负载-快相无责    9241.0  9243.0  2672.0

（占峰值 %）
algo           v3    v4   v5
rec                         
中途切换-13ffca  18.9  17.8  8.8
中途切换-1d9493   8.9   5.9  7.2
再切换负载         5.4   3.6  5.0
切换负载-快相无责    31.3  31.3  9.0
