
########## 四指指腹 ##########
  现役默认 score=340.969
  随机 21 个起点：最好 66.848 / 最差 657.606
  起点0（66.848）→ 坐标下降
    pass1: score=51.291  {'edge_slope_thres': 10.0, 'hold_eps': 0.5, 'idle_frac': 0.1, 'r_fast': 0.01, 'r_slow_max': 0.02, 'ramp_slope_min': 2.0, 'slope_cap_frac': 0.002, 'slope_gate_frac': 0.02, 'slow_confirm_s': 5.0, 'soft_unfreeze_s': 0.5, 'tau_c_fast_s': 20.0, 'tau_r_fast_s': 2.0, 'tau_r_slow_idle_s': 30.0, 'tau_slope_s': 1.0}
    pass2: score=29.282  {'edge_slope_thres': 60.0, 'hold_eps': 0.5, 'idle_frac': 0.02, 'r_fast': 0.01, 'r_slow_max': 0.2, 'ramp_slope_min': 2.0, 'slope_cap_frac': 0.02, 'slope_gate_frac': 0.05, 'slow_confirm_s': 5.0, 'soft_unfreeze_s': 0.5, 'tau_c_fast_s': 20.0, 'tau_r_fast_s': 0.2, 'tau_r_slow_idle_s': 0.5, 'tau_slope_s': 1.0}
    pass3: score=28.470  {'edge_slope_thres': 60.0, 'hold_eps': 0.5, 'idle_frac': 0.02, 'r_fast': 0.01, 'r_slow_max': 0.2, 'ramp_slope_min': 2.0, 'slope_cap_frac': 0.04, 'slope_gate_frac': 0.05, 'slow_confirm_s': 5.0, 'soft_unfreeze_s': 0.5, 'tau_c_fast_s': 20.0, 'tau_r_fast_s': 2.0, 'tau_r_slow_idle_s': 0.5, 'tau_slope_s': 1.0}
    pass4: score=26.991  {'edge_slope_thres': 60.0, 'hold_eps': 2.0, 'idle_frac': 0.05, 'r_fast': 0.01, 'r_slow_max': 0.2, 'ramp_slope_min': 2.0, 'slope_cap_frac': 0.04, 'slope_gate_frac': 0.2, 'slow_confirm_s': 5.0, 'soft_unfreeze_s': 0.5, 'tau_c_fast_s': 20.0, 'tau_r_fast_s': 2.0, 'tau_r_slow_idle_s': 30.0, 'tau_slope_s': 0.5}
  起点1（69.826）→ 坐标下降
    pass1: score=34.821  {'edge_slope_thres': 60.0, 'hold_eps': 2.0, 'idle_frac': 0.1, 'r_fast': 0.01, 'r_slow_max': 0.35, 'ramp_slope_min': 2.0, 'slope_cap_frac': 0.002, 'slope_gate_frac': 0.02, 'slow_confirm_s': 5.0, 'soft_unfreeze_s': 2.0, 'tau_c_fast_s': 20.0, 'tau_r_fast_s': 2.0, 'tau_r_slow_idle_s': 8.0, 'tau_slope_s': 1.0}
    pass2: score=26.872  {'edge_slope_thres': 60.0, 'hold_eps': 2.0, 'idle_frac': 0.02, 'r_fast': 0.01, 'r_slow_max': 0.35, 'ramp_slope_min': 2.0, 'slope_cap_frac': 0.04, 'slope_gate_frac': 5.0, 'slow_confirm_s': 5.0, 'soft_unfreeze_s': 2.0, 'tau_c_fast_s': 20.0, 'tau_r_fast_s': 2.0, 'tau_r_slow_idle_s': 0.5, 'tau_slope_s': 0.5}
    pass3: score=26.822  {'edge_slope_thres': 60.0, 'hold_eps': 2.0, 'idle_frac': 0.02, 'r_fast': 0.01, 'r_slow_max': 0.35, 'ramp_slope_min': 2.0, 'slope_cap_frac': 0.04, 'slope_gate_frac': 0.5, 'slow_confirm_s': 5.0, 'soft_unfreeze_s': 2.0, 'tau_c_fast_s': 20.0, 'tau_r_fast_s': 2.0, 'tau_r_slow_idle_s': 0.5, 'tau_slope_s': 0.5}
    pass4: score=26.822  {'edge_slope_thres': 60.0, 'hold_eps': 2.0, 'idle_frac': 0.02, 'r_fast': 0.01, 'r_slow_max': 0.35, 'ramp_slope_min': 2.0, 'slope_cap_frac': 0.04, 'slope_gate_frac': 0.5, 'slow_confirm_s': 5.0, 'soft_unfreeze_s': 2.0, 'tau_c_fast_s': 20.0, 'tau_r_fast_s': 2.0, 'tau_r_slow_idle_s': 0.5, 'tau_slope_s': 0.5}
  起点2（72.601）→ 坐标下降
    pass1: score=61.699  {'edge_slope_thres': 60.0, 'hold_eps': 0.5, 'idle_frac': 0.1, 'r_fast': 0.0, 'r_slow_max': 0.02, 'ramp_slope_min': 2.0, 'slope_cap_frac': 0.002, 'slope_gate_frac': 0.02, 'slow_confirm_s': 0.5, 'soft_unfreeze_s': 2.0, 'tau_c_fast_s': 20.0, 'tau_r_fast_s': 0.5, 'tau_r_slow_idle_s': 30.0, 'tau_slope_s': 2.0}
    pass2: score=35.914  {'edge_slope_thres': 60.0, 'hold_eps': 2.0, 'idle_frac': 0.1, 'r_fast': 0.01, 'r_slow_max': 0.06, 'ramp_slope_min': 2.0, 'slope_cap_frac': 0.002, 'slope_gate_frac': 0.02, 'slow_confirm_s': 5.0, 'soft_unfreeze_s': 2.0, 'tau_c_fast_s': 20.0, 'tau_r_fast_s': 2.0, 'tau_r_slow_idle_s': 30.0, 'tau_slope_s': 1.0}
    pass3: score=26.965  {'edge_slope_thres': 60.0, 'hold_eps': 0.5, 'idle_frac': 0.05, 'r_fast': 0.01, 'r_slow_max': 0.2, 'ramp_slope_min': 2.0, 'slope_cap_frac': 0.04, 'slope_gate_frac': 5.0, 'slow_confirm_s': 5.0, 'soft_unfreeze_s': 2.0, 'tau_c_fast_s': 20.0, 'tau_r_fast_s': 2.0, 'tau_r_slow_idle_s': 30.0, 'tau_slope_s': 0.5}
    pass4: score=26.822  {'edge_slope_thres': 60.0, 'hold_eps': 2.0, 'idle_frac': 0.02, 'r_fast': 0.01, 'r_slow_max': 0.35, 'ramp_slope_min': 2.0, 'slope_cap_frac': 0.04, 'slope_gate_frac': 0.5, 'slow_confirm_s': 5.0, 'soft_unfreeze_s': 2.0, 'tau_c_fast_s': 20.0, 'tau_r_fast_s': 2.0, 'tau_r_slow_idle_s': 0.5, 'tau_slope_s': 0.5}
  起点3（340.969）→ 坐标下降
    pass1: score=43.047  {'idle_frac': 0.1, 'r_fast': 0.0, 'r_slow_max': 0.04, 'slope_cap_frac': 0.002, 'slope_gate_frac': 0.02, 'slow_confirm_s': 0.5, 'soft_unfreeze_s': 1.0, 'tau_r_slow_idle_s': 30.0, 'tau_slope_s': 2.0}
    pass2: score=32.228  {'hold_eps': 0.0, 'idle_frac': 0.1, 'r_fast': 0.0, 'r_slow_max': 0.2, 'slope_cap_frac': 0.002, 'slope_gate_frac': 0.02, 'slow_confirm_s': 0.0, 'soft_unfreeze_s': 1.0, 'tau_r_slow_idle_s': 30.0, 'tau_slope_s': 2.0}
    pass3: score=32.228  {'hold_eps': 0.0, 'idle_frac': 0.1, 'r_fast': 0.0, 'r_slow_max': 0.2, 'slope_cap_frac': 0.002, 'slope_gate_frac': 0.02, 'slow_confirm_s': 0.0, 'soft_unfreeze_s': 1.0, 'tau_r_slow_idle_s': 30.0, 'tau_slope_s': 2.0}
  ★ 最优 score=26.822（现役 340.969）
    {"edge_slope_thres": 60.0, "hold_eps": 2.0, "idle_frac": 0.02, "r_fast": 0.01, "r_slow_max": 0.35, "ramp_slope_min": 2.0, "slope_cap_frac": 0.04, "slope_gate_frac": 0.5, "slow_confirm_s": 5.0, "soft_unfreeze_s": 2.0, "tau_c_fast_s": 20.0, "tau_r_fast_s": 2.0, "tau_r_slow_idle_s": 0.5, "tau_slope_s": 0.5}

########## 右拇指指腹 ##########
  现役默认 score=138.649
  随机 21 个起点：最好 115.124 / 最差 153.354
  起点0（115.124）→ 坐标下降
    pass1: score=91.651  {'edge_slope_thres': 150.0, 'hold_eps': 8.0, 'idle_frac': 0.1, 'r_fast': 0.1, 'r_slow_max': 0.6, 'ramp_slope_min': 2.0, 'slope_cap_frac': 0.04, 'slope_gate_frac': 0.5, 'slow_confirm_s': 0.0, 'soft_unfreeze_s': 4.0, 'tau_c_fast_s': 4.0, 'tau_r_fast_s': 2.0, 'tau_r_slow_idle_s': 30.0, 'tau_slope_s': 3.0}
    pass2: score=90.934  {'edge_slope_thres': 150.0, 'hold_eps': 8.0, 'idle_frac': 0.1, 'r_fast': 0.1, 'r_slow_max': 0.6, 'ramp_slope_min': 2.0, 'slope_cap_frac': 0.04, 'slope_gate_frac': 0.2, 'slow_confirm_s': 0.0, 'soft_unfreeze_s': 4.0, 'tau_c_fast_s': 4.0, 'tau_r_fast_s': 2.0, 'tau_r_slow_idle_s': 30.0, 'tau_slope_s': 3.0}
    pass3: score=90.934  {'edge_slope_thres': 150.0, 'hold_eps': 8.0, 'idle_frac': 0.1, 'r_fast': 0.1, 'r_slow_max': 0.6, 'ramp_slope_min': 2.0, 'slope_cap_frac': 0.04, 'slope_gate_frac': 0.2, 'slow_confirm_s': 0.0, 'soft_unfreeze_s': 4.0, 'tau_c_fast_s': 4.0, 'tau_r_fast_s': 2.0, 'tau_r_slow_idle_s': 30.0, 'tau_slope_s': 3.0}
  起点1（122.551）→ 坐标下降
    pass1: score=91.596  {'edge_slope_thres': 60.0, 'hold_eps': 8.0, 'idle_frac': 0.1, 'r_fast': 0.1, 'r_slow_max': 0.6, 'ramp_slope_min': 2.0, 'slope_cap_frac': 0.04, 'slope_gate_frac': 5.0, 'slow_confirm_s': 0.0, 'soft_unfreeze_s': 0.5, 'tau_c_fast_s': 4.0, 'tau_r_fast_s': 2.0, 'tau_r_slow_idle_s': 30.0, 'tau_slope_s': 3.0}
    pass2: score=90.934  {'edge_slope_thres': 60.0, 'hold_eps': 8.0, 'idle_frac': 0.1, 'r_fast': 0.1, 'r_slow_max': 0.6, 'ramp_slope_min': 2.0, 'slope_cap_frac': 0.04, 'slope_gate_frac': 0.2, 'slow_confirm_s': 0.0, 'soft_unfreeze_s': 0.5, 'tau_c_fast_s': 4.0, 'tau_r_fast_s': 2.0, 'tau_r_slow_idle_s': 30.0, 'tau_slope_s': 3.0}
    pass3: score=90.934  {'edge_slope_thres': 60.0, 'hold_eps': 8.0, 'idle_frac': 0.1, 'r_fast': 0.1, 'r_slow_max': 0.6, 'ramp_slope_min': 2.0, 'slope_cap_frac': 0.04, 'slope_gate_frac': 0.2, 'slow_confirm_s': 0.0, 'soft_unfreeze_s': 0.5, 'tau_c_fast_s': 4.0, 'tau_r_fast_s': 2.0, 'tau_r_slow_idle_s': 30.0, 'tau_slope_s': 3.0}
  起点2（123.929）→ 坐标下降
    pass1: score=91.704  {'edge_slope_thres': 20.0, 'hold_eps': 8.0, 'idle_frac': 0.1, 'r_fast': 0.1, 'r_slow_max': 0.6, 'ramp_slope_min': 2.0, 'slope_cap_frac': 0.04, 'slope_gate_frac': 0.5, 'slow_confirm_s': 0.0, 'soft_unfreeze_s': 0.5, 'tau_c_fast_s': 4.0, 'tau_r_fast_s': 2.0, 'tau_r_slow_idle_s': 30.0, 'tau_slope_s': 3.0}
    pass2: score=90.934  {'edge_slope_thres': 60.0, 'hold_eps': 8.0, 'idle_frac': 0.1, 'r_fast': 0.1, 'r_slow_max': 0.6, 'ramp_slope_min': 2.0, 'slope_cap_frac': 0.04, 'slope_gate_frac': 0.2, 'slow_confirm_s': 0.0, 'soft_unfreeze_s': 0.5, 'tau_c_fast_s': 4.0, 'tau_r_fast_s': 2.0, 'tau_r_slow_idle_s': 30.0, 'tau_slope_s': 3.0}
    pass3: score=90.934  {'edge_slope_thres': 60.0, 'hold_eps': 8.0, 'idle_frac': 0.1, 'r_fast': 0.1, 'r_slow_max': 0.6, 'ramp_slope_min': 2.0, 'slope_cap_frac': 0.04, 'slope_gate_frac': 0.2, 'slow_confirm_s': 0.0, 'soft_unfreeze_s': 0.5, 'tau_c_fast_s': 4.0, 'tau_r_fast_s': 2.0, 'tau_r_slow_idle_s': 30.0, 'tau_slope_s': 3.0}
  起点3（138.649）→ 坐标下降
    pass1: score=105.431  {'hold_eps': 8.0, 'r_fast': 0.1, 'ramp_slope_min': 2.0, 'slope_cap_frac': 0.04, 'slope_gate_frac': 2.0, 'slow_confirm_s': 5.0, 'tau_c_fast_s': 4.0, 'tau_r_fast_s': 2.0, 'tau_r_slow_idle_s': 30.0, 'tau_slope_s': 3.0}
    pass2: score=91.590  {'hold_eps': 8.0, 'r_fast': 0.1, 'r_slow_max': 0.6, 'ramp_slope_min': 2.0, 'slope_cap_frac': 0.04, 'slope_gate_frac': 5.0, 'slow_confirm_s': 0.5, 'tau_c_fast_s': 4.0, 'tau_r_fast_s': 2.0, 'tau_r_slow_idle_s': 30.0, 'tau_slope_s': 3.0}
    pass3: score=90.934  {'hold_eps': 8.0, 'idle_frac': 0.1, 'r_fast': 0.1, 'r_slow_max': 0.6, 'ramp_slope_min': 2.0, 'slope_cap_frac': 0.04, 'slope_gate_frac': 0.2, 'slow_confirm_s': 0.0, 'tau_c_fast_s': 4.0, 'tau_r_fast_s': 2.0, 'tau_r_slow_idle_s': 30.0, 'tau_slope_s': 3.0}
    pass4: score=90.934  {'hold_eps': 8.0, 'idle_frac': 0.1, 'r_fast': 0.1, 'r_slow_max': 0.6, 'ramp_slope_min': 2.0, 'slope_cap_frac': 0.04, 'slope_gate_frac': 0.2, 'slow_confirm_s': 0.0, 'tau_c_fast_s': 4.0, 'tau_r_fast_s': 2.0, 'tau_r_slow_idle_s': 30.0, 'tau_slope_s': 3.0}
  ★ 最优 score=90.934（现役 138.649）
    {"edge_slope_thres": 150.0, "hold_eps": 8.0, "idle_frac": 0.1, "r_fast": 0.1, "r_slow_max": 0.6, "ramp_slope_min": 2.0, "slope_cap_frac": 0.04, "slope_gate_frac": 0.2, "slow_confirm_s": 0.0, "soft_unfreeze_s": 4.0, "tau_c_fast_s": 4.0, "tau_r_fast_s": 2.0, "tau_r_slow_idle_s": 30.0, "tau_slope_s": 3.0}

########## 左拇指指腹 ##########
  现役默认 score=83.561
  随机 21 个起点：最好 68.838 / 最差 103.726
  起点0（68.838）→ 坐标下降
    pass1: score=65.457  {'edge_slope_thres': 60.0, 'hold_eps': 0.0, 'idle_frac': 0.1, 'r_fast': 0.1, 'r_slow_max': 0.6, 'ramp_slope_min': 2.0, 'slope_cap_frac': 0.02, 'slope_gate_frac': 0.1, 'slow_confirm_s': 2.0, 'soft_unfreeze_s': 0.5, 'tau_c_fast_s': 2.0, 'tau_r_fast_s': 2.0, 'tau_r_slow_idle_s': 30.0, 'tau_slope_s': 2.0}
    pass2: score=65.332  {'edge_slope_thres': 60.0, 'hold_eps': 0.0, 'idle_frac': 0.1, 'r_fast': 0.1, 'r_slow_max': 0.6, 'ramp_slope_min': 2.0, 'slope_cap_frac': 0.02, 'slope_gate_frac': 0.1, 'slow_confirm_s': 0.5, 'soft_unfreeze_s': 0.5, 'tau_c_fast_s': 2.0, 'tau_r_fast_s': 2.0, 'tau_r_slow_idle_s': 30.0, 'tau_slope_s': 2.0}
    pass3: score=65.332  {'edge_slope_thres': 60.0, 'hold_eps': 0.0, 'idle_frac': 0.1, 'r_fast': 0.1, 'r_slow_max': 0.6, 'ramp_slope_min': 2.0, 'slope_cap_frac': 0.02, 'slope_gate_frac': 0.1, 'slow_confirm_s': 0.5, 'soft_unfreeze_s': 0.5, 'tau_c_fast_s': 2.0, 'tau_r_fast_s': 2.0, 'tau_r_slow_idle_s': 30.0, 'tau_slope_s': 2.0}
  起点1（72.840）→ 坐标下降
    pass1: score=64.608  {'edge_slope_thres': 10.0, 'hold_eps': 0.0, 'idle_frac': 0.1, 'r_fast': 0.1, 'r_slow_max': 0.6, 'ramp_slope_min': 0.0, 'slope_cap_frac': 0.04, 'slope_gate_frac': 5.0, 'slow_confirm_s': 0.0, 'soft_unfreeze_s': 0.5, 'tau_c_fast_s': 4.0, 'tau_r_fast_s': 2.0, 'tau_r_slow_idle_s': 30.0, 'tau_slope_s': 1.0}
    pass2: score=64.608  {'edge_slope_thres': 10.0, 'hold_eps': 0.0, 'idle_frac': 0.1, 'r_fast': 0.1, 'r_slow_max': 0.6, 'ramp_slope_min': 0.0, 'slope_cap_frac': 0.04, 'slope_gate_frac': 5.0, 'slow_confirm_s': 0.0, 'soft_unfreeze_s': 0.5, 'tau_c_fast_s': 4.0, 'tau_r_fast_s': 2.0, 'tau_r_slow_idle_s': 30.0, 'tau_slope_s': 1.0}
  起点2（83.561）→ 坐标下降
    pass1: score=71.794  {'hold_eps': 0.0, 'idle_frac': 0.1, 'r_fast': 0.1, 'slope_cap_frac': 0.04, 'slope_gate_frac': 5.0, 'slow_confirm_s': 0.5, 'soft_unfreeze_s': 1.0, 'tau_c_fast_s': 2.0, 'tau_r_fast_s': 2.0, 'tau_r_slow_idle_s': 30.0, 'tau_slope_s': 0.5}
    pass2: score=64.025  {'hold_eps': 0.0, 'idle_frac': 0.1, 'r_fast': 0.1, 'r_slow_max': 0.6, 'slope_cap_frac': 0.04, 'slope_gate_frac': 5.0, 'slow_confirm_s': 0.5, 'soft_unfreeze_s': 2.0, 'tau_c_fast_s': 2.0, 'tau_r_fast_s': 2.0, 'tau_r_slow_idle_s': 30.0, 'tau_slope_s': 0.5}
    pass3: score=63.767  {'hold_eps': 0.0, 'idle_frac': 0.1, 'r_fast': 0.1, 'r_slow_max': 0.6, 'slope_cap_frac': 0.04, 'slope_gate_frac': 5.0, 'slow_confirm_s': 0.0, 'soft_unfreeze_s': 2.0, 'tau_c_fast_s': 2.0, 'tau_r_fast_s': 2.0, 'tau_r_slow_idle_s': 30.0, 'tau_slope_s': 0.5}
    pass4: score=63.767  {'hold_eps': 0.0, 'idle_frac': 0.1, 'r_fast': 0.1, 'r_slow_max': 0.6, 'slope_cap_frac': 0.04, 'slope_gate_frac': 5.0, 'slow_confirm_s': 0.0, 'soft_unfreeze_s': 2.0, 'tau_c_fast_s': 2.0, 'tau_r_fast_s': 2.0, 'tau_r_slow_idle_s': 30.0, 'tau_slope_s': 0.5}
  起点3（83.561）→ 坐标下降
    pass1: score=71.794  {'hold_eps': 0.0, 'idle_frac': 0.1, 'r_fast': 0.1, 'slope_cap_frac': 0.04, 'slope_gate_frac': 5.0, 'slow_confirm_s': 0.5, 'soft_unfreeze_s': 1.0, 'tau_c_fast_s': 2.0, 'tau_r_fast_s': 2.0, 'tau_r_slow_idle_s': 30.0, 'tau_slope_s': 0.5}
    pass2: score=64.025  {'hold_eps': 0.0, 'idle_frac': 0.1, 'r_fast': 0.1, 'r_slow_max': 0.6, 'slope_cap_frac': 0.04, 'slope_gate_frac': 5.0, 'slow_confirm_s': 0.5, 'soft_unfreeze_s': 2.0, 'tau_c_fast_s': 2.0, 'tau_r_fast_s': 2.0, 'tau_r_slow_idle_s': 30.0, 'tau_slope_s': 0.5}
    pass3: score=63.767  {'hold_eps': 0.0, 'idle_frac': 0.1, 'r_fast': 0.1, 'r_slow_max': 0.6, 'slope_cap_frac': 0.04, 'slope_gate_frac': 5.0, 'slow_confirm_s': 0.0, 'soft_unfreeze_s': 2.0, 'tau_c_fast_s': 2.0, 'tau_r_fast_s': 2.0, 'tau_r_slow_idle_s': 30.0, 'tau_slope_s': 0.5}
    pass4: score=63.767  {'hold_eps': 0.0, 'idle_frac': 0.1, 'r_fast': 0.1, 'r_slow_max': 0.6, 'slope_cap_frac': 0.04, 'slope_gate_frac': 5.0, 'slow_confirm_s': 0.0, 'soft_unfreeze_s': 2.0, 'tau_c_fast_s': 2.0, 'tau_r_fast_s': 2.0, 'tau_r_slow_idle_s': 30.0, 'tau_slope_s': 0.5}
  ★ 最优 score=63.767（现役 83.561）
    {"hold_eps": 0.0, "idle_frac": 0.1, "r_fast": 0.1, "r_slow_max": 0.6, "slope_cap_frac": 0.04, "slope_gate_frac": 5.0, "slow_confirm_s": 0.0, "soft_unfreeze_s": 2.0, "tau_c_fast_s": 2.0, "tau_r_fast_s": 2.0, "tau_r_slow_idle_s": 30.0, "tau_slope_s": 0.5}

########## 右手掌 ##########
  现役默认 score=91.838
  随机 21 个起点：最好 74.666 / 最差 103.769
  起点0（74.666）→ 坐标下降
    pass1: score=67.124  {'edge_slope_thres': 20.0, 'hold_eps': 0.0, 'idle_frac': 0.1, 'r_fast': 0.1, 'r_slow_max': 0.6, 'ramp_slope_min': 0.0, 'slope_cap_frac': 0.04, 'slope_gate_frac': 5.0, 'slow_confirm_s': 0.0, 'soft_unfreeze_s': 2.0, 'tau_c_fast_s': 2.0, 'tau_r_fast_s': 2.0, 'tau_r_slow_idle_s': 30.0, 'tau_slope_s': 1.0}
    pass2: score=67.124  {'edge_slope_thres': 20.0, 'hold_eps': 0.0, 'idle_frac': 0.1, 'r_fast': 0.1, 'r_slow_max': 0.6, 'ramp_slope_min': 0.0, 'slope_cap_frac': 0.04, 'slope_gate_frac': 5.0, 'slow_confirm_s': 0.0, 'soft_unfreeze_s': 2.0, 'tau_c_fast_s': 2.0, 'tau_r_fast_s': 2.0, 'tau_r_slow_idle_s': 30.0, 'tau_slope_s': 1.0}
  起点1（78.821）→ 坐标下降
    pass1: score=67.126  {'edge_slope_thres': 20.0, 'hold_eps': 8.0, 'idle_frac': 0.1, 'r_fast': 0.1, 'r_slow_max': 0.6, 'ramp_slope_min': 0.5, 'slope_cap_frac': 0.04, 'slope_gate_frac': 5.0, 'slow_confirm_s': 0.0, 'soft_unfreeze_s': 4.0, 'tau_c_fast_s': 2.0, 'tau_r_fast_s': 2.0, 'tau_r_slow_idle_s': 30.0, 'tau_slope_s': 1.0}
    pass2: score=67.124  {'edge_slope_thres': 20.0, 'hold_eps': 8.0, 'idle_frac': 0.1, 'r_fast': 0.1, 'r_slow_max': 0.6, 'ramp_slope_min': 0.5, 'slope_cap_frac': 0.04, 'slope_gate_frac': 5.0, 'slow_confirm_s': 0.0, 'soft_unfreeze_s': 2.0, 'tau_c_fast_s': 2.0, 'tau_r_fast_s': 2.0, 'tau_r_slow_idle_s': 30.0, 'tau_slope_s': 1.0}
    pass3: score=67.124  {'edge_slope_thres': 20.0, 'hold_eps': 8.0, 'idle_frac': 0.1, 'r_fast': 0.1, 'r_slow_max': 0.6, 'ramp_slope_min': 0.5, 'slope_cap_frac': 0.04, 'slope_gate_frac': 5.0, 'slow_confirm_s': 0.0, 'soft_unfreeze_s': 2.0, 'tau_c_fast_s': 2.0, 'tau_r_fast_s': 2.0, 'tau_r_slow_idle_s': 30.0, 'tau_slope_s': 1.0}
  起点2（86.632）→ 坐标下降
    pass1: score=67.126  {'edge_slope_thres': 20.0, 'hold_eps': 0.0, 'idle_frac': 0.1, 'r_fast': 0.1, 'r_slow_max': 0.6, 'ramp_slope_min': 2.0, 'slope_cap_frac': 0.04, 'slope_gate_frac': 5.0, 'slow_confirm_s': 0.0, 'soft_unfreeze_s': 4.0, 'tau_c_fast_s': 2.0, 'tau_r_fast_s': 2.0, 'tau_r_slow_idle_s': 30.0, 'tau_slope_s': 1.0}
    pass2: score=67.124  {'edge_slope_thres': 20.0, 'hold_eps': 0.0, 'idle_frac': 0.1, 'r_fast': 0.1, 'r_slow_max': 0.6, 'ramp_slope_min': 2.0, 'slope_cap_frac': 0.04, 'slope_gate_frac': 5.0, 'slow_confirm_s': 0.0, 'soft_unfreeze_s': 2.0, 'tau_c_fast_s': 2.0, 'tau_r_fast_s': 2.0, 'tau_r_slow_idle_s': 30.0, 'tau_slope_s': 1.0}
    pass3: score=67.124  {'edge_slope_thres': 20.0, 'hold_eps': 0.0, 'idle_frac': 0.1, 'r_fast': 0.1, 'r_slow_max': 0.6, 'ramp_slope_min': 2.0, 'slope_cap_frac': 0.04, 'slope_gate_frac': 5.0, 'slow_confirm_s': 0.0, 'soft_unfreeze_s': 2.0, 'tau_c_fast_s': 2.0, 'tau_r_fast_s': 2.0, 'tau_r_slow_idle_s': 30.0, 'tau_slope_s': 1.0}
  起点3（91.838）→ 坐标下降
    pass1: score=67.126  {'edge_slope_thres': 20.0, 'hold_eps': 0.0, 'idle_frac': 0.1, 'r_fast': 0.1, 'r_slow_max': 0.6, 'slope_cap_frac': 0.04, 'slope_gate_frac': 5.0, 'slow_confirm_s': 0.0, 'soft_unfreeze_s': 4.0, 'tau_c_fast_s': 2.0, 'tau_r_fast_s': 2.0, 'tau_r_slow_idle_s': 30.0}
    pass2: score=67.124  {'edge_slope_thres': 20.0, 'hold_eps': 0.0, 'idle_frac': 0.1, 'r_fast': 0.1, 'r_slow_max': 0.6, 'slope_cap_frac': 0.04, 'slope_gate_frac': 5.0, 'slow_confirm_s': 0.0, 'soft_unfreeze_s': 2.0, 'tau_c_fast_s': 2.0, 'tau_r_fast_s': 2.0, 'tau_r_slow_idle_s': 30.0}
    pass3: score=67.124  {'edge_slope_thres': 20.0, 'hold_eps': 0.0, 'idle_frac': 0.1, 'r_fast': 0.1, 'r_slow_max': 0.6, 'slope_cap_frac': 0.04, 'slope_gate_frac': 5.0, 'slow_confirm_s': 0.0, 'soft_unfreeze_s': 2.0, 'tau_c_fast_s': 2.0, 'tau_r_fast_s': 2.0, 'tau_r_slow_idle_s': 30.0}
  ★ 最优 score=67.124（现役 91.838）
    {"edge_slope_thres": 20.0, "hold_eps": 0.0, "idle_frac": 0.1, "r_fast": 0.1, "r_slow_max": 0.6, "ramp_slope_min": 0.0, "slope_cap_frac": 0.04, "slope_gate_frac": 5.0, "slow_confirm_s": 0.0, "soft_unfreeze_s": 2.0, "tau_c_fast_s": 2.0, "tau_r_fast_s": 2.0, "tau_r_slow_idle_s": 30.0, "tau_slope_s": 1.0}

########## 左手掌 ##########
  现役默认 score=94.017
  随机 21 个起点：最好 86.334 / 最差 100.977
  起点0（86.334）→ 坐标下降
    pass1: score=66.708  {'edge_slope_thres': 10.0, 'hold_eps': 0.5, 'idle_frac': 0.1, 'r_fast': 0.1, 'r_slow_max': 0.6, 'ramp_slope_min': 2.0, 'slope_cap_frac': 0.04, 'slope_gate_frac': 1.0, 'slow_confirm_s': 0.0, 'soft_unfreeze_s': 4.0, 'tau_c_fast_s': 2.0, 'tau_r_fast_s': 2.0, 'tau_r_slow_idle_s': 30.0, 'tau_slope_s': 2.0}
    pass2: score=66.674  {'edge_slope_thres': 10.0, 'hold_eps': 0.5, 'idle_frac': 0.1, 'r_fast': 0.1, 'r_slow_max': 0.6, 'ramp_slope_min': 2.0, 'slope_cap_frac': 0.04, 'slope_gate_frac': 5.0, 'slow_confirm_s': 0.0, 'soft_unfreeze_s': 2.0, 'tau_c_fast_s': 2.0, 'tau_r_fast_s': 2.0, 'tau_r_slow_idle_s': 30.0, 'tau_slope_s': 2.0}
    pass3: score=66.674  {'edge_slope_thres': 10.0, 'hold_eps': 0.5, 'idle_frac': 0.1, 'r_fast': 0.1, 'r_slow_max': 0.6, 'ramp_slope_min': 2.0, 'slope_cap_frac': 0.04, 'slope_gate_frac': 5.0, 'slow_confirm_s': 0.0, 'soft_unfreeze_s': 2.0, 'tau_c_fast_s': 2.0, 'tau_r_fast_s': 2.0, 'tau_r_slow_idle_s': 30.0, 'tau_slope_s': 2.0}
  起点1（87.033）→ 坐标下降
    pass1: score=66.688  {'edge_slope_thres': 60.0, 'hold_eps': 0.5, 'idle_frac': 0.1, 'r_fast': 0.1, 'r_slow_max': 0.6, 'ramp_slope_min': 0.5, 'slope_cap_frac': 0.04, 'slope_gate_frac': 5.0, 'slow_confirm_s': 0.0, 'soft_unfreeze_s': 4.0, 'tau_c_fast_s': 2.0, 'tau_r_fast_s': 2.0, 'tau_r_slow_idle_s': 30.0, 'tau_slope_s': 2.0}
    pass2: score=66.688  {'edge_slope_thres': 60.0, 'hold_eps': 0.5, 'idle_frac': 0.1, 'r_fast': 0.1, 'r_slow_max': 0.6, 'ramp_slope_min': 0.5, 'slope_cap_frac': 0.04, 'slope_gate_frac': 5.0, 'slow_confirm_s': 0.0, 'soft_unfreeze_s': 4.0, 'tau_c_fast_s': 2.0, 'tau_r_fast_s': 2.0, 'tau_r_slow_idle_s': 30.0, 'tau_slope_s': 2.0}
  起点2（89.000）→ 坐标下降
    pass1: score=66.689  {'edge_slope_thres': 400.0, 'hold_eps': 0.5, 'idle_frac': 0.1, 'r_fast': 0.1, 'r_slow_max': 0.6, 'ramp_slope_min': 2.0, 'slope_cap_frac': 0.04, 'slope_gate_frac': 2.0, 'slow_confirm_s': 0.0, 'soft_unfreeze_s': 2.0, 'tau_c_fast_s': 2.0, 'tau_r_fast_s': 2.0, 'tau_r_slow_idle_s': 30.0, 'tau_slope_s': 2.0}
    pass2: score=66.674  {'edge_slope_thres': 10.0, 'hold_eps': 0.5, 'idle_frac': 0.1, 'r_fast': 0.1, 'r_slow_max': 0.6, 'ramp_slope_min': 2.0, 'slope_cap_frac': 0.04, 'slope_gate_frac': 5.0, 'slow_confirm_s': 0.0, 'soft_unfreeze_s': 2.0, 'tau_c_fast_s': 2.0, 'tau_r_fast_s': 2.0, 'tau_r_slow_idle_s': 30.0, 'tau_slope_s': 2.0}
    pass3: score=66.674  {'edge_slope_thres': 10.0, 'hold_eps': 0.5, 'idle_frac': 0.1, 'r_fast': 0.1, 'r_slow_max': 0.6, 'ramp_slope_min': 2.0, 'slope_cap_frac': 0.04, 'slope_gate_frac': 5.0, 'slow_confirm_s': 0.0, 'soft_unfreeze_s': 2.0, 'tau_c_fast_s': 2.0, 'tau_r_fast_s': 2.0, 'tau_r_slow_idle_s': 30.0, 'tau_slope_s': 2.0}
  起点3（94.017）→ 坐标下降
    pass1: score=66.689  {'hold_eps': 0.5, 'idle_frac': 0.1, 'r_fast': 0.1, 'r_slow_max': 0.6, 'slope_cap_frac': 0.04, 'slope_gate_frac': 2.0, 'slow_confirm_s': 0.0, 'tau_c_fast_s': 2.0, 'tau_r_fast_s': 2.0, 'tau_r_slow_idle_s': 30.0, 'tau_slope_s': 2.0}
    pass2: score=66.674  {'edge_slope_thres': 10.0, 'hold_eps': 0.5, 'idle_frac': 0.1, 'r_fast': 0.1, 'r_slow_max': 0.6, 'slope_cap_frac': 0.04, 'slope_gate_frac': 5.0, 'slow_confirm_s': 0.0, 'tau_c_fast_s': 2.0, 'tau_r_fast_s': 2.0, 'tau_r_slow_idle_s': 30.0, 'tau_slope_s': 2.0}
    pass3: score=66.674  {'edge_slope_thres': 10.0, 'hold_eps': 0.5, 'idle_frac': 0.1, 'r_fast': 0.1, 'r_slow_max': 0.6, 'slope_cap_frac': 0.04, 'slope_gate_frac': 5.0, 'slow_confirm_s': 0.0, 'tau_c_fast_s': 2.0, 'tau_r_fast_s': 2.0, 'tau_r_slow_idle_s': 30.0, 'tau_slope_s': 2.0}
  ★ 最优 score=66.674（现役 94.017）
    {"edge_slope_thres": 10.0, "hold_eps": 0.5, "idle_frac": 0.1, "r_fast": 0.1, "r_slow_max": 0.6, "ramp_slope_min": 2.0, "slope_cap_frac": 0.04, "slope_gate_frac": 5.0, "slow_confirm_s": 0.0, "soft_unfreeze_s": 2.0, "tau_c_fast_s": 2.0, "tau_r_fast_s": 2.0, "tau_r_slow_idle_s": 30.0, "tau_slope_s": 2.0}

写出 D:\workshop\文档\v2.7 - 抗蠕变补偿算法\v3.4\sensor_tune\out\04_search.json
