传感器          参数集                            扣除%     残漂%     过扣%     理论上限 r/(1+r)
四指指腹         live                         163.0   -70.2    80.0                 
四指指腹         r_slow_max=0.1(宽松其余)         132.0   -39.2   106.7             9.1%
四指指腹         r_slow_max=0.2(宽松其余)         243.1  -150.3   213.2            16.7%
四指指腹         r_slow_max=0.35(宽松其余)        378.0  -285.2   343.3            25.9%
四指指腹         r_slow_max=0.6(宽松其余)         545.5  -452.7   505.7            37.5%
四指指腹         r_slow_max=1(宽松其余)           724.7  -631.9   680.7            50.0%
四指指腹         r_slow_max=2(宽松其余)           897.6  -804.8   816.9            66.7%
四指指腹         r_slow_max=5(宽松其余)           897.9  -805.1   816.9            83.3%
四指指腹         r_slow_max=10(宽松其余)          897.9  -805.1   816.9            90.9%
四指指腹         r_slow_max=30(宽松其余)          897.9  -805.1   816.9            96.8%
四指指腹         r_slow_max=100(宽松其余)         897.9  -805.1   816.9            99.0%

右拇指指腹        live                          26.5   142.1   -57.8                 
右拇指指腹        r_slow_max=0.1(宽松其余)          15.9   152.8   -53.7             9.1%
右拇指指腹        r_slow_max=0.2(宽松其余)          29.2   139.5   -47.5            16.7%
右拇指指腹        r_slow_max=0.35(宽松其余)         45.7   122.9   -40.4            25.9%
右拇指指腹        r_slow_max=0.6(宽松其余)          67.4   101.3   -31.3            37.5%
右拇指指腹        r_slow_max=1(宽松其余)            90.6    78.1   -21.7            50.0%
右拇指指腹        r_slow_max=2(宽松其余)           120.3    48.3    -8.7            66.7%
右拇指指腹        r_slow_max=5(宽松其余)           144.5    24.1    -2.8            83.3%
右拇指指腹        r_slow_max=10(宽松其余)          145.9    22.7     1.3            90.9%
右拇指指腹        r_slow_max=30(宽松其余)          158.9     9.7     6.4            96.8%
右拇指指腹        r_slow_max=100(宽松其余)         182.1   -13.4    18.5            99.0%

左拇指指腹        live                          21.4    99.1   -27.3                 
左拇指指腹        r_slow_max=0.1(宽松其余)           9.2   111.3   -24.6             9.1%
左拇指指腹        r_slow_max=0.2(宽松其余)          17.4   103.2   -21.1            16.7%
左拇指指腹        r_slow_max=0.35(宽松其余)         27.7    92.8   -17.0            25.9%
左拇指指腹        r_slow_max=0.6(宽松其余)          40.2    80.4   -11.8            37.5%
左拇指指腹        r_slow_max=1(宽松其余)            52.7    67.8    -6.3            50.0%
左拇指指腹        r_slow_max=2(宽松其余)            68.9    51.7    -0.1            66.7%
左拇指指腹        r_slow_max=5(宽松其余)            86.4    34.2     4.8            83.3%
左拇指指腹        r_slow_max=10(宽松其余)           96.4    24.2     9.2            90.9%
左拇指指腹        r_slow_max=30(宽松其余)          106.9    13.7    11.4            96.8%
左拇指指腹        r_slow_max=100(宽松其余)         121.0    -0.5    14.3            99.0%

右手掌          live                          17.4   104.6   -15.9                 
右手掌          r_slow_max=0.1(宽松其余)           7.0   115.0   -13.8             9.1%
右手掌          r_slow_max=0.2(宽松其余)          14.8   107.1   -11.2            16.7%
右手掌          r_slow_max=0.35(宽松其余)         24.9    97.1    -8.1            25.9%
右手掌          r_slow_max=0.6(宽松其余)          36.9    85.1    -4.5            37.5%
右手掌          r_slow_max=1(宽松其余)            49.6    72.3    -0.4            50.0%
右手掌          r_slow_max=2(宽松其余)            65.1    56.8     5.1            66.7%
右手掌          r_slow_max=5(宽松其余)            81.8    40.2     8.8            83.3%
右手掌          r_slow_max=10(宽松其余)           90.2    31.8    10.8            90.9%
右手掌          r_slow_max=30(宽松其余)          114.0     7.9    25.4            96.8%
右手掌          r_slow_max=100(宽松其余)         136.3   -14.3    42.2            99.0%

左手掌          live                          15.7   160.3   -52.1                 
左手掌          r_slow_max=0.1(宽松其余)          14.2   161.8   -47.0             9.1%
左手掌          r_slow_max=0.2(宽松其余)          25.9   150.0   -41.9            16.7%
左手掌          r_slow_max=0.35(宽松其余)         39.9   136.0   -35.8            25.9%
左手掌          r_slow_max=0.6(宽松其余)          55.0   120.9   -28.3            37.5%
左手掌          r_slow_max=1(宽松其余)            71.9   104.0   -20.5            50.0%
左手掌          r_slow_max=2(宽松其余)            95.6    80.4    -9.5            66.7%
左手掌          r_slow_max=5(宽松其余)           120.4    55.6    10.0            83.3%
左手掌          r_slow_max=10(宽松其余)          136.0    40.0    31.1            90.9%
左手掌          r_slow_max=30(宽松其余)          181.7    -5.8    54.4            96.8%
左手掌          r_slow_max=100(宽松其余)         192.0   -16.0    54.8            99.0%

