
===== 右拇指指腹
  会话         参数        末残ADC     末残%    过减ADC     扣除%
  d1         live     1909.1    84.6      103    15.4
  d1         old      1241.2    55.0      103    45.0
  d1         new       129.2     5.7      105    94.3
  d2         live      892.9    93.9       65     6.1
  d2         old       606.1    63.7       65    36.3
  d2         new        -3.3    -0.3       65   100.3

===== 左拇指指腹
  会话         参数        末残ADC     末残%    过减ADC     扣除%
  d1         live     1881.5    82.2      153    17.8
  d1         old      1451.9    63.4      153    36.6
  d1         new       195.8     8.6      153    91.4
  d2         live     1315.2    81.1       25    18.9
  d2         old       995.9    61.4       25    38.6
  d2         new        81.8     5.0      118    95.0

===== 右手掌
  会话         参数        末残ADC     末残%    过减ADC     扣除%
  d1/A       live     1306.6    85.7       15    14.3
  d1/A       old       921.2    60.4       15    39.6
  d1/A       new       114.2     7.5      127    92.5
  d1/B       live      974.3    86.2       44    13.8
  d1/B       old       672.8    59.5       70    40.5
  d1/B       new       -14.1    -1.2      109   101.2
  d2/A       live      811.1    85.6        6    14.4
  d2/A       old       582.4    61.4        6    38.6
  d2/A       new        16.9     1.8        6    98.2
  d2/B       live     1452.3    87.6      108    12.4
  d2/B       old      1107.8    66.8      108    33.2
  d2/B       new       280.9    16.9      108    83.1

===== 左手掌
  会话         参数        末残ADC     末残%    过减ADC     扣除%
  d1/A       live     1034.4    91.0       50     9.0
  d1/A       old       702.4    61.8       50    38.2
  d1/A       new       185.9    16.4       50    83.6
  d1/B       live      346.0    87.8        0    12.2
  d1/B       old       242.2    61.5        0    38.5
  d1/B       new        -8.3    -2.1       15   102.1
  d2/A       live      791.4    88.5        5    11.5
  d2/A       old       585.3    65.5        5    34.5
  d2/A       new        29.3     3.3      115    96.7
  d2/B       live      533.9    88.5       27    11.5
  d2/B       old       396.8    65.8       27    34.2
  d2/B       new        73.5    12.2       59    87.8
