
########## 右拇指指腹 ##########
  现役默认：score=2009.2 过减=84 上漂=1397 扣除=11%
  起点0: score=3.5 过减=84 上漂=2
    pass1: score=3.52
  起点1: score=1262.7 过减=84 上漂=931
    pass1: score=732.86
    pass2: score=8.15
    pass3: score=4.43
    pass4: score=4.27
    pass5: score=4.27
  ★ 最优 score=3.52 过减=84 上漂=2 扣除=100% 残漂=0%
    {"r_fast": 0.02, "tau_c_fast_s": 4.0, "r_slow_max": 30.0, "slope_cap_frac": 0.3, "slope_gate_frac": 1.0, "slow_confirm_s": 0.0, "soft_unfreeze_s": 0.5, "edge_slope_thres": 10.0, "tau_slope_s": 3.0, "tau_r_slow_idle_s": 0.5, "tau_r_fast_s": 1.0, "hold_eps": 2.0, "idle_frac": 0.02, "ramp_slope_min": 0.5}

########## 左拇指指腹 ##########
  现役默认：score=2261.3 过减=89 上漂=1599 扣除=18%
  起点0: score=61.8 过减=132 上漂=141
    pass1: score=42.96
    pass2: score=37.42
    pass3: score=36.71
    pass4: score=36.71
  起点1: score=1682.8 过减=89 上漂=1226
    pass1: score=530.94
    pass2: score=107.73
    pass3: score=107.03
    pass4: score=107.03
  ★ 最优 score=36.71 过减=130 上漂=134 扣除=93% 残漂=7%
    {"r_fast": 0.04, "slope_gate_frac": 5.0, "slope_cap_frac": 0.3, "tau_slope_s": 2.0, "slow_confirm_s": 0.5, "soft_unfreeze_s": 1.0, "tau_c_fast_s": 20.0, "tau_r_slow_idle_s": 30.0, "tau_r_fast_s": 2.0, "hold_eps": 2.0, "idle_frac": 0.1, "r_slow_max": 30.0, "ramp_slope_min": 0.0, "edge_boost_s": 5.0, "tau_c_fast_boost_s": 1.0}

########## 右手掌 ##########
  现役默认：score=1573.3 过减=43 上漂=1138 扣除=14%
  起点0: score=59.4 过减=83 上漂=105
    pass1: score=57.93
    pass2: score=56.67
    pass3: score=56.67
  起点1: score=1084.8 过减=43 上漂=828
    pass1: score=199.78
    pass2: score=58.12
    pass3: score=39.54
    pass4: score=37.66
    pass5: score=33.76
  ★ 最优 score=33.76 过减=88 上漂=106 扣除=93% 残漂=7%
    {"r_fast": 0.06, "tau_c_fast_s": 2.0, "r_slow_max": 30.0, "slope_cap_frac": 0.15, "slope_gate_frac": 1.0, "slow_confirm_s": 0.0, "soft_unfreeze_s": 0.25, "edge_slope_thres": 20.0, "tau_slope_s": 0.5, "tau_r_slow_idle_s": 30.0, "tau_r_fast_s": 2.0, "hold_eps": 0.0, "idle_frac": 0.02, "ramp_slope_min": 2.0, "tau_c_fast_boost_s": 0.5, "edge_boost_s": 5.0}

########## 左手掌 ##########
  现役默认：score=884.9 过减=20 上漂=677 扣除=11%
  起点0: score=24.3 过减=59 上漂=70
    pass1: score=21.20
    pass2: score=21.20
  起点1: score=573.1 过减=20 上漂=488
    pass1: score=217.65
    pass2: score=5.99
    pass3: score=5.55
    pass4: score=5.31
    pass5: score=5.31
  ★ 最优 score=5.31 过减=89 上漂=31 扣除=97% 残漂=3%
    {"r_fast": 0.1, "tau_c_fast_s": 40.0, "r_slow_max": 30.0, "slope_cap_frac": 0.15, "slope_gate_frac": 20.0, "slow_confirm_s": 0.0, "soft_unfreeze_s": 0.25, "edge_slope_thres": 20.0, "tau_slope_s": 2.0, "tau_r_slow_idle_s": 2.0, "tau_r_fast_s": 0.2, "hold_eps": 0.5, "idle_frac": 0.1, "ramp_slope_min": 0.0, "tau_c_fast_boost_s": 0.5, "edge_boost_s": 1.0, "tau_r_slow_s": 30.0}

batches=441  写出 D:\workshop\文档\v2.7 - 抗蠕变补偿算法\GLM53\_work\retune3_all.json
