
===== 右拇指指腹
  会话       参数       过减ADC     末上漂ADC     扣除%
  d1       live       103     1909.1    15.4
  d1       v2         105      129.2    94.3
  d1       v3         105      129.2    94.3
  d2       live        65      892.9     6.1
  d2       v2          65       -3.3   100.3
  d2       v3          65       -3.3   100.3

===== 左拇指指腹
  会话       参数       过减ADC     末上漂ADC     扣除%
  d1       live       153     1881.5    17.8
  d1       v2         153      195.8    91.4
  d1       v3         154      171.4    92.5
  d2       live        25     1315.2    18.9
  d2       v2         118       81.8    95.0
  d2       v3         120       76.9    95.3

===== 右手掌
  会话       参数       过减ADC     末上漂ADC     扣除%
  d1/A     live        15     1306.6    14.3
  d1/A     v2         127      114.2    92.5
  d1/A     v3         151      161.1    89.4
  d1/B     live        44      974.3    13.8
  d1/B     v2         109      -14.1   101.2
  d1/B     v3         100      -10.5   100.9
  d2/A     live         6      811.1    14.4
  d2/A     v2           6       16.9    98.2
  d2/A     v3           8       40.3    95.7
  d2/B     live       108     1452.3    12.4
  d2/B     v2         108      280.9    83.1
  d2/B     v3         108      254.6    84.6

===== 左手掌
  会话       参数       过减ADC     末上漂ADC     扣除%
  d1/A     live        50     1034.4     9.0
  d1/A     v2          50      185.9    83.6
  d1/A     v3         114       68.6    94.0
  d1/B     live         0      346.0    12.2
  d1/B     v2          15       -8.3   102.1
  d1/B     v3          14       -4.7   101.2
  d2/A     live         5      791.4    11.5
  d2/A     v2         115       29.3    96.7
  d2/A     v3         122       24.7    97.2
  d2/B     live        27      533.9    11.5
  d2/B     v2          59       73.5    87.8
  d2/B     v3         106       40.8    93.2
