# cmd      : python scripts/t4a_00_recon.py
# cwd      : D:\workshop\Processing\multi-device-cascade-host-cpp\temp\v4.1flash\plan\v1.0\T4_两种快相形态与分支判据
# argv     : scripts\t4a_00_recon.py
# when     : 2026-09-18T23:25:53
# env      : python 3.14.4 | numpy 2.4.6 | pandas 3.0.3
# 口径     : timestamp 列 / 100 Hz 网格 / Z=Σch / 无 τ=2 s 平滑 / 中位滤波 0.5 s

RT1                n_raw= 16355 nch=31 span= 162.69s pkt=0.0000s thr_z=    0.392 thr_ch=    0.129 thr_L=    0.392 co=  6 drop=  3 amp=     19.62 peak=     20.09 events=3
RT2                n_raw= 23536 nch=31 span= 234.13s pkt=0.0000s thr_z=    0.441 thr_ch=    0.150 thr_L=    0.441 co=  5 drop=  3 amp=     22.03 peak=     22.14 events=2
RT3                n_raw= 19137 nch=31 span= 190.38s pkt=0.0000s thr_z=    0.425 thr_ch=    0.145 thr_L=    0.425 co=  2 drop=  0 amp=     21.24 peak=     21.28 events=2
LT1                n_raw= 19739 nch=31 span= 196.20s pkt=0.0000s thr_z=    0.363 thr_ch=    0.104 thr_L=    0.363 co=  3 drop=  1 amp=     18.16 peak=     18.16 events=2
LT2                n_raw= 19974 nch=31 span= 198.50s pkt=0.0000s thr_z=    0.372 thr_ch=    0.108 thr_L=    0.372 co=  2 drop=  0 amp=     18.61 peak=     18.61 events=2
LT3                n_raw= 19401 nch=31 span= 192.81s pkt=0.0000s thr_z=    0.387 thr_ch=    0.109 thr_L=    0.387 co=  2 drop=  0 amp=     19.35 peak=     19.36 events=2
F41                n_raw= 19139 nch=21 span= 190.78s pkt=0.0000s thr_z=    0.328 thr_ch=    0.149 thr_L=    0.328 co=  3 drop=  0 amp=     16.42 peak=     16.45 events=2
F42                n_raw= 19113 nch=21 span= 190.54s pkt=0.0000s thr_z=    0.341 thr_ch=    0.150 thr_L=    0.341 co=  2 drop=  0 amp=     17.06 peak=     17.09 events=2
F43                n_raw= 20032 nch=21 span= 199.68s pkt=0.0000s thr_z=    0.349 thr_ch=    0.157 thr_L=    0.349 co=  2 drop=  0 amp=     17.47 peak=     17.50 events=2
SW1                n_raw= 25692 nch=21 span= 255.70s pkt=0.0000s thr_z=  559.201 thr_ch=  282.477 thr_L=  559.201 co= 16 drop=  0 amp=  27960.07 peak=  28016.58 events=16
SW2                n_raw=  7128 nch=21 span=  70.88s pkt=0.0000s thr_z=  517.560 thr_ch=  220.175 thr_L=  517.560 co=  7 drop=  0 amp=  25878.02 peak=  25904.74 events=6
SW3                n_raw=  6420 nch=21 span=  63.85s pkt=0.0000s thr_z=  554.609 thr_ch=  270.090 thr_L=  554.609 co=  5 drop=  0 amp=  27730.45 peak=  27740.81 events=5
SW4                n_raw= 12120 nch=21 span= 120.57s pkt=0.0000s thr_z=  649.661 thr_ch=  270.475 thr_L=  649.661 co= 11 drop=  0 amp=  32483.05 peak=  32480.82 events=11

== 总量 Z 检出事件 57 个 ==
kind
onset             22
partial_unload     5
restep            16
unload            14

== 逐事件（前 60）==
        rec  dom           kind   t_on          pre          jump  pre_over_peak  t50  t90    z_at_02    z_at_10  step_frame_frac  clean
  右拇指指尖/数据1  显示域          onset   8.23     0.552030     14.152255       0.027478 0.06 0.89   0.771613   0.919926         0.329363  False
  右拇指指尖/数据1  显示域         restep  11.52    14.085617      1.636389       0.701129 2.10 3.53   0.135486   0.311266         0.020607   True
  右拇指指尖/数据1  显示域         unload 115.17    20.046742    -19.104542       0.997851 0.22 0.24   0.095889   0.995788         0.722251   True
  右拇指指尖/数据2  显示域          onset  12.32     0.307099     16.417897       0.013869 0.03 1.50   0.783574   0.877738         0.210476   True
  右拇指指尖/数据2  显示域         unload 159.50    22.134586    -21.207179       0.999608 0.01 0.02   1.016328   1.000762         0.607157   True
  右拇指指尖/数据3  显示域          onset  10.60     0.043000     16.512535       0.002021 0.01 0.49   0.835867   0.925988         0.776331   True
  右拇指指尖/数据3  显示域         unload 135.58    21.257000    -20.736205       0.999059 0.13 0.14   1.009868   0.990499         0.797070   True
  左拇指指尖/数据1  显示域          onset  11.70     0.000000     15.284517       0.000000 0.01 0.56   0.848197   0.919704         0.844242   True
  左拇指指尖/数据1  显示域         unload 147.31    18.157811    -18.157811       0.999615 0.33 0.34   0.269296   1.000000         0.338575   True
  左拇指指尖/数据2  显示域          onset  14.90     0.000000     16.118926       0.000000 0.03 0.68   0.855591   0.915149         0.512007   True
  左拇指指尖/数据2  显示域         unload 140.91    18.604217    -18.604217       0.999443 0.02 0.03   1.000000   1.000000         0.790561   True
  左拇指指尖/数据3  显示域          onset  10.87     0.000000     17.513279       0.000000 0.01 0.73   0.836677   0.911797         0.413322   True
  左拇指指尖/数据3  显示域         unload 132.59    19.339834    -19.339834       0.999095 0.02 0.04   1.000000   1.000000         0.366590   True
   四指指尖/数据1  显示域          onset  10.94     0.064000     13.318765       0.003891 0.01 1.27   0.807217   0.872182         0.410443   True
   四指指尖/数据1  显示域         unload 130.75    16.425030    -16.353030       0.998525 0.01 0.02   1.004403   1.002642         0.735752   True
   四指指尖/数据2  显示域          onset  11.03     0.063000     14.684207       0.003686 0.03 1.38   0.781084   0.878712         0.254759   True
   四指指尖/数据2  显示域         unload 130.79    17.066537    -16.975537       0.998640 0.01 0.02   1.005361   1.002663         0.856602   True
   四指指尖/数据3  显示域          onset  10.99     0.068151     15.243993       0.003894 0.03 0.89   0.808635   0.908219         0.268392   True
   四指指尖/数据3  显示域         unload 140.39    17.494114    -16.930885       0.999586 0.04 0.11   1.033266   1.031285         0.197501   True
  切换负载-快相无责 ADC域          onset  10.81    76.000000   4161.881733       0.002713 0.04 3.25   0.824411   0.836553         0.686909   True
  切换负载-快相无责 ADC域          onset  28.44  4815.368690   6780.631310       0.171876 0.10 0.61   0.759407   0.916346         0.231617   True
  切换负载-快相无责 ADC域         restep  71.59 12297.466003   3799.159332       0.438935 4.65 4.86  -1.031304  -1.809427         0.556275  False
  切换负载-快相无责 ADC域          onset  75.78  5434.220413  12637.201309       0.193964 0.42 1.20   0.284534   0.853530         0.466279   True
  切换负载-快相无责 ADC域         restep 110.58 19388.168686   6474.619171       0.692025 0.17 0.71   0.558233   0.954036         0.542379   True
  切换负载-快相无责 ADC域 partial_unload 129.38 26331.780930   -884.154434       0.939864 0.00 0.00  28.554596  29.711487         6.611189  False
  切换负载-快相无责 ADC域          onset 133.84    61.182140  27106.309376       0.002184 0.03 0.40   0.653643   0.958885         0.494613   True
  切换负载-快相无责 ADC域 partial_unload 181.97 28000.273712  -3633.314026       0.999418 0.07 0.07   7.691401   7.692975         6.849426  False
  切换负载-快相无责 ADC域          onset 185.98    53.554215  25195.333007       0.001912 0.01 0.21   0.897067   0.965199         0.679773   True
  切换负载-快相无责 ADC域 partial_unload 202.62 26084.207306  -3915.901901       0.931028 0.01 0.05   1.098122   1.053120         1.728235   True
  切换负载-快相无责 ADC域 partial_unload 212.41 22144.949585 -16379.179619       0.790423 0.05 0.19   0.969436   1.066157         0.380056  False
  切换负载-快相无责 ADC域         restep 217.75  5761.756882   6094.142017       0.205655 0.52 1.39   0.151518   0.855600         0.622818   True
  切换负载-快相无责 ADC域         restep 229.69 12082.612267   7479.253792       0.431267 3.92 4.02   0.020410  -0.855480         0.317317  False
  切换负载-快相无责 ADC域          onset 232.94  5212.793312  15013.706070       0.186061 0.54 0.77  -0.070882   0.933734         0.417486  False
  切换负载-快相无责 ADC域         restep 240.56 20406.489807   5243.929565       0.728372 0.29 1.20   0.366539   0.873847         0.308892   True
  切换负载-快相无责 ADC域         unload 249.61 25865.697662 -25810.697662       0.923228 0.03 0.04   1.001063   0.999806         0.808021   True
      再切换负载 ADC域          onset  11.76    62.533685  14389.583106       0.002414 0.04 0.49   0.855319   0.930023         0.370900  False
      再切换负载 ADC域         restep  12.96 12308.376270   2507.927277       0.475140 0.00 0.72   0.628514   1.056370         0.145267  False
      再切换负载 ADC域         restep  31.20 16007.834656   1119.945065       0.617950 4.95 4.95 -14.245194 -14.264004         9.715590  False
      再切换负载 ADC域          onset  35.93    37.461280  21602.837571       0.001446 0.05 0.49   0.676292   0.956494         0.361278   True
      再切换负载 ADC域         unload  50.58 22655.000031 -22616.000031       0.874550 0.03 0.05   0.997686   1.000177         0.241975  False
      再切换负载 ADC域          onset  57.31    38.000000  25172.248749       0.001467 0.01 0.38   0.843180   0.944613         0.658608   True
中途切换-1d9493 ADC域          onset  10.77    69.722529  17560.613332       0.002513 0.17 1.41   0.647619   0.882952         0.229966   True
中途切换-1d9493 ADC域         restep  19.77 18366.211380   6894.605286       0.662065 1.14 2.27   0.033200   0.234916         0.214054   True
中途切换-1d9493 ADC域         unload  30.69 25979.236755 -25927.236755       0.936499 0.01 0.01   1.000849   1.000287         1.015560   True
中途切换-1d9493 ADC域          onset  39.06    56.000000  26575.448486       0.002019 0.12 0.54   0.841043   0.933873         0.160226   True
中途切换-1d9493 ADC域         restep  60.79 27716.635559           NaN       0.999129  NaN  NaN        NaN        NaN              NaN  False
中途切换-13ffca ADC域          onset   8.38    84.000000  15355.472580       0.002586 0.05 1.63   0.774691   0.883315         0.294266   True
中途切换-13ffca ADC域         restep  18.38 16008.357758   6474.617126       0.492856 0.42 0.81   0.029679   0.930208         0.216244  False
中途切换-13ffca ADC域         restep  24.49 22483.832794   1489.499237       0.692219 3.31 3.63   0.309398   0.357856         0.130569  False
中途切换-13ffca ADC域         restep  25.67 22922.612289   1147.134079       0.705728 2.19 3.69  -0.247074  -3.089865         1.133613  False
中途切换-13ffca ADC域 partial_unload  45.27 24630.142288  -3629.456741       0.758298 0.09 0.18   0.972953   1.012921         0.482083   True
中途切换-13ffca ADC域         restep  61.13 20981.603363   3443.189529       0.645969 0.16 2.10   0.603948   0.826401         0.236080  False
中途切换-13ffca ADC域         unload  68.90 24442.592194 -24363.592194       0.752524 0.04 0.05   1.002736   1.003243         0.587156   True
中途切换-13ffca ADC域          onset  87.81    75.000000  27805.612091       0.002309 0.17 0.40   0.707916   0.947976         0.182504   True
中途切换-13ffca ADC域         restep  97.92 28267.392517   1171.557373       0.870280 1.30 1.34   0.064902   0.102615         0.639345  False
中途切换-13ffca ADC域         restep 103.93 29438.949890   2719.227814       0.906349 0.44 1.23   0.228185   0.870700         0.346129   True
中途切换-13ffca ADC域         unload 113.81 32454.754547 -32372.754547       0.999198 0.01 0.13   1.001395   1.000649         0.681227   True

== 第一轮 events.csv n=55（主通道口径）==
匹配（±0.5 s）49 / 55；未匹配 6 个：
    ('右拇指指尖/数据1', 'restep', 13.599)
    ('右拇指指尖/数据2', 'restep', 147.207)
    ('切换负载-快相无责', 'restep', 230.571)
    ('中途切换-1d9493', 'restep', 20.76)
    ('中途切换-13ffca', 'restep', 27.609)
    ('中途切换-13ffca', 'restep', 99.362)

done
