# cmd      : python scripts/t4a_04_intermediate.py
# cwd      : D:\workshop\Processing\multi-device-cascade-host-cpp\temp\v4.1flash\plan\v1.0\T4_两种快相形态与分支判据
# argv     : scripts\t4a_04_intermediate.py
# when     : 2026-09-18T23:36:09
# env      : python 3.14.4 | numpy 2.4.6 | pandas 3.0.3
# 口径     : timestamp 列 / 100 Hz 网格 / Z=Σch / 无 τ=2 s 平滑 / 中位滤波 0.5 s

== C1 双峰性检验 ==
sample                test           var  n  bimodality_coef  bc_threshold  bic_1comp  bic_2comp      dBIC  gmm1_mu  gmm2_mu1  gmm2_mu2  gmm2_w1 verdict
 clean BC & GMM(1 vs 2 分量)     T_ramp(s) 25           0.7255        0.5556    18.3193   -45.7151  -64.0344   0.2168    0.0078    0.4766   0.5542    支持双峰
 clean BC & GMM(1 vs 2 分量)  log10 T_ramp 25           0.7932        0.5556    69.7989    50.5981  -19.2008  -1.3367   -2.0645   -0.4106   0.5600    支持双峰
 clean BC & GMM(1 vs 2 分量)       z_at_02 25           0.7323        0.5556    10.7226    -9.8932  -20.6159   0.6714    0.4359    0.8278   0.3992    支持双峰
 clean BC & GMM(1 vs 2 分量) n_frames_rise 25           0.8908        0.5556   217.1886   148.0665  -69.1221   8.9200    5.7917   84.0000   0.9600    支持双峰
 clean BC & GMM(1 vs 2 分量)        t80(s) 25           0.8681        0.5556    53.9901    28.1185  -25.8716   0.4464    0.2325    1.7621   0.8602    支持双峰
   all BC & GMM(1 vs 2 分量)     T_ramp(s) 40           0.7552        0.5556    22.7756   -80.0803 -102.8559   0.2012    0.0068    0.4318   0.5425    支持双峰
   all BC & GMM(1 vs 2 分量)  log10 T_ramp 40           0.7780        0.5556   107.9097    74.0157  -33.8941  -1.3643   -2.0959   -0.4708   0.5498    支持双峰
   all BC & GMM(1 vs 2 分量)       z_at_02 40           0.8863        0.5556   180.0735    79.1124 -100.9612   0.1261   -2.1349    0.7594   0.2188    支持双峰
   all BC & GMM(1 vs 2 分量) n_frames_rise 40           0.8010        0.5556   355.2056   296.9068  -58.2988  12.8000    2.7888   27.2684   0.5910    支持双峰
   all BC & GMM(1 vs 2 分量)        t80(s) 40           0.8571        0.5556   142.2185    75.0262  -67.1923   0.8362    0.2260    2.6698   0.7503    支持双峰

== C2 驱动量：OLS（clean / all）==
sample test                             model          term    beta        t  n     r2
 clean  OLS                z_at_02 ~ armed_20         const  0.7920  17.9866 25 0.5380
 clean  OLS                z_at_02 ~ armed_20      armed_20 -0.4307  -5.1755 25 0.5380
 clean  OLS            z_at_02 ~ log10 T_ramp         const  0.3497   5.5460 25 0.6153
 clean  OLS            z_at_02 ~ log10 T_ramp          logT -0.2407  -6.0658 25 0.6153
 clean  OLS z_at_02 ~ log10 T_ramp + armed_20         const  0.5113   5.1685 25 0.6764
 clean  OLS z_at_02 ~ log10 T_ramp + armed_20          logT -0.1632  -3.0678 25 0.6764
 clean  OLS z_at_02 ~ log10 T_ramp + armed_20      armed_20 -0.2075  -2.0381 25 0.6764
 clean  OLS      log10 T_ramp ~ pre_over_peak         const -1.7147 -11.0210 25 0.4669
 clean  OLS      log10 T_ramp ~ pre_over_peak pre_over_peak  1.7884   4.4878 25 0.4669
   all  OLS                z_at_02 ~ armed_20         const  0.7570   1.7513 40 0.1108
   all  OLS                z_at_02 ~ armed_20      armed_20 -1.4020  -2.1760 40 0.1108
   all  OLS            z_at_02 ~ log10 T_ramp         const  0.1084   0.1687 40 0.0000
   all  OLS            z_at_02 ~ log10 T_ramp          logT -0.0129  -0.0323 40 0.0000
   all  OLS z_at_02 ~ log10 T_ramp + armed_20         const  1.4837   1.7807 40 0.1351
   all  OLS z_at_02 ~ log10 T_ramp + armed_20          logT  0.4274   1.0200 40 0.1351
   all  OLS z_at_02 ~ log10 T_ramp + armed_20      armed_20 -1.7213  -2.4040 40 0.1351
   all  OLS      log10 T_ramp ~ pre_over_peak         const -1.7017 -10.0537 40 0.1855
   all  OLS      log10 T_ramp ~ pre_over_peak pre_over_peak  1.1187   2.9419 40 0.1855

== C3 中间态样本（n=26 / 40 加载类事件）==
key         rec  dom   t_on   kind                                        categories  pre_over_peak    jump  T_ramp  z_at_02  n_frames_rise  t50  t90  clean                                       note
RT1   右拇指指尖/数据1  显示域   8.27  onset                                         E_复合/基线在动          0.028    14.2    0.01    0.787            2.0 0.02 0.85  False                                           
RT1   右拇指指尖/数据1  显示域  13.60 restep                                   B_带载硬压|G_连续两次加载          0.728     1.2    0.09    0.610            6.0 0.09 2.87   True      带载但输入近阶跃(T=0.09s); 前事件=加载 Δ=14 @8.27s
F41    四指指尖/数据1  显示域  10.94  onset                                         E_复合/基线在动          0.004    13.3    0.00    0.807            1.0 0.01 1.27  False                                           
F41    四指指尖/数据1  显示域  12.19 restep                                E_复合/基线在动|G_连续两次加载          0.661     2.7    0.90    0.492            0.0 0.21 2.93  False                        前事件=加载 Δ=13 @10.94s
SW1   切换负载-快相无责 ADC域  28.63  onset                             C_低预载(阈值附近)|D_标签随门限翻转          0.172  6784.4    0.00    0.854            4.0 0.00 0.42   True                                           
SW1   切换负载-快相无责 ADC域  71.67 restep                                         E_复合/基线在动          0.439  3901.9    0.21   -1.650           47.0 4.57 4.78  False                                           
SW1   切换负载-快相无责 ADC域  75.89  onset           A_零基线慢压起|C_低预载(阈值附近)|D_标签随门限翻转|G_连续两次加载          0.194 12646.2    0.60    0.399           15.0 0.31 1.10   True  零基线但输入是斜坡(T=0.60s); 前事件=加载 Δ=3902 @71.67s
SW1   切换负载-快相无责 ADC域 133.83  onset                                  A_零基线慢压起|F_卸载后加压          0.002 27106.0    0.39    0.617            4.0 0.04 0.41   True 零基线但输入是斜坡(T=0.39s); 前事件=卸载 Δ=-900 @129.37s
SW1   切换负载-快相无责 ADC域 185.97  onset                                           F_卸载后加压          0.002 25194.2    0.01    0.894            2.0 0.02 0.22   True                    前事件=卸载 Δ=-3592 @182.03s
SW1   切换负载-快相无责 ADC域 217.74 restep                     C_低预载(阈值附近)|D_标签随门限翻转|F_卸载后加压          0.206  6093.0    0.80    0.132           22.0 0.53 1.40   True                   前事件=卸载 Δ=-16379 @212.40s
SW1   切换负载-快相无责 ADC域 230.64 restep                                         E_复合/基线在动          0.432  7765.8    0.23   -0.888           20.0 2.97 3.17  False                                           
SW1   切换负载-快相无责 ADC域 233.05  onset A_零基线慢压起|C_低预载(阈值附近)|D_标签随门限翻转|E_复合/基线在动|G_连续两次加载          0.186 15032.6    0.70   -0.062           13.0 0.43 0.66  False 零基线但输入是斜坡(T=0.70s); 前事件=加载 Δ=7766 @230.64s
SW1   切换负载-快相无责 ADC域 240.72 restep                                          G_连续两次加载          0.729  5255.8    0.29    0.622            5.0 0.13 1.04   True                    前事件=加载 Δ=15033 @233.05s
SW2       再切换负载 ADC域  11.79  onset                                         E_复合/基线在动          0.002 14393.6    0.01    0.865            3.0 0.01 0.50  False                                           
SW2       再切换负载 ADC域  13.70 restep                         B_带载硬压|E_复合/基线在动|G_连续两次加载          0.518  1434.9    0.00    1.065           25.0 0.00 0.01  False  带载但输入近阶跃(T=0.00s); 前事件=加载 Δ=14394 @11.79s
SW2       再切换负载 ADC域  14.86 restep                         B_带载硬压|E_复合/基线在动|G_连续两次加载          0.576   481.0    0.14   -1.643           78.0 0.00 4.44  False   带载但输入近阶跃(T=0.14s); 前事件=加载 Δ=1435 @13.70s
SW2       再切换负载 ADC域  31.22 restep                                  B_带载硬压|E_复合/基线在动          0.618  1341.4    0.01  -11.893           19.0 4.93 4.99  False                          带载但输入近阶跃(T=0.01s)
SW2       再切换负载 ADC域  35.96  onset                                 A_零基线慢压起|G_连续两次加载          0.001 21603.0    0.19    0.789            3.0 0.02 0.46   True  零基线但输入是斜坡(T=0.19s); 前事件=加载 Δ=1341 @31.22s
SW2       再切换负载 ADC域  57.30  onset                                           F_卸载后加压          0.002 25170.8    0.01    0.831            1.0 0.02 0.38   True                    前事件=卸载 Δ=-22616 @50.61s
SW3 中途切换-1d9493 ADC域  39.08  onset                                          A_零基线慢压起          0.002 26580.5    0.20    0.849            4.0 0.10 0.52   True                         零基线但输入是斜坡(T=0.20s)
SW4 中途切换-13ffca ADC域  18.68 restep                                         E_复合/基线在动          0.495  6406.4    0.33    0.640            5.0 0.12 0.51  False                                           
SW4 中途切换-13ffca ADC域  26.57 restep                         B_带载硬压|E_复合/基线在动|G_连续两次加载          0.706  1174.3    0.01   -3.026           32.0 1.29 2.96  False   带载但输入近阶跃(T=0.01s); 前事件=加载 Δ=6406 @18.68s
SW4 中途切换-13ffca ADC域  27.60 restep                         B_带载硬压|E_复合/基线在动|G_连续两次加载          0.599  4667.2    0.08    0.825            4.0 0.06 0.32  False   带载但输入近阶跃(T=0.08s); 前事件=加载 Δ=1174 @26.57s
SW4 中途切换-13ffca ADC域  61.37 restep                                  B_带载硬压|E_复合/基线在动          0.646  3447.1    0.00    0.772           12.0 0.00 1.86  False                          带载但输入近阶跃(T=0.00s)
SW4 中途切换-13ffca ADC域  99.36 restep                                  B_带载硬压|E_复合/基线在动          0.873  2422.5    0.00    1.168           28.0 0.00 0.12  False                          带载但输入近阶跃(T=0.00s)
SW4 中途切换-13ffca ADC域 104.24 restep                                          G_连续两次加载          0.907  2716.1    0.65    0.594           13.0 0.13 0.93   True                      前事件=加载 Δ=2422 @99.36s

== C4 拍击后加压 ==
  本批 13 份录制中未检出「短促拍击后立即加压」的加载事件（拍击不满足本任务的
  2%·记录极差 电平门限，属 T5 扰动分析对象）⇒ 该中间态**缺数据**。

== 连续谱区间统计 ==
  T_ramp ∈ [0.05, 0.30] s 的重叠区事件：n=8
        rec   kind   t_on  pre_over_peak  T_ramp  z_at_02  n_frames_rise
  右拇指指尖/数据1 restep  13.60          0.728    0.09    0.610            6.0
  切换负载-快相无责 restep  71.67          0.439    0.21   -1.650           47.0
  切换负载-快相无责 restep 230.64          0.432    0.23   -0.888           20.0
  切换负载-快相无责 restep 240.72          0.729    0.29    0.622            5.0
      再切换负载 restep  14.86          0.576    0.14   -1.643           78.0
      再切换负载  onset  35.96          0.001    0.19    0.789            3.0
中途切换-1d9493  onset  39.08          0.002    0.20    0.849            4.0
中途切换-13ffca restep  27.60          0.599    0.08    0.825            4.0
  onset 组 T_ramp: 中位 0.010 s，范围 0.00~0.70 s（n=22）
  restep 组 T_ramp: 中位 0.220 s，范围 0.00~1.15 s（n=18）

done
