# cmd      : python scripts/t4a_02_mechanism.py
# cwd      : D:\workshop\Processing\multi-device-cascade-host-cpp\temp\v4.1flash\plan\v1.0\T4_两种快相形态与分支判据
# argv     : scripts\t4a_02_mechanism.py
# when     : 2026-09-18T23:35:55
# env      : python 3.14.4 | numpy 2.4.6 | pandas 3.0.3
# 口径     : timestamp 列 / 100 Hz 网格 / Z=Σch / 无 τ=2 s 平滑 / 中位滤波 0.5 s

阶跃响应核 g_step[显示域]：n=4 事件（左拇指指尖/数据2@14.92; 左拇指指尖/数据1@11.69; 左拇指指尖/数据3@10.87; 右拇指指尖/数据3@10.59）
    g_step(0.05 s) = 0.816
    g_step(0.10 s) = 0.839
    g_step(0.20 s) = 0.861
    g_step(0.50 s) = 0.910
    g_step(1.00 s) = 0.938
    g_step(2.00 s) = 0.976
    g_step(3.00 s) = 1.000
    g_step(5 s 外推=>1.0)；核单调化后 g(0)=0.088
阶跃响应核 g_step[ADC域]：n=6 事件（中途切换-13ffca@88.0; 切换负载-快相无责@185.97; 切换负载-快相无责@28.63; 中途切换-1d9493@39.08; 再切换负载@57.3; 切换负载-快相无责@10.84）
    g_step(0.05 s) = 0.807
    g_step(0.10 s) = 0.826
    g_step(0.20 s) = 0.866
    g_step(0.50 s) = 0.922
    g_step(1.00 s) = 0.954
    g_step(2.00 s) = 0.980
    g_step(3.00 s) = 1.000
    g_step(5 s 外推=>1.0)；核单调化后 g(0)=0.192

== 等效输入上升时间 T_ramp（反卷积，n=40）==
        T_ramp  rmse_ramp_pct  rmse_step_pct  gain_ramp    A_ramp
kind                                                             
onset     0.01          3.174          4.738      1.341  9272.221
restep    0.22          6.514         18.293      1.592  1375.209

== 干净事件 T_ramp 明细 ==
        rec   kind   t_on      jump  pre_over_peak  z_at_02  T_slope  T_ramp  rmse_ramp_pct  rmse_step_pct  gain_ramp
  右拇指指尖/数据1 restep  13.60     1.203          0.728    0.610      NaN    0.09          6.583          7.633      1.160
  右拇指指尖/数据2  onset  12.32    16.418          0.014    0.784    0.323    0.02          2.420          4.133      1.708
  右拇指指尖/数据2 restep 147.11     1.118          0.944   -0.209    0.473    1.15         10.970         25.055      2.284
  右拇指指尖/数据3  onset  10.59    16.509          0.002    0.834    0.394    0.01          2.167          2.858      1.319
  左拇指指尖/数据1  onset  11.69    15.284          0.000    0.848    0.455    0.01          2.468          2.674      1.084
  左拇指指尖/数据2  onset  14.92    16.121          0.000    0.860    0.840    0.00          2.727          2.727      1.000
  左拇指指尖/数据3  onset  10.87    17.513          0.000    0.837    0.648    0.00          2.681          2.681      1.000
   四指指尖/数据2  onset  11.03    14.684          0.004    0.781    0.318    0.02          2.299          4.033      1.754
   四指指尖/数据3  onset  11.00    15.244          0.004    0.812    0.394    0.01          2.156          3.081      1.429
  切换负载-快相无责  onset  10.84  4164.703          0.003    0.824    0.943    0.01          4.837          5.782      1.195
  切换负载-快相无责  onset  28.63  6784.361          0.172    0.854      NaN    0.00          4.326          4.326      1.000
  切换负载-快相无责  onset  75.89 12646.175          0.194    0.399      NaN    0.60          3.348         13.945      4.165
  切换负载-快相无责 restep 110.45  6463.012          0.692    0.316      NaN    0.55          2.277         19.043      8.364
  切换负载-快相无责  onset 133.83 27105.961          0.002    0.617    0.563    0.39          4.911          9.394      1.913
  切换负载-快相无责  onset 185.97 25194.165          0.002    0.894    0.315    0.01          2.078          6.108      2.939
  切换负载-快相无责 restep 217.74  6092.977          0.206    0.132      NaN    0.80          3.649         22.636      6.203
  切换负载-快相无责 restep 240.72  5255.772          0.729    0.622    0.460    0.29          3.423          9.172      2.680
      再切换负载  onset  35.96 21602.995          0.001    0.789    0.562    0.19          4.341          7.284      1.678
      再切换负载  onset  57.30 25170.819          0.001    0.831    0.445    0.01          2.080          5.891      2.833
中途切换-1d9493  onset  10.92 17623.905          0.003    0.766    0.436    0.00          4.450          4.450      1.000
中途切换-1d9493 restep  20.72  7062.150          0.669    0.465    9.068    0.40          4.996         12.759      2.554
中途切换-1d9493  onset  39.08 26580.506          0.002    0.849    0.225    0.20          2.291          8.625      3.766
中途切换-13ffca  onset   8.41 15362.887          0.003    0.780    0.545    0.01          3.841          5.239      1.364
中途切换-13ffca  onset  88.00 27820.765          0.002    0.897    0.925    0.00          5.025          5.025      1.000
中途切换-13ffca restep 104.24  2716.102          0.907    0.594    0.705    0.65          6.337         10.058      1.587

== 通道间一致性（干净事件中位）==
        n_active  active_frac  t50_ch_med  t50_ch_iqr  stepfrac_ch_iqr  shape_corr_med
kind                                                                                  
onset       13.0        0.616        0.02       0.006            0.123           0.953
restep      12.0        0.548        0.23       0.265            0.741           0.909

== E2 卸载对称性（同录制同带载状态，读数是 Z 总量）==
        rec  t_unload  jump_unload  unload_step_frac  unload_z_at_02  unload_t50  rec_restep_n  restep_step_frac_med  restep_z_at_02_med
  右拇指指尖/数据1    115.37      -19.092             0.723           1.008        0.02             1                 0.489               0.610
  右拇指指尖/数据2    159.49      -21.208             0.607           1.016        0.02             1                 2.751              -0.209
  右拇指指尖/数据3    135.70      -20.744             0.797           1.010        0.01             0                   NaN                 NaN
  左拇指指尖/数据1    147.52      -18.157             0.339           1.000        0.12             0                   NaN                 NaN
  左拇指指尖/数据2    140.92      -18.604             0.791           1.000        0.01             0                   NaN                 NaN
  左拇指指尖/数据3    132.59      -19.340             0.367           1.000        0.02             0                   NaN                 NaN
   四指指尖/数据1    130.75      -16.353             0.736           1.004        0.01             0                   NaN                 NaN
   四指指尖/数据2    130.78      -16.976             0.857           1.005        0.02             0                   NaN                 NaN
   四指指尖/数据3    140.40      -16.931             0.198           1.033        0.03             0                   NaN                 NaN
  切换负载-快相无责    249.63   -25810.698             0.808           1.001        0.01             3                 0.623               0.316
中途切换-1d9493     30.68   -25925.773             1.016           1.001        0.02             1                 0.209               0.465
中途切换-13ffca     68.93   -24363.592             0.587           1.003        0.01             1                 0.347               0.594
中途切换-13ffca    113.80   -32372.755             0.681           1.001        0.02             1                 0.347               0.594

== 机制证据汇总（t4a_mechanism.csv）==
evidence_id          metric  n_a  med_a  n_b  med_b  ratio   auc  band_overlap
         E1 step_frame_frac   18  0.387    7  0.489  0.792 0.397         0.870
         E1 top3_frame_frac   18  0.632    7  1.091  0.580 0.222         0.700
         E1    frames_to_50   15  3.000    7  2.000  1.500 0.567         1.000
         E1        z_at_005   18  0.723    7  0.220  3.281 0.952         0.000
         E1         z_at_01   18  0.751    7  0.286  2.627 0.976         0.000
         E1         z_at_02   18  0.828    7  0.465  1.781 0.960         0.000
         E4          T_ramp   18  0.010    7  0.550  0.018 0.063         0.183
         E4   rmse_ramp_pct   18  2.704    7  4.996  0.541 0.230         0.695
         E4   rmse_step_pct   18  4.738    7 12.759  0.371 0.056         0.049
         E4       gain_ramp   18  1.397    7  2.554  0.547 0.254         0.810
         E4         T_slope   16  0.450    4  0.589  0.764 0.266         0.740
         E5         d_t_on5   18 -0.005    7  0.010 -0.500 0.389         1.000
         E3      t50_ch_iqr   18  0.006    7  0.265  0.024 0.016         0.000
         E3  shape_corr_med   18  0.953    7  0.909  1.048 0.571         1.000
         E3        n_active   18 13.000    7 12.000  1.083 0.619         0.774
         E2 step_frame_frac   13  0.723    7  0.489  1.478 0.659         1.000
         E2         z_at_02   13  1.003    7  0.465  2.159 1.000         0.000
         E2             t50   13  0.020    7  0.240  0.083 0.011         0.000

done
