# cmd      : python scripts/t4a_03_separability.py
# cwd      : D:\workshop\Processing\multi-device-cascade-host-cpp\temp\v4.1flash\plan\v1.0\T4_两种快相形态与分支判据
# argv     : scripts\t4a_03_separability.py
# when     : 2026-09-18T23:36:07
# env      : python 3.14.4 | numpy 2.4.6 | pandas 3.0.3
# 口径     : timestamp 列 / 100 Hz 网格 / Z=Σch / 无 τ=2 s 平滑 / 中位滤波 0.5 s

== 主样本（clean 干净事件）效应量，按 |AUC-0.5| 排序 ==
          feature  n_onset  n_restep  med_onset  med_restep  med_diff     ratio    auc  band_overlap  n_onset_in_restep_band  n_restep_in_onset_band  p_mannwhitney
    pre_over_peak       18         7     0.0022      0.7283   -0.7261    0.0031 0.0000        0.0000                       0                       0         0.0002
    pre_over_jump       18         7     0.0027      3.8844   -3.8817    0.0007 0.0000        0.0000                       0                       0         0.0002
            ratio       18         7   377.4359      0.2574  377.1784 1466.0950 1.0000        0.0000                       0                       0         0.0000
          exp_tau       18         7     0.0265      0.4065   -0.3800    0.0651 0.0238        0.0000                       1                       0         0.0003
              t80       18         7     0.1700      0.6900   -0.5200    0.2464 0.0238        0.0000                       1                       0         0.0003
          z_at_01       18         7     0.7510      0.2859    0.4651    2.6272 0.9762        0.0000                       1                       0         0.0000
          z_at_02       18         7     0.8276      0.4648    0.3628    1.7806 0.9603        0.0000                       1                       0         0.0001
          z_at_03       18         7     0.8542      0.6065    0.2477    1.4084 0.9603        0.0000                       1                       0         0.0001
    n_frames_rise       18         7     2.0000     14.0000  -12.0000    0.1429 0.0437        0.0000                       2                       0         0.0004
              t50       18         7     0.0200      0.2400   -0.2200    0.0833 0.0476        0.0000                       1                       0         0.0005
         z_at_005       18         7     0.7226      0.2202    0.5024    3.2813 0.9524        0.0000                       2                       0         0.0001
    rmse_step_pct       18         7     4.7376     12.7590   -8.0214    0.3713 0.0556        0.0487                       3                       1         0.0002
            pow_p       18         7     0.0685      0.8288   -0.7604    0.0826 0.0635        0.3937                       4                       2         0.0010
           T_ramp       18         7     0.0100      0.5500   -0.5400    0.0182 0.0635        0.1829                       2                       1         0.0008
          z_at_05       18         7     0.8904      0.6922    0.1982    1.2863 0.9206        0.2121                       6                       2         0.0005
         exp_beta       18         7     0.2413      0.6070   -0.3657    0.3976 0.0873        0.3419                       4                       3         0.0008
     frames_to_90        7         3    12.0000      3.0000    9.0000    4.0000 0.8571        0.4722                       3                       1         0.1063
              t90       18         7     0.6200      1.4000   -0.7800    0.4429 0.1944        0.5309                       5                       4         0.0214
rise_frames_10_90       18         7    61.5000    133.0000  -71.5000    0.4624 0.2063        0.5504                       6                       4         0.0271
  top3_frame_frac       18         7     0.6325      1.0905   -0.4580    0.5800 0.2222        0.7002                      10                       3         0.0345
    rmse_ramp_pct       18         7     2.7040      4.9957   -2.2918    0.5413 0.2302        0.6952                       8                       3         0.0405
          z_at_10       18         7     0.9176      0.8558    0.0618    1.0723 0.7698        0.6532                      12                       3         0.0405
        gain_ramp       18         7     1.3965      2.5540   -1.1575    0.5468 0.2540        0.8097                       9                       5         0.0639
          pow_tau       18         7     4.7001      0.9473    3.7528    4.9616 0.7381        0.9745                       6                       4         0.0737
          T_slope       16         4     0.4499      0.5886   -0.1387    0.7643 0.2656        0.7397                       7                       3         0.1775
          z_at_20       18         7     0.9497      0.9357    0.0140    1.0150 0.6905        0.7623                      14                       4         0.1584
              t95       18         7     2.0200      2.4400   -0.4200    0.8279 0.3095        0.7542                      12                       4         0.1549
           A_ramp       18         7  9272.2208   4995.6691 4276.5516    1.8561 0.6905        0.9978                       8                       5         0.1584
              t10       18         7     0.0000      0.0100   -0.0100    0.0000 0.3532        1.0000                      18                       5         0.2170
  step_frame_frac       18         7     0.3873      0.4891   -0.1018    0.7919 0.3968        0.8701                      11                       6         0.4584
     frames_to_50       15         7     3.0000      2.0000    1.0000    1.5000 0.5667        1.0000                      10                       7         0.6357

== 敏感性：全部加载类事件（含脏事件）==
      feature  n_onset  n_restep  med_onset  med_restep    auc  band_overlap
pre_over_peak       22        18     0.0025      0.6533 0.0000        0.0000
pre_over_jump       22        18     0.0041      5.1286 0.0000        0.0000
        ratio       22        18   242.9273      0.2020 1.0000        0.0000
rmse_step_pct       22        18     4.7376     18.2932 0.0808        0.1767
n_frames_rise       22        18     2.0000     19.0000 0.0997        0.2340
        pow_p       22        18     0.0698      0.7665 0.1086        0.7603
      exp_tau       22        18     0.0265      0.4148 0.1136        0.7943
          t80       22        18     0.1700      0.8850 0.1616        0.6250
     exp_beta       22        18     0.2438      1.1282 0.1667        0.8131
 frames_to_90        8         8     9.0000      2.0000 0.8281        0.7143
     z_at_005       22        18     0.7226      0.2404 0.8258        0.8105
rmse_ramp_pct       22        18     3.1743      6.5136 0.1894        0.7423
      z_at_01       22        18     0.7510      0.3054 0.8081        0.8611
      z_at_02       22        18     0.8180      0.4782 0.8081        1.0000

== 组合可分性（留一最近质心；特征由同批标签选出 ⇒ 乐观上界）==
  z_at_02+T_ramp               [clean] n=25  AUC=0.937  LOO acc=0.840
  z_at_02+T_ramp               [all] n=40  AUC=0.649  LOO acc=0.775
  z_at_005+T_ramp              [clean] n=25  AUC=0.921  LOO acc=0.880
  z_at_005+T_ramp              [all] n=40  AUC=0.732  LOO acc=0.775
  z_at_01+z_at_02              [clean] n=25  AUC=0.960  LOO acc=0.880
  z_at_01+z_at_02              [all] n=40  AUC=0.735  LOO acc=0.675
  T_ramp+rmse_step_pct         [clean] n=25  AUC=0.929  LOO acc=0.840
  T_ramp+rmse_step_pct         [all] n=40  AUC=0.755  LOO acc=0.750
  z_at_02+frames_to_50         [clean] n=22  AUC=0.971  LOO acc=0.864
  z_at_02+frames_to_50         [all] n=34  AUC=0.582  LOO acc=0.676

done
