# cmd      : python scripts/t4a_07_crosscheck.py
# cwd      : D:\workshop\Processing\multi-device-cascade-host-cpp\temp\v4.1flash\plan\v1.0\T4_两种快相形态与分支判据
# argv     : scripts\t4a_07_crosscheck.py
# when     : 2026-09-18T23:36:19
# env      : python 3.14.4 | numpy 2.4.6 | pandas 3.0.3
# 口径     : timestamp 列 / 100 Hz 网格 / Z=Σch / 无 τ=2 s 平滑 / 中位滤波 0.5 s

== ① vs ②：同一 t_on，总量 Z 与主通道的差异（全部 60 事件）==
  |Δ| z_at_02   中位 0.0783  p90 0.9486  max 22.9319
  |Δ| z_at_10   中位 0.0366  p90 0.6307  max 25.9636
  |Δ| z_t50     中位 0.0100  p90 0.1920  max 4.9300
  |Δ| z_t90     中位 0.1700  p90 1.6080  max 4.9900
  仅加载类（n=40）：|Δ z_at_02| 中位 0.0982；|Δ t90| 中位 0.440 s

== ③ 与第一轮 events.csv 匹配上 55 / 55 个事件 ==
  0.2 s 完成度(0~1)                     n=54 中位差 +0.0114  |差|中位 0.0826  max 22.9115
  0.2 s 完成度: 第一轮 vs 本任务主通道           n=54 中位差 +0.0003  |差|中位 0.0129  max 1.2153
  1.0 s 完成度(0~1)                     n=54 中位差 +0.0039  |差|中位 0.0300  max 25.9432

  加载类子集（第一轮 kind=onset/restep）:
    onset   n=19  第一轮 0.2s 完成度 中位 83.8%  本任务(Z) 82.4%  本任务(主通道) 84.9%
            第一轮 fast_t90 中位 3.09 s  本任务 t90(Z) 0.67 s  主通道 0.61 s
    restep  n=15  第一轮 0.2s 完成度 中位 62.6%  本任务(Z) 46.5%  本任务(主通道) 35.0%
            第一轮 fast_t90 中位 0.58 s  本任务 t90(Z) 1.04 s  主通道 0.72 s

  逐事件明细（前 30）:
      rec   kind_r1       kind_t4a  t_edge_r1  t_on_t4a    d_t  r1_step_frac  t4a_z_at_02  ch_at_02  r1_frac1  t4a_z_at_10  r1_fast_t90  t4a_t90  t4a_ch_t90
右拇指指尖/数据1     onset          onset      8.277      8.27 -0.007         83.68        0.787     0.804     94.69        0.922        3.094     0.85        0.86
右拇指指尖/数据1    restep         restep     13.599     13.60  0.001         44.78        0.610     0.499     85.35        0.711        0.010     2.87        1.23
右拇指指尖/数据1 decrement         unload    115.370    115.37  0.000        108.79        1.008     1.081    100.25        0.995        0.000     0.04        0.02
右拇指指尖/数据2     onset          onset     12.316     12.32  0.004         78.68        0.784     0.777     84.07        0.878        4.447     1.50        3.10
右拇指指尖/数据2    restep         restep    147.207    147.11 -0.097         24.17       -0.209    -0.125     53.59        0.670        0.000     3.53        3.77
右拇指指尖/数据2 decrement         unload    159.494    159.49 -0.004        100.00        1.016     1.000    100.00        1.000          NaN     0.03        0.03
右拇指指尖/数据3     onset          onset     10.596     10.59 -0.006         77.42        0.834     0.772     82.48        0.926        3.791     0.49        2.92
右拇指指尖/数据3 decrement         unload    135.695    135.70  0.005         97.93        1.010     0.976     95.14        0.990          NaN     0.02        0.02
左拇指指尖/数据1     onset          onset     11.690     11.69  0.000         89.36        0.848     0.893     95.67        0.919        2.406     0.57        0.24
左拇指指尖/数据1 decrement         unload    147.374    147.52  0.146          5.04        1.000     1.000    100.00        1.000          NaN     0.13        0.08
左拇指指尖/数据2     onset          onset     14.918     14.92  0.002         93.86        0.860     0.938     96.77        0.916        1.998     0.67        0.05
左拇指指尖/数据2 decrement         unload    140.912    140.92  0.008        100.00        1.000     1.000    100.00        1.000          NaN     0.02        0.02
左拇指指尖/数据3     onset          onset     10.863     10.87  0.007         93.46        0.837     0.937     95.82        0.912        4.065     0.73        0.03
左拇指指尖/数据3 decrement         unload    132.588    132.59  0.002        100.00        1.000     1.000    100.00        1.000          NaN     0.04        0.03
 四指指尖/数据1     onset          onset     10.936     10.94  0.004         91.75        0.807     0.919     94.04        0.872        2.702     1.27        0.11
 四指指尖/数据1 decrement         unload    130.744    130.75  0.006        100.00        1.004     1.000    100.00        1.003          NaN     0.02        0.02
 四指指尖/数据2     onset          onset     11.027     11.03  0.003         88.39        0.781     0.884     93.10        0.879        4.586     1.38        0.43
 四指指尖/数据2 decrement         unload    130.779    130.78  0.001        101.40        1.005     1.014    101.40        1.003        0.000     0.03        0.03
 四指指尖/数据3     onset          onset     11.005     11.00 -0.005         86.37        0.812     0.866     90.57        0.910        3.529     0.88        0.78
 四指指尖/数据3 decrement         unload    140.448    140.40 -0.048        106.05        1.033     1.060    106.05        1.031        0.000     0.10        0.09
切换负载-快相无责     onset          onset     10.839     10.84  0.001         83.79        0.824     0.822     84.09        0.836        4.001     3.22        3.21
切换负载-快相无责    restep          onset     28.595     28.63  0.035         76.49        0.854     0.774     94.90        0.927        2.677     0.42        0.41
切换负载-快相无责    restep         restep     71.632     71.67  0.038        -35.97       -1.650    -0.606    -60.90       -1.762        4.588     4.78        4.68
切换负载-快相无责    restep          onset     76.210     75.89 -0.320         86.60        0.399     0.238     94.40        0.855        0.010     1.10        0.65
切换负载-快相无责    restep         restep    110.816    110.45 -0.366         72.18        0.316     0.008     93.06        0.952        2.667     0.84        0.72
切换负载-快相无责 decrement partial_unload    129.369    129.37  0.001        323.94       26.151     3.219    323.94       29.183        0.000     0.01        0.01
切换负载-快相无责     onset          onset    133.858    133.83 -0.028         34.91        0.617     0.318     89.19        0.957        1.891     0.41        1.41
切换负载-快相无责 decrement partial_unload    182.030    182.03  0.000        551.05        7.779     5.569    551.05        7.781        0.000     0.01        0.00
切换负载-快相无责     onset          onset    185.971    185.97 -0.001         81.65        0.894     0.796     92.83        0.965        2.866     0.22        0.61
切换负载-快相无责 decrement partial_unload    202.613    202.65  0.037        127.60        1.098     1.020    100.41        1.053        0.050     0.02        0.02

done
