实测定 α：单一时间缩放 α(τ)=τ·f_restep/f_onset 随 τ 变化很大 ⇒ 形状差不只是'快慢'
  τ =[0.05 0.1  0.2  0.3  0.5  0.65 0.8  1.   1.5  2.   3.   4.   5.  ]
  f_on=[0.701 0.76  0.815 0.85  0.882 0.895 0.907 0.92  0.936 0.95  0.978 0.994
 1.001]
  f_re=[0.396 0.482 0.634 0.738 0.869 0.911 0.891 0.921 0.921 0.958 0.96  0.996
 1.009]
  α   =[0.028 0.063 0.155 0.26  0.492 0.661 0.787 1.002 1.477 2.017 2.947 4.008
 5.04 ]
  取窗口 0.10~1.50 s 的中位 **α=0.577**（更短的 0.20~0.80 s 窗口给 0.492）
  ROM_restep = [0.    0.724 0.777 0.831 0.857 0.892 0.909 0.918 0.931 0.958 0.979 1.
 1.    1.   ]（= ROM_onset(τ/α)，本任务自建、非既有产物）
== --clean-t4a：只保留与 T4-A clean=True 配对的本任务事件 ==
    右拇指指尖/数据1：剔除非 clean 事件 3 个，保留 1 个
  [   3.9s] 右拇指指尖/数据1      M0_now               n=16270
  [  11.2s] 右拇指指尖/数据1      M1_flat112           n=16270
  [  19.3s] 右拇指指尖/数据1      M2_correctA          n=16270
  [  27.2s] 右拇指指尖/数据1      M2_correct           n=16270
  [  35.0s] 右拇指指尖/数据1      M2_inverse           n=16270
  [  42.9s] 右拇指指尖/数据1      M3_causal_P1         n=16270
  [  50.9s] 右拇指指尖/数据1      M3_causal_thr0.20    n=16270
  [  58.6s] 右拇指指尖/数据1      M3_causal_thr0.40    n=16270
  [  66.2s] 右拇指指尖/数据1      M4_warped            n=16270
    右拇指指尖/数据2：剔除非 clean 事件 1 个，保留 2 个
  [  76.5s] 右拇指指尖/数据2      M0_now               n=23414
  [  86.7s] 右拇指指尖/数据2      M1_flat112           n=23414
  [  96.6s] 右拇指指尖/数据2      M2_correctA          n=23414
  [ 106.3s] 右拇指指尖/数据2      M2_correct           n=23414
  [ 115.6s] 右拇指指尖/数据2      M2_inverse           n=23414
  [ 124.9s] 右拇指指尖/数据2      M3_causal_P1         n=23414
  [ 134.2s] 右拇指指尖/数据2      M3_causal_thr0.20    n=23414
  [ 143.5s] 右拇指指尖/数据2      M3_causal_thr0.40    n=23414
  [ 152.8s] 右拇指指尖/数据2      M4_warped            n=23414
    右拇指指尖/数据3：剔除非 clean 事件 1 个，保留 1 个
  [ 159.9s] 右拇指指尖/数据3      M0_now               n=19039
  [ 166.9s] 右拇指指尖/数据3      M1_flat112           n=19039
  [ 173.9s] 右拇指指尖/数据3      M2_correctA          n=19039
  [ 180.9s] 右拇指指尖/数据3      M2_correct           n=19039
  [ 188.0s] 右拇指指尖/数据3      M2_inverse           n=19039
  [ 195.0s] 右拇指指尖/数据3      M3_causal_P1         n=19039
  [ 202.1s] 右拇指指尖/数据3      M3_causal_thr0.20    n=19039
  [ 209.0s] 右拇指指尖/数据3      M3_causal_thr0.40    n=19039
  [ 215.9s] 右拇指指尖/数据3      M4_warped            n=19039
  [ 223.1s] 左拇指指尖/数据1      M0_now               n=19621
  [ 230.2s] 左拇指指尖/数据1      M1_flat112           n=19621
  [ 237.6s] 左拇指指尖/数据1      M2_correctA          n=19621
  [ 244.9s] 左拇指指尖/数据1      M2_correct           n=19621
  [ 252.7s] 左拇指指尖/数据1      M2_inverse           n=19621
  [ 260.5s] 左拇指指尖/数据1      M3_causal_P1         n=19621
  [ 268.3s] 左拇指指尖/数据1      M3_causal_thr0.20    n=19621
  [ 275.9s] 左拇指指尖/数据1      M3_causal_thr0.40    n=19621
  [ 283.2s] 左拇指指尖/数据1      M4_warped            n=19621
  [ 290.2s] 左拇指指尖/数据2      M0_now               n=19851
  [ 297.3s] 左拇指指尖/数据2      M1_flat112           n=19851
  [ 304.4s] 左拇指指尖/数据2      M2_correctA          n=19851
  [ 311.5s] 左拇指指尖/数据2      M2_correct           n=19851
  [ 318.8s] 左拇指指尖/数据2      M2_inverse           n=19851
  [ 326.0s] 左拇指指尖/数据2      M3_causal_P1         n=19851
  [ 333.0s] 左拇指指尖/数据2      M3_causal_thr0.20    n=19851
  [ 340.1s] 左拇指指尖/数据2      M3_causal_thr0.40    n=19851
  [ 347.3s] 左拇指指尖/数据2      M4_warped            n=19851
  [ 354.3s] 左拇指指尖/数据3      M0_now               n=19282
  [ 361.1s] 左拇指指尖/数据3      M1_flat112           n=19282
  [ 367.8s] 左拇指指尖/数据3      M2_correctA          n=19282
  [ 374.6s] 左拇指指尖/数据3      M2_correct           n=19282
  [ 381.8s] 左拇指指尖/数据3      M2_inverse           n=19282
  [ 388.6s] 左拇指指尖/数据3      M3_causal_P1         n=19282
  [ 395.3s] 左拇指指尖/数据3      M3_causal_thr0.20    n=19282
  [ 402.2s] 左拇指指尖/数据3      M3_causal_thr0.40    n=19282
  [ 409.1s] 左拇指指尖/数据3      M4_warped            n=19282
    四指指尖/数据1：剔除非 clean 事件 1 个，保留 0 个
  [ 415.2s] 四指指尖/数据2       M0_now               n=19055
  [ 421.4s] 四指指尖/数据2       M1_flat112           n=19055
  [ 427.5s] 四指指尖/数据2       M2_correctA          n=19055
  [ 434.2s] 四指指尖/数据2       M2_correct           n=19055
  [ 440.4s] 四指指尖/数据2       M2_inverse           n=19055
  [ 446.7s] 四指指尖/数据2       M3_causal_P1         n=19055
  [ 453.1s] 四指指尖/数据2       M3_causal_thr0.20    n=19055
  [ 459.5s] 四指指尖/数据2       M3_causal_thr0.40    n=19055
  [ 466.1s] 四指指尖/数据2       M4_warped            n=19055
  [ 473.4s] 四指指尖/数据3       M0_now               n=19969
  [ 481.3s] 四指指尖/数据3       M1_flat112           n=19969
  [ 489.1s] 四指指尖/数据3       M2_correctA          n=19969
  [ 496.7s] 四指指尖/数据3       M2_correct           n=19969
  [ 503.4s] 四指指尖/数据3       M2_inverse           n=19969
  [ 509.8s] 四指指尖/数据3       M3_causal_P1         n=19969
  [ 516.3s] 四指指尖/数据3       M3_causal_thr0.20    n=19969
  [ 522.9s] 四指指尖/数据3       M3_causal_thr0.40    n=19969
  [ 529.6s] 四指指尖/数据3       M4_warped            n=19969
    切换负载-快相无责：剔除非 clean 事件 3 个，保留 8 个
  [ 542.6s] 切换负载-快相无责      M0_now               n=25571
  [ 555.5s] 切换负载-快相无责      M1_flat112           n=25571
  [ 568.1s] 切换负载-快相无责      M2_correctA          n=25571
  [ 581.0s] 切换负载-快相无责      M2_correct           n=25571
  [ 593.4s] 切换负载-快相无责      M2_inverse           n=25571
  [ 606.7s] 切换负载-快相无责      M3_causal_P1         n=25571
  [ 620.5s] 切换负载-快相无责      M3_causal_thr0.20    n=25571
  [ 636.1s] 切换负载-快相无责      M3_causal_thr0.40    n=25571
  [ 652.8s] 切换负载-快相无责      M4_warped            n=25571
    再切换负载：剔除非 clean 事件 2 个，保留 2 个
  [ 655.6s] 再切换负载          M0_now               n=7089
  [ 658.3s] 再切换负载          M1_flat112           n=7089
  [ 661.3s] 再切换负载          M2_correctA          n=7089
  [ 664.4s] 再切换负载          M2_correct           n=7089
  [ 667.0s] 再切换负载          M2_inverse           n=7089
  [ 670.0s] 再切换负载          M3_causal_P1         n=7089
  [ 673.0s] 再切换负载          M3_causal_thr0.20    n=7089
  [ 675.9s] 再切换负载          M3_causal_thr0.40    n=7089
  [ 678.5s] 再切换负载          M4_warped            n=7089
  [ 681.3s] 中途切换-1d9493    M0_now               n=6386
  [ 684.0s] 中途切换-1d9493    M1_flat112           n=6386
  [ 686.8s] 中途切换-1d9493    M2_correctA          n=6386
  [ 689.7s] 中途切换-1d9493    M2_correct           n=6386
  [ 692.6s] 中途切换-1d9493    M2_inverse           n=6386
  [ 695.4s] 中途切换-1d9493    M3_causal_P1         n=6386
  [ 698.3s] 中途切换-1d9493    M3_causal_thr0.20    n=6386
  [ 701.1s] 中途切换-1d9493    M3_causal_thr0.40    n=6386
  [ 703.9s] 中途切换-1d9493    M4_warped            n=6386
    中途切换-13ffca：剔除非 clean 事件 4 个，保留 3 个
  [ 709.0s] 中途切换-13ffca    M0_now               n=12058
  [ 714.1s] 中途切换-13ffca    M1_flat112           n=12058
  [ 719.2s] 中途切换-13ffca    M2_correctA          n=12058
  [ 724.8s] 中途切换-13ffca    M2_correct           n=12058
  [ 731.2s] 中途切换-13ffca    M2_inverse           n=12058
  [ 736.7s] 中途切换-13ffca    M3_causal_P1         n=12058
  [ 741.8s] 中途切换-13ffca    M3_causal_thr0.20    n=12058
  [ 747.0s] 中途切换-13ffca    M3_causal_thr0.40    n=12058
  [ 752.4s] 中途切换-13ffca    M4_warped            n=12058
总耗时 752.4 s

== 各臂 × 真值类别的 T1 口径指标（中位/p90）==
              arm true_kind  n  kappa  T_stable_med  T_stable_p90  T_stable_drift_med   os_med   os_max   us_med   us_min  md_med  md_max  plat_dev_med  plat_dev_absmax  plat_dev_abs_med  plat_dev_abs_maxabs  plat_mae_abs_med  plat_dev_adc_med  plat_dev_adc_absmax   d1_med  d2_med
           M0_now     onset 19   1.30         2.170        15.972                0.01   1.5220  149.232 -71.6070 -257.730 1897.10  4529.6        -1.409           35.898            -1.409               35.924            6.2270              -0.5               4236.6  -1.0420  -0.302
           M0_now    restep  6   1.30         9.630        10.198                9.68 375.1545 1821.957 -14.7725 -445.112 2659.45  5445.8         0.000          163.720             0.000              164.718           46.8605               0.0               5349.0 -21.1380 -16.553
       M1_flat112     onset 19   1.12         2.170        15.918                0.01   1.3770  148.592 -70.7620 -257.730 1897.10  4529.6        -1.409           35.898            -1.409               35.924            4.6360              -0.5               4236.6  -0.9820  -0.182
       M1_flat112    restep  6   1.12         9.630        10.198                9.68 375.1545 1821.957 -14.7725 -445.112 2593.95  5445.8         0.000          163.720             0.000              164.718           46.5230               0.0               5349.0 -21.1380 -16.553
      M2_correctA     onset 19   1.30         2.170        15.972                0.01   1.5220  148.592 -71.6070 -257.730 1897.10  4529.6        -1.409           35.898            -1.409               35.924            6.2270              -0.5               4236.6  -1.0420  -0.302
      M2_correctA    restep  6   1.12         9.630        10.198                9.68 375.1545 1821.957 -14.7725 -445.112 2659.45  5445.8         0.000          163.720             0.000              164.718           46.8605               0.0               5349.0 -21.1380 -16.553
       M2_correct     onset 19   1.30         2.170        15.900                0.01   1.5220  146.319 -71.6070 -247.936 2207.20  4529.6        -1.409           37.228            -1.409               37.255            6.2270              -0.5               4292.8  -1.0420  -0.302
       M2_correct    restep  6   1.12         9.630        10.198                9.68 366.2610 1821.957 -14.7725 -445.112 3071.40  5545.9         0.000          163.720             0.000              164.718           47.1300               0.0               5349.0 -21.1380 -16.553
       M2_inverse     onset 19   1.12         0.500        19.091                0.01   0.9950  146.458 -67.5790 -254.829 1192.80  4529.6        -3.648           33.746            -3.648               34.022            5.0590              -0.9               4236.6  -1.0985  -0.008
       M2_inverse    restep  6   1.30         9.625        10.189                9.67 393.6795 1748.990 -15.7600 -428.686 1587.70  5445.8         0.000          214.868             0.000              216.179           46.0080               0.0               5349.0 -23.2240 -18.751
     M3_causal_P1     onset 19   1.30         2.170        15.972                0.01   1.5220  146.319 -71.6070 -257.730 2207.20  4529.6        -1.409           35.898            -1.409               35.924            6.2270              -0.5               4292.8  -1.0420  -0.302
     M3_causal_P1    restep  6   1.12         9.630        10.198                9.68 371.5750 1821.957 -14.7725 -445.112 2765.70  5545.9         0.000          163.720             0.000              164.718           47.1300               0.0               5349.0 -21.1380 -16.553
M3_causal_thr0.20     onset 19   1.30         2.170        15.972                0.01   1.5220  146.319 -71.6070 -257.730 2207.20  4529.6        -1.409           35.898            -1.409               35.924            6.2270              -0.5               4292.8  -1.0420  -0.302
M3_causal_thr0.20    restep  6   1.12         9.630        10.198                9.68 371.5750 1821.957 -14.7725 -445.112 2765.70  5545.9         0.000          163.720             0.000              164.718           47.1300               0.0               5349.0 -21.1380 -16.553
M3_causal_thr0.40     onset 19   1.30         2.170        15.972                0.01   1.5220  146.319 -71.6070 -257.730 2207.20  4529.6        -1.409           35.898            -1.409               35.924            6.2270              -0.5               4292.8  -1.0420  -0.302
M3_causal_thr0.40    restep  6   1.12         9.630        10.198                9.68 371.5750 1821.957 -14.7725 -445.112 2765.70  5545.9         0.000          163.720             0.000              164.718           47.1300               0.0               5349.0 -21.1380 -16.553
        M4_warped     onset 19   1.30         2.170        15.900                0.01   1.5220  147.340 -71.6070 -247.936 2007.30  4529.6        -1.409           37.228            -1.409               37.255            6.2270              -0.5               4530.7  -1.0420  -0.302
        M4_warped    restep  6   1.30         9.630        10.198                9.68 364.0785 1821.957 -14.7725 -445.112 3098.40  5791.6         0.000          163.720             0.000              164.718           47.4235               0.0               5349.0 -21.1380 -16.553

== 误判代价（相对真值分支 M2_correct，同类别同事件配对的差值）==
              arm true_kind  n  dT_med  dT_absmax  dOS_med  dOS_absmax  dPlat_med  dPlat_absmax  dPlatAbs_med  dPlatAbs_absmax  dMAE_abs_med  dMAE_abs_max  dADC_med  dADC_absmax  dMD_med  dMD_absmax
           M0_now     onset 19   0.000       0.09   0.0000       2.913      0.000         1.540         0.000            1.573        0.0000         3.145       0.0        236.7     0.00       378.4
           M0_now    restep  6   0.000       0.00   0.0000      14.549      0.000         0.000         0.000            0.000        0.0000         1.935       0.0          0.0     0.00       823.9
       M1_flat112     onset 19   0.000       0.27   0.0000       2.841      0.000         1.590         0.000            1.593        0.3900         3.145       0.0        400.4    -0.60       980.4
       M1_flat112    restep  6   0.000       0.00   0.0000      14.549      0.000         0.000         0.000            0.000        0.5265         1.935       0.0          0.0   -65.50       823.9
      M2_correctA     onset 19   0.000       0.09   0.0000       2.273      0.000         1.504         0.000            1.536        0.0000         3.145       0.0        231.2     0.00       378.4
      M2_correctA    restep  6   0.000       0.00   0.0000      14.549      0.000         0.000         0.000            0.000        0.0000         1.935       0.0          0.0     0.00       823.9
       M2_inverse     onset 19  -0.020       4.86   0.0000      10.397     -3.719        32.759        -3.721           32.783        2.5330        33.219      -0.8       1995.3    -0.70      2034.0
       M2_inverse    restep  6  -0.005       0.01  -4.2675      72.967      0.000        51.148         0.000           51.461        8.1875        51.514       0.0          0.5  -114.25      2172.5
     M3_causal_P1     onset 19   0.000       0.09   0.0000       0.358      0.000         1.330         0.000            1.331        0.0000         3.145       0.0         81.0     0.00       378.4
     M3_causal_P1    restep  6   0.000       0.00   0.0000      10.628      0.000         0.000         0.000            0.000        0.0000         1.414       0.0          0.0     0.00       611.4
M3_causal_thr0.20     onset 19   0.000       0.09   0.0000       0.358      0.000         1.330         0.000            1.331        0.0000         3.145       0.0         81.0     0.00       378.4
M3_causal_thr0.20    restep  6   0.000       0.00   0.0000      10.628      0.000         0.000         0.000            0.000        0.0000         1.414       0.0          0.0     0.00       611.4
M3_causal_thr0.40     onset 19   0.000       0.09   0.0000       0.358      0.000         1.330         0.000            1.331        0.0000         3.145       0.0         81.0     0.00       378.4
M3_causal_thr0.40    restep  6   0.000       0.00   0.0000      10.628      0.000         0.000         0.000            0.000        0.0000         1.414       0.0          0.0     0.00       611.4
        M4_warped     onset 19   0.000       0.00   0.0000       1.021      0.000         1.391         0.000            1.420        0.0000         1.360       0.0        237.9     0.00       199.9
        M4_warped    restep  6   0.000       0.00   0.0000       3.365      0.000         0.000         0.000            0.000        0.0000         0.587       0.0          0.0     0.00       245.7

== 分支判定混淆（每臂：真值 vs 实际使用支；misbranched = 误判事件数）==
              arm true_kind  n  used_onset  used_restep  misbranched
           M0_now     onset 19          19            0            0
           M0_now    restep  6           6            0            6
       M1_flat112     onset 19          19            0            0
       M1_flat112    restep  6           6            0            6
      M2_correctA     onset 19          19            0            0
      M2_correctA    restep  6           6            0            6
       M2_correct     onset 19          19            0            0
       M2_correct    restep  6           0            6            0
       M2_inverse     onset 19           0           19           19
       M2_inverse    restep  6           6            0            6
     M3_causal_P1     onset 19          15            4            4
     M3_causal_P1    restep  6           0            6            0
M3_causal_thr0.20     onset 19          15            4            4
M3_causal_thr0.20    restep  6           0            6            0
M3_causal_thr0.40     onset 19          17            2            2
M3_causal_thr0.40    restep  6           0            6            0
        M4_warped     onset 19          15            4            4
        M4_warped    restep  6           0            6            0

== 判据在全体事件上的二分表现（P1 门限 0.30）==
  门限 0.10：TP(onset→onset)=12 FN=11 FP=0 TN=12  准确率=0.686
  门限 0.20：TP(onset→onset)=17 FN=6 FP=0 TN=12  准确率=0.829
  门限 0.30：TP(onset→onset)=17 FN=6 FP=0 TN=12  准确率=0.829

-> results/t4b_arm_metrics.csv / t4b_branch_confusion.csv / t4b_branch_cost.csv / t4b_branch_confmat.csv / t4b_decision_agreement.csv / t4b_rom_restep.csv
