== ① 载荷量标注检查（13 份录制）==
        rec  dom  session_json force_conversion_active calib_params reported_force_unit                   unit_keyword_hits
  右拇指指尖/数据1  显示域          True                   False           {}                  mN force_conversion_active=False⇒无物理标度
  右拇指指尖/数据2  显示域          True                   False           {}                  mN force_conversion_active=False⇒无物理标度
  右拇指指尖/数据3  显示域          True                   False           {}                  mN force_conversion_active=False⇒无物理标度
  左拇指指尖/数据1  显示域          True                    True           {}                  mN                                    
  左拇指指尖/数据2  显示域          True                    True           {}                  mN                                    
  左拇指指尖/数据3  显示域          True                    True           {}                  mN                                    
   四指指尖/数据1  显示域          True                    True           {}                  mN                                    
   四指指尖/数据2  显示域          True                    True           {}                  mN                                    
   四指指尖/数据3  显示域          True                    True           {}                  mN                                    
  切换负载-快相无责 ADC域          True                   False           {}                   N force_conversion_active=False⇒无物理标度
      再切换负载 ADC域          True                   False           {}                   N force_conversion_active=False⇒无物理标度
中途切换-1d9493 ADC域          True                   False           {}                   N force_conversion_active=False⇒无物理标度
中途切换-13ffca ADC域          True                   False           {}                   N force_conversion_active=False⇒无物理标度

force_conversion_active 为假（⇒ ADC 无物理标度）的录制数 = 7 / 13
calibration.params 非空的录制数 = 0 / 13
任何一份录制带载荷量（N/gf）数值标注的：无

== ② 事件落点的相对量级（占录制峰值；仅加载类事件 n=35）==
       pre_frac_nc                     post_frac_rec                     J_frac_rec                    
               min       50%       max           min       50%       max        min       50%       max
kind                                                                                                   
onset     0.000000  0.002470  0.195222      0.143708  0.808284  0.972422    0.14110  0.804406  0.970921
restep    0.493396  0.679818  0.972881      0.573107  0.872414  0.983897    0.00472  0.093839  0.250773

分档计数： {'full_scale': np.int64(31), 'half_scale': np.int64(4)}
每档的录制来源：
tier
full_scale    中途切换-13ffca|中途切换-1d9493|再切换负载|切换负载-快相无责|右拇指指尖/...
half_scale                                中途切换-13ffca|切换负载-快相无责

== 形状随相对量级的变化（sh_*b 归一到各自 J(5s)）==
 tau  n_half  n_full  med_half  med_full      d_pt  auc_mixed  n_onset_half  n_onset_full  med_onset_half  med_onset_full  d_pt_onset  auc_onset
0.05       4      31  0.711503  0.598678 11.282523   0.572581             4            19        0.711503        0.675106    3.639673   0.500000
0.10       4      31  0.762794  0.703507  5.928683   0.540323             4            19        0.762794        0.747707    1.508663   0.486842
0.20       4      31  0.817837  0.792199  2.563761   0.467742             4            19        0.817837        0.815217    0.262013   0.381579
0.30       4      31  0.828755  0.815353  1.340180   0.475806             4            19        0.828755        0.850474   -2.171982   0.394737
0.50       4      31  0.846102  0.882268 -3.616560   0.330645             4            19        0.846102        0.892599   -4.649650   0.289474
0.65       4      31  0.854631  0.902587 -4.795567   0.330645             4            19        0.854631        0.902587   -4.795567   0.302632
0.80       4      31  0.869509  0.906733 -3.722381   0.379032             4            19        0.869509        0.909517   -4.000840   0.328947
1.00       4      31  0.879714  0.919704 -3.998988   0.338710             4            19        0.879714        0.919704   -3.998988   0.276316
1.50       4      31  0.914538  0.935857 -2.131915   0.387097             4            19        0.914538        0.939219   -2.468127   0.315789
2.00       4      31  0.940569  0.959387 -1.881753   0.427419             4            19        0.940569        0.959387   -1.881753   0.381579
3.00       4      31  0.966467  0.977625 -1.115741   0.427419             4            19        0.966467        0.978602   -1.213439   0.355263
4.00       4      31  1.004085  0.994260  0.982559   0.653226             4            19        1.004085        0.993511    1.057452   0.684211
5.00       4      31  1.016602  1.005815  1.078723   0.693548             4            19        1.016602        1.001384    1.521813   0.789474

== 形状 vs 加载后相对量级 post_frac_rec 的 Spearman 秩相关 ==
             p             rho        
subset 仅 onset  全部加载事件 仅 onset  全部加载事件
tau                                   
0.05    0.6999  0.2433  0.0850 -0.2025
0.10    0.7436  0.2354  0.0721 -0.2059
0.20    0.1049  0.6278  0.3468 -0.0849
0.30    0.1136  0.6427  0.3389 -0.0812
0.50    0.0318  0.6835  0.4486  0.0714
0.65    0.0326  0.2487  0.4466  0.2003
0.80    0.0444  0.6577  0.4229  0.0776
1.00    0.0449  0.5102  0.4219  0.1151
1.50    0.1193  0.2473  0.3340  0.2008
2.00    0.1996  0.4876  0.2777  0.1213
3.00    0.1510  0.9834  0.3093 -0.0036
4.00    0.5410  0.0851 -0.1344 -0.2952
5.00    0.0489  0.0723 -0.4150 -0.3076

== ADC 录制里的载荷档位（平台电平/录制峰值，只列持续 >3 s 的真档位）==
        rec     level  level_frac_peak     t0     t1   dur
中途切换-13ffca 15475.303           0.4731   8.57  18.83 10.26
中途切换-13ffca 20970.252           0.6412  45.51  61.40 15.89
中途切换-13ffca 22403.686           0.6850  18.87  26.59  7.72
中途切换-13ffca 24328.819           0.7438  27.75  45.50 17.75
中途切换-13ffca 24340.505           0.7442  61.41  69.04  7.63
中途切换-13ffca 27973.099           0.8553  88.16  99.45 11.29
中途切换-13ffca 29419.082           0.8995 100.10 104.61  4.51
中途切换-13ffca 32160.610           0.9833 104.62 113.94  9.32
中途切换-1d9493 16455.728           0.5895  11.10  16.13  5.03
中途切换-1d9493 18216.184           0.6526  16.14  20.87  4.73
中途切换-1d9493 25629.663           0.9182  21.04  30.82  9.78
中途切换-1d9493 27293.648           0.9778  39.35  60.92 21.57
      再切换负载 15481.407           0.5971  13.09  31.34 18.25
      再切换负载 21723.888           0.8379  36.34  50.72 14.38
      再切换负载 25425.592           0.9807  57.59  70.88 13.29
  切换负载-快相无责  4545.431           0.1539  10.99  28.60 17.61
  切换负载-快相无责  5424.229           0.1837  71.93  75.92  3.99
  切换负载-快相无责  5675.782           0.1922 212.75 217.98  5.23
  切换负载-快相无责 11948.503           0.4046 218.38 230.72 12.34
  切换负载-快相无责 12044.946           0.4079  28.66  71.83 43.17
  切换负载-快相无责 18941.214           0.6414  76.35 110.69 34.34
  切换负载-快相无责 20118.773           0.6813 233.81 240.87  7.06
  切换负载-快相无责 22127.187           0.7493 202.80 212.54  9.74
  切换负载-快相无责 25615.888           0.8674 240.88 249.75  8.87
  切换负载-快相无责 25658.139           0.8689 186.21 202.76 16.55
  切换负载-快相无责 26170.375           0.8862 110.92 129.51 18.59
  切换负载-快相无责 27673.010           0.9371 134.28 182.17 47.89

== ③ 跨录制的量级可比性检查（总量峰值，ADC/显示单位）==
        rec  dom         peak  n_ch
  右拇指指尖/数据1  显示域    20.441840    31
  右拇指指尖/数据2  显示域    22.386290    31
  右拇指指尖/数据3  显示域    21.664316    31
  左拇指指尖/数据1  显示域    18.243553    31
  左拇指指尖/数据2  显示域    18.693993    31
  左拇指指尖/数据3  显示域    19.827183    31
   四指指尖/数据1  显示域    16.557648    21
   四指指尖/数据2  显示域    17.267389    21
   四指指尖/数据3  显示域    17.554693    21
  切换负载-快相无责 ADC域 29530.633923    21
      再切换负载 ADC域 25926.163636    21
中途切换-1d9493 ADC域 27912.463557    21
中途切换-13ffca ADC域 32707.005022    21

ADC 域 4 份峰值：25926 ~ 32707（差 1.26 倍）⇒ 无物理标度不可跨录制比绝对量级

-> results/t4b_loadlevels.csv / t4b_loadlevel_shape.csv / t4b_loadlevel_probe.csv
