实测定 α：单一时间缩放 α(τ)=τ·f_restep/f_onset 随 τ 变化很大 ⇒ 形状差不只是'快慢'
  τ =[0.05 0.1  0.2  0.3  0.5  0.65 0.8  1.   1.5  2.   3.   4.   5.  ]
  f_on=[0.701 0.76  0.815 0.85  0.882 0.895 0.907 0.92  0.936 0.95  0.978 0.994
 1.001]
  f_re=[0.396 0.482 0.634 0.738 0.869 0.911 0.891 0.921 0.921 0.958 0.96  0.996
 1.009]
  α   =[0.028 0.063 0.155 0.26  0.492 0.661 0.787 1.002 1.477 2.017 2.947 4.008
 5.04 ]
  取窗口 0.10~1.50 s 的中位 **α=0.577**（更短的 0.20~0.80 s 窗口给 0.492）
  ROM_restep = [0.    0.724 0.777 0.831 0.857 0.892 0.909 0.918 0.931 0.958 0.979 1.
 1.    1.   ]（= ROM_onset(τ/α)，本任务自建、非既有产物）
  [   4.4s] 右拇指指尖/数据1      M0_now               n=16270
  [  12.3s] 右拇指指尖/数据1      M1_flat112           n=16270
  [  20.3s] 右拇指指尖/数据1      M2_correctA          n=16270
  [  28.5s] 右拇指指尖/数据1      M2_correct           n=16270
  [  36.7s] 右拇指指尖/数据1      M2_inverse           n=16270
  [  45.2s] 右拇指指尖/数据1      M3_causal_P1         n=16270
  [  53.5s] 右拇指指尖/数据1      M3_causal_thr0.20    n=16270
  [  61.8s] 右拇指指尖/数据1      M3_causal_thr0.40    n=16270
  [  70.4s] 右拇指指尖/数据1      M4_warped            n=16270
  [  81.7s] 右拇指指尖/数据2      M0_now               n=23414
  [  93.4s] 右拇指指尖/数据2      M1_flat112           n=23414
  [ 104.5s] 右拇指指尖/数据2      M2_correctA          n=23414
  [ 115.5s] 右拇指指尖/数据2      M2_correct           n=23414
  [ 126.4s] 右拇指指尖/数据2      M2_inverse           n=23414
  [ 137.2s] 右拇指指尖/数据2      M3_causal_P1         n=23414
  [ 148.4s] 右拇指指尖/数据2      M3_causal_thr0.20    n=23414
  [ 159.7s] 右拇指指尖/数据2      M3_causal_thr0.40    n=23414
  [ 170.6s] 右拇指指尖/数据2      M4_warped            n=23414
  [ 178.8s] 右拇指指尖/数据3      M0_now               n=19039
  [ 187.3s] 右拇指指尖/数据3      M1_flat112           n=19039
  [ 195.6s] 右拇指指尖/数据3      M2_correctA          n=19039
  [ 203.7s] 右拇指指尖/数据3      M2_correct           n=19039
  [ 212.1s] 右拇指指尖/数据3      M2_inverse           n=19039
  [ 220.3s] 右拇指指尖/数据3      M3_causal_P1         n=19039
  [ 228.7s] 右拇指指尖/数据3      M3_causal_thr0.20    n=19039
  [ 236.7s] 右拇指指尖/数据3      M3_causal_thr0.40    n=19039
  [ 244.9s] 右拇指指尖/数据3      M4_warped            n=19039
  [ 253.7s] 左拇指指尖/数据1      M0_now               n=19621
  [ 262.3s] 左拇指指尖/数据1      M1_flat112           n=19621
  [ 270.4s] 左拇指指尖/数据1      M2_correctA          n=19621
  [ 278.8s] 左拇指指尖/数据1      M2_correct           n=19621
  [ 287.7s] 左拇指指尖/数据1      M2_inverse           n=19621
  [ 296.9s] 左拇指指尖/数据1      M3_causal_P1         n=19621
  [ 305.3s] 左拇指指尖/数据1      M3_causal_thr0.20    n=19621
  [ 313.6s] 左拇指指尖/数据1      M3_causal_thr0.40    n=19621
  [ 321.0s] 左拇指指尖/数据1      M4_warped            n=19621
  [ 327.9s] 左拇指指尖/数据2      M0_now               n=19851
  [ 334.7s] 左拇指指尖/数据2      M1_flat112           n=19851
  [ 341.6s] 左拇指指尖/数据2      M2_correctA          n=19851
  [ 348.5s] 左拇指指尖/数据2      M2_correct           n=19851
  [ 355.3s] 左拇指指尖/数据2      M2_inverse           n=19851
  [ 362.2s] 左拇指指尖/数据2      M3_causal_P1         n=19851
  [ 369.1s] 左拇指指尖/数据2      M3_causal_thr0.20    n=19851
  [ 375.9s] 左拇指指尖/数据2      M3_causal_thr0.40    n=19851
  [ 382.8s] 左拇指指尖/数据2      M4_warped            n=19851
  [ 389.4s] 左拇指指尖/数据3      M0_now               n=19282
  [ 396.1s] 左拇指指尖/数据3      M1_flat112           n=19282
  [ 402.6s] 左拇指指尖/数据3      M2_correctA          n=19282
  [ 410.7s] 左拇指指尖/数据3      M2_correct           n=19282
  [ 419.0s] 左拇指指尖/数据3      M2_inverse           n=19282
  [ 427.2s] 左拇指指尖/数据3      M3_causal_P1         n=19282
  [ 435.3s] 左拇指指尖/数据3      M3_causal_thr0.20    n=19282
  [ 443.3s] 左拇指指尖/数据3      M3_causal_thr0.40    n=19282
  [ 451.5s] 左拇指指尖/数据3      M4_warped            n=19282
  [ 458.8s] 四指指尖/数据1       M0_now               n=19079
  [ 466.1s] 四指指尖/数据1       M1_flat112           n=19079
  [ 473.3s] 四指指尖/数据1       M2_correctA          n=19079
  [ 480.6s] 四指指尖/数据1       M2_correct           n=19079
  [ 487.9s] 四指指尖/数据1       M2_inverse           n=19079
  [ 495.1s] 四指指尖/数据1       M3_causal_P1         n=19079
  [ 502.3s] 四指指尖/数据1       M3_causal_thr0.20    n=19079
  [ 509.5s] 四指指尖/数据1       M3_causal_thr0.40    n=19079
  [ 517.1s] 四指指尖/数据1       M4_warped            n=19079
  [ 524.1s] 四指指尖/数据2       M0_now               n=19055
  [ 531.1s] 四指指尖/数据2       M1_flat112           n=19055
  [ 538.1s] 四指指尖/数据2       M2_correctA          n=19055
  [ 544.9s] 四指指尖/数据2       M2_correct           n=19055
  [ 551.9s] 四指指尖/数据2       M2_inverse           n=19055
  [ 559.0s] 四指指尖/数据2       M3_causal_P1         n=19055
  [ 566.0s] 四指指尖/数据2       M3_causal_thr0.20    n=19055
  [ 573.0s] 四指指尖/数据2       M3_causal_thr0.40    n=19055
  [ 579.9s] 四指指尖/数据2       M4_warped            n=19055
  [ 587.0s] 四指指尖/数据3       M0_now               n=19969
  [ 594.5s] 四指指尖/数据3       M1_flat112           n=19969
  [ 602.5s] 四指指尖/数据3       M2_correctA          n=19969
  [ 610.3s] 四指指尖/数据3       M2_correct           n=19969
  [ 618.5s] 四指指尖/数据3       M2_inverse           n=19969
  [ 626.4s] 四指指尖/数据3       M3_causal_P1         n=19969
  [ 634.3s] 四指指尖/数据3       M3_causal_thr0.20    n=19969
  [ 642.2s] 四指指尖/数据3       M3_causal_thr0.40    n=19969
  [ 649.8s] 四指指尖/数据3       M4_warped            n=19969
  [ 664.8s] 切换负载-快相无责      M0_now               n=25571
  [ 680.1s] 切换负载-快相无责      M1_flat112           n=25571
  [ 695.0s] 切换负载-快相无责      M2_correctA          n=25571
  [ 710.0s] 切换负载-快相无责      M2_correct           n=25571
  [ 724.0s] 切换负载-快相无责      M2_inverse           n=25571
  [ 739.1s] 切换负载-快相无责      M3_causal_P1         n=25571
  [ 754.2s] 切换负载-快相无责      M3_causal_thr0.20    n=25571
  [ 769.5s] 切换负载-快相无责      M3_causal_thr0.40    n=25571
  [ 784.4s] 切换负载-快相无责      M4_warped            n=25571
  [ 787.8s] 再切换负载          M0_now               n=7089
  [ 791.2s] 再切换负载          M1_flat112           n=7089
  [ 795.0s] 再切换负载          M2_correctA          n=7089
  [ 798.6s] 再切换负载          M2_correct           n=7089
  [ 802.2s] 再切换负载          M2_inverse           n=7089
  [ 805.8s] 再切换负载          M3_causal_P1         n=7089
  [ 809.6s] 再切换负载          M3_causal_thr0.20    n=7089
  [ 813.3s] 再切换负载          M3_causal_thr0.40    n=7089
  [ 817.1s] 再切换负载          M4_warped            n=7089
  [ 820.7s] 中途切换-1d9493    M0_now               n=6386
  [ 824.2s] 中途切换-1d9493    M1_flat112           n=6386
  [ 827.7s] 中途切换-1d9493    M2_correctA          n=6386
  [ 831.1s] 中途切换-1d9493    M2_correct           n=6386
  [ 834.4s] 中途切换-1d9493    M2_inverse           n=6386
  [ 838.0s] 中途切换-1d9493    M3_causal_P1         n=6386
  [ 841.3s] 中途切换-1d9493    M3_causal_thr0.20    n=6386
  [ 844.7s] 中途切换-1d9493    M3_causal_thr0.40    n=6386
  [ 848.1s] 中途切换-1d9493    M4_warped            n=6386
  [ 855.1s] 中途切换-13ffca    M0_now               n=12058
  [ 862.1s] 中途切换-13ffca    M1_flat112           n=12058
  [ 869.2s] 中途切换-13ffca    M2_correctA          n=12058
  [ 876.0s] 中途切换-13ffca    M2_correct           n=12058
  [ 883.1s] 中途切换-13ffca    M2_inverse           n=12058
  [ 890.2s] 中途切换-13ffca    M3_causal_P1         n=12058
  [ 896.9s] 中途切换-13ffca    M3_causal_thr0.20    n=12058
  [ 903.7s] 中途切换-13ffca    M3_causal_thr0.40    n=12058
  [ 910.5s] 中途切换-13ffca    M4_warped            n=12058
总耗时 910.5 s

== 各臂 × 真值类别的 T1 口径指标（中位/p90）==
              arm true_kind  n  kappa  T_stable_med  T_stable_p90  T_stable_drift_med   os_med   os_max   us_med     us_min  md_med  md_max  plat_dev_med  plat_dev_absmax  plat_dev_abs_med  plat_dev_abs_maxabs  plat_mae_abs_med  plat_dev_adc_med  plat_dev_adc_absmax  d1_med  d2_med
           M0_now     onset 23   1.30         0.500        12.312               0.010   1.4745  112.107 -66.5050   -211.850 1421.95  4529.6        -3.346           35.898            -3.356               35.924            8.0010              -1.1               4236.6  -0.770  -0.620
           M0_now    restep 12   1.30         9.630        10.198               9.380 389.7020 1821.957 -15.4910 -15019.812 2401.95  5445.8         0.000          163.720             0.000              164.718           28.7335               0.0               5349.0 -21.138 -16.553
       M1_flat112     onset 23   1.12         0.580        12.150               0.010   1.1920  112.107 -65.8770   -211.850 1343.70  4529.6        -3.346           35.898            -3.356               35.924            7.7160              -1.3               4236.6  -0.592  -0.538
       M1_flat112    restep 12   1.12         9.630        10.198               9.380 389.7020 1821.957 -15.4910 -15019.812 2367.85  5445.8         0.000          163.720             0.000              164.718           28.7015               0.0               5349.0 -21.138 -16.553
      M2_correctA     onset 23   1.30         0.500        12.312               0.010   1.4745  112.107 -66.5050   -211.850 1421.95  4529.6        -3.346           35.898            -3.356               35.924            8.0010              -1.1               4236.6  -0.770  -0.620
      M2_correctA    restep 12   1.12         9.630        10.198               9.380 389.7020 1821.957 -15.4910 -15019.812 2433.35  5445.8         0.000          163.720             0.000              164.718           29.4730               0.0               5349.0 -21.138 -16.553
       M2_correct     onset 23   1.30         0.500        12.312               0.010   1.4745  112.107 -66.5050   -211.850 1421.95  4529.6        -3.346           35.898            -3.356               35.924            8.0010              -1.1               4292.8  -0.770  -0.620
       M2_correct    restep 12   1.12         9.630        10.198               9.380 386.5990 1821.957 -15.4910 -15019.812 2591.40  5545.9         0.000          163.720             0.000              164.718           32.4675               0.0               5349.0 -21.138 -16.553
       M2_inverse     onset 23   1.12         0.480        11.410               0.010   1.2030  115.693 -64.0595   -211.850 1121.00  4529.6        -4.772           33.746            -4.776               34.022            5.6320              -1.9               4236.6  -0.813  -0.777
       M2_inverse    restep 12   1.30         9.625        10.189               9.375 384.0930 1748.990 -16.8370 -14486.466 2237.05  5445.8         0.000          214.868             0.000              216.179           38.4395               0.0               5349.0 -23.224 -18.751
     M3_causal_P1     onset 23   1.30         0.500        12.312               0.010   1.4745  112.107 -66.5050   -211.850 1421.95  4529.6        -3.346           35.898            -3.356               35.924            8.0490              -1.1               4292.8  -0.770  -0.620
     M3_causal_P1    restep 12   1.12         9.630        10.198               9.380 386.5990 1821.957 -15.4910 -15019.812 2591.40  5545.9         0.000          163.720             0.000              164.718           32.4675               0.0               5349.0 -21.138 -16.553
M3_causal_thr0.20     onset 23   1.30         0.500        12.312               0.010   1.4745  112.107 -66.5050   -211.850 1421.95  4529.6        -3.346           35.898            -3.356               35.924            8.0490              -1.1               4292.8  -0.770  -0.620
M3_causal_thr0.20    restep 12   1.12         9.630        10.198               9.380 386.5990 1821.957 -15.4910 -15019.812 2591.40  5545.9         0.000          163.720             0.000              164.718           32.4675               0.0               5349.0 -21.138 -16.553
M3_causal_thr0.40     onset 23   1.30         0.500        12.312               0.010   1.4745  112.107 -66.5050   -211.850 1421.95  4529.6        -3.346           35.898            -3.356               35.924            8.0490              -1.1               4292.8  -0.770  -0.620
M3_causal_thr0.40    restep 12   1.12         9.630        10.198               9.380 386.5990 1821.957 -15.4910 -15019.812 2591.40  5545.9         0.000          163.720             0.000              164.718           32.4675               0.0               5349.0 -21.138 -16.553
        M4_warped     onset 23   1.30         0.500        12.312               0.010   1.4745  112.107 -66.5050   -211.850 1421.95  4529.6        -3.346           37.228            -3.356               37.255            8.0010              -1.3               4530.7  -0.372  -0.620
        M4_warped    restep 12   1.30         9.630        10.198               9.380 383.0505 1821.957 -15.4910 -15019.812 2453.20  5791.6         0.000          163.720             0.000              164.718           31.0790               0.0               5349.0 -21.138 -16.553

== 误判代价（相对真值分支 M2_correct，同类别同事件配对的差值）==
              arm true_kind  n  dT_med  dT_absmax  dOS_med  dOS_absmax  dPlat_med  dPlat_absmax  dPlatAbs_med  dPlatAbs_absmax  dMAE_abs_med  dMAE_abs_max  dADC_med  dADC_absmax  dMD_med  dMD_absmax
           M0_now     onset 23   0.000       0.00    0.000       0.001        0.0         1.540         0.000            1.573         0.000         1.431       0.0        236.7     0.00         0.0
           M0_now    restep 12   0.000       0.00    0.000      12.035        0.0        11.442         0.000           11.527         0.000        10.800       0.0        544.0     0.00       388.2
       M1_flat112     onset 23   0.030       0.27    0.000       2.841        0.0         1.590         0.000            1.593         0.360         1.591       0.0        400.4    -0.45       980.4
       M1_flat112    restep 12   0.000       0.00    0.000      16.721        0.0         9.190         0.000            9.259         0.787         8.711       0.0        436.9  -161.95       327.5
      M2_correctA     onset 23   0.000       0.00    0.000       0.001        0.0         1.504         0.000            1.536         0.000         1.396       0.0        231.2     0.00         0.0
      M2_correctA    restep 12   0.000       0.00    0.000      10.209        0.0         9.190         0.000            9.259         0.000         8.711       0.0        436.9     0.00       327.5
       M2_inverse     onset 23  -0.020       1.69   -0.054      10.397       -3.8        31.126        -3.821           31.148         2.680        27.044      -0.7       1895.8    -0.70      1557.3
       M2_inverse    restep 12  -0.005       0.01   -0.734      72.967        0.0        64.747         0.000           82.494         7.011        57.169       0.0        882.8    -0.50       963.5
     M3_causal_P1     onset 23   0.000       0.00    0.000       0.000        0.0         0.027         0.000            0.027         0.000         0.048       0.0          1.1     0.00         0.0
     M3_causal_P1    restep 12   0.000       0.00    0.000       0.000        0.0         0.000         0.000            0.000         0.000         0.000       0.0          0.0     0.00         0.0
M3_causal_thr0.20     onset 23   0.000       0.00    0.000       0.000        0.0         0.027         0.000            0.027         0.000         0.048       0.0          1.1     0.00         0.0
M3_causal_thr0.20    restep 12   0.000       0.00    0.000       0.000        0.0         0.000         0.000            0.000         0.000         0.000       0.0          0.0     0.00         0.0
M3_causal_thr0.40     onset 23   0.000       0.00    0.000       0.000        0.0         0.027         0.000            0.027         0.000         0.048       0.0          1.1     0.00         0.0
M3_causal_thr0.40    restep 12   0.000       0.00    0.000       0.000        0.0         0.000         0.000            0.000         0.000         0.000       0.0          0.0     0.00         0.0
        M4_warped     onset 23   0.000       0.18    0.000       0.149        0.0         4.425         0.000            4.200         0.000         4.069       0.0        669.8     0.00       378.4
        M4_warped    restep 12   0.000       0.00    0.000      11.628        0.0         3.661         0.000            3.688         0.000         3.953       0.0        232.4     0.00       665.4

== 分支判定混淆（每臂：真值 vs 实际使用支；misbranched = 误判事件数）==
              arm true_kind  n  used_onset  used_restep  misbranched
           M0_now     onset 23          23            0            0
           M0_now    restep 12          12            0           12
       M1_flat112     onset 23          23            0            0
       M1_flat112    restep 12          12            0           12
      M2_correctA     onset 23          23            0            0
      M2_correctA    restep 12          12            0           12
       M2_correct     onset 23          23            0            0
       M2_correct    restep 12           0           12            0
       M2_inverse     onset 23           0           23           23
       M2_inverse    restep 12          12            0           12
     M3_causal_P1     onset 23          17            6            6
     M3_causal_P1    restep 12           0           12            0
M3_causal_thr0.20     onset 23          17            6            6
M3_causal_thr0.20    restep 12           0           12            0
M3_causal_thr0.40     onset 23          21            2            2
M3_causal_thr0.40    restep 12           0           12            0
        M4_warped     onset 23          17            6            6
        M4_warped    restep 12           0           12            0

== 判据在全体事件上的二分表现（P1 门限 0.30）==
  门限 0.10：TP(onset→onset)=12 FN=11 FP=0 TN=12  准确率=0.686
  门限 0.20：TP(onset→onset)=17 FN=6 FP=0 TN=12  准确率=0.829
  门限 0.30：TP(onset→onset)=17 FN=6 FP=0 TN=12  准确率=0.829

-> results/t4b_arm_metrics.csv / t4b_branch_confusion.csv / t4b_branch_cost.csv / t4b_branch_confmat.csv / t4b_decision_agreement.csv / t4b_rom_restep.csv
