== s 随观察帧偏移的变化（中位；偏移 = 观察点 − 真沿，负 = 比真沿早）==
        s_off_-08  s_off_-06  s_off_-04  s_off_-03  s_off_-02  s_off_-01  s_off_+00  s_off_+01  s_off_+02  s_off_+03  s_off_+04  s_off_+06  s_off_+08  s_off_+10  max_s_off_-08  max_s_off_-06  max_s_off_-04  max_s_off_-03  max_s_off_-02  max_s_off_-01  max_s_off_+00  max_s_off_+01  max_s_off_+02  max_s_off_+03  max_s_off_+04  max_s_off_+06  max_s_off_+08  max_s_off_+10
kind                                                                                                                                                                                                                                                                                                                                                                              
onset     0.02080    0.02080     0.0286     0.0303    0.03840     0.0440    0.04990    0.06100    0.11400    0.15420    0.19310    0.25840    0.35560    0.44410         0.6898         0.6950         0.7030         0.7082         0.7137         0.7194         0.7254         0.7317         2.0749         3.7968         5.5188         9.1225        12.7865        16.5689
restep    0.95735    0.95855     0.9599     0.9606    0.96145     0.9621    0.96195    0.96195    0.96285    0.96375    0.96445    0.96565    0.96675    0.96755         0.9983         0.9983         0.9983         0.9983         0.9982         0.9981         0.9982         0.9982         1.0000         1.0018         1.0037         1.0076         1.0124         1.0173

== 用门限 0.30 时的误判数（每档偏移，全体 35 事件）==
  偏移 -08 帧（  -80 ms）：误判 3 / 35
  偏移 -06 帧（  -60 ms）：误判 3 / 35
  偏移 -04 帧（  -40 ms）：误判 3 / 35
  偏移 -03 帧（  -30 ms）：误判 3 / 35
  偏移 -02 帧（  -20 ms）：误判 3 / 35
  偏移 -01 帧（  -10 ms）：误判 3 / 35
  偏移 +00 帧（   +0 ms）：误判 3 / 35
  偏移 +01 帧（  +10 ms）：误判 3 / 35
  偏移 +02 帧（  +20 ms）：误判 4 / 35
  偏移 +03 帧（  +30 ms）：误判 4 / 35
  偏移 +04 帧（  +40 ms）：误判 7 / 35
  偏移 +06 帧（  +60 ms）：误判 9 / 35
  偏移 +08 帧（  +80 ms）：误判 15 / 35
  偏移 +10 帧（ +100 ms）：误判 15 / 35

-> results/t4b_dbg_margin.csv
