右拇指指尖/数据1            候选事件  4
右拇指指尖/数据2            候选事件  3
右拇指指尖/数据3            候选事件  2
左拇指指尖/数据1            候选事件  1
左拇指指尖/数据2            候选事件  1
左拇指指尖/数据3            候选事件  1
四指指尖/数据1             候选事件  1
四指指尖/数据2             候选事件  1
四指指尖/数据3             候选事件  1
切换负载-快相无责            候选事件 11
再切换负载                候选事件  4
中途切换-1d9493          候选事件  3
中途切换-13ffca          候选事件  7
事件真值分布： {'onset': np.int64(23), 'restep': np.int64(12), 'decrement': np.int64(3), 'partial_unload': np.int64(2)}
臂分布： {'zero_baseline': np.int64(19), 'loaded': np.int64(12), 'ambiguous': np.int64(4), 'decrement': np.int64(3), 'partial_unload': np.int64(2)}

onset n=23  restep n=12（样本不平衡 ⇒ AUC 用秩和，另给 balanced accuracy）
剔除 20%% 门限 ±5 pt 边界带后：onset n=19  restep n=12
与第一轮 events.csv 的标签一致率：0.903（n=31，仅匹配到的事件）

== 判据可分性（auc_eff 越接近 1 越可分；p10p90_overlap 越小越可分）==
                crit  lag_s  auc_eff  balanced_acc    acc     thr  p10p90_overlap  med_onset  med_restep
         P1_pre_frac   0.00   0.9964        0.9783 0.9714  0.4155          0.0000     0.0862      0.9619
     P1_pre_frac@10%   0.00      NaN           NaN 0.6857  0.1000             NaN     0.0862      0.9619
     P1_pre_frac@20%   0.00      NaN           NaN 0.8286  0.2000             NaN     0.0862      0.9619
     P1_pre_frac@30%   0.00      NaN           NaN 0.8286  0.3000             NaN     0.0862      0.9619
     P1_pre_frac@40%   0.00      NaN           NaN 0.9429  0.4000             NaN     0.0862      0.9619
P1b_pre_frac_frozenV   0.00   0.9964        0.9783 0.9714  0.4155          0.0000     0.0499      0.9619
        P2_dur@0.20s   0.20   0.5217        0.6383 0.7353  0.1000          0.6667     0.1000      0.2000
        P2_dur@0.50s   0.50   0.7391        0.7663 0.7714  0.2000          0.8750     0.2000      0.4000
        P2_dur@1.00s   1.00   0.6667        0.6812 0.6857  0.3000          0.3243     0.3000      0.5000
       P2_slope@0.1s   0.10   0.9275        0.9565 0.9429  9.8888          0.0000    49.3473      4.6195
       P2_slope@0.2s   0.20   0.9348        0.9348 0.9143 16.2697          0.0000    60.3048      6.4527
       P2_slope@0.3s   0.30   0.9457        0.9348 0.9143 18.3677          0.0067    65.1999      7.0329
       P2_slope@0.5s   0.50   0.9457        0.9348 0.9143 19.0948          0.0212    68.5639      7.5997
       P2_slope@1.0s   1.00   0.9674        0.9348 0.9143 34.8673          0.0000    70.4597      7.3542
        P2_slope_rel   0.20   0.7246        0.7264 0.7714  0.0020          0.1249     0.0031      0.0019
      P3_J_frac_peak   0.20   0.9348        0.9348 0.9143 16.2697          0.0000    60.3048      6.4527
  P3_J_over_pre@0.2s   0.20   0.9746        0.9783 0.9714  0.3342          0.0000    90.8444      0.0857
  P3_J_over_pre@0.5s   0.50   0.9964        0.9783 0.9714  0.7938          0.0000   112.6182      0.1029
  P3_J_over_pre@1.0s   1.00   1.0000        1.0000 1.0000  0.8894          0.0000   119.9294      0.1166
    P4_ratio020@0.3s   0.30   0.8152        0.8062 0.7714  0.9552          0.0911     0.9745      0.8308
    P4_ratio020@0.5s   0.50   0.8370        0.8098 0.8286  0.8067          0.3260     0.9300      0.6942
    P4_ratio020@1.0s   1.00   0.7862        0.8297 0.8286  0.7575          0.4256     0.8866      0.6018
     P4_shape010@020   0.02   0.5494        0.6660 0.6765  0.8704          0.7058     0.9154      0.7335
         P4_shape020   0.05   0.8370        0.8098 0.8286  0.8067          0.3260     0.9300      0.6942
  P4_singleframe@020   0.20   0.6166        0.6601 0.7647  0.2375          0.4172     0.0701      0.1113

== 两形态归一化形状（J(τ)/J(5 s)，与既有 shape_stats.csv 口径可比）==
 tau  n_on  n_re   med_on   med_re      d_pt   p10_on   p90_on    p10_re   p90_re      auc  overlap
0.05    23    12 0.701413 0.395767 30.564598 0.317715 0.829395 -0.168229 0.897419 0.728261 0.480159
0.10    23    12 0.760179 0.481584 27.859537 0.414713 0.837770 -0.110123 1.000056 0.695652 0.381071
0.20    23    12 0.815217 0.633673 18.154357 0.516952 0.875729  0.069546 1.292018 0.692029 0.293485
0.30    23    12 0.850438 0.738147 11.229115 0.640081 0.896091  0.292992 1.315966 0.684783 0.250261
0.50    23    12 0.882268 0.868547  1.372060 0.830354 0.931148  0.613120 1.364425 0.532609 0.134159
0.65    23    12 0.895416 0.910853 -1.543639 0.833509 0.947579  0.617670 1.287983 0.442029 0.170175
0.80    23    12 0.906733 0.891480  1.525233 0.843583 0.956786  0.599440 1.142303 0.539855 0.208529
1.00    23    12 0.919530 0.921074 -0.154346 0.859736 0.962166  0.483294 1.243558 0.503623 0.134730
1.50    23    12 0.935857 0.921427  1.442961 0.904752 0.977524  0.423868 1.031582 0.590580 0.119746
2.00    23    12 0.949891 0.958194 -0.830374 0.923595 0.984656  0.476809 1.063545 0.521739 0.104068
3.00    23    12 0.977625 0.960275  1.734925 0.942314 1.003971  0.493237 1.009600 0.576087 0.119406
4.00    23    12 0.994260 0.996358 -0.209792 0.983021 1.011660  0.526614 1.102509 0.503623 0.049730
5.00    23    12 1.001446 1.009420 -0.797459 0.999986 1.030744  0.800875 1.168928 0.311594 0.083570
