== 并表：本任务 35 个加载事件 → 与 T4-A 配到 34 个 ==
   其中 T4-A clean=True 的 25 个（onset 19 / restep 6）

== ① 判据离线可分性（全部并表事件 n=34；clean 子集 n=25）==
                    crit sample  n_onset  n_restep    auc  auc_eff    thr  balanced_acc
        P1 电平门限 pre/滚动峰值    all       23        11 0.0040   0.9960 0.4155        0.9783
        P1 电平门限 pre/滚动峰值  clean       19         6 0.0088   0.9912 0.4155        0.9737
             P1b 冻结 V 实现    all       23        11 0.0040   0.9960 0.4155        0.9783
             P1b 冻结 V 实现  clean       19         6 0.0088   0.9912 0.4155        0.9737
T4-A armed（pre/记录峰值 20%）    all       23        11 0.0217   0.9783 0.0000        0.9783
T4-A armed（pre/记录峰值 20%）  clean       19         6 0.0263   0.9737 0.0000        0.9737
    T4-A T_ramp（反卷积，非因果）    all       23        11 0.3478   0.6522 0.0200        0.7332
    T4-A T_ramp（反卷积，非因果）  clean       19         6 0.1140   0.8860 0.0200        0.8684
T4-A t50_ch_iqr（通道间起步离散）    all       23        11 0.1087   0.8913 0.0100        0.8676
T4-A t50_ch_iqr（通道间起步离散）  clean       19         6 0.0702   0.9298 0.0100        0.8947
    T4-A step_frame_frac    all       23        11 0.5138   0.5138 0.4104        0.5791
    T4-A step_frame_frac  clean       19         6 0.4298   0.5702 0.2941        0.6272
       T4-A frames_to_50    all       20         9 0.6167   0.6167 5.0000        0.6250
       T4-A frames_to_50  clean       16         6 0.5625   0.5625 3.0000        0.5833

== ② 因果输入速率判据：逐 Δ 的可分性（判据只用 t ≤ t_on+Δ）==
 lag_s  FR_auc  FR_auc_eff  FR_bal  FR_thr  T50c_nan_onset  T50c_nan_restep  T50c_auc  T50c_bal  slope_auc  slope_bal
  0.02  0.6348      0.6348  0.6522  1.9859               0                1    0.6870    0.6348     0.9723     0.9565
  0.03  0.6522      0.6522  0.6630  1.7978               0                0    0.5553    0.5751     0.9802     0.9783
  0.05  0.6609      0.6609  0.6783  1.7322               0                0    0.5830    0.6166     0.9526     0.9565
  0.10  0.6913      0.6913  0.7565  2.5572               1                1    0.6591    0.6364     0.9209     0.9565
  0.20  0.6000      0.6000  0.6630  2.9298               0                0    0.5237    0.5949     0.9289     0.9348
  0.30  0.5739      0.5739  0.7130  3.7511               0                0    0.5514    0.5929     0.9407     0.9348
  0.50  0.5304      0.5304  0.6783  2.8237               0                0    0.4466    0.6838     0.9407     0.9348
  1.00  0.5304      0.5304  0.6500  2.9257               0                0    0.3913    0.7075     0.9644     0.9348

== ③ 代理变量检验（参考量 = T4-A 的 z_at_02，干净的形态轴）==
                      var  n  spearman_vs_z_at_02       p  R2_z_at_02
        P1 pre/峰值（因果、Δ=0） 34              -0.3857 0.02428      0.0391
因果斜率 J(0.10)/0.10（Δ=0.10） 34               0.5701 0.00043      0.2214
  因果到达比例 FR(0.20)（Δ=0.20） 33              -0.1457 0.41842      0.0524
       T4-A armed（因果、Δ=0） 34              -0.3639 0.03440      0.0850
         T4-A T_ramp（非因果） 34              -0.7697 0.00000      0.8329
     T4-A t50_ch_iqr（非因果） 34              -0.3729 0.02986      0.0519

  z_at_02 ~ log10 T_ramp                      R² = 0.5543 (n=34)
  z_at_02 ~ log10 T_ramp + P1(pre_frac)        R² = 0.5558 (n=34)  ΔR² = +0.0015
  系数（标准化前）：const 0.3940  logT -0.1951  P1 -0.0294
