事件 n=35（onset 23 / restep 12）

== 判据统计量 s 的噪声敏感性（逐事件，中位）；s_nom = Q5 口径（0.5 s 因果电平/全历史滚动峰值），s_short_nom = 冻结 V 的因果口径、无噪声无抖动 ==
           s_nom  s_short_nom  s_0_med  s_100_med  s_400_med
kind                                                        
onset   0.086230      0.04990   0.6925    0.17780    0.07780
restep  0.961936      0.96195   0.9825    0.92545    0.92125
  s_0_med 与 s_short_nom 之差 = **纯 ±40 ms 时序抖动 + 5 次实现** 带来的漂移
  用 s_short_nom、门限 0.30：误判 3 / 35

== 误判率（事件级整场判错，含 ±40 ms 时序抖动与噪声）==
  A  theta  n  n_misbranch  misbranch_rate  n_near_thr  near_thr_rate
  0   0.20 35           17          0.4857           5         0.1429
  0   0.25 35           16          0.4571           2         0.0571
  0   0.30 35           16          0.4571           2         0.0571
  0   0.35 35           16          0.4571           2         0.0571
  0   0.40 35           16          0.4571           2         0.0571
100   0.20 35           13          0.3714           7         0.2000
100   0.25 35           13          0.3714           3         0.0857
100   0.30 35           13          0.3714           6         0.1714
100   0.35 35           11          0.3143           3         0.0857
100   0.40 35           11          0.3143           2         0.0571
400   0.20 35           13          0.3714           6         0.1714
400   0.25 35           11          0.3143           3         0.0857
400   0.30 35           10          0.2857           4         0.1143
400   0.35 35            9          0.2571           2         0.0571
400   0.40 35            9          0.2571           0         0.0000

== 迟滞 h 对『门限穿越次数』的抑制（每事件平均；穿越 1 次 = 正常的支切换）==
（A = 400 ADC，行 = 门限 θ，列 = 迟滞 h，值 = 每事件穿越次数）
hyst     0.00    0.02    0.05    0.08    0.10    0.15
theta                                                
0.2    1.4457  1.2914  1.4400  1.3486  1.2971  1.1886
0.3    1.1200  1.0686  1.1200  1.2571  1.0743  0.9600
0.4    0.7543  0.7943  0.8514  0.8457  0.8514  0.8057
（同表，值 = 观察窗末端的整场误判率）
hyst     0.00    0.02    0.05    0.08    0.10    0.15
theta                                                
0.2    0.5086  0.5486  0.5600  0.5714  0.5829  0.5314
0.3    0.4800  0.4971  0.4686  0.4800  0.5086  0.5314
0.4    0.4686  0.4743  0.4914  0.4914  0.4971  0.5029

== 噪声引起的额外穿越（相对 A=0 的增量）==
hyst     0.00    0.02    0.05    0.08    0.10    0.15
theta                                                
0.2    1.1714  1.1085  1.2400  1.1200  1.0742  0.9715
0.3    0.8743  0.7657  0.8171  0.9314  0.7600  0.7143
0.4    0.3772  0.4343  0.5428  0.5486  0.5885  0.4800

-> results/t4b_chattering.csv / t4b_chattering_per_event.csv / t4b_chattering_hyst.csv
