右拇指指尖/数据1              帧  16355/ 16356  时长  162.69 s  包间隔  15.45 ms  平台  6 档位  6
右拇指指尖/数据2              帧  23536/ 23537  时长  234.14 s  包间隔  15.38 ms  平台  5 档位  5
右拇指指尖/数据3              帧  19137/ 19138  时长  190.38 s  包间隔  15.39 ms  平台  5 档位  5
左拇指指尖/数据1              帧  19739/ 19740  时长  196.20 s  包间隔  15.32 ms  平台  4 档位  3
左拇指指尖/数据2              帧  19974/ 19975  时长  198.51 s  包间隔  15.25 ms  平台  3 档位  2
左拇指指尖/数据3              帧  19401/ 19402  时长  192.82 s  包间隔  15.15 ms  平台  3 档位  2
四指指尖/数据1               帧  19139/ 19140  时长  190.79 s  包间隔  15.11 ms  平台  4 档位  3
四指指尖/数据2               帧  19113/ 19114  时长  190.55 s  包间隔  15.11 ms  平台  4 档位  4
四指指尖/数据3               帧  20032/ 20033  时长  199.68 s  包间隔  15.09 ms  平台  4 档位  4
切换负载-快相无责              帧  25692/ 25693  时长  255.70 s  包间隔   0.01 ms  平台 17 档位 15
再切换负载                  帧   7128/  7129  时长   70.89 s  包间隔   0.01 ms  平台  6 档位  5
中途切换-1d9493            帧   6420/  6421  时长   63.85 s  包间隔   0.01 ms  平台  7 档位  5
中途切换-13ffca            帧  12120/ 12121  时长  120.57 s  包间隔   0.01 ms  平台 11 档位  9

== 帧数核对（期望值取自 00_共享/数据与脚本复用清单.md §1）==
  不一致录制数 = 13
        rec  n_frames  n_frames_expected
  右拇指指尖/数据1     16355              16356
  右拇指指尖/数据2     23536              23537
  右拇指指尖/数据3     19137              19138
  左拇指指尖/数据1     19739              19740
  左拇指指尖/数据2     19974              19975
  左拇指指尖/数据3     19401              19402
   四指指尖/数据1     19139              19140
   四指指尖/数据2     19113              19114
   四指指尖/数据3     20032              20033
  切换负载-快相无责     25692              25693
      再切换负载      7128               7129
中途切换-1d9493      6420               6421
中途切换-13ffca     12120              12121

== 载荷平台档位（T4-Q9 素材）==
             n_plat  lvl_min  lvl_max
rec                                  
中途切换-13ffca      11   0.0022   0.9833
中途切换-1d9493       7   0.0018   0.9778
再切换负载             6   0.0013   0.9807
切换负载-快相无责        17   0.0018   0.9371
右拇指指尖/数据1         6   0.0251   0.9714
右拇指指尖/数据2         5   0.0088   0.9861
右拇指指尖/数据3         5   0.0018   0.9639
四指指尖/数据1          4   0.0040   0.9682
四指指尖/数据2          4   0.0037   0.9641
四指指尖/数据3          4   0.0038   0.9682
左拇指指尖/数据1         4   0.0000   0.9762
左拇指指尖/数据2         3   0.0000   0.9622
左拇指指尖/数据3         3   0.0000   0.9512

== 加载沿幅度（相对各录制峰值）==
  onset  n=23  A5/peak 中位 0.804  p10 0.268  p90 0.911  极差 0.830
  restep n= 9  A5/peak 中位 0.145  p10 0.068  p90 0.225  极差 0.206

-> results/t4b_recon.csv(13) / t4b_plateaus.csv(79) / t4b_edges_all.csv(32)
