==== T1-A 00_smoke ==== 2026-09-19 00:28:05
cmd : C:\Python314\python.exe scripts/t1a_00_smoke.py
ROOT: D:\workshop\Processing\multi-device-cascade-host-cpp
脚本目录: D:\workshop\Processing\multi-device-cascade-host-cpp\temp\v4.1flash\plan\v1.0\T1_稳定时间定义与鲁棒性口径\scripts

== 1. 依赖 ==
python 3.14.4 | numpy 2.4.6 | pandas 3.0.3
scipy 1.17.1 | matplotlib 3.10.9

== 2. 13 份录制（100 Hz 网格，timestamp 列） ==
  右拇指指尖/数据1              n_raw= 16355 (期望  16355 OK) n_ch=31 span= 162.69 s pkt_dt=0.018 s dup=3 域=显示域
  右拇指指尖/数据2              n_raw= 23536 (期望  23536 OK) n_ch=31 span= 234.14 s pkt_dt=0.018 s dup=5 域=显示域
  右拇指指尖/数据3              n_raw= 19137 (期望  19137 OK) n_ch=31 span= 190.38 s pkt_dt=0.018 s dup=5 域=显示域
  左拇指指尖/数据1              n_raw= 19739 (期望  19739 OK) n_ch=31 span= 196.20 s pkt_dt=0.018 s dup=5 域=显示域
  左拇指指尖/数据2              n_raw= 19974 (期望  19974 OK) n_ch=31 span= 198.51 s pkt_dt=0.018 s dup=2 域=显示域
  左拇指指尖/数据3              n_raw= 19401 (期望  19401 OK) n_ch=31 span= 192.82 s pkt_dt=0.018 s dup=2 域=显示域
  四指指尖/数据1               n_raw= 19139 (期望  19139 OK) n_ch=21 span= 190.79 s pkt_dt=0.018 s dup=8 域=显示域
  四指指尖/数据2               n_raw= 19113 (期望  19113 OK) n_ch=21 span= 190.55 s pkt_dt=0.018 s dup=7 域=显示域
  四指指尖/数据3               n_raw= 20032 (期望  20032 OK) n_ch=21 span= 199.68 s pkt_dt=0.018 s dup=3 域=显示域
  切换负载-快相无责              n_raw= 25692 (期望  25692 OK) n_ch=21 span= 255.70 s pkt_dt=0.040 s dup=998 域=ADC域
  再切换负载                  n_raw=  7128 (期望   7128 OK) n_ch=21 span=  70.89 s pkt_dt=0.040 s dup=364 域=ADC域
  中途切换-1d9493            n_raw=  6420 (期望   6420 OK) n_ch=21 span=  63.85 s pkt_dt=0.040 s dup=415 域=ADC域
  中途切换-13ffca            n_raw= 12120 (期望  12120 OK) n_ch=21 span= 120.57 s pkt_dt=0.040 s dup=699 域=ADC域

== 3. 三实现冒烟（前 3000 帧） ==
  v5.1  OK  输出 shape=(3000, 31) 有限=True epoch=1
  v6    OK  输出 shape=(3000, 31) 有限=True epoch=1
  v6.1  OK  输出 shape=(3000, 31) 有限=True epoch=1

== 4. 与 T4-A 事件表的网格一致性（复用 60 事件的前提） ==
  60 事件中网格不一致: 0 个（要求 0）

== 5. J_ch（我算）vs 第一轮 settle_arms.csv step（单通道口径） ==
  右拇指指尖/数据1              J_ch=   1.1047  第一轮 step=   1.1500  Δ= -0.0453  OK
  右拇指指尖/数据2              J_ch=   1.3257  第一轮 step=   1.3400  Δ= -0.0143  OK
  右拇指指尖/数据3              J_ch=   1.4461  第一轮 step=   1.4500  Δ= -0.0039  OK
  左拇指指尖/数据1              J_ch=   1.2087  第一轮 step=   1.2100  Δ= -0.0013  OK
  左拇指指尖/数据2              J_ch=   1.2775  第一轮 step=   1.2800  Δ= -0.0025  OK
  左拇指指尖/数据3              J_ch=   1.2924  第一轮 step=   1.3000  Δ= -0.0076  OK
  四指指尖/数据1               J_ch=   1.5276  第一轮 step=   1.5400  Δ= -0.0124  OK
  四指指尖/数据2               J_ch=   1.6590  第一轮 step=   1.6800  Δ= -0.0210  OK
  四指指尖/数据3               J_ch=   1.7777  第一轮 step=   1.7900  Δ= -0.0123  OK
  切换负载-快相无责              J_ch=2839.2071  第一轮 step=2789.9800  Δ=+49.2271  OK
  再切换负载                  J_ch=1891.0034  第一轮 step=2462.6000  Δ=-571.5966  !! 差>5%
  中途切换-1d9493            J_ch=3251.3889  第一轮 step=3265.0000  Δ=-13.6111  OK
  中途切换-13ffca            J_ch=2983.8184  第一轮 step=2984.4500  Δ= -0.6316  OK
  相对差 中位 0.686%  最大 23.211%（13 份）

== 6. 稳定时间核 vs 第一轮 r4_filter_tradeoff.stable_time（合成信号 200 例） ==
  完全一致 200/200，不一致 0（最大差 0.000000 s）

== 7. 主通道选择复核（该录制加载段内台阶最大的通道） ==
  右拇指指尖/数据1              指定主通道=17  该事件台阶最大通道=17  一致
  右拇指指尖/数据2              指定主通道=17  该事件台阶最大通道=17  一致
  右拇指指尖/数据3              指定主通道=17  该事件台阶最大通道=17  一致
  左拇指指尖/数据1              指定主通道=18  该事件台阶最大通道=18  一致
  左拇指指尖/数据2              指定主通道=18  该事件台阶最大通道=18  一致
  左拇指指尖/数据3              指定主通道=18  该事件台阶最大通道=18  一致
  四指指尖/数据1               指定主通道=11  该事件台阶最大通道=11  一致
  四指指尖/数据2               指定主通道=11  该事件台阶最大通道=11  一致
  四指指尖/数据3               指定主通道=11  该事件台阶最大通道=11  一致
  切换负载-快相无责              指定主通道= 4  该事件台阶最大通道= 6  **不一致**
  再切换负载                  指定主通道=15  该事件台阶最大通道= 6  **不一致**
  中途切换-1d9493            指定主通道= 6  该事件台阶最大通道= 6  一致
  中途切换-13ffca            指定主通道=11  该事件台阶最大通道= 6  **不一致**

== 自检汇总：32 项，失败 4 项 ==
-> D:\workshop\Processing\multi-device-cascade-host-cpp\temp\v4.1flash\plan\v1.0\T1_稳定时间定义与鲁棒性口径\results\t1a_smoke_checks.csv
