==== T1-A 07_edge ==== 2026-09-19 00:50:41
cmd : C:\Python314\python.exe scripts/t1a_07_edge.py
ROOT: D:\workshop\Processing\multi-device-cascade-host-cpp
脚本目录: D:\workshop\Processing\multi-device-cascade-host-cpp\temp\v4.1flash\plan\v1.0\T1_稳定时间定义与鲁棒性口径\scripts
对拍对象：恒载 9 组的最早 onset（n=9）
  右拇指指尖/数据1              t_on: T4A    8.27 s / r4    8.32 s（Δ=+0.05 s → r4 更晚）J_ch  1.1047 vs  1.1051
  右拇指指尖/数据2              t_on: T4A   12.32 s / r4   12.41 s（Δ=+0.09 s → r4 更晚）J_ch  1.3257 vs  1.3266
  右拇指指尖/数据3              t_on: T4A   10.59 s / r4   10.69 s（Δ=+0.10 s → r4 更晚）J_ch  1.4461 vs  1.4458
  左拇指指尖/数据1              t_on: T4A   11.69 s / r4   11.79 s（Δ=+0.10 s → r4 更晚）J_ch  1.2087 vs  1.2091
  左拇指指尖/数据2              t_on: T4A   14.92 s / r4   15.01 s（Δ=+0.09 s → r4 更晚）J_ch  1.2775 vs  1.2780
  左拇指指尖/数据3              t_on: T4A   10.87 s / r4   10.96 s（Δ=+0.09 s → r4 更晚）J_ch  1.2924 vs  1.2934
  四指指尖/数据1               t_on: T4A   10.94 s / r4   11.01 s（Δ=+0.07 s → r4 更晚）J_ch  1.5276 vs  1.5277
  四指指尖/数据2               t_on: T4A   11.03 s / r4   11.11 s（Δ=+0.08 s → r4 更晚）J_ch  1.6590 vs  1.6636
  四指指尖/数据3               t_on: T4A   11.00 s / r4   11.08 s（Δ=+0.08 s → r4 更晚）J_ch  1.7777 vs  1.7787

== t_on 差值（r4 最陡帧 − T4-A 最大单帧跳变）：中位 0.090 s，p10~p90 0.066~0.100 s，n=9 ==

== 同一口径下的 T_stable 中位（主通道+5 s，恒载 9 组） ==
  arm    r4 边(r4 的 J) T4-A 边       差（T4A−r4）
  raw            9.34         9.42        +0.08
  v5.1           2.81         2.89        +0.08
  v6             1.72         1.80        +0.08
  v6.1           1.07         1.16        +0.09

== 同一口径下的 T_stable 中位（总通道+5 s，恒载 9 组） ==
  raw           16.21        16.29        +0.08
  v5.1           3.74         3.83        +0.09
  v6             0.46         0.55        +0.09
  v6.1           0.44         0.53        +0.09

== 同一口径下的 T_stable 中位（含蠕变口径，恒载 9 组） ==
  raw            8.03         8.11        +0.08
  v5.1           2.70         2.78        +0.08
  v6             0.40         0.50        +0.10
  v6.1           0.34         0.43        +0.09

== 网格口径敏感性（第一轮 ad_lib.prep 网格 vs 本任务 100 Hz 网格） ==
  右拇指指尖/数据1              n=16354 dtm=0.009948 | v6 第一轮网格    5.35 s vs 本任务 100 Hz 网格    5.36 s（第一轮公布 5.35）
  右拇指指尖/数据2              n=23535 dtm=0.009948 | v6 第一轮网格   13.06 s vs 本任务 100 Hz 网格   13.07 s（第一轮公布 13.06）
  右拇指指尖/数据3              n=19136 dtm=0.009949 | v6 第一轮网格    3.79 s vs 本任务 100 Hz 网格    6.56 s（第一轮公布 3.79）
  左拇指指尖/数据1              n=19738 dtm=0.009940 | v6 第一轮网格    0.41 s vs 本任务 100 Hz 网格    0.41 s（第一轮公布 0.41）
  左拇指指尖/数据2              n=19973 dtm=0.009939 | v6 第一轮网格    1.05 s vs 本任务 100 Hz 网格    1.06 s（第一轮公布 1.05）
  左拇指指尖/数据3              n=19400 dtm=0.009939 | v6 第一轮网格    0.40 s vs 本任务 100 Hz 网格    0.40 s（第一轮公布 0.40）
  四指指尖/数据1               n=19138 dtm=0.009969 | v6 第一轮网格    2.63 s vs 本任务 100 Hz 网格    2.62 s（第一轮公布 2.62）
  四指指尖/数据2               n=19112 dtm=0.009970 | v6 第一轮网格    1.72 s vs 本任务 100 Hz 网格    1.72 s（第一轮公布 1.72）
  四指指尖/数据3               n=20031 dtm=0.009969 | v6 第一轮网格    0.39 s vs 本任务 100 Hz 网格    0.40 s（第一轮公布 0.39）
  v6 中位：第一轮网格 1.72 s vs 本任务 100 Hz 网格 1.72 s（差 +0.00 s）
  逐份最大差 2.77 s（右拇指指尖/数据3）
-> D:\workshop\Processing\multi-device-cascade-host-cpp\temp\v4.1flash\plan\v1.0\T1_稳定时间定义与鲁棒性口径\results\t1a_grid_sensitivity.csv

== 与第一轮 settle_arms.csv 的逐份对照（v6 主通道） ==
  右拇指指尖/数据1              第一轮     5.35 s | 本任务(r4 边)     5.36 s | 本任务(T4-A 边)     5.41 s
  右拇指指尖/数据2              第一轮    13.06 s | 本任务(r4 边)    13.07 s | 本任务(T4-A 边)    13.16 s
  右拇指指尖/数据3              第一轮     3.79 s | 本任务(r4 边)     6.56 s | 本任务(T4-A 边)     6.66 s
  左拇指指尖/数据1              第一轮     0.41 s | 本任务(r4 边)     0.41 s | 本任务(T4-A 边)     0.51 s
  左拇指指尖/数据2              第一轮     1.05 s | 本任务(r4 边)     1.06 s | 本任务(T4-A 边)     1.15 s
  左拇指指尖/数据3              第一轮     0.40 s | 本任务(r4 边)     0.40 s | 本任务(T4-A 边)     0.49 s
  四指指尖/数据1               第一轮     2.62 s | 本任务(r4 边)     2.62 s | 本任务(T4-A 边)     2.69 s
  四指指尖/数据2               第一轮     1.72 s | 本任务(r4 边)     1.72 s | 本任务(T4-A 边)     1.80 s
  四指指尖/数据3               第一轮     0.39 s | 本任务(r4 边)     0.40 s | 本任务(T4-A 边)     0.48 s

-> D:\workshop\Processing\multi-device-cascade-host-cpp\temp\v4.1flash\plan\v1.0\T1_稳定时间定义与鲁棒性口径\results\t1a_settle_edge_sensitivity.csv（9 行）
done
