==== T1-A 08_minhold ==== 2026-09-19 00:57:36
cmd : C:\Python314\python.exe scripts/t1a_08_minhold.py
ROOT: D:\workshop\Processing\multi-device-cascade-host-cpp
脚本目录: D:\workshop\Processing\multi-device-cascade-host-cpp\temp\v4.1flash\plan\v1.0\T1_稳定时间定义与鲁棒性口径\scripts
事件 60 个；min_hold 扫描 [1.0, 2.0, 3.0, 5.0] s

== 可测事件数（分母 = 各类事件数）与中位值 ==
  kind   arm              mh=1s  mh=2s  mh=3s  mh=5s
  onset  raw              14/22 (中位   4.01)  12/22 (中位   4.94)  12/22 (中位   4.94)   8/22 (中位   4.70)
  onset  v5.1             17/22 (中位   2.89)  15/22 (中位   3.82)  15/22 (中位   3.82)  12/22 (中位   3.36)
  onset  v6               14/22 (中位   1.48)  14/22 (中位   1.48)  14/22 (中位   1.48)  11/22 (中位   1.15)
  onset  v6.1             15/22 (中位   0.58)  15/22 (中位   0.58)  15/22 (中位   0.58)  12/22 (中位   0.46)
  restep raw               2/19 (中位  11.44)   1/19 (中位  14.49)   1/19 (中位  14.49)   0/19 (中位    nan)
  restep v5.1              2/19 (中位   9.29)   1/19 (中位   2.29)   1/19 (中位   2.29)   1/19 (中位   2.29)
  restep v6                2/19 (中位  11.06)   1/19 (中位   5.66)   1/19 (中位   5.66)   0/19 (中位    nan)
  restep v6.1              2/19 (中位  11.06)   1/19 (中位   5.66)   1/19 (中位   5.66)   0/19 (中位    nan)
  unload raw              15/19 (中位   0.04)  15/19 (中位   0.04)  15/19 (中位   0.04)  13/19 (中位   0.03)
  unload v5.1             15/19 (中位   0.04)  15/19 (中位   0.04)  15/19 (中位   0.04)  13/19 (中位   0.12)
  unload v6               15/19 (中位   0.09)  15/19 (中位   0.09)  15/19 (中位   0.09)  13/19 (中位   0.09)
  unload v6.1             15/19 (中位   0.04)  15/19 (中位   0.04)  15/19 (中位   0.04)  13/19 (中位   0.12)

== restep（n=19）到下一真实事件的可用窗分布 ==
  中位 9.76 s, p10~p90 3.68~43.78 s, <5 s 的 5/18, <2 s 的 1/18
  onset  中位 26.18 s, <5 s 的 2/20

-> D:\workshop\Processing\multi-device-cascade-host-cpp\temp\v4.1flash\plan\v1.0\T1_稳定时间定义与鲁棒性口径\results\t1a_minhold_sweep.csv
done
