=== T1-B / 09 汇总 ===
robustness_sweep: 7560 行
--- 显示域 v6：噪声类型 × 相对幅度 ---
kind            r    n   T_med   T_p90     达标  OS%med  OS%max   maxdev   ep+
band       0.0050   10    0.50    0.52   1.00   -0.50    0.27   0.2016   0.0
band       0.0050   10    0.53    0.74   1.00    1.17    2.05   0.3580   0.0
band       0.0050   10    9.38    9.45   0.00    1.31    2.07   0.3826   0.0
band       0.0050   10    0.80    1.10   1.00    1.65    3.08   1.0561   0.0
band       0.0050   10    0.54    0.54   1.00    0.50    0.98   0.2436   0.0
band       0.0050   10    0.54    0.55   1.00    2.72    3.05   0.2934   0.0
band       0.0050   10    7.38    7.88   0.00    0.36    0.86   1.8474   0.0
band       0.0100   10    0.50    0.54   1.00    0.36    1.77   0.3133   0.0
band       0.0100   10    0.52    0.55   1.00    1.67    2.11   0.4065   0.0
band       0.0100   10    8.28    9.18   0.10    1.32    2.04   0.8253   0.0
band       0.0100   10    0.54    1.11   1.00    1.48    4.70   1.5906   0.0
band       0.0100   10    0.53    0.54   1.00    0.97    1.44   0.4713   0.0
band       0.0100   10    0.52    0.54   1.00    2.61    3.62   0.5038   0.0
band       0.0100   10    5.74    7.68   0.20    0.53    1.61   0.6168   0.0
band       0.0200   10    0.29    0.51   1.00    1.52    4.75   2.2437   0.0
band       0.0200   10    0.45    0.54   1.00    1.79    3.66   1.7973   0.0
band       0.0200   10    0.36    0.62   1.00    0.74    2.46   3.6313   0.0
band       0.0200   10    0.32    0.58   1.00    1.04    1.59   2.2651   0.0
band       0.0200   10    0.24    0.53   1.00    1.53    3.49   2.9941   0.0
band       0.0200   10    0.44    0.55   1.00    2.89    4.15   2.0345   0.0
band       0.0200   10    0.63    6.94   0.60    0.80    1.89   2.6434   0.0
band       0.0500   10    1.98    6.14   0.50    5.77   10.58   3.1834   0.0
band       0.0500   10    0.67    7.70   0.70    4.78   31.28   3.0789   0.0
band       0.0500   10    0.88    9.17   0.70    3.94    9.43   4.0331   0.0
band       0.0500   10    0.47    6.15   0.80    3.19    9.21   2.4278   0.0
band       0.0500   10    0.34    0.70   1.00    2.67    7.19   3.1886   0.0
band       0.0500   10    0.42   11.24   0.80    4.43    9.26   2.7794   0.0
band       0.0500   10    0.49    3.11   0.80    3.05    4.81   3.9977   0.0
band       0.1000   10   17.75   33.05   0.17    6.08    8.68   3.1856   0.0
band       0.1000   10   10.29   35.18   0.00    7.20   17.22   3.1701   0.0
band       0.1000   10   33.16   39.98   0.00    5.32    8.43   4.0567   0.0
band       0.1000   10   21.37   41.43   0.00    5.59   13.67   2.7661   0.0
band       0.1000   10   13.19   37.62   0.00    5.78   13.98   3.8156   0.0
band       0.1000   10   18.87   29.35   0.00    6.56    9.63   3.6681   0.0
band       0.1000   10     nan     nan    nan    3.69    7.88   5.7590   0.0
common     0.0050   10    0.50    0.51   1.00   -0.72   -0.48   0.1463   0.0
common     0.0050   10    0.54    0.55   1.00    1.68    1.84   0.1886   0.0
common     0.0050   10    9.42    9.49   0.00    1.56    1.63   0.1598   0.0
common     0.0050   10    0.55    0.61   1.00    1.15    2.19   1.7007   0.0
common     0.0050   10    0.56    0.56   1.00    0.70    0.81   0.1760   0.0
common     0.0050   10    0.54    0.54   1.00    3.61    3.96   0.1482   0.0
common     0.0050   10    7.86    7.94   0.00    0.44    0.82   1.2086   0.0
common     0.0100   10    0.51    0.53   1.00   -0.23    1.24   0.3299   0.0
common     0.0100   10    0.55    0.57   1.00    1.87    2.09   0.2602   0.0
common     0.0100   10    9.40    9.54   0.00    1.70    2.03   0.3720   0.0
common     0.0100   10    0.58    1.38   0.90    1.51    3.10   1.6157   0.0
common     0.0100   10    0.56    0.57   1.00    0.67    0.92   0.3162   0.0
common     0.0100   10    0.55    1.04   0.90    3.84    6.81   0.4162   0.0
common     0.0100   10    7.96    8.10   0.00    0.37    0.60   0.3124   0.0
common     0.0200   10    0.39    0.52   1.00    1.35    4.59   2.0848   0.0
common     0.0200   10    0.49    0.64   1.00    1.77    2.67   2.2482   0.0
common     0.0200   10    7.59    9.54   0.20    1.73    2.08   2.4610   0.0
common     0.0200   10    0.46    0.68   1.00    1.34    2.76   2.3538   0.0
common     0.0200   10    0.43    0.59   1.00    1.05    1.44   1.7819   0.0
common     0.0200   10    0.47    0.59   1.00    3.05    4.65   2.3057   0.0
common     0.0200   10    5.80    8.32   0.30    0.02    0.82   2.3743   0.0
common     0.0500   10    0.39    0.58   1.00    2.29    4.23   2.3911   0.0
common     0.0500   10    0.40    0.52   1.00    3.65    4.70   2.9834   0.0
common     0.0500   10    8.46    9.55   0.40    2.25    3.71   3.5114   0.0
common     0.0500   10    0.61    1.17   0.90    2.84   11.06   2.2845   0.0
common     0.0500   10    0.43    0.77   1.00    2.85    6.53   4.3430   0.0
common     0.0500   10    0.25    0.88   0.90    4.53    6.15   3.9244   0.0
common     0.0500   10    3.77    6.86   0.40    1.51    2.58   2.6715   0.0
common     0.1000   10    2.98    2.98   0.00    5.77   10.32   2.7739   0.0
common     0.1000   10   17.51   33.95   0.20   11.50   24.99   5.5081   0.0
common     0.1000   10   18.75   18.75   0.00    4.20    5.02   5.1551   0.0
common     0.1000   10   36.33   39.23   0.00    6.03    6.62   3.4702   0.0
common     0.1000   10    7.88   32.38   0.33    5.62   13.55   4.7315   0.0
common     0.1000   10   16.23   19.04   0.00    6.40    9.86   2.9006   0.0
common     0.1000   10     nan     nan    nan    4.88   15.69   4.1836   0.0
white      0.0005   10    0.50    0.50   1.00   -0.81   -0.68   0.0297   0.0
white      0.0005   10    0.54    0.54   1.00    1.50    1.71   0.1147   0.0
white      0.0005   10    9.32    9.43   0.00    1.38    1.60   0.0512   0.0
white      0.0005   10    1.11    1.11   1.00    2.47    2.70   0.1506   0.0
white      0.0005   10    0.55    0.55   1.00    0.52    0.63   0.0843   0.0
white      0.0005   10    0.54    0.54   1.00    3.49    3.78   0.0677   0.0
white      0.0005   10    7.89    7.92   0.00    0.11    1.09   0.0992   0.0
white      0.0010   10    0.50    0.50   1.00   -0.92   -0.79   0.0404   0.0
white      0.0010   10    0.54    0.54   1.00    1.26    1.47   0.1329   0.0
white      0.0010   10    9.30    9.45   0.00    1.53    1.75   0.0935   0.0
white      0.0010   10    0.54    1.11   1.00    1.46    2.68   1.7087   0.0
white      0.0010   10    0.55    0.55   1.00    0.39    0.57   0.1018   0.0
white      0.0010   10    0.54    0.54   1.00    2.86    3.32   0.1266   0.0
white      0.0010   10    7.90    7.93   0.00    0.32    0.71   0.1127   0.0
white      0.0020   10    0.50    0.50   1.00   -0.85   -0.57   0.0811   0.0
white      0.0020   10    0.53    0.53   1.00    1.25    1.43   0.2065   0.0
white      0.0020   10    9.37    9.46   0.00    1.46    2.14   0.1885   0.0
white      0.0020   10    0.53    1.11   1.00    1.09    2.53   1.6957   0.0
white      0.0020   10    0.54    0.55   1.00    0.39    0.99   0.1233   0.0
white      0.0020   10    0.54    0.55   1.00    2.79    3.14   0.1947   0.0
white      0.0020   10    7.72    7.87   0.00    0.31    3.94   0.2098   0.0
white      0.0050   10    0.50    0.51   1.00   -0.59   -0.12   0.1752   0.0
white      0.0050   10    0.52    0.55   1.00    1.33    1.91   0.3309   0.0
white      0.0050   10    9.29    9.45   0.00    1.31    2.11   0.3727   0.0
white      0.0050   10    0.81    1.11   1.00    1.63    2.84   1.0542   0.0
white      0.0050   10    0.53    0.54   1.00    0.49    0.93   0.2579   0.0
white      0.0050   10    0.53    0.60   1.00    2.72    2.94   0.2916   0.0
white      0.0050   10    6.52    7.74   0.00    0.31    0.80   1.1375   0.0
white      0.0100   10    0.50    0.53   1.00    0.49    1.38   0.3959   0.0
white      0.0100   10    0.53    0.55   1.00    1.62    1.96   0.4206   0.0
white      0.0100   10    8.26    9.30   0.20    1.13    1.90   0.7325   0.0
white      0.0100   10    0.51    1.28   0.90    1.71    4.98   1.5663   0.0
white      0.0100   10    0.53    0.54   1.00    0.71    1.32   0.4272   0.0
white      0.0100   10    0.52    0.53   1.00    2.67    3.17   0.4883   0.0
white      0.0100   10    5.48    7.53   0.10    0.39    1.17   0.6182   0.0
white      0.0200   10    0.28    0.44   1.00    1.71    3.76   2.3949   0.0
white      0.0200   10    0.30    0.51   1.00    1.99    3.44   2.6842   0.0
white      0.0200   10    0.55    1.20   0.90    0.62    1.95   2.9938   0.0
white      0.0200   10    0.34    0.50   1.00    1.07    3.42   2.1242   0.0
white      0.0200   10    0.29    0.53   1.00    1.18    3.23   3.0587   0.0
white      0.0200   10    0.38    0.54   1.00    2.43    5.22   2.2817   0.0
white      0.0200   10    2.54    7.17   0.50    0.19    1.83   3.0216   0.0
white      0.0500   10    0.49    5.85   0.80    3.73    7.38   2.9525   0.0
white      0.0500   10    0.41    1.33   0.90    4.87   10.50   2.8654   0.0
white      0.0500   10    4.62    7.82   0.40    3.30   11.26   4.0532   0.0
white      0.0500   10    0.26    1.13   0.90    3.72    6.72   2.8227   0.0
white      0.0500   10    0.29    1.25   0.90    3.44    7.91   3.6417   0.0
white      0.0500   10    0.42    1.37   0.90    5.06    6.97   3.0724   0.0
white      0.0500   10    0.37    6.88   0.70    3.06    4.65   4.1538   0.0
white      0.1000   10   30.43   46.39   0.00    6.07    9.88   3.5284   0.0
white      0.1000   10   18.03   38.07   0.20    6.89   14.07   3.7632   0.0
white      0.1000   10   22.00   24.74   0.00    4.97    8.00   3.7674   0.0
white      0.1000   10    9.03   15.96   0.00    5.65    7.41   2.7354   0.0
white      0.1000   10   11.37   27.88   0.14    5.45   10.13   4.0532   0.0
white      0.1000   10   11.34   30.06   0.00    6.02   17.99   3.4104   0.0
white      0.1000   10   11.19   11.19   0.00    4.51    5.71   4.4507   0.0
white      0.2000   10     nan     nan    nan   13.64   23.67   5.1407   0.0
white      0.2000   10     nan     nan    nan    9.99   17.73   4.7199   0.0
white      0.2000   10     nan     nan    nan    9.46   13.19   6.3724   0.0
white      0.2000   10     nan     nan    nan   11.43   23.99   6.1559   0.0
white      0.2000   10     nan     nan    nan    8.70   11.76   6.0593   0.0
white      0.2000   10     nan     nan    nan    7.33   13.71   5.4892   0.0
white      0.2000   10     nan     nan    nan    7.72   18.89   6.6439   0.0
--- ADC 域 v6：噪声类型 × 绝对幅度 (ADC RMS) ---
kind           A    n   T_med     达标  OS%med    maxdev   slowdev     漏     误  epoch
band         100   70    0.56   0.65    5.84    3045.0     -16.9  0.29  2.41  21.09
band         300   70    4.51   0.47    7.17    4047.0    -414.5  0.29  0.84  18.80
band         500   70    4.52   0.45    8.44    5084.5   -1801.7  0.29  0.83  17.90
band        1000   70    4.62   0.45   11.39    6986.0   -1336.0  0.34  0.33  15.61
band        2000   70    0.79   0.70   16.78    9120.1    -837.6  1.96  0.31  13.19
band        4000   70     nan    nan   20.25   14242.0     -63.1  6.83  0.16   7.90
common       100   70    0.56   0.75    4.93    3073.3       2.2  0.29  2.40  21.34
common       300   70    0.61   0.56    6.07    4159.5     -88.8  0.29  0.24  17.94
common       500   70    0.54   0.60    6.88    4779.0    -922.6  0.29  0.44  17.41
common      1000   70    0.73   0.55    8.94    5085.6   -1150.7  0.29  0.40  15.69
common      2000   70    0.87   0.90   10.28    8999.9    -954.3  1.46  0.40  13.41
common      4000   70     nan    nan   23.17   13907.2    -853.2  6.71  0.47   8.36
white          1   70    0.56   0.75    4.99      94.8      -0.0  0.29  2.14  20.29
white          2   70    0.56   0.75    5.75      97.9      -0.0  0.29  2.14  20.29
white          5   70    0.55   0.75    5.22     300.0      -0.7  0.29  2.14  20.29
white         10   70    0.55   0.75    5.75    1004.2      -2.3  0.29  2.14  20.43
white         20   70    0.55   0.75    5.04    1376.4     -19.8  0.29  2.34  20.77
white         30   70    0.55   0.75    4.99    1385.2     -51.1  0.29  2.33  20.97
white         40   70    0.55   0.75    4.83    2327.9      -2.8  0.36  2.43  20.86
white         50   70    0.55   0.75    5.37    2963.2      -9.2  0.29  2.56  21.27
white        100   70    0.55   0.75    5.66    3028.7     -14.2  0.29  2.27  21.07
white        300   70    4.39   0.46    8.26    4208.2    -378.0  0.29  0.96  18.80
white        500   70    4.64   0.47    8.63    5915.7   -2008.6  0.29  0.80  17.90
white       1000   70    1.55   0.50   14.44    6683.6   -1690.9  0.31  0.31  15.87
white       2000   70    6.64   0.33   15.81   11414.0    -678.9  1.44  0.49  13.81
white       4000   70     nan    nan   15.11   13457.5     -58.5  6.96  0.10   7.79
--- 拐点 ---
 dom   kind       criterion  r_first_over  amp_first_over  n_levels  ref_meet
 显示域   band      达成率跌>=10pt        0.0050        0.086523        35       1.0
 显示域   band T_stable_med>2s        0.0050        0.086523        35       1.0
 显示域   band       OS%p90>10        0.0500        0.837517        35       1.0
 显示域   band      maxdev>5%L        0.0050        0.087847        35       1.0
 显示域 common      达成率跌>=10pt        0.0050        0.086523        35       1.0
 显示域 common T_stable_med>2s        0.0050        0.086523        35       1.0
 显示域 common       OS%p90>10        0.1000        1.675035        35       1.0
 显示域 common      maxdev>5%L        0.0050        0.087847        35       1.0
 显示域  white      达成率跌>=10pt        0.0005        0.008652        63       1.0
 显示域  white T_stable_med>2s        0.0005        0.008652        63       1.0
 显示域  white       OS%p90>10        0.2000        3.265567        63       1.0
 显示域  white      maxdev>5%L        0.0010        0.017569        63       1.0
ADC域   band            漏检>0           NaN      100.000000         6       NaN
ADC域   band      maxdev>5%L           NaN      100.000000         6       NaN
ADC域   band        OS%med>5           NaN      100.000000         6       NaN
ADC域 common            漏检>0           NaN      100.000000         6       NaN
ADC域 common      maxdev>5%L           NaN      100.000000         6       NaN
ADC域 common        OS%med>5           NaN      300.000000         6       NaN
ADC域  white            漏检>0           NaN        1.000000        14       NaN
ADC域  white      maxdev>5%L           NaN       20.000000        14       NaN
ADC域  white        OS%med>5           NaN        2.000000        14       NaN
--- Q6 逐字档位（白噪总量 RMS 1~50 ADC，ADC 域）---
 amp  n  t_stable_med  frac_meet_2s   os_med  maxdev_med  n_miss_mean  n_extra_mean
 1.0 70         0.560          0.75 4.989247   94.762525     0.285714      2.142857
 2.0 70         0.560          0.75 5.749976   97.898096     0.285714      2.142857
 5.0 70         0.555          0.75 5.220761  300.035576     0.285714      2.142857
10.0 70         0.555          0.75 5.752863 1004.226274     0.285714      2.142857
20.0 70         0.555          0.75 5.040921 1376.438354     0.285714      2.342857
30.0 70         0.555          0.75 4.993474 1385.209491     0.285714      2.328571
40.0 70         0.555          0.75 4.825995 2327.901437     0.357143      2.428571
50.0 70         0.555          0.75 5.368731 2963.185010     0.285714      2.557143
--- Q7 三类扰动对照（ADC 域，同幅度）---
          maxdev_med                             n_extra_mean                     n_miss_mean                         os_med                      
kind            band        common         white         band    common     white        band    common     white       band     common      white
amp                                                                                                                                               
500.0    5084.495985   4779.010726   5915.736906     0.828571  0.442857  0.800000    0.285714  0.285714  0.285714   8.438956   6.877163   8.625662
1000.0   6985.977307   5085.568195   6683.626026     0.328571  0.400000  0.314286    0.342857  0.285714  0.314286  11.385225   8.940626  14.439357
2000.0   9120.127194   8999.871895  11414.031127     0.314286  0.400000  0.485714    1.957143  1.457143  1.442857  16.779544  10.276691  15.814063
4000.0  14242.012965  13907.173644  13457.458685     0.157143  0.471429  0.100000    6.828571  6.714286  6.957143  20.250098  23.168276  15.110411
jitter_sensitivity: 2836 行
=== T1-B / 09 汇总 ===
robustness_sweep: 7560 行
--- 显示域 v6：噪声类型 × 相对幅度 ---
kind            r    n   T_med   T_p90     达标  OS%med  OS%max   maxdev   ep+
band       0.0050   70    0.54    9.07   0.71    0.94    3.08   0.3257   0.0
band       0.0100   70    0.53    7.79   0.76    1.14    4.70   0.5345   0.0
band       0.0200   70    0.38    0.58   0.94    1.42    4.75   2.5025   0.0
band       0.0500   70    0.58    6.06   0.76    3.89   31.28   3.1886   0.0
band       0.1000   70   20.70   39.34   0.03    5.69   17.22   3.7340   0.0
common     0.0050   70    0.55    9.37   0.71    1.15    3.96   0.1746   0.0
common     0.0100   70    0.57    9.17   0.69    1.32    6.81   0.3444   0.0
common     0.0200   70    0.49    7.95   0.79    1.36    4.65   2.2656   0.0
common     0.0500   70    0.48    6.86   0.80    2.78   11.06   2.9438   0.0
common     0.1000   70   18.75   39.74   0.16    5.63   24.99   3.8271   0.0
white      0.0005   70    0.55    9.30   0.71    1.35    3.78   0.0761   0.0
white      0.0010   70    0.54    9.29   0.71    1.24    3.32   0.1125   0.0
white      0.0020   70    0.54    9.29   0.71    0.99    3.94   0.1888   0.0
white      0.0050   70    0.54    9.20   0.71    0.90    2.94   0.3221   0.0
white      0.0100   70    0.53    7.53   0.74    1.17    4.98   0.5077   0.0
white      0.0200   70    0.39    0.68   0.91    1.40    5.22   2.6470   0.0
white      0.0500   70    0.39    6.28   0.79    3.81   11.26   3.3642   0.0
white      0.1000   70   16.18   39.53   0.06    5.68   17.99   3.5233   0.0
white      0.2000   70     nan     nan    nan    9.51   23.99   5.9430   0.0
--- ADC 域 v6：噪声类型 × 绝对幅度 (ADC RMS) ---
kind           A    n   T_med     达标  OS%med    maxdev   slowdev     漏     误  epoch
band         100   70    0.56   0.65    5.84    3045.0     -16.9  0.29  2.41  21.09
band         300   70    4.51   0.47    7.17    4047.0    -414.5  0.29  0.84  18.80
band         500   70    4.52   0.45    8.44    5084.5   -1801.7  0.29  0.83  17.90
band        1000   70    4.62   0.45   11.39    6986.0   -1336.0  0.34  0.33  15.61
band        2000   70    0.79   0.70   16.78    9120.1    -837.6  1.96  0.31  13.19
band        4000   70     nan    nan   20.25   14242.0     -63.1  6.83  0.16   7.90
common       100   70    0.56   0.75    4.93    3073.3       2.2  0.29  2.40  21.34
common       300   70    0.61   0.56    6.07    4159.5     -88.8  0.29  0.24  17.94
common       500   70    0.54   0.60    6.88    4779.0    -922.6  0.29  0.44  17.41
common      1000   70    0.73   0.55    8.94    5085.6   -1150.7  0.29  0.40  15.69
common      2000   70    0.87   0.90   10.28    8999.9    -954.3  1.46  0.40  13.41
common      4000   70     nan    nan   23.17   13907.2    -853.2  6.71  0.47   8.36
white          1   70    0.56   0.75    4.99      94.8      -0.0  0.29  2.14  20.29
white          2   70    0.56   0.75    5.75      97.9      -0.0  0.29  2.14  20.29
white          5   70    0.55   0.75    5.22     300.0      -0.7  0.29  2.14  20.29
white         10   70    0.55   0.75    5.75    1004.2      -2.3  0.29  2.14  20.43
white         20   70    0.55   0.75    5.04    1376.4     -19.8  0.29  2.34  20.77
white         30   70    0.55   0.75    4.99    1385.2     -51.1  0.29  2.33  20.97
white         40   70    0.55   0.75    4.83    2327.9      -2.8  0.36  2.43  20.86
white         50   70    0.55   0.75    5.37    2963.2      -9.2  0.29  2.56  21.27
white        100   70    0.55   0.75    5.66    3028.7     -14.2  0.29  2.27  21.07
white        300   70    4.39   0.46    8.26    4208.2    -378.0  0.29  0.96  18.80
white        500   70    4.64   0.47    8.63    5915.7   -2008.6  0.29  0.80  17.90
white       1000   70    1.55   0.50   14.44    6683.6   -1690.9  0.31  0.31  15.87
white       2000   70    6.64   0.33   15.81   11414.0    -678.9  1.44  0.49  13.81
white       4000   70     nan    nan   15.11   13457.5     -58.5  6.96  0.10   7.79
--- 拐点 ---
 dom   kind       criterion  r_first_over  amp_first_over  n_levels  ref_meet
 显示域   band      达成率跌>=10pt          0.10        1.756935         5  0.714286
 显示域   band T_stable_med>2s          0.10        1.756935         5  0.714286
 显示域   band       OS%p90>10           NaN             NaN         5  0.714286
 显示域   band      maxdev>5%L          0.02        0.351387         5  0.714286
 显示域 common      达成率跌>=10pt          0.10        1.756935         5  0.714286
 显示域 common T_stable_med>2s          0.10        1.756935         5  0.714286
 显示域 common       OS%p90>10          0.10        1.756935         5  0.714286
 显示域 common      maxdev>5%L          0.02        0.351387         5  0.714286
 显示域  white      达成率跌>=10pt          0.10        1.756935         9  0.714286
 显示域  white T_stable_med>2s          0.10        1.756935         9  0.714286
 显示域  white       OS%p90>10          0.20        3.513870         9  0.714286
 显示域  white      maxdev>5%L          0.02        0.351387         9  0.714286
ADC域   band            漏检>0           NaN      100.000000         6       NaN
ADC域   band      maxdev>5%L           NaN      100.000000         6       NaN
ADC域   band        OS%med>5           NaN      100.000000         6       NaN
ADC域 common            漏检>0           NaN      100.000000         6       NaN
ADC域 common      maxdev>5%L           NaN      100.000000         6       NaN
ADC域 common        OS%med>5           NaN      300.000000         6       NaN
ADC域  white            漏检>0           NaN        1.000000        14       NaN
ADC域  white      maxdev>5%L           NaN       20.000000        14       NaN
ADC域  white        OS%med>5           NaN        2.000000        14       NaN
--- Q6 逐字档位（白噪总量 RMS 1~50 ADC，ADC 域）---
 amp  n  t_stable_med  frac_meet_2s   os_med  maxdev_med  n_miss_mean  n_extra_mean
 1.0 70         0.560          0.75 4.989247   94.762525     0.285714      2.142857
 2.0 70         0.560          0.75 5.749976   97.898096     0.285714      2.142857
 5.0 70         0.555          0.75 5.220761  300.035576     0.285714      2.142857
10.0 70         0.555          0.75 5.752863 1004.226274     0.285714      2.142857
20.0 70         0.555          0.75 5.040921 1376.438354     0.285714      2.342857
30.0 70         0.555          0.75 4.993474 1385.209491     0.285714      2.328571
40.0 70         0.555          0.75 4.825995 2327.901437     0.357143      2.428571
50.0 70         0.555          0.75 5.368731 2963.185010     0.285714      2.557143
--- Q7 三类扰动对照（ADC 域，同幅度）---
          maxdev_med                             n_extra_mean                     n_miss_mean                         os_med                      
kind            band        common         white         band    common     white        band    common     white       band     common      white
amp                                                                                                                                               
500.0    5084.495985   4779.010726   5915.736906     0.828571  0.442857  0.800000    0.285714  0.285714  0.285714   8.438956   6.877163   8.625662
1000.0   6985.977307   5085.568195   6683.626026     0.328571  0.400000  0.314286    0.342857  0.285714  0.314286  11.385225   8.940626  14.439357
2000.0   9120.127194   8999.871895  11414.031127     0.314286  0.400000  0.485714    1.957143  1.457143  1.442857  16.779544  10.276691  15.814063
4000.0  14242.012965  13907.173644  13457.458685     0.157143  0.471429  0.100000    6.828571  6.714286  6.957143  20.250098  23.168276  15.110411
jitter_sensitivity: 2836 行
=== T1-B / 09 汇总 ===
robustness_sweep: 7560 行
--- 显示域 v6：噪声类型 × 相对幅度 ---
kind            r    n   T_med   T_p90     达标  OS%med  OS%max   maxdev   ep+
band       0.0050   70    0.54    9.07   0.71    0.94    3.08   0.3257   0.0
band       0.0100   70    0.53    7.79   0.76    1.14    4.70   0.5345   0.0
band       0.0200   70    0.38    0.58   0.94    1.42    4.75   2.5025   0.0
band       0.0500   70    0.58    6.06   0.76    3.89   31.28   3.1886   0.0
band       0.1000   70   20.70   39.34   0.03    5.69   17.22   3.7340   0.0
common     0.0050   70    0.55    9.37   0.71    1.15    3.96   0.1746   0.0
common     0.0100   70    0.57    9.17   0.69    1.32    6.81   0.3444   0.0
common     0.0200   70    0.49    7.95   0.79    1.36    4.65   2.2656   0.0
common     0.0500   70    0.48    6.86   0.80    2.78   11.06   2.9438   0.0
common     0.1000   70   18.75   39.74   0.16    5.63   24.99   3.8271   0.0
white      0.0005   70    0.55    9.30   0.71    1.35    3.78   0.0761   0.0
white      0.0010   70    0.54    9.29   0.71    1.24    3.32   0.1125   0.0
white      0.0020   70    0.54    9.29   0.71    0.99    3.94   0.1888   0.0
white      0.0050   70    0.54    9.20   0.71    0.90    2.94   0.3221   0.0
white      0.0100   70    0.53    7.53   0.74    1.17    4.98   0.5077   0.0
white      0.0200   70    0.39    0.68   0.91    1.40    5.22   2.6470   0.0
white      0.0500   70    0.39    6.28   0.79    3.81   11.26   3.3642   0.0
white      0.1000   70   16.18   39.53   0.06    5.68   17.99   3.5233   0.0
white      0.2000   70     nan     nan    nan    9.51   23.99   5.9430   0.0
--- ADC 域 v6：噪声类型 × 绝对幅度 (ADC RMS) ---
kind           A    n   T_med     达标  OS%med    maxdev   slowdev     漏     误  epoch
band         100   70    0.56   0.65    5.84    3045.0     -16.9  0.29  2.41  21.09
band         300   70    4.51   0.47    7.17    4047.0    -414.5  0.29  0.84  18.80
band         500   70    4.52   0.45    8.44    5084.5   -1801.7  0.29  0.83  17.90
band        1000   70    4.62   0.45   11.39    6986.0   -1336.0  0.34  0.33  15.61
band        2000   70    0.79   0.70   16.78    9120.1    -837.6  1.96  0.31  13.19
band        4000   70     nan    nan   20.25   14242.0     -63.1  6.83  0.16   7.90
common       100   70    0.56   0.75    4.93    3073.3       2.2  0.29  2.40  21.34
common       300   70    0.61   0.56    6.07    4159.5     -88.8  0.29  0.24  17.94
common       500   70    0.54   0.60    6.88    4779.0    -922.6  0.29  0.44  17.41
common      1000   70    0.73   0.55    8.94    5085.6   -1150.7  0.29  0.40  15.69
common      2000   70    0.87   0.90   10.28    8999.9    -954.3  1.46  0.40  13.41
common      4000   70     nan    nan   23.17   13907.2    -853.2  6.71  0.47   8.36
white          1   70    0.56   0.75    4.99      94.8      -0.0  0.29  2.14  20.29
white          2   70    0.56   0.75    5.75      97.9      -0.0  0.29  2.14  20.29
white          5   70    0.55   0.75    5.22     300.0      -0.7  0.29  2.14  20.29
white         10   70    0.55   0.75    5.75    1004.2      -2.3  0.29  2.14  20.43
white         20   70    0.55   0.75    5.04    1376.4     -19.8  0.29  2.34  20.77
white         30   70    0.55   0.75    4.99    1385.2     -51.1  0.29  2.33  20.97
white         40   70    0.55   0.75    4.83    2327.9      -2.8  0.36  2.43  20.86
white         50   70    0.55   0.75    5.37    2963.2      -9.2  0.29  2.56  21.27
white        100   70    0.55   0.75    5.66    3028.7     -14.2  0.29  2.27  21.07
white        300   70    4.39   0.46    8.26    4208.2    -378.0  0.29  0.96  18.80
white        500   70    4.64   0.47    8.63    5915.7   -2008.6  0.29  0.80  17.90
white       1000   70    1.55   0.50   14.44    6683.6   -1690.9  0.31  0.31  15.87
white       2000   70    6.64   0.33   15.81   11414.0    -678.9  1.44  0.49  13.81
white       4000   70     nan    nan   15.11   13457.5     -58.5  6.96  0.10   7.79
--- 拐点 ---
 dom   kind       criterion  r_first_over  amp_first_over  n_levels  ref_meet
 显示域   band      达成率跌>=10pt          0.10        1.756935         5  0.714286
 显示域   band T_stable_med>2s          0.10        1.756935         5  0.714286
 显示域   band       OS%p90>10           NaN             NaN         5  0.714286
 显示域   band      maxdev>5%L          0.02        0.351387         5  0.714286
 显示域 common      达成率跌>=10pt          0.10        1.756935         5  0.714286
 显示域 common T_stable_med>2s          0.10        1.756935         5  0.714286
 显示域 common       OS%p90>10          0.10        1.756935         5  0.714286
 显示域 common      maxdev>5%L          0.02        0.351387         5  0.714286
 显示域  white      达成率跌>=10pt          0.10        1.756935         9  0.714286
 显示域  white T_stable_med>2s          0.10        1.756935         9  0.714286
 显示域  white       OS%p90>10          0.20        3.513870         9  0.714286
 显示域  white      maxdev>5%L          0.02        0.351387         9  0.714286
ADC域   band            漏检>0           NaN      100.000000         6       NaN
ADC域   band      maxdev>5%L           NaN      100.000000         6       NaN
ADC域   band        OS%med>5           NaN      100.000000         6       NaN
ADC域 common            漏检>0           NaN      100.000000         6       NaN
ADC域 common      maxdev>5%L           NaN      100.000000         6       NaN
ADC域 common        OS%med>5           NaN      300.000000         6       NaN
ADC域  white            漏检>0           NaN        1.000000        14       NaN
ADC域  white      maxdev>5%L           NaN       20.000000        14       NaN
ADC域  white        OS%med>5           NaN        2.000000        14       NaN
--- Q6 逐字档位（白噪总量 RMS 1~50 ADC，ADC 域）---
 amp  n  t_stable_med  frac_meet_2s   os_med  maxdev_med  n_miss_mean  n_extra_mean
 1.0 70         0.560          0.75 4.989247   94.762525     0.285714      2.142857
 2.0 70         0.560          0.75 5.749976   97.898096     0.285714      2.142857
 5.0 70         0.555          0.75 5.220761  300.035576     0.285714      2.142857
10.0 70         0.555          0.75 5.752863 1004.226274     0.285714      2.142857
20.0 70         0.555          0.75 5.040921 1376.438354     0.285714      2.342857
30.0 70         0.555          0.75 4.993474 1385.209491     0.285714      2.328571
40.0 70         0.555          0.75 4.825995 2327.901437     0.357143      2.428571
50.0 70         0.555          0.75 5.368731 2963.185010     0.285714      2.557143
--- Q7 三类扰动对照（ADC 域，同幅度）---
          maxdev_med                             n_extra_mean                     n_miss_mean                         os_med                      
kind            band        common         white         band    common     white        band    common     white       band     common      white
amp                                                                                                                                               
500.0    5084.495985   4779.010726   5915.736906     0.828571  0.442857  0.800000    0.285714  0.285714  0.285714   8.438956   6.877163   8.625662
1000.0   6985.977307   5085.568195   6683.626026     0.328571  0.400000  0.314286    0.342857  0.285714  0.314286  11.385225   8.940626  14.439357
2000.0   9120.127194   8999.871895  11414.031127     0.314286  0.400000  0.485714    1.957143  1.457143  1.442857  16.779544  10.276691  15.814063
4000.0  14242.012965  13907.173644  13457.458685     0.157143  0.471429  0.100000    6.828571  6.714286  6.957143  20.250098  23.168276  15.110411
jitter_sensitivity: 2836 行
=== T1-B / 09 汇总 ===
robustness_sweep: 7560 行
--- 显示域 v6：噪声类型 × 相对幅度 ---
kind            r    n   T_med   T_p90     达标  OS%med  OS%max   maxdev   ep+
band       0.0050   70    0.54    9.07   0.71    0.94    3.08   0.3257   0.0
band       0.0100   70    0.53    7.79   0.76    1.14    4.70   0.5345   0.0
band       0.0200   70    0.38    0.58   0.94    1.42    4.75   2.5025   0.0
band       0.0500   70    0.58    6.06   0.76    3.89   31.28   3.1886   0.0
band       0.1000   70   20.70   39.34   0.03    5.69   17.22   3.7340   0.0
common     0.0050   70    0.55    9.37   0.71    1.15    3.96   0.1746   0.0
common     0.0100   70    0.57    9.17   0.69    1.32    6.81   0.3444   0.0
common     0.0200   70    0.49    7.95   0.79    1.36    4.65   2.2656   0.0
common     0.0500   70    0.48    6.86   0.80    2.78   11.06   2.9438   0.0
common     0.1000   70   18.75   39.74   0.16    5.63   24.99   3.8271   0.0
white      0.0005   70    0.55    9.30   0.71    1.35    3.78   0.0761   0.0
white      0.0010   70    0.54    9.29   0.71    1.24    3.32   0.1125   0.0
white      0.0020   70    0.54    9.29   0.71    0.99    3.94   0.1888   0.0
white      0.0050   70    0.54    9.20   0.71    0.90    2.94   0.3221   0.0
white      0.0100   70    0.53    7.53   0.74    1.17    4.98   0.5077   0.0
white      0.0200   70    0.39    0.68   0.91    1.40    5.22   2.6470   0.0
white      0.0500   70    0.39    6.28   0.79    3.81   11.26   3.3642   0.0
white      0.1000   70   16.18   39.53   0.06    5.68   17.99   3.5233   0.0
white      0.2000   70     nan     nan    nan    9.51   23.99   5.9430   0.0
--- ADC 域 v6：噪声类型 × 绝对幅度 (ADC RMS) ---
kind           A    n   T_med     达标  OS%med    maxdev   slowdev     漏     误  epoch
band         100   70    0.56   0.65    5.84    3045.0     -16.9  0.29  2.41  21.09
band         300   70    4.51   0.47    7.17    4047.0    -414.5  0.29  0.84  18.80
band         500   70    4.52   0.45    8.44    5084.5   -1801.7  0.29  0.83  17.90
band        1000   70    4.62   0.45   11.39    6986.0   -1336.0  0.34  0.33  15.61
band        2000   70    0.79   0.70   16.78    9120.1    -837.6  1.96  0.31  13.19
band        4000   70     nan    nan   20.25   14242.0     -63.1  6.83  0.16   7.90
common       100   70    0.56   0.75    4.93    3073.3       2.2  0.29  2.40  21.34
common       300   70    0.61   0.56    6.07    4159.5     -88.8  0.29  0.24  17.94
common       500   70    0.54   0.60    6.88    4779.0    -922.6  0.29  0.44  17.41
common      1000   70    0.73   0.55    8.94    5085.6   -1150.7  0.29  0.40  15.69
common      2000   70    0.87   0.90   10.28    8999.9    -954.3  1.46  0.40  13.41
common      4000   70     nan    nan   23.17   13907.2    -853.2  6.71  0.47   8.36
white          1   70    0.56   0.75    4.99      94.8      -0.0  0.29  2.14  20.29
white          2   70    0.56   0.75    5.75      97.9      -0.0  0.29  2.14  20.29
white          5   70    0.55   0.75    5.22     300.0      -0.7  0.29  2.14  20.29
white         10   70    0.55   0.75    5.75    1004.2      -2.3  0.29  2.14  20.43
white         20   70    0.55   0.75    5.04    1376.4     -19.8  0.29  2.34  20.77
white         30   70    0.55   0.75    4.99    1385.2     -51.1  0.29  2.33  20.97
white         40   70    0.55   0.75    4.83    2327.9      -2.8  0.36  2.43  20.86
white         50   70    0.55   0.75    5.37    2963.2      -9.2  0.29  2.56  21.27
white        100   70    0.55   0.75    5.66    3028.7     -14.2  0.29  2.27  21.07
white        300   70    4.39   0.46    8.26    4208.2    -378.0  0.29  0.96  18.80
white        500   70    4.64   0.47    8.63    5915.7   -2008.6  0.29  0.80  17.90
white       1000   70    1.55   0.50   14.44    6683.6   -1690.9  0.31  0.31  15.87
white       2000   70    6.64   0.33   15.81   11414.0    -678.9  1.44  0.49  13.81
white       4000   70     nan    nan   15.11   13457.5     -58.5  6.96  0.10   7.79
--- 拐点 ---
 dom   kind       criterion  r_first_over  amp_first_over  n_levels  ref_meet
 显示域   band      达成率跌>=10pt          0.10        1.756935         5  0.714286
 显示域   band T_stable_med>2s          0.10        1.756935         5  0.714286
 显示域   band       OS%p90>10           NaN             NaN         5  0.714286
 显示域   band      maxdev>5%L          0.02        0.351387         5  0.714286
 显示域 common      达成率跌>=10pt          0.10        1.756935         5  0.714286
 显示域 common T_stable_med>2s          0.10        1.756935         5  0.714286
 显示域 common       OS%p90>10          0.10        1.756935         5  0.714286
 显示域 common      maxdev>5%L          0.02        0.351387         5  0.714286
 显示域  white      达成率跌>=10pt          0.10        1.756935         9  0.714286
 显示域  white T_stable_med>2s          0.10        1.756935         9  0.714286
 显示域  white       OS%p90>10          0.20        3.513870         9  0.714286
 显示域  white      maxdev>5%L          0.02        0.351387         9  0.714286
ADC域   band            漏检>0           NaN      100.000000         6       NaN
ADC域   band      maxdev>5%L           NaN      100.000000         6       NaN
ADC域   band        OS%med>5           NaN      100.000000         6       NaN
ADC域 common            漏检>0           NaN      100.000000         6       NaN
ADC域 common      maxdev>5%L           NaN      100.000000         6       NaN
ADC域 common        OS%med>5           NaN      300.000000         6       NaN
ADC域  white            漏检>0           NaN        1.000000        14       NaN
ADC域  white      maxdev>5%L           NaN       20.000000        14       NaN
ADC域  white        OS%med>5           NaN        2.000000        14       NaN
--- Q6 逐字档位（白噪总量 RMS 1~50 ADC，ADC 域）---
 amp  n  t_stable_med  frac_meet_2s   os_med  maxdev_med  n_miss_mean  n_extra_mean
 1.0 70         0.560          0.75 4.989247   94.762525     0.285714      2.142857
 2.0 70         0.560          0.75 5.749976   97.898096     0.285714      2.142857
 5.0 70         0.555          0.75 5.220761  300.035576     0.285714      2.142857
10.0 70         0.555          0.75 5.752863 1004.226274     0.285714      2.142857
20.0 70         0.555          0.75 5.040921 1376.438354     0.285714      2.342857
30.0 70         0.555          0.75 4.993474 1385.209491     0.285714      2.328571
40.0 70         0.555          0.75 4.825995 2327.901437     0.357143      2.428571
50.0 70         0.555          0.75 5.368731 2963.185010     0.285714      2.557143
--- Q7 三类扰动对照（ADC 域，同幅度）---
          maxdev_med                             n_extra_mean                     n_miss_mean                         os_med                      
kind            band        common         white         band    common     white        band    common     white       band     common      white
amp                                                                                                                                               
500.0    5084.495985   4779.010726   5915.736906     0.828571  0.442857  0.800000    0.285714  0.285714  0.285714   8.438956   6.877163   8.625662
1000.0   6985.977307   5085.568195   6683.626026     0.328571  0.400000  0.314286    0.342857  0.285714  0.314286  11.385225   8.940626  14.439357
2000.0   9120.127194   8999.871895  11414.031127     0.314286  0.400000  0.485714    1.957143  1.457143  1.442857  16.779544  10.276691  15.814063
4000.0  14242.012965  13907.173644  13457.458685     0.157143  0.471429  0.100000    6.828571  6.714286  6.957143  20.250098  23.168276  15.110411
jitter_sensitivity: 2836 行
--- Q8 显示域 v6（每配置：T_stable 中位/达标率 / maxdev 中位 / 额外 epoch）---
=== T1-B / 09 汇总 ===
robustness_sweep: 7560 行
--- 显示域 v6：噪声类型 × 相对幅度 ---
kind            r    n   T_med   T_p90     达标  OS%med  OS%max   maxdev   ep+
band       0.0050   70    0.54    9.07   0.71    0.94    3.08   0.3257   0.0
band       0.0100   70    0.53    7.79   0.76    1.14    4.70   0.5345   0.0
band       0.0200   70    0.38    0.58   0.94    1.42    4.75   2.5025   0.0
band       0.0500   70    0.58    6.06   0.76    3.89   31.28   3.1886   0.0
band       0.1000   70   20.70   39.34   0.03    5.69   17.22   3.7340   0.0
common     0.0050   70    0.55    9.37   0.71    1.15    3.96   0.1746   0.0
common     0.0100   70    0.57    9.17   0.69    1.32    6.81   0.3444   0.0
common     0.0200   70    0.49    7.95   0.79    1.36    4.65   2.2656   0.0
common     0.0500   70    0.48    6.86   0.80    2.78   11.06   2.9438   0.0
common     0.1000   70   18.75   39.74   0.16    5.63   24.99   3.8271   0.0
white      0.0005   70    0.55    9.30   0.71    1.35    3.78   0.0761   0.0
white      0.0010   70    0.54    9.29   0.71    1.24    3.32   0.1125   0.0
white      0.0020   70    0.54    9.29   0.71    0.99    3.94   0.1888   0.0
white      0.0050   70    0.54    9.20   0.71    0.90    2.94   0.3221   0.0
white      0.0100   70    0.53    7.53   0.74    1.17    4.98   0.5077   0.0
white      0.0200   70    0.39    0.68   0.91    1.40    5.22   2.6470   0.0
white      0.0500   70    0.39    6.28   0.79    3.81   11.26   3.3642   0.0
white      0.1000   70   16.18   39.53   0.06    5.68   17.99   3.5233   0.0
white      0.2000   70     nan     nan    nan    9.51   23.99   5.9430   0.0
--- ADC 域 v6：噪声类型 × 绝对幅度 (ADC RMS) ---
kind           A    n   T_med     达标  OS%med    maxdev   slowdev     漏     误  epoch
band         100   70    0.56   0.65    5.84    3045.0     -16.9  0.29  2.41  21.09
band         300   70    4.51   0.47    7.17    4047.0    -414.5  0.29  0.84  18.80
band         500   70    4.52   0.45    8.44    5084.5   -1801.7  0.29  0.83  17.90
band        1000   70    4.62   0.45   11.39    6986.0   -1336.0  0.34  0.33  15.61
band        2000   70    0.79   0.70   16.78    9120.1    -837.6  1.96  0.31  13.19
band        4000   70     nan    nan   20.25   14242.0     -63.1  6.83  0.16   7.90
common       100   70    0.56   0.75    4.93    3073.3       2.2  0.29  2.40  21.34
common       300   70    0.61   0.56    6.07    4159.5     -88.8  0.29  0.24  17.94
common       500   70    0.54   0.60    6.88    4779.0    -922.6  0.29  0.44  17.41
common      1000   70    0.73   0.55    8.94    5085.6   -1150.7  0.29  0.40  15.69
common      2000   70    0.87   0.90   10.28    8999.9    -954.3  1.46  0.40  13.41
common      4000   70     nan    nan   23.17   13907.2    -853.2  6.71  0.47   8.36
white          1   70    0.56   0.75    4.99      94.8      -0.0  0.29  2.14  20.29
white          2   70    0.56   0.75    5.75      97.9      -0.0  0.29  2.14  20.29
white          5   70    0.55   0.75    5.22     300.0      -0.7  0.29  2.14  20.29
white         10   70    0.55   0.75    5.75    1004.2      -2.3  0.29  2.14  20.43
white         20   70    0.55   0.75    5.04    1376.4     -19.8  0.29  2.34  20.77
white         30   70    0.55   0.75    4.99    1385.2     -51.1  0.29  2.33  20.97
white         40   70    0.55   0.75    4.83    2327.9      -2.8  0.36  2.43  20.86
white         50   70    0.55   0.75    5.37    2963.2      -9.2  0.29  2.56  21.27
white        100   70    0.55   0.75    5.66    3028.7     -14.2  0.29  2.27  21.07
white        300   70    4.39   0.46    8.26    4208.2    -378.0  0.29  0.96  18.80
white        500   70    4.64   0.47    8.63    5915.7   -2008.6  0.29  0.80  17.90
white       1000   70    1.55   0.50   14.44    6683.6   -1690.9  0.31  0.31  15.87
white       2000   70    6.64   0.33   15.81   11414.0    -678.9  1.44  0.49  13.81
white       4000   70     nan    nan   15.11   13457.5     -58.5  6.96  0.10   7.79
--- 拐点 ---
 dom   kind       criterion  r_first_over  amp_first_over  n_levels  ref_meet
 显示域   band      达成率跌>=10pt          0.10        1.756935         5  0.714286
 显示域   band T_stable_med>2s          0.10        1.756935         5  0.714286
 显示域   band       OS%p90>10           NaN             NaN         5  0.714286
 显示域   band      maxdev>5%L          0.02        0.351387         5  0.714286
 显示域 common      达成率跌>=10pt          0.10        1.756935         5  0.714286
 显示域 common T_stable_med>2s          0.10        1.756935         5  0.714286
 显示域 common       OS%p90>10          0.10        1.756935         5  0.714286
 显示域 common      maxdev>5%L          0.02        0.351387         5  0.714286
 显示域  white      达成率跌>=10pt          0.10        1.756935         9  0.714286
 显示域  white T_stable_med>2s          0.10        1.756935         9  0.714286
 显示域  white       OS%p90>10          0.20        3.513870         9  0.714286
 显示域  white      maxdev>5%L          0.02        0.351387         9  0.714286
ADC域   band            漏检>0           NaN      100.000000         6       NaN
ADC域   band      maxdev>5%L           NaN      100.000000         6       NaN
ADC域   band        OS%med>5           NaN      100.000000         6       NaN
ADC域 common            漏检>0           NaN      100.000000         6       NaN
ADC域 common      maxdev>5%L           NaN      100.000000         6       NaN
ADC域 common        OS%med>5           NaN      300.000000         6       NaN
ADC域  white            漏检>0           NaN        1.000000        14       NaN
ADC域  white      maxdev>5%L           NaN       20.000000        14       NaN
ADC域  white        OS%med>5           NaN        2.000000        14       NaN
--- Q6 逐字档位（白噪总量 RMS 1~50 ADC，ADC 域）---
 amp  n  t_stable_med  frac_meet_2s   os_med  maxdev_med  n_miss_mean  n_extra_mean
 1.0 70         0.560          0.75 4.989247   94.762525     0.285714      2.142857
 2.0 70         0.560          0.75 5.749976   97.898096     0.285714      2.142857
 5.0 70         0.555          0.75 5.220761  300.035576     0.285714      2.142857
10.0 70         0.555          0.75 5.752863 1004.226274     0.285714      2.142857
20.0 70         0.555          0.75 5.040921 1376.438354     0.285714      2.342857
30.0 70         0.555          0.75 4.993474 1385.209491     0.285714      2.328571
40.0 70         0.555          0.75 4.825995 2327.901437     0.357143      2.428571
50.0 70         0.555          0.75 5.368731 2963.185010     0.285714      2.557143
--- Q7 三类扰动对照（ADC 域，同幅度）---
          maxdev_med                             n_extra_mean                     n_miss_mean                         os_med                      
kind            band        common         white         band    common     white        band    common     white       band     common      white
amp                                                                                                                                               
500.0    5084.495985   4779.010726   5915.736906     0.828571  0.442857  0.800000    0.285714  0.285714  0.285714   8.438956   6.877163   8.625662
1000.0   6985.977307   5085.568195   6683.626026     0.328571  0.400000  0.314286    0.342857  0.285714  0.314286  11.385225   8.940626  14.439357
2000.0   9120.127194   8999.871895  11414.031127     0.314286  0.400000  0.485714    1.957143  1.457143  1.442857  16.779544  10.276691  15.814063
4000.0  14242.012965  13907.173644  13457.458685     0.157143  0.471429  0.100000    6.828571  6.714286  6.957143  20.250098  23.168276  15.110411
jitter_sensitivity: 2836 行
--- Q8 显示域 v6（每配置：T_stable 中位/达标率 / maxdev 中位 / 额外 epoch）---
  agg3         n=  60 T_med=  0.51s 达标= 0.83 maxdev=  9.6674 ep_hit= 1.0
  agg6         n=  60 T_med=  0.48s 达标= 0.83 maxdev=  9.9056 ep_hit= 1.0
  delay1       n=  70 T_med=  0.55s 达标= 0.71 maxdev=  3.7543 ep_hit= 1.0
  drop_f0.005  n=  70 T_med=  0.55s 达标= 0.71 maxdev=  0.0075 ep_hit= 1.0
  drop_f0.01   n=  70 T_med=  0.55s 达标= 0.71 maxdev=  0.0125 ep_hit= 1.0
  drop_f0.02   n=  70 T_med=  0.55s 达标= 0.71 maxdev=  0.0420 ep_hit= 1.0
  drop_f0.05   n=  70 T_med=  0.55s 达标= 0.71 maxdev=  0.0715 ep_hit= 1.0
  droppkt0.01  n=  62 T_med=  0.55s 达标= 0.81 maxdev=  0.0127 ep_hit= 1.0
  droppkt0.05  n=  60 T_med=  0.54s 达标= 0.83 maxdev=  0.0655 ep_hit= 1.0
  jitter1      n=  70 T_med=  0.54s 达标= 0.71 maxdev=  2.4188 ep_hit= 1.0
  jitter2      n=  70 T_med=  0.55s 达标= 0.71 maxdev=  4.2541 ep_hit= 1.0
  origin_pm1   n=  14 T_med=  0.56s 达标= 0.71 maxdev=  0.0000 ep_hit= 1.0
  origin_pm2   n=  14 T_med=  0.58s 达标= 0.71 maxdev=  0.0000 ep_hit= 1.0
--- Q8 ADC 域 v6（漏/误/maxdev）---
  agg16        n=  70 漏= 0.57 误= 2.07 maxdev=  25622.0 OS%=  5.15
  agg8         n=  70 漏= 0.43 误= 1.50 maxdev=  24858.1 OS%=  4.82
  delay1       n=  70 漏= 0.71 误= 1.79 maxdev=  24625.3 OS%=  4.78
  drop_f0.01   n=  70 漏= 0.36 误= 2.14 maxdev=    532.9 OS%=  4.91
  drop_f0.05   n=  70 漏= 0.50 误= 2.14 maxdev=   1607.3 OS%=  4.91
  droppkt0.01  n=  70 漏= 0.29 误= 2.14 maxdev=    287.7 OS%=  4.91
  droppkt0.05  n=  70 漏= 0.43 误= 2.07 maxdev=   2658.0 OS%=  4.92
  jitter1      n=  70 漏= 0.71 误= 1.57 maxdev=  22026.5 OS%=  5.05
  jitter2      n=  70 漏= 0.57 误= 1.36 maxdev=  24086.7 OS%=  4.35
  origin_pm1   n=  14 漏= 0.29 误= 2.14 maxdev=      0.0 OS%=  4.91
  origin_pm2   n=  14 漏= 0.29 误= 2.14 maxdev=      0.0 OS%=  4.91
tap_recovery: 660 行
--- Q9 显示域 v6 无噪档：拍击幅度 → 触发率/撤销/峰值偏差/恢复/永久台阶 ---
  tap_adc    10%L n= 3 触发率=1.00 撤销=1.00 交接=0.00 峰值=  18.7%L 恢复=0.2399999999999948 永久台阶=3758.9336657054655
  tap_adc    30%L n= 3 触发率=1.00 撤销=1.00 交接=0.00 峰值=  38.7%L 恢复=3.629999999999996 永久台阶=3875.799357139535
  tap_adc    50%L n= 3 触发率=1.00 撤销=1.00 交接=0.00 峰值=  58.7%L 恢复=3.629999999999996 永久台阶=3855.483600082318
  tap_hold   10%L n= 7 触发率=1.00 撤销=1.00 交接=0.00 峰值=  12.2%L 恢复=0.240000000000002 永久台阶=0.0040308087396923
  tap_hold   30%L n= 7 触发率=1.00 撤销=1.00 交接=0.00 峰值=  32.3%L 恢复=0.25 永久台阶=-0.2099746737987935
  tap_hold   50%L n= 7 触发率=1.00 撤销=1.00 交接=0.00 峰值=  52.3%L 恢复=0.25 永久台阶=-0.2472418317696565
cost_benefit: 830 行
--- Q10 代价-收益矩阵 ---
      knob  n_ev  t_stable_clean_med  dT_stable  t_stable_clean_p90  ep_latency_med  d_ep_latency  tap10_trip_rate  tap10_ep_mean  tap30_trip_rate  tap30_ep_mean  tap50_ep_mean  noise_maxdev_med  noise_tstable_med  noise5_maxdev_med  noise5_tstable_med  n_rescue_mean  adc_miss_mean  adc_extra_mean  adc_rescue_mean  d_noise_maxdev  d_tap30_ep  d_tap10_ep
      base     4               4.220      0.000               8.901            0.04          0.00              1.0            1.0              1.0            2.0            2.0             2.940              0.405              3.698               0.435          0.000            3.5             0.5              0.0           0.000         0.0         0.0
   capf1.0     4               4.250      0.030               8.901            0.04          0.00              1.0            1.0              1.0            2.0            2.0             2.313              0.355              2.491               0.330          0.000            2.3            14.6              0.0          -0.627         0.0         0.0
   capf2.0     4               4.250      0.030               8.901            0.04          0.00              1.0            1.0              1.0            2.0            2.0             2.331              0.380              2.491               0.340          0.000            NaN             NaN              NaN          -0.609         0.0         0.0
 dwell0.10     4               4.220      0.000               8.901            0.11          0.07              1.0            1.0              1.0            1.0            1.0             2.255              0.460              2.440               4.160          0.000            NaN             NaN              NaN          -0.685        -1.0         0.0
 dwell0.15     4               4.220      0.000               8.901            0.16          0.12              1.0            1.0              1.0            1.0            1.0             2.082              0.505              2.515               0.510          0.000            4.8             0.2              0.0          -0.857        -1.0         0.0
 dwell0.25     4               4.225      0.005               8.901            0.26          0.22              0.0            0.0              1.0            1.0            1.0             0.844              0.590              2.961               1.865          0.000            5.7             0.2              0.0          -2.096        -1.0        -1.0
 dwell0.40     4               4.290      0.070               8.901            0.41          0.37              0.0            0.0              0.0            0.0            0.0             1.412              0.770              1.789               2.930          0.000            NaN             NaN              NaN          -1.528        -2.0        -1.0
  idle0.25     4               4.220      0.000               8.901            0.07          0.03              1.0            1.0              1.0            2.0            2.0             3.003              0.385              3.380               0.530          0.000            NaN             NaN              NaN           0.063         0.0         0.0
        k7     4               4.220      0.000               8.901            0.04          0.00              1.0            1.0              1.0            2.0            2.0             2.940              0.405              3.698               0.435          0.000            NaN             NaN              NaN           0.000         0.0         0.0
   rel0.08     4               4.220      0.000               8.901            0.04          0.00              0.0            0.0              1.0            2.0            2.0             2.940              0.405              3.698               0.435          0.000            NaN             NaN              NaN           0.000         0.0        -1.0
   rel0.12     4               4.220      0.000               8.901            0.04          0.00              0.0            0.0              1.0            2.0            2.0             2.940              0.405              3.698               0.435          0.000            NaN             NaN              NaN           0.000         0.0        -1.0
rescue0.40     4               4.220      0.000               8.901            0.04          0.00              1.0            1.0              1.0            2.0            2.0             2.940              0.405              3.698               0.435          4.867            3.5             0.5             10.1           0.000         0.0         0.0
revoke0.80     4               4.220      0.000               8.901            0.04          0.00              1.0            1.0              1.0            2.0            2.0             2.940              0.405              3.698               0.435          0.000            NaN             NaN              NaN           0.000         0.0         0.0
headline 11 条 -> conclusions_T1B.json
