=== T1-B / 03b 口径对齐（总通道 vs 主通道）===
arm   caliber  n_meas   T_med   T_p90  OS%med
raw   main_ch       7    0.02    0.03   -0.19
raw   total         6   15.51   20.72   -2.79
v51   main_ch       7    0.02    0.02    0.12
v51   total         7    3.83    8.31    1.00
v6    main_ch       7    0.02    0.02    0.43
v6    total         7    0.55    8.47    1.43
v61   main_ch       7    0.02    0.02    0.41
v61   total         7    0.50    8.27    0.65
--- 逐事件（可测）总通道 vs 主通道 ---
caliber        main_ch  total
ev        arm                
F42@11.03 raw     0.03  16.20
          v51     0.03   4.39
          v6      0.03   0.50
          v61     0.03   0.47
F43@11.00 raw     0.02  11.97
          v51     0.02   3.49
          v6      0.02   0.54
          v61     0.02   0.47
LT1@11.69 raw     0.02  18.70
          v51     0.02   9.13
          v6      0.02   9.33
          v61     0.02   9.25
LT2@14.92 raw     0.01  14.81
          v51     0.01   2.64
          v6      0.01   1.11
          v61     0.01   0.52
LT3@10.87 raw     0.01   7.01
          v51     0.01   2.58
          v6      0.01   0.55
          v61     0.01   0.49
RT2@12.32 raw     0.03  22.74
          v51     0.02   3.83
          v6      0.02   0.54
          v61     0.02   0.50
RT3@10.59 raw     0.02    NaN
          v51     0.02   7.77
          v6      0.02   7.90
          v61     0.02   7.62
配对中位差(主通道−总通道) = -3.81 s；n=28
说明：T1-A 冻结口径 = 主通道 + 字典 §2.1 的 J_ref（`T_stable_ch5`）；T1-B 全部扫描用总通道（字典 §1 默认），二者绝对值不可横比，但 T1-B 的每条结论都是同口径下的**配对比较**（扰动 vs 无扰动）。
=== T1-B / 03b 口径对齐（总通道 vs 主通道）===
arm   caliber  n_meas   T_med   T_p90  OS%med
raw   main_ch       7    5.66   14.93   -2.28
raw   total         6   15.51   20.72   -2.79
v51   main_ch       7    2.81    4.13    1.59
v51   total         7    3.83    8.31    1.00
v6    main_ch       7    0.50    4.80    5.77
v6    total         7    0.55    8.47    1.43
v61   main_ch       7    0.40    3.46    5.17
v61   total         7    0.50    8.27    0.65
--- 逐事件（可测）总通道 vs 主通道 ---
caliber        main_ch  total
ev        arm                
F42@11.03 raw     9.30  16.20
          v51     3.91   4.39
          v6      0.46   0.50
          v61     0.40   0.47
F43@11.00 raw     5.66  11.97
          v51     2.81   3.49
          v6      0.47   0.54
          v61     0.40   0.47
LT1@11.69 raw     2.35  18.70
          v51     1.19   9.13
          v6      0.50   9.33
          v61     0.46   9.25
LT2@14.92 raw     3.09  14.81
          v51     0.63   2.64
          v6      1.13   1.11
          v61     0.38   0.52
LT3@10.87 raw     3.41   7.01
          v51     0.44   2.58
          v6      0.45   0.55
          v61     0.39   0.49
RT2@12.32 raw    13.29  22.74
          v51     4.46   3.83
          v6      3.23   0.54
          v61     3.22   0.50
RT3@10.59 raw    17.38    NaN
          v51     3.82   7.77
          v6      7.16   7.90
          v61     3.81   7.62
配对中位差(主通道−总通道) = -0.74 s；n=28
说明：T1-A 冻结口径 = 主通道 + 字典 §2.1 的 J_ref（`T_stable_ch5`）；T1-B 全部扫描用总通道（字典 §1 默认），二者绝对值不可横比，但 T1-B 的每条结论都是同口径下的**配对比较**（扰动 vs 无扰动）。
=== T1-B / 03b 口径对齐（总通道 vs 主通道）===
arm   caliber  n_meas   T_med   T_p90  OS%med
raw   main_ch       7    5.66   14.93   -2.28
raw   total         6   15.51   20.72   -2.79
v51   main_ch       7    2.81    4.13    1.59
v51   total         7    3.83    8.31    1.00
v6    main_ch       7    0.50    4.80    5.77
v6    total         7    0.55    8.47    1.43
v61   main_ch       7    0.40    3.46    5.17
v61   total         7    0.50    8.27    0.65
--- 逐事件（可测）总通道 vs 主通道 ---
caliber        main_ch  total
ev        arm                
F42@11.03 raw     9.30  16.20
          v51     3.91   4.39
          v6      0.46   0.50
          v61     0.40   0.47
F43@11.00 raw     5.66  11.97
          v51     2.81   3.49
          v6      0.47   0.54
          v61     0.40   0.47
LT1@11.69 raw     2.35  18.70
          v51     1.19   9.13
          v6      0.50   9.33
          v61     0.46   9.25
LT2@14.92 raw     3.09  14.81
          v51     0.63   2.64
          v6      1.13   1.11
          v61     0.38   0.52
LT3@10.87 raw     3.41   7.01
          v51     0.44   2.58
          v6      0.45   0.55
          v61     0.39   0.49
RT2@12.32 raw    13.29  22.74
          v51     4.46   3.83
          v6      3.23   0.54
          v61     3.22   0.50
RT3@10.59 raw    17.38    NaN
          v51     3.82   7.77
          v6      7.16   7.90
          v61     3.81   7.62
配对中位差(主通道−总通道) = -0.74 s；n=28
说明：T1-A 冻结口径 = 主通道 + 字典 §2.1 的 J_ref（`T_stable_ch5`）；T1-B 全部扫描用总通道（字典 §1 默认），二者绝对值不可横比，但 T1-B 的每条结论都是同口径下的**配对比较**（扰动 vs 无扰动）。
--- 加上 T4-A 的另 2 个 non-clean onset 后（= T1-A 的『恒载 9 组 onset』口径）---
  raw   main_ch  n= 8 T_med=   7.48 T_p90=  16.64
  raw   total    n= 7 T_med=  16.20 T_p90=  21.40
  v51   main_ch  n= 9 T_med=   2.81 T_p90=   4.41
  v51   total    n= 9 T_med=   3.83 T_p90=   8.04
  v6    main_ch  n= 9 T_med=   0.55 T_p90=   4.02
  v6    total    n= 9 T_med=   0.55 T_p90=   8.19
  v61   main_ch  n= 9 T_med=   0.40 T_p90=   3.34
  v61   total    n= 9 T_med=   0.50 T_p90=   7.95
  对照 T1-A（t1a_settle_summary.csv）：v6 主通道 1.80 s / 总通道 0.55 s
=== T1-B / 03b 口径对齐（总通道 vs 主通道）===
arm   caliber  n_meas   T_med   T_p90  OS%med
raw   main_ch       7    5.66   14.93   -2.28
raw   main_ch_raw      7    6.10   14.88   -2.28
raw   total         6   15.51   20.72   -2.79
raw   total_raw      7   16.29   20.26   -2.79
v51   main_ch       7    2.81    4.13    1.59
v51   main_ch_raw      7    2.89    7.60    1.59
v51   total         7    3.83    8.31    1.00
v51   total_raw      7    3.83    8.22    1.00
v6    main_ch       7    0.50    4.80    5.77
v6    main_ch_raw      7    1.15    9.25    5.77
v6    total         7    0.55    8.47    1.43
v6    total_raw      7    0.55    8.55    1.43
v61   main_ch       7    0.40    3.46    5.17
v61   main_ch_raw      7    0.46    7.54    5.17
v61   total         7    0.50    8.27    0.65
v61   total_raw      7    0.50    8.29    0.65
--- 逐事件（可测）总通道 vs 主通道 ---
caliber        main_ch  main_ch_raw  total  total_raw
ev        arm                                        
F42@11.03 raw     9.30         9.45  16.20      16.29
          v51     3.91         3.91   4.39       4.48
          v6      0.46         1.80   0.50       0.50
          v61     0.40         0.43   0.47       0.47
F43@11.00 raw     5.66         6.10  11.97      12.61
          v51     2.81         2.89   3.49       3.52
          v6      0.47         0.48   0.54       0.54
          v61     0.40         0.42   0.47       0.47
LT1@11.69 raw     2.35         2.84  18.70      18.07
          v51     1.19         1.23   9.13       9.11
          v6      0.50         0.51   9.33       9.29
          v61     0.46         0.46   9.25       9.29
LT2@14.92 raw     3.09         1.78  14.81      14.42
          v51     0.63         0.64   2.64       2.68
          v6      1.13         1.15   1.11       2.68
          v61     0.38         1.16   0.52       0.53
LT3@10.87 raw     3.41         3.47   7.01       7.23
          v51     0.44         0.54   2.58       2.57
          v6      0.45         0.49   0.55       0.55
          v61     0.39         0.43   0.49       0.49
RT2@12.32 raw    13.29        13.23  22.74      22.94
          v51     4.46        13.13   3.83       3.83
          v6      3.23        13.13   0.54       0.54
          v61     3.22        13.13   0.50       0.50
RT3@10.59 raw    17.38        17.35    NaN      18.48
          v51     3.82         3.81   7.77       7.62
          v6      7.16         6.66   7.90       8.05
          v61     3.81         3.81   7.62       7.62
配对中位差(主通道−总通道) = -0.74 s；n=28
说明：T1-A 冻结口径 = 主通道 + 字典 §2.1 的 J_ref（`T_stable_ch5`）；T1-B 全部扫描用总通道（字典 §1 默认），二者绝对值不可横比，但 T1-B 的每条结论都是同口径下的**配对比较**（扰动 vs 无扰动）。
--- 加上 T4-A 的另 2 个 non-clean onset 后（= T1-A 的『恒载 9 组 onset』口径）---
  raw   main_ch  n= 8 T_med=   7.48 T_p90=  16.64
  raw   main_ch_raw n= 7 T_med=   6.10 T_p90=  14.88
  raw   total    n= 7 T_med=  16.20 T_p90=  21.40
  raw   total_raw n= 7 T_med=  16.29 T_p90=  20.26
  v51   main_ch  n= 9 T_med=   2.81 T_p90=   4.41
  v51   main_ch_raw n= 7 T_med=   2.89 T_p90=   7.60
  v51   total    n= 9 T_med=   3.83 T_p90=   8.04
  v51   total_raw n= 7 T_med=   3.83 T_p90=   8.22
  v6    main_ch  n= 9 T_med=   0.55 T_p90=   4.02
  v6    main_ch_raw n= 7 T_med=   1.15 T_p90=   9.25
  v6    total    n= 9 T_med=   0.55 T_p90=   8.19
  v6    total_raw n= 7 T_med=   0.55 T_p90=   8.55
  v61   main_ch  n= 9 T_med=   0.40 T_p90=   3.34
  v61   main_ch_raw n= 7 T_med=   0.46 T_p90=   7.54
  v61   total    n= 9 T_med=   0.50 T_p90=   7.95
  v61   total_raw n= 7 T_med=   0.50 T_p90=   8.29
  对照 T1-A（t1a_settle_summary.csv）：v6 主通道 1.80 s / 总通道 0.55 s
