=== T1-B 事件集与无扰动基线 ===
=== T1-B 事件集与无扰动基线 ===
=== T1-B 事件集与无扰动基线 ===
事件表 18 行；可测 T_stable 的 9 个
        ev  dom   t_on  gap_next  span_after            J       L_hold  measurable
 SW1@10.84 ADC域  10.84     17.79      244.86  4164.702949 11994.657411           0
 SW1@28.63 ADC域  28.63     43.04      227.07  6784.361304 12123.622086           1
 SW1@75.89 ADC域  75.89     34.56      179.81 12646.174882 19339.051209           0
SW1@133.83 ADC域 133.83     48.20      121.87 27105.960804 27660.938506           1
SW1@185.97 ADC域 185.97     16.68       69.73 25194.165174 20151.900405           0
 SW2@35.96 ADC域  35.96     14.65       34.92 21602.995303 23881.412571           0
 SW2@57.30 ADC域  57.30     13.58       13.58 25170.819066 25779.358340           0
 SW3@10.92 ADC域  10.92      9.80       52.93 17623.905192 25937.913258           0
 SW3@39.08 ADC域  39.08     21.70       24.77 26580.506126 27484.469426           0
  SW4@8.41 ADC域   8.41     10.27      112.16 15362.887237 23018.297611           0
 SW4@88.00 ADC域  88.00     11.36       32.57 27820.764423 29459.390092           0
 F42@11.03  显示域  11.03    119.75      179.51    14.684207    16.327835           1
 F43@11.00  显示域  11.00    129.40      188.68    15.244324    16.750347           1
 LT1@11.69  显示域  11.69    135.83      184.51    15.284022    17.304510           1
 LT2@14.92  显示域  14.92    126.00      183.58    16.120850    17.569350           1
 LT3@10.87  显示域  10.87    121.72      181.94    17.513279    18.558679           1
 RT2@12.32  显示域  12.32    134.79      221.81    16.417897    18.636942           1
 RT3@10.59  显示域  10.59    125.11      179.79    16.508915    18.814366           1
--- 无扰动基线（按臂汇总，全部事件 n=18；中位 [p10~p90]）---
  raw  n_meas= 8/18  T_stable_v1 med=15.51s [5.50~36.01]  OS% med=-2.35 [-31.56~16.20]  epoch med=0.0
  v51  n_meas=11/18  T_stable_v1 med=3.83s [2.55~9.13]  OS% med=1.42 [-30.76~14.84]  epoch med=0.0
  v6   n_meas=11/18  T_stable_v1 med=0.55s [0.50~9.33]  OS% med=1.52 [-20.01~33.97]  epoch med=6.0
  v61  n_meas=11/18  T_stable_v1 med=0.54s [0.47~9.25]  OS% med=0.80 [-19.60~25.81]  epoch med=6.0
  —— 达标率（T_stable_v1 ≤ 2 s，仅可测事件）：
     raw : 1/8
     v51 : 1/11
     v6  : 8/11
     v61 : 7/11
