=== T1-B / 04 噪声扫描 ===
cmd: python scripts/t1b_04_noise_sweep.py
任务数 2480；workers=6；seeds=10
  40/2480 任务完成，累计 80 行，44s（1.1s/任务，剩约 45.1 min）
  80/2480 任务完成，累计 160 行，85s（1.1s/任务，剩约 42.3 min）
  120/2480 任务完成，累计 240 行，126s（1.1s/任务，剩约 41.4 min）
  160/2480 任务完成，累计 320 行，177s（1.1s/任务，剩约 42.8 min）
  200/2480 任务完成，累计 400 行，246s（1.2s/任务，剩约 46.7 min）
  240/2480 任务完成，累计 480 行，336s（1.4s/任务，剩约 52.2 min）
  280/2480 任务完成，累计 560 行，431s（1.5s/任务，剩约 56.4 min）
  320/2480 任务完成，累计 640 行，507s（1.6s/任务，剩约 57.1 min）
  360/2480 任务完成，累计 720 行，572s（1.6s/任务，剩约 56.2 min）
  400/2480 任务完成，累计 800 行，637s（1.6s/任务，剩约 55.2 min）
  440/2480 任务完成，累计 880 行，707s（1.6s/任务，剩约 54.6 min）
  480/2480 任务完成，累计 960 行，806s（1.7s/任务，剩约 55.9 min）
  520/2480 任务完成，累计 1040 行，910s（1.8s/任务，剩约 57.2 min）
  560/2480 任务完成，累计 1120 行，988s（1.8s/任务，剩约 56.5 min）
  600/2480 任务完成，累计 1200 行，1027s（1.7s/任务，剩约 53.6 min）
  640/2480 任务完成，累计 1280 行，1064s（1.7s/任务，剩约 51.0 min）
  680/2480 任务完成，累计 1360 行，1104s（1.6s/任务，剩约 48.7 min）
  720/2480 任务完成，累计 1440 行，1142s（1.6s/任务，剩约 46.5 min）
  760/2480 任务完成，累计 1520 行，1199s（1.6s/任务，剩约 45.2 min）
  800/2480 任务完成，累计 1600 行，1267s（1.6s/任务，剩约 44.3 min）
  840/2480 任务完成，累计 1680 行，1337s（1.6s/任务，剩约 43.5 min）
  880/2480 任务完成，累计 1760 行，1387s（1.6s/任务，剩约 42.0 min）
  920/2480 任务完成，累计 1840 行，1436s（1.6s/任务，剩约 40.6 min）
  960/2480 任务完成，累计 1920 行，1485s（1.5s/任务，剩约 39.2 min）
  1000/2480 任务完成，累计 2000 行，1532s（1.5s/任务，剩约 37.8 min）
  1040/2480 任务完成，累计 2080 行，1608s（1.5s/任务，剩约 37.1 min）
  1080/2480 任务完成，累计 2160 行，1695s（1.6s/任务，剩约 36.6 min）
  1120/2480 任务完成，累计 2240 行，1775s（1.6s/任务，剩约 35.9 min）
  1160/2480 任务完成，累计 2320 行，1825s（1.6s/任务，剩约 34.6 min）
  1200/2480 任务完成，累计 2400 行，1874s（1.6s/任务，剩约 33.3 min）
  1240/2480 任务完成，累计 2480 行，1921s（1.5s/任务，剩约 32.0 min）
  1280/2480 任务完成，累计 2560 行，1967s（1.5s/任务，剩约 30.7 min）
  1320/2480 任务完成，累计 2640 行，2029s（1.5s/任务，剩约 29.7 min）
  1360/2480 任务完成，累计 2720 行，2099s（1.5s/任务，剩约 28.8 min）
  1400/2480 任务完成，累计 2800 行，2163s（1.5s/任务，剩约 27.8 min）
  1440/2480 任务完成，累计 2880 行，2213s（1.5s/任务，剩约 26.6 min）
  1480/2480 任务完成，累计 2960 行，2260s（1.5s/任务，剩约 25.4 min）
  1520/2480 任务完成，累计 3040 行，2298s（1.5s/任务，剩约 24.2 min）
  1560/2480 任务完成，累计 3120 行，2330s（1.5s/任务，剩约 22.9 min）
  1600/2480 任务完成，累计 3200 行，2382s（1.5s/任务，剩约 21.8 min）
  1640/2480 任务完成，累计 3280 行，2451s（1.5s/任务，剩约 20.9 min）
  1680/2480 任务完成，累计 3360 行，2525s（1.5s/任务，剩约 20.0 min）
  1720/2480 任务完成，累计 3440 行，2570s（1.5s/任务，剩约 18.9 min）
  1760/2480 任务完成，累计 3520 行，2616s（1.5s/任务，剩约 17.8 min）
  1800/2480 任务完成，累计 3600 行，2663s（1.5s/任务，剩约 16.8 min）
  1840/2480 任务完成，累计 3680 行，2708s（1.5s/任务，剩约 15.7 min）
  1880/2480 任务完成，累计 3760 行，2768s（1.5s/任务，剩约 14.7 min）
  1920/2480 任务完成，累计 3840 行，2842s（1.5s/任务，剩约 13.8 min）
  1960/2480 任务完成，累计 3920 行，2910s（1.5s/任务，剩约 12.9 min）
  2000/2480 任务完成，累计 4320 行，3030s（1.5s/任务，剩约 12.1 min）
  2040/2480 任务完成，累计 4720 行，3131s（1.5s/任务，剩约 11.3 min）
  2080/2480 任务完成，累计 5120 行，3224s（1.6s/任务，剩约 10.3 min）
  2120/2480 任务完成，累计 5520 行，3313s（1.6s/任务，剩约 9.4 min）
  2160/2480 任务完成，累计 5920 行，3402s（1.6s/任务，剩约 8.4 min）
  2200/2480 任务完成，累计 6320 行，3492s（1.6s/任务，剩约 7.4 min）
  2240/2480 任务完成，累计 6600 行，3549s（1.6s/任务，剩约 6.3 min）
  2280/2480 任务完成，累计 6760 行，3582s（1.6s/任务，剩约 5.2 min）
  2320/2480 任务完成，累计 6920 行，3617s（1.6s/任务，剩约 4.2 min）
  2360/2480 任务完成，累计 7080 行，3648s（1.5s/任务，剩约 3.1 min）
  2400/2480 任务完成，累计 7240 行，3681s（1.5s/任务，剩约 2.0 min）
  2440/2480 任务完成，累计 7400 行，3714s（1.5s/任务，剩约 1.0 min）
  2480/2480 任务完成，累计 7560 行，3747s（1.5s/任务，剩约 0.0 min）
完成：7560 行 -> t1b_robustness_sweep.csv；总耗时 62.5 min
--- 显示域 v6：T_stable 中位 / 达标率（≤2 s） / OS% 中位 随相对噪声 ---
  white   r=0.0005  n= 70 T_stable med=  0.55s [0.50~9.30] 达标 50/70 OS% med=  1.35 max=  3.78
  white   r=0.0010  n= 70 T_stable med=  0.54s [0.50~9.29] 达标 50/70 OS% med=  1.24 max=  3.32
  white   r=0.0020  n= 70 T_stable med=  0.54s [0.50~9.29] 达标 50/70 OS% med=  0.99 max=  3.94
  white   r=0.0050  n= 70 T_stable med=  0.54s [0.50~9.20] 达标 50/70 OS% med=  0.90 max=  2.94
  white   r=0.0100  n= 70 T_stable med=  0.53s [0.49~7.53] 达标 52/70 OS% med=  1.17 max=  4.98
  white   r=0.0200  n= 70 T_stable med=  0.39s [0.17~0.68] 达标 64/70 OS% med=  1.40 max=  5.22
  white   r=0.0500  n= 70 T_stable med=  0.39s [0.15~6.28] 达标 55/70 OS% med=  3.81 max= 11.26
  white   r=0.1000  n= 70 T_stable med= 16.18s [5.00~39.53] 达标 2/31 OS% med=  5.68 max= 17.99
  white   r=0.2000  n= 70 T_stable med=   nans [nan~nan] 达标 0/0 OS% med=  9.51 max= 23.99
  band    r=0.0050  n= 70 T_stable med=  0.54s [0.50~9.07] 达标 50/70 OS% med=  0.94 max=  3.08
  band    r=0.0100  n= 70 T_stable med=  0.53s [0.44~7.79] 达标 53/70 OS% med=  1.14 max=  4.70
  band    r=0.0200  n= 70 T_stable med=  0.38s [0.19~0.58] 达标 66/70 OS% med=  1.42 max=  4.75
  band    r=0.0500  n= 70 T_stable med=  0.58s [0.22~6.06] 达标 53/70 OS% med=  3.89 max= 31.28
  band    r=0.1000  n= 70 T_stable med= 20.70s [6.33~39.34] 达标 1/34 OS% med=  5.69 max= 17.22
  common  r=0.0050  n= 70 T_stable med=  0.55s [0.51~9.37] 达标 50/70 OS% med=  1.15 max=  3.96
  common  r=0.0100  n= 70 T_stable med=  0.57s [0.51~9.17] 达标 48/70 OS% med=  1.32 max=  6.81
  common  r=0.0200  n= 70 T_stable med=  0.49s [0.25~7.95] 达标 55/70 OS% med=  1.36 max=  4.65
  common  r=0.0500  n= 70 T_stable med=  0.48s [0.20~6.86] 达标 56/70 OS% med=  2.78 max= 11.06
  common  r=0.1000  n= 70 T_stable med= 18.75s [1.69~39.74] 达标 3/19 OS% med=  5.63 max= 24.99
--- ADC 域 v6：漏/误/最大偏差 随绝对噪声 (ADC RMS) ---
  white   A=1       n= 70 漏= 0.29/次 误= 2.14/次 maxdev med=     94.8 OS% med=  4.99
  white   A=2       n= 70 漏= 0.29/次 误= 2.14/次 maxdev med=     97.9 OS% med=  5.75
  white   A=5       n= 70 漏= 0.29/次 误= 2.14/次 maxdev med=    300.0 OS% med=  5.22
  white   A=10      n= 70 漏= 0.29/次 误= 2.14/次 maxdev med=   1004.2 OS% med=  5.75
  white   A=20      n= 70 漏= 0.29/次 误= 2.34/次 maxdev med=   1376.4 OS% med=  5.04
  white   A=30      n= 70 漏= 0.29/次 误= 2.33/次 maxdev med=   1385.2 OS% med=  4.99
  white   A=40      n= 70 漏= 0.36/次 误= 2.43/次 maxdev med=   2327.9 OS% med=  4.83
  white   A=50      n= 70 漏= 0.29/次 误= 2.56/次 maxdev med=   2963.2 OS% med=  5.37
  white   A=100     n= 70 漏= 0.29/次 误= 2.27/次 maxdev med=   3028.7 OS% med=  5.66
  white   A=300     n= 70 漏= 0.29/次 误= 0.96/次 maxdev med=   4208.2 OS% med=  8.26
  white   A=500     n= 70 漏= 0.29/次 误= 0.80/次 maxdev med=   5915.7 OS% med=  8.63
  white   A=1000    n= 70 漏= 0.31/次 误= 0.31/次 maxdev med=   6683.6 OS% med= 14.44
  white   A=2000    n= 70 漏= 1.44/次 误= 0.49/次 maxdev med=  11414.0 OS% med= 15.81
  white   A=4000    n= 70 漏= 6.96/次 误= 0.10/次 maxdev med=  13457.5 OS% med= 15.11
  band    A=100     n= 70 漏= 0.29/次 误= 2.41/次 maxdev med=   3045.0 OS% med=  5.84
  band    A=300     n= 70 漏= 0.29/次 误= 0.84/次 maxdev med=   4047.0 OS% med=  7.17
  band    A=500     n= 70 漏= 0.29/次 误= 0.83/次 maxdev med=   5084.5 OS% med=  8.44
  band    A=1000    n= 70 漏= 0.34/次 误= 0.33/次 maxdev med=   6986.0 OS% med= 11.39
  band    A=2000    n= 70 漏= 1.96/次 误= 0.31/次 maxdev med=   9120.1 OS% med= 16.78
  band    A=4000    n= 70 漏= 6.83/次 误= 0.16/次 maxdev med=  14242.0 OS% med= 20.25
  common  A=100     n= 70 漏= 0.29/次 误= 2.40/次 maxdev med=   3073.3 OS% med=  4.93
  common  A=300     n= 70 漏= 0.29/次 误= 0.24/次 maxdev med=   4159.5 OS% med=  6.07
  common  A=500     n= 70 漏= 0.29/次 误= 0.44/次 maxdev med=   4779.0 OS% med=  6.88
  common  A=1000    n= 70 漏= 0.29/次 误= 0.40/次 maxdev med=   5085.6 OS% med=  8.94
  common  A=2000    n= 70 漏= 1.46/次 误= 0.40/次 maxdev med=   8999.9 OS% med= 10.28
  common  A=4000    n= 70 漏= 6.71/次 误= 0.47/次 maxdev med=  13907.2 OS% med= 23.17
ALL DONE
