=== T1-B / 07 代价-收益矩阵 ===
cmd: python scripts/t1b_07_cost_benefit.py
任务数 726（其中 ADC 强噪声 50）；workers=3
  30/726 任务，30 行，49s（剩约 19.0 min）
  60/726 任务，60 行，83s（剩约 15.4 min）
  90/726 任务，90 行，114s（剩约 13.5 min）
  120/726 任务，120 行，147s（剩约 12.4 min）
  150/726 任务，150 行，180s（剩约 11.5 min）
  180/726 任务，180 行，211s（剩约 10.7 min）
  210/726 任务，210 行，242s（剩约 9.9 min）
  240/726 任务，240 行，274s（剩约 9.2 min）
  270/726 任务，270 行，307s（剩约 8.6 min）
  300/726 任务，300 行，337s（剩约 8.0 min）
  330/726 任务，330 行，371s（剩约 7.4 min）
  360/726 任务，360 行，401s（剩约 6.8 min）
  390/726 任务，390 行，431s（剩约 6.2 min）
  420/726 任务，420 行，462s（剩约 5.6 min）
  450/726 任务，450 行，494s（剩约 5.0 min）
  480/726 任务，480 行，528s（剩约 4.5 min）
  510/726 任务，510 行，557s（剩约 3.9 min）
  540/726 任务，540 行，586s（剩约 3.4 min）
  570/726 任务，570 行，609s（剩约 2.8 min）
  600/726 任务，600 行，637s（剩约 2.2 min）
  630/726 任务，630 行，662s（剩约 1.7 min）
  660/726 任务，660 行，689s（剩约 1.1 min）
  690/726 任务，690 行，729s（剩约 0.6 min）
  720/726 任务，720 行，781s（剩约 0.1 min）
  726/726 任务，726 行，793s（剩约 0.0 min）
完成 726 行，13.2 min
base: clean T_stable 中位 4.22s；tap30 拍击窗 epoch 中位 2.0；白噪 r=2% maxdev 中位 2.94
knob          cleanT      ΔT  noiseT  tap30ep  tap50ep  revoke   maxdev     lat
base            4.22   +0.00    0.41      2.0      2.0    2.00    2.940   0.040
capf1.0         4.25   +0.03    0.36      2.0      2.0    2.00    2.313   0.040
capf2.0         4.25   +0.03    0.38      2.0      2.0    2.00    2.331   0.040
dwell0.10       4.22   +0.00    0.41      2.0      2.0    2.00    2.940   0.040
dwell0.15       4.22   +0.00    0.41      2.0      2.0    2.00    2.940   0.040
dwell0.25       4.22   +0.00    0.41      2.0      2.0    2.00    2.940   0.040
dwell0.40       4.22   +0.00    0.41      2.0      2.0    2.00    2.940   0.040
idle0.25        4.22   +0.00    0.39      2.0      2.0    2.00    3.003   0.070
k7              4.22   +0.00    0.41      2.0      2.0    2.00    2.940   0.040
rel0.08         4.22   +0.00    0.41      2.0      2.0    2.00    2.940   0.040
rel0.12         4.22   +0.00    0.41      2.0      2.0    2.00    2.940   0.040
rescue0.40      4.22   +0.00    0.41      2.0      2.0    2.00    2.940   0.040
revoke0.80      4.22   +0.00    0.41      2.0      2.0    2.00    2.940   0.040
--- ADC 域 white 2000 ADC：漏检（SW4 全长，n=10 种子）---
  base         漏= 3.50 误= 0.50 epoch= 8.00 rescue=   0.0
  capf1.0      漏= 2.30 误=14.60 epoch=23.60 rescue=   0.0
  dwell0.15    漏= 3.50 误= 0.50 epoch= 8.00 rescue=   0.0
  dwell0.25    漏= 3.50 误= 0.50 epoch= 8.00 rescue=   0.0
  rescue0.40   漏= 3.50 误= 0.50 epoch= 8.00 rescue=  10.1
ALL DONE
=== T1-B / 07 代价-收益矩阵 ===
cmd: python scripts/t1b_07_cost_benefit.py
任务数 830（其中 ADC 强噪声 50）；workers=3
  30/830 任务，30 行，29s（剩约 12.9 min）
  60/830 任务，60 行，56s（剩约 12.0 min）
  90/830 任务，90 行，79s（剩约 10.8 min）
  120/830 任务，120 行，98s（剩约 9.7 min）
  150/830 任务，150 行，119s（剩约 9.0 min）
  180/830 任务，180 行，139s（剩约 8.3 min）
  210/830 任务，210 行，160s（剩约 7.9 min）
  240/830 任务，240 行，182s（剩约 7.4 min）
  270/830 任务，270 行，204s（剩约 7.1 min）
  300/830 任务，300 行，226s（剩约 6.7 min）
  330/830 任务，330 行，249s（剩约 6.3 min）
  360/830 任务，360 行，271s（剩约 5.9 min）
  390/830 任务，390 行，293s（剩约 5.5 min）
  420/830 任务，420 行，314s（剩约 5.1 min）
  450/830 任务，450 行，336s（剩约 4.7 min）
  480/830 任务，480 行，357s（剩约 4.3 min）
  510/830 任务，510 行，382s（剩约 4.0 min）
  540/830 任务，540 行，402s（剩约 3.6 min）
  570/830 任务，570 行，422s（剩约 3.2 min）
  600/830 任务，600 行，440s（剩约 2.8 min）
  630/830 任务，630 行，459s（剩约 2.4 min）
  660/830 任务，660 行，474s（剩约 2.0 min）
  690/830 任务，690 行，492s（剩约 1.7 min）
  720/830 任务，720 行，507s（剩约 1.3 min）
  750/830 任务，750 行，527s（剩约 0.9 min）
  780/830 任务，780 行，547s（剩约 0.6 min）
  810/830 任务，810 行，582s（剩约 0.2 min）
  830/830 任务，830 行，608s（剩约 0.0 min）
完成 830 行，10.1 min
base: clean T_stable 中位 4.22s；tap30 拍击窗 epoch 中位 2.0；白噪 r=2% maxdev 中位 2.94
knob          cleanT      ΔT  noiseT  tap30ep  tap50ep  revoke   maxdev     lat
base            4.22   +0.00    0.41      2.0      2.0    2.00    2.940   0.040
capf1.0         4.25   +0.03    0.36      2.0      2.0    2.00    2.313   0.040
capf2.0         4.25   +0.03    0.38      2.0      2.0    2.00    2.331   0.040
dwell0.10       4.22   +0.00    0.46      1.0      1.0    1.00    2.255   0.110
dwell0.15       4.22   +0.00    0.51      1.0      1.0    1.00    2.082   0.160
dwell0.25       4.23   +0.01    0.59      1.0      1.0    1.00    0.844   0.260
dwell0.40       4.29   +0.07    0.77      0.0      0.0    0.00    1.412   0.410
idle0.25        4.22   +0.00    0.39      2.0      2.0    2.00    3.003   0.070
k7              4.22   +0.00    0.41      2.0      2.0    2.00    2.940   0.040
rel0.08         4.22   +0.00    0.41      2.0      2.0    2.00    2.940   0.040
rel0.12         4.22   +0.00    0.41      2.0      2.0    2.00    2.940   0.040
rescue0.40      4.22   +0.00    0.41      2.0      2.0    2.00    2.940   0.040
revoke0.80      4.22   +0.00    0.41      2.0      2.0    2.00    2.940   0.040
--- ADC 域 white 2000 ADC：漏检（SW4 全长，n=10 种子）---
  base         漏= 3.50 误= 0.50 epoch= 8.00 rescue=   0.0
  capf1.0      漏= 2.30 误=14.60 epoch=23.60 rescue=   0.0
  dwell0.15    漏= 4.80 误= 0.20 epoch= 6.20 rescue=   0.0
  dwell0.25    漏= 5.70 误= 0.20 epoch= 5.50 rescue=   0.0
  rescue0.40   漏= 3.50 误= 0.50 epoch= 8.00 rescue=  10.1
ALL DONE
