=== T1-B / 06 拍击-恢复 ===
cmd: python scripts/t1b_06_tap_recovery.py
真实扰动候选 37 个（孤立、双相、净电平不变）
key  t_peak  dev   pre  dev_pct  back  nearest_truth_s  stable_pre  truth_pm15_35  truth_pm8_20  rel_to_span  clean
F41   29.41 0.52 14.45     3.60 15.09            17.22       False              0             0       0.0342   True
F41   22.99 0.31 13.87     2.21 14.23            10.80       False              2             0       0.0201   True
LT1   23.85 0.40 15.96     2.50 16.43            12.16       False              1             0       0.0230   True
LT2   24.94 0.37 16.31     2.27 16.80            10.02       False              1             0       0.0213   True
RT1   88.33 0.45 18.78     2.40 19.22            27.04        True              1             0       0.0273   True
RT1   94.24 0.39 19.18     2.01 19.66            21.13       False              1             0       0.0234   True
RT2   25.48 0.41 17.45     2.34 18.04            13.16       False              1             0       0.0220   True
RT3   67.99 0.74 19.60     3.79 20.47            57.40       False              0             0       0.0396   True
RT3   22.99 0.57 17.19     3.33 18.01            12.40       False              1             0       0.0306   True
F41   17.49 0.38 13.24     2.88 13.79             5.30       False              2             2       0.0251  False
F42   18.99 0.42 14.74     2.88 15.39             7.96       False              1             1       0.0263  False
F43   17.96 0.52 15.16     3.42 15.88             6.96       False              1             1       0.0312  False
F43  145.33 0.37  0.25   148.07  0.26             4.93       False              1             1       0.0224  False
LT1   18.98 0.34 15.20     2.26 15.80             7.29       False              1             1       0.0198  False
LT2   19.99 0.58 15.55     3.72 16.31             5.07       False              1             1       0.0332  False
LT3   16.49 0.54 17.03     3.16 17.81             5.62       False              1             1       0.0291  False
--- 真实扰动 vs 同幅度合成拍击（v6）---
key  t_peak    dev  dev_pct     case arm  nearest_truth_s  contaminated  n_ep_tap  n_revoke_tap  n_ho_tap  peak_raw_dev  peak_dev_pct  t_recover  level_shift  dA_sum
F41   29.41   0.52     3.60     real  v6            17.22         False         0             0         0      0.966828      6.690851        NaN     1.576103     NaN
F41   29.41   0.52     3.60 real+syn  v6            17.22         False         0             0         0      1.306237      9.039702        NaN     1.576103     NaN
LT1   23.85   0.40     2.50     real  v6            12.16         False         0             0         0      0.615295      3.855234        NaN     0.924661     NaN
LT1   23.85   0.40     2.50 real+syn  v6            12.16         False         0             0         0      0.989616      6.200600        NaN     0.924661     NaN
LT2   24.94   0.37     2.27     real  v6            10.02         False         0             0         0      0.409656      2.511685      29.53     0.276793     NaN
LT2   24.94   0.37     2.27 real+syn  v6            10.02         False         0             0         0      0.742696      4.553625      29.53     0.276886     NaN
RT1   88.33   0.45     2.40     real  v6            27.04         False         0             0         0      0.680712      3.624666        NaN   -17.763137     NaN
RT1   88.33   0.45     2.40 real+syn  v6            27.04         False         0             0         0      0.982312      5.230629        NaN   -17.763137     NaN
RT2   25.48   0.41     2.34     real  v6            13.16         False         0             0         0      0.405659      2.324692       0.00    -0.107387     NaN
RT2   25.48   0.41     2.34 real+syn  v6            13.16         False         0             0         0      0.632048      3.622049       0.16    -0.106851     NaN
RT3   67.99   0.74     3.79     real  v6            57.40         False         0             0         0      1.025256      5.230898        NaN     1.372894     NaN
RT3   67.99   0.74     3.79 real+syn  v6            57.40         False         0             0         0      1.635095      8.342319        NaN     1.372894     NaN
SW1   81.38 716.68     4.11     real  v6             5.49          True         0             0         0   7050.784923     40.405853        NaN 14116.617906     NaN
SW1   81.38 716.68     4.11 real+syn  v6             5.49          True         0             0         0   7488.893736     42.916518        NaN 14116.617906     NaN
任务数 330；workers=3
  40/330 任务，80 行，348s（剩约 42.1 min）
  80/330 任务，160 行，693s（剩约 36.1 min）
  120/330 任务，240 行，1022s（剩约 29.8 min）
  160/330 任务，320 行，1309s（剩约 23.2 min）
  200/330 任务，400 行，1648s（剩约 17.8 min）
  240/330 任务，480 行，2029s（剩约 12.7 min）
  280/330 任务，560 行，2575s（剩约 7.7 min）
  320/330 任务，640 行，2960s（剩约 1.5 min）
  330/330 任务，660 行，3033s（剩约 0.0 min）
完成 660 行，50.6 min
--- 拍击-恢复（v6，无噪声档；中位 [p10~p90]）---
  tap_adc   峰值= 10%L  n= 3  触发 epoch 1.00  撤销 1.00  交接 0.00  ΣA 变化 med=nan  峰值偏差 18.7%L  恢复 0.23999999999999488 s  永久台阶 med=3758.9336657054664
  tap_adc   峰值= 30%L  n= 3  触发 epoch 2.00  撤销 1.00  交接 0.00  ΣA 变化 med=nan  峰值偏差 38.7%L  恢复 3.6299999999999955 s  永久台阶 med=3875.7993571395345
  tap_adc   峰值= 50%L  n= 3  触发 epoch 2.00  撤销 1.00  交接 0.00  ΣA 变化 med=nan  峰值偏差 58.7%L  恢复 3.6299999999999955 s  永久台阶 med=3855.483600082318
  tap_hold  峰值= 10%L  n= 7  触发 epoch 1.14  撤销 1.00  交接 0.00  ΣA 变化 med=nan  峰值偏差 12.2%L  恢复 0.240000000000002 s  永久台阶 med=0.004030808739692304
  tap_hold  峰值= 30%L  n= 7  触发 epoch 2.00  撤销 1.00  交接 0.00  ΣA 变化 med=nan  峰值偏差 32.3%L  恢复 0.25 s  永久台阶 med=-0.20997467379879353
  tap_hold  峰值= 50%L  n= 7  触发 epoch 2.00  撤销 1.00  交接 0.00  ΣA 变化 med=nan  峰值偏差 52.3%L  恢复 0.25 s  永久台阶 med=-0.24724183176965653
ALL DONE
