================================================================================================================
b0 盘点：13 份录制（恒载 9 + 实录 4）；卸载沿用多尺度迟滞（4 档阈值取并集）定位
================================================================================================================
录制                家族     nch  span/s  dt/ms         底         峰   段数    卸载沿   全卸   部分
右拇指指尖/数据1         恒载      31   162.7   9.95      0.64      20.1    1      1    1    0
右拇指指尖/数据2         恒载      31   234.1   9.95      0.23      22.1    1      1    1    0
右拇指指尖/数据3         恒载      31   190.4   9.95      0.05      21.3    1      1    1    0
左拇指指尖/数据1         恒载      31   196.2   9.94      0.00      18.2    1      1    1    0
左拇指指尖/数据2         恒载      31   198.5   9.94      0.00      18.6    1      1    1    0
左拇指指尖/数据3         恒载      31   192.8   9.94      0.00      19.3    1      1    1    0
四指指尖/数据1          恒载      21   190.8   9.97      0.07      16.4    1      1    1    0
四指指尖/数据2          恒载      21   190.5   9.97      0.07      17.1    1      1    1    0
四指指尖/数据3          恒载      21   199.7   9.97      0.07      17.5    1      1    1    0
切换负载-快相无责         实采      21   255.7   9.95     62.00   27999.9    3      6    3    3
再切换负载             实采      21    70.9   9.95     32.00   25901.1    3      2    2    0
中途切换-1d9493       实采      21    63.9   9.95     46.44   27735.9    2      1    1    0
中途切换-13ffca       实采      21   120.6   9.95     70.00   32471.1    2      3    2    1

================================================================================================================
卸载沿库存：21 处（full=回空载，partial=只卸一部分，eof 已剔除）
================================================================================================================
        rec   t_dn ev_class  hold_s   pre     plat     post     drop  step_prox  creep_acc  creep_pct  fall_t pre_src post_src
  右拇指指尖/数据1 115.23     full  106.96  0.51    20.00     1.06    19.50      11.18       8.32      74.37    0.18   local     long
  右拇指指尖/数据2 159.87     full  147.55  0.16    22.14     0.63    21.97      13.09       8.89      67.90    0.38   local     long
  右拇指指尖/数据3 135.02     full  124.41  0.04    21.26     0.53    21.22      14.24       6.98      49.04    0.70   local     long
  左拇指指尖/数据1 147.42     full  135.72  0.00    18.15     0.00    18.15      12.96       5.19      40.02    0.28   local     long
  左拇指指尖/数据2 140.85     full  125.93  0.00    18.60     0.00    18.60      13.81       4.79      34.66    0.08   local     long
  左拇指指尖/数据3 132.52     full  121.64  0.00    19.33     0.00    19.33      14.66       4.68      31.91    0.11   local     long
   四指指尖/数据1 130.61     full  119.68  0.07    16.33     0.07    16.26      10.66       5.60      52.55    0.16   local     long
   四指指尖/数据2 130.13     full  119.09  0.06    17.07     0.09    17.00      11.49       5.51      47.96    0.68   local     long
   四指指尖/数据3 139.83     full  128.82  0.07    17.49     0.24    17.42      12.37       5.05      40.83    0.67   local     long
  切换负载-快相无责  72.26  partial   61.42 71.00 12282.90  5607.38 12211.90    3438.66    8773.24     255.14    0.62   local    short
  切换负载-快相无责 129.59     full  118.74 71.00 26292.00    60.63 26221.00    3437.91   22783.09     662.70    0.21   local    short
  切换负载-快相无责 182.12     full   48.28 57.66 27990.08    52.00 27932.41   16760.48   11171.93      66.66    0.09   local    short
  切换负载-快相无责 202.91  partial   16.93 55.00 26021.69 22068.57 25966.69   22625.67    3341.02      14.77    0.30   local     long
  切换负载-快相无责 212.58  partial   26.59 55.00 22151.05  5751.89 22096.05   22625.67    -529.62      -2.34    0.20   local    short
  切换负载-快相无责 249.83     full   63.85 55.00 25839.38    60.00 25784.38   22625.67    3158.71      13.96    0.22   local    short
      再切换负载  30.44     full   18.68 65.00 15792.26    31.60 15727.26   12307.90    3419.36      27.78    0.80   local    short
      再切换负载  51.42     full   15.48 63.62 22555.12    38.00 22491.50   15911.77    6579.73      41.35    0.85   local    short
中途切换-1d9493  30.98     full   20.14 65.00 25929.60    52.00 25864.60   12913.67   12950.94     100.29    0.30   local    short
中途切换-13ffca  46.11  partial   37.73 84.00 24624.46 20978.48 24540.46   11904.14   12636.33     106.15    0.84   local     long
中途切换-13ffca  68.60     full   60.21 84.00 24419.48    78.90 24335.48   11904.14   12431.34     104.43    0.36   local     long
中途切换-13ffca 113.19     full   25.37 75.00 32312.88    72.00 32237.88   22258.41    9979.47      44.83    0.75   local    short

按家族 / 类型计数：
kind  ev_class
实采    full        8
      partial     4
恒载    full        9
