==================================================================================================================================
表 1  原始读数：卸载沿几何 + 三阶段幅度 + 卸载后行为（dip=低于卸载后稳态的最小值）
==================================================================================================================================
        rec    t_dn ev_class  hold_s  frac1s    pre      plat      post      drop    A_step      A_5s  creep_slow  creep_slow_pct  fall_t  trough_s  dip_post  dip_post_pct  dip_pre     resid  resid_pct_drop    resid_inf  tau_tail  tail_ok  post_span  resid_late  resid_late_pct  t_to10  t_to5  t_to1  t_rec_keep5  t_rec_keep1     tau1  tau_ok post_src
  右拇指指尖/数据1 115.230     full 106.964   0.671  0.507    20.004     1.062    19.498    11.182    14.175       5.830          41.127   0.179     0.239     0.281         1.439   -0.275     0.555           2.848      -32.830  5000.000    False     47.453       0.289           1.483   0.179  0.189  0.189        0.189        0.517    0.200    True     long
  右拇指指尖/数据2 159.872     full 147.546   0.663  0.162    22.136     0.629    21.974    13.111    16.570       5.566          33.591   0.378     2.408     0.224         1.018   -0.243     0.467           2.126        0.011    26.134    False     60.000       0.109           0.496   0.000  0.000  0.000        0.000        7.541    6.429    True     long
  右拇指指尖/数据3 135.018     full 124.412   0.721  0.036    21.257     0.534    21.221    14.238    16.508       4.749          28.770   0.696     7.163     0.267         1.258   -0.231     0.498           2.349        0.516     9.903     True     55.356       0.457           2.151   0.696  0.696  0.706        0.696        7.462    0.455    True     long
  左拇指指尖/数据1 147.424     full 135.724   0.774  0.000    18.150     0.000    18.150    12.963    15.284       2.866          18.755   0.278     0.239     0.000         0.000    0.000     0.000           0.000        0.000     9.553     True     48.767       0.000           0.000   0.229  0.239  0.239        0.239        0.239    0.200    True     long
  左拇指指尖/数据2 140.853     full 125.935   0.793  0.000    18.600     0.000    18.600    13.812    16.125       2.475          15.347   0.080     0.099     0.000         0.000    0.000     0.000           0.000        0.000    11.328     True     57.645       0.000           0.000   0.080  0.089  0.099        0.089        0.099      NaN   False     long
  左拇指指尖/数据3 132.518     full 121.645   0.826  0.000    19.332     0.000    19.332    14.656    17.529       1.803          10.285   0.109     0.119     0.000         0.000    0.000     0.000           0.000        0.000    11.798     True     60.000       0.000           0.000   0.109  0.109  0.119        0.109        0.119    0.200    True     long
   四指指尖/数据1 130.614     full 119.678   0.714  0.066    16.326     0.073    16.260    10.659    13.318       3.007          22.581   0.160     0.160     0.073         0.449    0.066     0.007           0.043        0.007     2.116     True     60.000       0.007           0.043   0.160  0.160  0.160        0.160        0.160    0.200    True     long
   四指指尖/数据2 130.131     full 119.094   0.759  0.064    17.069     0.090    17.005    11.493    14.683       2.386          16.249   0.678     0.688     0.090         0.530    0.064     0.026           0.153        0.021     0.834     True     60.000       0.018           0.105   0.678  0.678  0.688        0.678        0.688    0.439    True     long
   四指指尖/数据3 139.830     full 128.825   0.797  0.067    17.490     0.241    17.423    12.372    15.246       2.244          14.721   0.668     0.708     0.241         1.384    0.067     0.175           1.002        0.004    16.160     True     59.842       0.025           0.146   0.668  0.678  0.678        0.678        7.088    0.395    True     long
  切换负载-快相无责  72.259  partial  61.420   0.284 71.000 12282.899  5607.379 12211.899       NaN       NaN         NaN             NaN   0.617     1.284   210.102         1.720      NaN  5536.379          45.336          NaN       NaN    False      3.919         NaN             NaN   0.000  0.000  0.000          NaN          NaN      NaN   False    short
  切换负载-快相无责 129.588     full 118.739   0.132 71.000 26292.005    60.632 26221.005       NaN       NaN         NaN             NaN   0.209     0.070    33.545         0.128   43.912   -10.368          -0.040          NaN       NaN    False      3.750         NaN             NaN   0.000  0.000  0.000      120.063      120.063      NaN   False    short
  切换负载-快相无责 182.120     full  48.282   0.928 57.662 27990.076    52.000 27932.415 16760.485 27110.852     879.224           3.243   0.090     1.234     8.747         0.031   14.409    -5.662          -0.020          NaN       NaN    False      3.362         NaN             NaN   0.000  0.000  0.000       67.531       67.531      NaN   False    short
  切换负载-快相无责 202.911  partial  16.930   0.936 55.000 26021.694 22068.568 25966.694 22625.675 25185.000     836.694           3.322   0.299     0.050   230.375         0.887      NaN 22013.568          84.776 -8240643.763  4999.996    False     15.196    5716.975          22.017   0.000  0.000  0.000        0.000        0.020 5000.000   False     long
  切换负载-快相无责 212.576  partial  26.594   1.100 55.000 22151.053  5751.888 22096.053 22625.675 25185.000   -3033.947         -12.047   0.199     0.667  1069.655         4.841      NaN  5696.888          25.782          NaN       NaN    False      5.532         NaN             NaN   0.010  0.040  0.050        0.040          NaN      NaN   False    short
  切换负载-快相无责 249.830     full  63.848   0.943 55.000 25839.382    60.000 25784.382 22625.675 25185.000     654.382           2.598   0.219     0.050    32.418         0.126   27.418     5.000           0.019          NaN       NaN    False      5.862         NaN             NaN   0.000  0.000  0.000        0.000        0.000      NaN   False    short
      再切换负载  30.445     full  18.679   0.853 65.000 15792.255    31.600 15727.255 12438.033 14374.546    1417.709           9.863   0.796     2.994     3.600         0.023   37.000   -33.400          -0.212          NaN       NaN    False      5.000         NaN             NaN   0.796  0.796  0.796       20.180       20.220      NaN   False    short
      再切换负载  51.421     full  15.476   0.922 63.623 22555.124    38.000 22491.501 17004.221 21557.021     998.103           4.630   0.845     1.999    10.000         0.044   35.623   -25.623          -0.114          NaN       NaN    False      6.233         NaN             NaN   0.000  0.000  0.000        0.000        0.000 5000.000   False    short
中途切换-1d9493  30.976     full  20.143   0.603 65.000 25929.604    52.000 25864.604 12921.856 17600.944    8328.660          47.319   0.298     0.050    16.000         0.062   29.000   -13.000          -0.050          NaN       NaN    False      7.587         NaN             NaN   0.000  0.000  0.000        0.000        0.000    2.349    True    short
中途切换-13ffca  46.114  partial  37.727   0.553 84.000 24624.462 20978.476 24540.462 11904.135 15358.277    9266.185          60.333   0.836     1.522    85.833         0.350      NaN 20894.476          85.143    20910.471     0.946     True     15.200   20870.683          85.046   0.000  0.000  0.000        0.000        0.000    1.877    True     long
中途切换-13ffca  68.599     full  60.212   0.557 84.000 24419.479    78.900 24335.479 11904.135 15358.277    9061.203          58.999   0.358     0.537    78.900         0.324   84.000    -5.100          -0.021        0.600     2.311     True     18.722      -2.000          -0.008   0.358  0.358  0.358        0.358        0.358    0.200    True     long
中途切换-13ffca 113.191     full  25.370   0.818 75.000 32312.885    72.000 32237.885 22332.565 27805.672    4507.213          16.210   0.746     0.786    35.445         0.110   38.445    -3.000          -0.009          NaN       NaN    False      7.372         NaN             NaN   0.746  0.766  0.776        0.766        0.776    0.436   False    short

==================================================================================================================================
表 2  家族 × 臂：卸载沿附近显示行为（dip_extra=该臂下冲 − 原始下冲；pin0=显示贴零时长）
==================================================================================================================================
kind    arm  n  dip_post_med  dip_post_pct_med  dip_extra_med  dip_extra_max  dip_extra_pct_max  t_to5_med  t_rec1_med  resid_med  pin0_med  pin0_max  extra_pin_max  n_long
  实采    e3s 12        66.254             0.263         27.808        101.240              0.829      0.000       0.597     -4.076     0.657     1.951          0.716       3
  实采    raw 12        34.056             0.135          0.000          0.000              0.000      0.000       0.597     -4.076     0.398     1.951          0.000       3
  实采     v6 12        37.202             0.148          0.000         35.847              0.139      0.000       1.393     -4.076     0.597     1.950          0.756       3
  实采 v6trim 12        56.000             0.223          0.447        186.757              0.761      0.000       0.895     -5.561     0.577     1.950          0.756       3
  恒载    e3s  9         0.090             0.484          0.000          0.667              3.420      0.199       0.678      0.026     0.877     1.869          0.000       9
  恒载    raw  9         0.090             0.484          0.000          0.000              0.000      0.239       0.557      0.026     0.877     1.869          0.000       9
  恒载     v6  9         0.090             0.484          0.000          0.677              3.474      0.199       0.678      0.026     0.877     1.869          0.000       9
  恒载 v6trim  9         0.090             0.484          0.000          0.677              3.474      0.199       0.678      0.026     0.877     1.869          0.000       9

==================================================================================================================================
表 3  相关性（原始读数；* = p<0.05）
==================================================================================================================================
family         subset         target        feature  n  spearman  p_spearman  pearson  p_pearson  sig
    恒载           全部事件   dip_post_pct           drop  9     0.271       0.480    0.336      0.377     
    恒载           全部事件   dip_post_pct         hold_s  9    -0.220       0.569   -0.130      0.739     
    恒载           全部事件   dip_post_pct    creep_total  9     0.627       0.071    0.664      0.051     
    恒载           全部事件   dip_post_pct creep_slow_pct  9     0.525       0.146    0.659      0.053     
    恒载           全部事件    t_rec_keep5           drop  9    -0.267       0.488   -0.217      0.575     
    恒载           全部事件    t_rec_keep5         hold_s  9    -0.283       0.460   -0.206      0.596     
    恒载           全部事件    t_rec_keep5    creep_total  9     0.050       0.898   -0.188      0.628     
    恒载           全部事件    t_rec_keep5 creep_slow_pct  9     0.000       1.000   -0.179      0.644     
    恒载           全部事件          t_to5           drop  9    -0.267       0.488   -0.217      0.575     
    恒载           全部事件          t_to5         hold_s  9    -0.283       0.460   -0.206      0.596     
    恒载           全部事件          t_to5    creep_total  9     0.050       0.898   -0.188      0.628     
    恒载           全部事件          t_to5 creep_slow_pct  9     0.000       1.000   -0.179      0.644     
    恒载           全部事件 resid_pct_drop           drop  9     0.458       0.215    0.695      0.038   *p
    恒载           全部事件 resid_pct_drop         hold_s  9    -0.220       0.569   -0.062      0.874     
    恒载           全部事件 resid_pct_drop    creep_total  9     0.797       0.010    0.883      0.002 *s*p
    恒载           全部事件 resid_pct_drop creep_slow_pct  9     0.712       0.031    0.875      0.002 *s*p
    恒载       仅full且长窗   dip_post_pct           drop  9     0.271       0.480    0.336      0.377     
    恒载       仅full且长窗   dip_post_pct         hold_s  9    -0.220       0.569   -0.130      0.739     
    恒载       仅full且长窗   dip_post_pct    creep_total  9     0.627       0.071    0.664      0.051     
    恒载       仅full且长窗   dip_post_pct creep_slow_pct  9     0.525       0.146    0.659      0.053     
    恒载       仅full且长窗    t_rec_keep5           drop  9    -0.267       0.488   -0.217      0.575     
    恒载       仅full且长窗    t_rec_keep5         hold_s  9    -0.283       0.460   -0.206      0.596     
    恒载       仅full且长窗    t_rec_keep5    creep_total  9     0.050       0.898   -0.188      0.628     
    恒载       仅full且长窗    t_rec_keep5 creep_slow_pct  9     0.000       1.000   -0.179      0.644     
    恒载       仅full且长窗          t_to5           drop  9    -0.267       0.488   -0.217      0.575     
    恒载       仅full且长窗          t_to5         hold_s  9    -0.283       0.460   -0.206      0.596     
    恒载       仅full且长窗          t_to5    creep_total  9     0.050       0.898   -0.188      0.628     
    恒载       仅full且长窗          t_to5 creep_slow_pct  9     0.000       1.000   -0.179      0.644     
    恒载       仅full且长窗 resid_pct_drop           drop  9     0.458       0.215    0.695      0.038   *p
    恒载       仅full且长窗 resid_pct_drop         hold_s  9    -0.220       0.569   -0.062      0.874     
    恒载       仅full且长窗 resid_pct_drop    creep_total  9     0.797       0.010    0.883      0.002 *s*p
    恒载       仅full且长窗 resid_pct_drop creep_slow_pct  9     0.712       0.031    0.875      0.002 *s*p
    恒载 快加载|frac1s≥0.4   dip_post_pct           drop  9     0.271       0.480    0.336      0.377     
    恒载 快加载|frac1s≥0.4   dip_post_pct         hold_s  9    -0.220       0.569   -0.130      0.739     
    恒载 快加载|frac1s≥0.4   dip_post_pct    creep_total  9     0.627       0.071    0.664      0.051     
    恒载 快加载|frac1s≥0.4   dip_post_pct creep_slow_pct  9     0.525       0.146    0.659      0.053     
    恒载 快加载|frac1s≥0.4    t_rec_keep5           drop  9    -0.267       0.488   -0.217      0.575     
    恒载 快加载|frac1s≥0.4    t_rec_keep5         hold_s  9    -0.283       0.460   -0.206      0.596     
    恒载 快加载|frac1s≥0.4    t_rec_keep5    creep_total  9     0.050       0.898   -0.188      0.628     
    恒载 快加载|frac1s≥0.4    t_rec_keep5 creep_slow_pct  9     0.000       1.000   -0.179      0.644     
    恒载 快加载|frac1s≥0.4          t_to5           drop  9    -0.267       0.488   -0.217      0.575     
    恒载 快加载|frac1s≥0.4          t_to5         hold_s  9    -0.283       0.460   -0.206      0.596     
    恒载 快加载|frac1s≥0.4          t_to5    creep_total  9     0.050       0.898   -0.188      0.628     
    恒载 快加载|frac1s≥0.4          t_to5 creep_slow_pct  9     0.000       1.000   -0.179      0.644     
    恒载 快加载|frac1s≥0.4 resid_pct_drop           drop  9     0.458       0.215    0.695      0.038   *p
    恒载 快加载|frac1s≥0.4 resid_pct_drop         hold_s  9    -0.220       0.569   -0.062      0.874     
    恒载 快加载|frac1s≥0.4 resid_pct_drop    creep_total  9     0.797       0.010    0.883      0.002 *s*p
    恒载 快加载|frac1s≥0.4 resid_pct_drop creep_slow_pct  9     0.712       0.031    0.875      0.002 *s*p
    实采           全部事件   dip_post_pct           drop 12    -0.252       0.430   -0.297      0.348     
    实采           全部事件   dip_post_pct         hold_s 12     0.301       0.342   -0.126      0.697     
    实采           全部事件   dip_post_pct    creep_total 10    -0.176       0.627   -0.578      0.080     
    实采           全部事件   dip_post_pct creep_slow_pct 10    -0.091       0.803   -0.406      0.244     
    实采           全部事件    t_rec_keep5           drop 11     0.257       0.445    0.123      0.718     
    实采           全部事件    t_rec_keep5         hold_s 11     0.410       0.210    0.768      0.006   *p
    实采           全部事件    t_rec_keep5    creep_total 10    -0.071       0.845    0.183      0.612     
    实采           全部事件    t_rec_keep5 creep_slow_pct 10    -0.084       0.817   -0.252      0.482     
    实采           全部事件          t_to5           drop 12    -0.183       0.569    0.011      0.973     
    实采           全部事件          t_to5         hold_s 12    -0.204       0.525   -0.265      0.404     
    实采           全部事件          t_to5    creep_total 10    -0.246       0.494    0.011      0.975     
    实采           全部事件          t_to5 creep_slow_pct 10     0.157       0.665    0.036      0.920     
    实采           全部事件 resid_pct_drop           drop 12     0.042       0.897   -0.162      0.616     
    实采           全部事件 resid_pct_drop         hold_s 12     0.238       0.457   -0.197      0.539     
    实采           全部事件 resid_pct_drop    creep_total 10    -0.103       0.777   -0.063      0.864     
    实采           全部事件 resid_pct_drop creep_slow_pct 10    -0.139       0.701    0.157      0.666     
    实采       仅full且长窗   dip_post_pct           drop  1       NaN         NaN      NaN        NaN     
    实采       仅full且长窗   dip_post_pct         hold_s  1       NaN         NaN      NaN        NaN     
    实采       仅full且长窗   dip_post_pct    creep_total  1       NaN         NaN      NaN        NaN     
    实采       仅full且长窗   dip_post_pct creep_slow_pct  1       NaN         NaN      NaN        NaN     
    实采       仅full且长窗    t_rec_keep5           drop  1       NaN         NaN      NaN        NaN     
    实采       仅full且长窗    t_rec_keep5         hold_s  1       NaN         NaN      NaN        NaN     
    实采       仅full且长窗    t_rec_keep5    creep_total  1       NaN         NaN      NaN        NaN     
    实采       仅full且长窗    t_rec_keep5 creep_slow_pct  1       NaN         NaN      NaN        NaN     
    实采       仅full且长窗          t_to5           drop  1       NaN         NaN      NaN        NaN     
    实采       仅full且长窗          t_to5         hold_s  1       NaN         NaN      NaN        NaN     
    实采       仅full且长窗          t_to5    creep_total  1       NaN         NaN      NaN        NaN     
    实采       仅full且长窗          t_to5 creep_slow_pct  1       NaN         NaN      NaN        NaN     
    实采       仅full且长窗 resid_pct_drop           drop  1       NaN         NaN      NaN        NaN     
    实采       仅full且长窗 resid_pct_drop         hold_s  1       NaN         NaN      NaN        NaN     
    实采       仅full且长窗 resid_pct_drop    creep_total  1       NaN         NaN      NaN        NaN     
    实采       仅full且长窗 resid_pct_drop creep_slow_pct  1       NaN         NaN      NaN        NaN     
    实采 快加载|frac1s≥0.4   dip_post_pct           drop 10    -0.006       0.987   -0.189      0.600     
    实采 快加载|frac1s≥0.4   dip_post_pct         hold_s 10     0.212       0.556   -0.145      0.689     
    实采 快加载|frac1s≥0.4   dip_post_pct    creep_total 10    -0.176       0.627   -0.578      0.080     
    实采 快加载|frac1s≥0.4   dip_post_pct creep_slow_pct 10    -0.091       0.803   -0.406      0.244     
    实采 快加载|frac1s≥0.4    t_rec_keep5           drop 10     0.045       0.901    0.052      0.887     
    实采 快加载|frac1s≥0.4    t_rec_keep5         hold_s 10     0.200       0.579    0.203      0.573     
    实采 快加载|frac1s≥0.4    t_rec_keep5    creep_total 10    -0.071       0.845    0.183      0.612     
    实采 快加载|frac1s≥0.4    t_rec_keep5 creep_slow_pct 10    -0.084       0.817   -0.252      0.482     
    实采 快加载|frac1s≥0.4          t_to5           drop 10    -0.321       0.366   -0.127      0.727     
    实采 快加载|frac1s≥0.4          t_to5         hold_s 10    -0.020       0.955   -0.156      0.666     
    实采 快加载|frac1s≥0.4          t_to5    creep_total 10    -0.246       0.494    0.011      0.975     
    实采 快加载|frac1s≥0.4          t_to5 creep_slow_pct 10     0.157       0.665    0.036      0.920     
    实采 快加载|frac1s≥0.4 resid_pct_drop           drop 10     0.321       0.365    0.021      0.953     
    实采 快加载|frac1s≥0.4 resid_pct_drop         hold_s 10     0.321       0.365   -0.204      0.572     
    实采 快加载|frac1s≥0.4 resid_pct_drop    creep_total 10    -0.103       0.777   -0.063      0.864     
    实采 快加载|frac1s≥0.4 resid_pct_drop creep_slow_pct 10    -0.139       0.701    0.157      0.666     
    全部           全部事件   dip_post_pct           drop 21    -0.135       0.559   -0.067      0.773     
    全部           全部事件   dip_post_pct         hold_s 21     0.061       0.792   -0.080      0.731     
    全部           全部事件   dip_post_pct    creep_total 19    -0.135       0.581   -0.365      0.124     
    全部           全部事件   dip_post_pct creep_slow_pct 19     0.137       0.576   -0.273      0.258     
    全部           全部事件    t_rec_keep5           drop 20     0.002       0.992    0.336      0.148     
    全部           全部事件    t_rec_keep5         hold_s 20     0.155       0.513    0.055      0.819     
    全部           全部事件    t_rec_keep5    creep_total 19    -0.097       0.692    0.323      0.177     
    全部           全部事件    t_rec_keep5 creep_slow_pct 19    -0.037       0.879   -0.249      0.304     
    全部           全部事件          t_to5           drop 21    -0.438       0.047   -0.242      0.291   *s
    全部           全部事件          t_to5         hold_s 21     0.219       0.340    0.113      0.627     
    全部           全部事件          t_to5    creep_total 19    -0.293       0.223   -0.141      0.565     
    全部           全部事件          t_to5 creep_slow_pct 19     0.162       0.508    0.003      0.990     
    全部           全部事件 resid_pct_drop           drop 21    -0.242       0.291    0.298      0.189     
    全部           全部事件 resid_pct_drop         hold_s 21     0.217       0.344   -0.403      0.070     
    全部           全部事件 resid_pct_drop    creep_total 19    -0.311       0.195    0.221      0.363     
    全部           全部事件 resid_pct_drop creep_slow_pct 19     0.111       0.652    0.119      0.628     
    全部       仅full且长窗   dip_post_pct           drop 10     0.104       0.774   -0.189      0.600     
    全部       仅full且长窗   dip_post_pct         hold_s 10    -0.104       0.774    0.109      0.764     
    全部       仅full且长窗   dip_post_pct    creep_total 10     0.460       0.181   -0.189      0.601     
    全部       仅full且长窗   dip_post_pct creep_slow_pct 10     0.362       0.304    0.266      0.457     
    全部       仅full且长窗    t_rec_keep5           drop 10    -0.127       0.726    0.050      0.890     
    全部       仅full且长窗    t_rec_keep5         hold_s 10    -0.309       0.385   -0.139      0.701     
    全部       仅full且长窗    t_rec_keep5    creep_total 10     0.127       0.726    0.050      0.890     
    全部       仅full且长窗    t_rec_keep5 creep_slow_pct 10     0.067       0.855   -0.075      0.836     
    全部       仅full且长窗          t_to5           drop 10    -0.127       0.726    0.050      0.890     
    全部       仅full且长窗          t_to5         hold_s 10    -0.309       0.385   -0.139      0.701     
    全部       仅full且长窗          t_to5    creep_total 10     0.127       0.726    0.050      0.890     
    全部       仅full且长窗          t_to5 creep_slow_pct 10     0.067       0.855   -0.075      0.836     
    全部       仅full且长窗 resid_pct_drop           drop 10     0.055       0.880   -0.265      0.459     
    全部       仅full且长窗 resid_pct_drop         hold_s 10     0.117       0.748    0.208      0.564     
    全部       仅full且长窗 resid_pct_drop    creep_total 10     0.301       0.399   -0.265      0.459     
    全部       仅full且长窗 resid_pct_drop creep_slow_pct 10     0.239       0.506    0.332      0.348     
    全部 快加载|frac1s≥0.4   dip_post_pct           drop 19    -0.105       0.667   -0.039      0.874     
    全部 快加载|frac1s≥0.4   dip_post_pct         hold_s 19     0.079       0.748   -0.044      0.857     
    全部 快加载|frac1s≥0.4   dip_post_pct    creep_total 19    -0.135       0.581   -0.365      0.124     
    全部 快加载|frac1s≥0.4   dip_post_pct creep_slow_pct 19     0.137       0.576   -0.273      0.258     
    全部 快加载|frac1s≥0.4    t_rec_keep5           drop 19    -0.159       0.514    0.281      0.243     
    全部 快加载|frac1s≥0.4    t_rec_keep5         hold_s 19     0.142       0.563   -0.214      0.379     
    全部 快加载|frac1s≥0.4    t_rec_keep5    creep_total 19    -0.097       0.692    0.323      0.177     
    全部 快加载|frac1s≥0.4    t_rec_keep5 creep_slow_pct 19    -0.037       0.879   -0.249      0.304     
    全部 快加载|frac1s≥0.4          t_to5           drop 19    -0.412       0.080   -0.217      0.372     
    全部 快加载|frac1s≥0.4          t_to5         hold_s 19     0.216       0.375    0.141      0.565     
    全部 快加载|frac1s≥0.4          t_to5    creep_total 19    -0.293       0.223   -0.141      0.565     
    全部 快加载|frac1s≥0.4          t_to5 creep_slow_pct 19     0.162       0.508    0.003      0.990     
    全部 快加载|frac1s≥0.4 resid_pct_drop           drop 19    -0.178       0.467    0.351      0.141     
    全部 快加载|frac1s≥0.4 resid_pct_drop         hold_s 19     0.269       0.266   -0.389      0.100     
    全部 快加载|frac1s≥0.4 resid_pct_drop    creep_total 19    -0.311       0.195    0.221      0.363     
    全部 快加载|frac1s≥0.4 resid_pct_drop creep_slow_pct 19     0.111       0.652    0.119      0.628     

==================================================================================================================================
表 4  卸载沿对齐的归一化轨迹（显示−post)/drop，中位；t<0 为卸载前
==================================================================================================================================
  [恒载]
arm       raw     e3s      v6  v6trim
t                                    
-2.0   0.9980  0.8767  0.8610  0.8610
-1.0   0.9983  0.8771  0.8604  0.8604
 0.0   0.9748  0.8318  0.8207  0.8207
 0.1   0.7021  0.6155  0.5974  0.5974
 0.2   0.0134  0.0000  0.0000  0.0000
 0.3   0.0000  0.0000  0.0000  0.0000
 0.5   0.0000  0.0000  0.0000  0.0000
 0.8  -0.0026 -0.0045 -0.0030 -0.0037
 1.2   0.0000 -0.0011  0.0000  0.0000
 2.0   0.0000  0.0000  0.0000  0.0000
 3.0  -0.0010 -0.0010 -0.0010 -0.0010
 5.0   0.0001  0.0001  0.0001  0.0001
 8.0   0.0001  0.0001  0.0001  0.0001
 12.0  0.0000  0.0000  0.0000  0.0000
  [实采]
arm       raw     e3s      v6  v6trim
t                                    
-2.0   1.0003  0.9334  0.8472  0.8895
-1.0   1.0013  0.9329  0.8438  0.8878
 0.0  -0.0003 -0.0019  0.0056 -0.0007
 0.1  -0.0009 -0.0022  0.0029 -0.0007
 0.2  -0.0007 -0.0022  0.0031 -0.0007
 0.3  -0.0006 -0.0022  0.0031 -0.0007
 0.5  -0.0002 -0.0023 -0.0002 -0.0002
 0.8  -0.0007 -0.0021 -0.0001 -0.0002
 1.2  -0.0005 -0.0021 -0.0002 -0.0003
 2.0  -0.0004 -0.0004 -0.0000 -0.0001
 3.0  -0.0001 -0.0001 -0.0000 -0.0001
 5.0   0.0001  0.0001  0.0000  0.0000
 8.0  -0.0003 -0.0003 -0.0003 -0.0003
 12.0 -0.0017 -0.0006 -0.0022 -0.0002
