========================================================================================================================
表 1  可重复性：3 次重复录制 × 4 臂 的关键指标（原始单位；err5s/err_plat 已由台阶归一）
========================================================================================================================
      rec    arm  a_step   inc5  err5s  err_plat5_pct  plat_lvl  plat_pred  err_vs_pred_pct  gain_plat  max_dev5_pct  flat5_pct  move3060_pct  drift_slow  t_stable  epoch_total  epoch_pre   Ahat  m_shape
右拇指指尖/数据1    raw  10.947 14.146 -0.136         19.999    17.514     14.499           21.317     -0.000        98.868      9.269         4.777      28.056   107.342            0          0 13.960    0.983
右拇指指尖/数据1    e3s  10.947 14.146 -0.136          0.665    14.779     14.499            1.982      0.161       102.921      2.572         0.059      -2.926     5.432            2          1 13.960    0.983
右拇指指尖/数据1     v6  10.947 14.146 -1.469         -1.499    14.473     14.499           -0.182      0.179       103.028      2.674        -0.043      -2.960     5.432            2          0 13.960    0.983
右拇指指尖/数据1 v6trim  10.947 14.146 -1.469         -1.499    14.473     14.499           -0.182      0.179       103.028      2.674        -0.043      -2.960     5.432            2          0 13.960    0.983
右拇指指尖/数据2    raw  12.941 16.423 -0.077         15.163    19.222     16.290           17.854     -0.000       101.530      6.977         4.397      21.580    52.299            0          0 15.981    0.972
右拇指指尖/数据2    e3s  12.941 16.423 -0.077         -0.290    16.685     16.290            2.401      0.134       101.530      1.383         0.528       4.448     3.820            3          1 15.981    0.972
右拇指指尖/数据2     v6  12.941 16.423 -2.580         -3.050    16.231     16.290           -0.359      0.158       101.697      1.501         0.242       0.860     0.537            4          1 15.981    0.972
右拇指指尖/数据2 v6trim  12.941 16.423 -2.580         -2.952    16.247     16.290           -0.260      0.157       101.672      1.503         0.238       1.191     0.537            4          1 15.981    0.972
右拇指指尖/数据3    raw  14.230 16.500 -0.021         16.535    19.272     17.363           11.568      0.000        98.644     10.695         4.922      17.708    18.346            0          0 17.320    1.050
右拇指指尖/数据3    e3s  14.230 16.500 -0.021          5.634    17.473     17.363            0.667      0.094        99.890      5.518         1.959      -2.509     6.706            2          1 17.320    1.050
右拇指指尖/数据3     v6  14.230 16.500 -0.001          5.979    17.530     17.363            1.012      0.091        99.853      5.599         1.944      -2.907     6.706            5          3 17.320    1.050
右拇指指尖/数据3 v6trim  14.230 16.500 -0.001          5.979    17.530     17.363            1.012      0.091        99.853      5.599         1.944      -2.907     6.706            5          3 17.320    1.050
左拇指指尖/数据1    raw  12.963 15.284  0.045         14.483    17.498     15.957           10.078      0.000       100.000      2.901         1.671       3.721    18.071            0          0 15.957    1.044
左拇指指尖/数据1    e3s  12.963 15.284  0.045          6.759    16.317     15.957            2.354      0.067       100.000      0.858         0.243      -2.015     9.284            1          0 15.957    1.044
左拇指指尖/数据1     v6  12.963 15.284  4.454         11.575    17.053     15.957            7.170      0.025       100.000      1.154        -0.009      -1.753    10.169            3          1 15.957    1.044
左拇指指尖/数据1 v6trim  12.963 15.284  4.454          9.772    16.778     15.957            5.367      0.041       100.000      0.888         0.231      -3.049     9.105            3          1 15.957    1.044
左拇指指尖/数据2    raw  13.763 16.122  0.081         10.820    17.867     16.760            6.865      0.000       100.000      2.800         2.245       3.533    14.441            0          0 16.760    1.040
左拇指指尖/数据2    e3s  13.763 16.122  0.081          1.956    16.438     16.760           -1.999      0.080       100.000      0.434         0.061      -0.618     1.779            1          0 16.760    1.040
左拇指指尖/数据2     v6  13.763 16.122 -0.148          1.737    16.402     16.760           -2.217      0.082       100.000      0.533        -0.062      -0.561     2.763            2          0 16.760    1.040
左拇指指尖/数据2 v6trim  13.763 16.122 -0.148          1.737    16.402     16.760           -2.217      0.082       100.000      0.533        -0.062      -0.561     2.763            2          0 16.760    1.040
左拇指指尖/数据3    raw  14.656 17.529  0.093          6.442    18.658     18.058            3.426     -0.000       100.000      1.896         1.123       3.403     7.226            0          0 18.058    1.030
左拇指指尖/数据3    e3s  14.656 17.529  0.093          1.057    17.714     18.058           -1.960      0.051       100.000      0.670         0.153      -1.214     2.564            1          0 18.058    1.030
左拇指指尖/数据3     v6  14.656 17.529  3.194          5.078    18.419     18.058            2.062      0.013       100.000      0.690         0.092      -0.674     0.547            2          0 18.058    1.030
左拇指指尖/数据3 v6trim  14.656 17.529  3.194          4.345    18.291     18.058            1.329      0.020       100.000      0.801        -0.261      -0.952     0.537            2          0 18.058    1.030
 四指指尖/数据1    raw  10.661 13.320 -0.013         17.789    15.754     13.222           19.006     -0.000       100.480      4.388         2.957      11.536    20.576            0          0 13.158    0.988
 四指指尖/数据1    e3s  10.661 13.320 -0.013          1.030    13.521     13.222            2.248      0.142       100.480      0.854         0.387       0.189     3.200            2          1 13.158    0.988
 四指指尖/数据1     v6  10.661 13.320 -1.131         -0.145    13.365     13.222            1.073      0.152       100.480      1.023         0.486       0.424     0.528            4          2 13.158    0.988
 四指指尖/数据1 v6trim  10.661 13.320 -1.131         -0.145    13.365     13.222            1.073      0.152       100.480      1.023         0.486       0.424     0.528            4          2 13.158    0.988
 四指指尖/数据2    raw  11.494 14.684  0.063         12.282    16.550     14.378           14.796      0.000       100.429      2.749         1.642       9.008    16.202            0          0 14.315    0.975
 四指指尖/数据2    e3s  11.494 14.684  0.063          0.191    14.775     14.378            2.705      0.108       100.429      0.951         0.403       0.069     4.467            2          1 14.315    0.975
 四指指尖/数据2     v6  11.494 14.684 -2.282         -2.053    14.445     14.378            0.461      0.128       100.429      1.022         0.499       0.503     0.508            2          0 14.315    0.975
 四指指尖/数据2 v6trim  11.494 14.684 -2.282         -2.053    14.445     14.378            0.461      0.128       100.429      1.022         0.499       0.503     0.508            2          0 14.315    0.975
 四指指尖/数据3    raw  12.274 15.246  0.001         10.390    16.898     15.726            7.689      0.000       100.448      2.431         1.332       7.272    12.690            0          0 15.658    1.027
 四指指尖/数据3    e3s  12.274 15.246  0.001          1.086    15.479     15.726           -1.616      0.084       100.448      0.624        -0.175      -0.176     3.569            2          1 15.658    1.027
 四指指尖/数据3     v6  12.274 15.246  2.700          4.334    15.975     15.726            1.632      0.055       100.448      0.838        -0.365      -0.140     0.548            2          0 15.658    1.027
 四指指尖/数据3 v6trim  12.274 15.246  2.700          4.123    15.942     15.726            1.421      0.057       100.448      0.826        -0.353      -0.187     0.548            2          0 15.658    1.027

========================================================================================================================
表 2  组内离散度（3 次重复；rng=极差）——分组明细
========================================================================================================================
group    arm                  label  n    mean    std    rng       cv                  values
  右拇指    e3s            5 s 电平误差(%)  3  -0.078  0.058  0.115   73.803    -0.136|-0.077|-0.021
  右拇指    e3s 平台误差@40-60s(%,基准=5s电平)  3   2.003  3.181  5.924  158.785      0.665|-0.290|5.634
  右拇指    e3s                 平台绝对电平  3  16.312  1.385  2.694    8.491    14.779|16.685|17.473
  右拇指    e3s                 蠕变扣除比例  3   0.130  0.034  0.068   26.246       0.161|0.134|0.094
  右拇指    e3s         全程最大偏差(%·5s电平)  3 101.447  1.517  3.031    1.496  102.921|101.530|99.890
  右拇指    e3s               平台内极差(%)  3   3.158  2.129  4.135   67.418       2.572|1.383|5.518
  右拇指    e3s        平台 30→60s 移动(%)  3   0.849  0.990  1.900  116.582       0.059|0.528|1.959
  右拇指    e3s               慢相段时漂(%)  3  -0.329  4.142  7.374 1259.206     -2.926|4.448|-2.509
  右拇指    e3s            T_stable(s)  3   5.319  1.446  2.885   27.185       5.432|3.820|6.706
  右拇指    e3s               epoch 总数  3   2.333  0.577  1.000   24.744       2.000|3.000|2.000
  右拇指    e3s            真沿前 epoch 数  3   1.000  0.000  0.000    0.000       1.000|1.000|1.000
  右拇指    raw            5 s 电平误差(%)  3  -0.078  0.058  0.115   73.803    -0.136|-0.077|-0.021
  右拇指    raw 平台误差@40-60s(%,基准=5s电平)  3  17.232  2.492  4.836   14.463    19.999|15.163|16.535
  右拇指    raw                 平台绝对电平  3  18.669  1.001  1.758    5.361    17.514|19.222|19.272
  右拇指    raw                 蠕变扣除比例  3  -0.000  0.000  0.000      NaN     -0.000|-0.000|0.000
  右拇指    raw         全程最大偏差(%·5s电平)  3  99.681  1.606  2.886    1.611   98.868|101.530|98.644
  右拇指    raw               平台内极差(%)  3   8.980  1.876  3.718   20.888      9.269|6.977|10.695
  右拇指    raw        平台 30→60s 移动(%)  3   4.699  0.271  0.525    5.771       4.777|4.397|4.922
  右拇指    raw               慢相段时漂(%)  3  22.448  5.229 10.348   23.292    28.056|21.580|17.708
  右拇指    raw            T_stable(s)  3  59.329 44.912 88.996   75.701   107.342|52.299|18.346
  右拇指    raw               epoch 总数  3   0.000  0.000  0.000      NaN       0.000|0.000|0.000
  右拇指    raw            真沿前 epoch 数  3   0.000  0.000  0.000      NaN       0.000|0.000|0.000
  右拇指     v6            5 s 电平误差(%)  3  -1.350  1.294  2.580   95.828    -1.469|-2.580|-0.001
  右拇指     v6 平台误差@40-60s(%,基准=5s电平)  3   0.476  4.828  9.030 1013.427     -1.499|-3.050|5.979
  右拇指     v6                 平台绝对电平  3  16.078  1.534  3.057    9.543    14.473|16.231|17.530
  右拇指     v6                 蠕变扣除比例  3   0.143  0.046  0.089   32.448       0.179|0.158|0.091
  右拇指     v6         全程最大偏差(%·5s电平)  3 101.526  1.594  3.175    1.570  103.028|101.697|99.853
  右拇指     v6               平台内极差(%)  3   3.258  2.111  4.099   64.791       2.674|1.501|5.599
  右拇指     v6        平台 30→60s 移动(%)  3   0.714  1.074  1.987  150.397      -0.043|0.242|1.944
  右拇指     v6               慢相段时漂(%)  3  -1.669  2.191  3.820  131.266     -2.960|0.860|-2.907
  右拇指     v6            T_stable(s)  3   4.225  3.256  6.168   77.079       5.432|0.537|6.706
  右拇指     v6               epoch 总数  3   3.667  1.528  3.000   41.660       2.000|4.000|5.000
  右拇指     v6            真沿前 epoch 数  3   1.333  1.528  3.000  114.564       0.000|1.000|3.000
  右拇指 v6trim            5 s 电平误差(%)  3  -1.350  1.294  2.580   95.828    -1.469|-2.580|-0.001
  右拇指 v6trim 平台误差@40-60s(%,基准=5s电平)  3   0.509  4.792  8.931  940.801     -1.499|-2.952|5.979
  右拇指 v6trim                 平台绝对电平  3  16.083  1.535  3.057    9.545    14.473|16.247|17.530
  右拇指 v6trim                 蠕变扣除比例  3   0.142  0.046  0.089   32.414       0.179|0.157|0.091
  右拇指 v6trim         全程最大偏差(%·5s电平)  3 101.518  1.593  3.175    1.569  103.028|101.672|99.853
  右拇指 v6trim               平台内极差(%)  3   3.259  2.110  4.096   64.740       2.674|1.503|5.599
  右拇指 v6trim        平台 30→60s 移动(%)  3   0.713  1.075  1.987  150.791      -0.043|0.238|1.944
  右拇指 v6trim               慢相段时漂(%)  3  -1.559  2.381  4.150  152.766     -2.960|1.191|-2.907
  右拇指 v6trim            T_stable(s)  3   4.225  3.256  6.168   77.079       5.432|0.537|6.706
  右拇指 v6trim               epoch 总数  3   3.667  1.528  3.000   41.660       2.000|4.000|5.000
  右拇指 v6trim            真沿前 epoch 数  3   1.333  1.528  3.000  114.564       0.000|1.000|3.000
   四指    e3s            5 s 电平误差(%)  3   0.017  0.040  0.076  240.836      -0.013|0.063|0.001
   四指    e3s 平台误差@40-60s(%,基准=5s电平)  3   0.769  0.501  0.895   65.206       1.030|0.191|1.086
   四指    e3s                 平台绝对电平  3  14.592  0.992  1.958    6.797    13.521|14.775|15.479
   四指    e3s                 蠕变扣除比例  3   0.111  0.029  0.058   26.185       0.142|0.108|0.084
   四指    e3s         全程最大偏差(%·5s电平)  3 100.452  0.026  0.051    0.026 100.480|100.429|100.448
   四指    e3s               平台内极差(%)  3   0.810  0.168  0.327   20.769       0.854|0.951|0.624
   四指    e3s        平台 30→60s 移动(%)  3   0.205  0.329  0.578  160.742      0.387|0.403|-0.175
   四指    e3s               慢相段时漂(%)  3   0.027  0.186  0.366  678.211      0.189|0.069|-0.176
   四指    e3s            T_stable(s)  3   3.745  0.651  1.267   17.395       3.200|4.467|3.569
   四指    e3s               epoch 总数  3   2.000  0.000  0.000    0.000       2.000|2.000|2.000
   四指    e3s            真沿前 epoch 数  3   1.000  0.000  0.000    0.000       1.000|1.000|1.000
   四指    raw            5 s 电平误差(%)  3   0.017  0.040  0.076  240.836      -0.013|0.063|0.001
   四指    raw 平台误差@40-60s(%,基准=5s电平)  3  13.487  3.843  7.398   28.498    17.789|12.282|10.390
   四指    raw                 平台绝对电平  3  16.401  0.587  1.144    3.577    15.754|16.550|16.898
   四指    raw                 蠕变扣除比例  3   0.000  0.000  0.000      NaN      -0.000|0.000|0.000
   四指    raw         全程最大偏差(%·5s电平)  3 100.452  0.026  0.051    0.026 100.480|100.429|100.448
   四指    raw               平台内极差(%)  3   3.189  1.051  1.957   32.938       4.388|2.749|2.431
   四指    raw        平台 30→60s 移动(%)  3   1.977  0.863  1.625   43.651       2.957|1.642|1.332
   四指    raw               慢相段时漂(%)  3   9.272  2.144  4.264   23.126      11.536|9.008|7.272
   四指    raw            T_stable(s)  3  16.489  3.951  7.886   23.960    20.576|16.202|12.690
   四指    raw               epoch 总数  3   0.000  0.000  0.000      NaN       0.000|0.000|0.000
   四指    raw            真沿前 epoch 数  3   0.000  0.000  0.000      NaN       0.000|0.000|0.000
   四指     v6            5 s 电平误差(%)  3  -0.238  2.608  4.982 1097.815     -1.131|-2.282|2.700
   四指     v6 平台误差@40-60s(%,基准=5s电平)  3   0.712  3.279  6.387  460.558     -0.145|-2.053|4.334
   四指     v6                 平台绝对电平  3  14.595  1.311  2.610    8.985    13.365|14.445|15.975
   四指     v6                 蠕变扣除比例  3   0.112  0.051  0.097   45.381       0.152|0.128|0.055
   四指     v6         全程最大偏差(%·5s电平)  3 100.452  0.026  0.051    0.026 100.480|100.429|100.448
   四指     v6               平台内极差(%)  3   0.961  0.107  0.185   11.123       1.023|1.022|0.838
   四指     v6        平台 30→60s 移动(%)  3   0.206  0.495  0.864  239.890      0.486|0.499|-0.365
   四指     v6               慢相段时漂(%)  3   0.262  0.351  0.643  133.848      0.424|0.503|-0.140
   四指     v6            T_stable(s)  3   0.528  0.020  0.040    3.766       0.528|0.508|0.548
   四指     v6               epoch 总数  3   2.667  1.155  2.000   43.301       4.000|2.000|2.000
   四指     v6            真沿前 epoch 数  3   0.667  1.155  2.000  173.205       2.000|0.000|0.000
   四指 v6trim            5 s 电平误差(%)  3  -0.238  2.608  4.982 1097.815     -1.131|-2.282|2.700
   四指 v6trim 平台误差@40-60s(%,基准=5s电平)  3   0.642  3.162  6.176  492.884     -0.145|-2.053|4.123
   四指 v6trim                 平台绝对电平  3  14.584  1.294  2.578    8.875    13.365|14.445|15.942
   四指 v6trim                 蠕变扣除比例  3   0.112  0.050  0.095   44.171       0.152|0.128|0.057
   四指 v6trim         全程最大偏差(%·5s电平)  3 100.452  0.026  0.051    0.026 100.480|100.429|100.448
   四指 v6trim               平台内极差(%)  3   0.957  0.114  0.197   11.867       1.023|1.022|0.826
   四指 v6trim        平台 30→60s 移动(%)  3   0.210  0.488  0.852  232.126      0.486|0.499|-0.353
   四指 v6trim               慢相段时漂(%)  3   0.247  0.377  0.689  152.992      0.424|0.503|-0.187
   四指 v6trim            T_stable(s)  3   0.528  0.020  0.040    3.766       0.528|0.508|0.548
   四指 v6trim               epoch 总数  3   2.667  1.155  2.000   43.301       4.000|2.000|2.000
   四指 v6trim            真沿前 epoch 数  3   0.667  1.155  2.000  173.205       2.000|0.000|0.000
  左拇指    e3s            5 s 电平误差(%)  3   0.073  0.025  0.047   33.847       0.045|0.081|0.093
  左拇指    e3s 平台误差@40-60s(%,基准=5s电平)  3   3.257  3.066  5.703   94.131       6.759|1.956|1.057
  左拇指    e3s                 平台绝对电平  3  16.823  0.774  1.397    4.602    16.317|16.438|17.714
  左拇指    e3s                 蠕变扣除比例  3   0.066  0.015  0.029   22.341       0.067|0.080|0.051
  左拇指    e3s         全程最大偏差(%·5s电平)  3 100.000  0.000  0.000    0.000 100.000|100.000|100.000
  左拇指    e3s               平台内极差(%)  3   0.654  0.212  0.424   32.456       0.858|0.434|0.670
  左拇指    e3s        平台 30→60s 移动(%)  3   0.152  0.091  0.182   59.632       0.243|0.061|0.153
  左拇指    e3s               慢相段时漂(%)  3  -1.282  0.701  1.396   54.643    -2.015|-0.618|-1.214
  左拇指    e3s            T_stable(s)  3   4.543  4.125  7.505   90.812       9.284|1.779|2.564
  左拇指    e3s               epoch 总数  3   1.000  0.000  0.000    0.000       1.000|1.000|1.000
  左拇指    e3s            真沿前 epoch 数  3   0.000  0.000  0.000      NaN       0.000|0.000|0.000
  左拇指    raw            5 s 电平误差(%)  3   0.073  0.025  0.047   33.847       0.045|0.081|0.093
  左拇指    raw 平台误差@40-60s(%,基准=5s电平)  3  10.582  4.026  8.041   38.044     14.483|10.820|6.442
  左拇指    raw                 平台绝对电平  3  18.008  0.593  1.161    3.294    17.498|17.867|18.658
  左拇指    raw                 蠕变扣除比例  3  -0.000  0.000  0.000      NaN      0.000|0.000|-0.000
  左拇指    raw         全程最大偏差(%·5s电平)  3 100.000  0.000  0.000    0.000 100.000|100.000|100.000
  左拇指    raw               平台内极差(%)  3   2.532  0.553  1.005   21.852       2.901|2.800|1.896
  左拇指    raw        平台 30→60s 移动(%)  3   1.680  0.561  1.122   33.408       1.671|2.245|1.123
  左拇指    raw               慢相段时漂(%)  3   3.552  0.160  0.319    4.512       3.721|3.533|3.403
  左拇指    raw            T_stable(s)  3  13.246  5.521 10.846   41.678     18.071|14.441|7.226
  左拇指    raw               epoch 总数  3   0.000  0.000  0.000      NaN       0.000|0.000|0.000
  左拇指    raw            真沿前 epoch 数  3   0.000  0.000  0.000      NaN       0.000|0.000|0.000
  左拇指     v6            5 s 电平误差(%)  3   2.500  2.378  4.602   95.120      4.454|-0.148|3.194
  左拇指     v6 平台误差@40-60s(%,基准=5s电平)  3   6.130  5.002  9.837   81.602      11.575|1.737|5.078
  左拇指     v6                 平台绝对电平  3  17.292  1.029  2.017    5.953    17.053|16.402|18.419
  左拇指     v6                 蠕变扣除比例  3   0.040  0.037  0.069   91.939       0.025|0.082|0.013
  左拇指     v6         全程最大偏差(%·5s电平)  3 100.000  0.000  0.000    0.000 100.000|100.000|100.000
  左拇指     v6               平台内极差(%)  3   0.792  0.323  0.621   40.743       1.154|0.533|0.690
  左拇指     v6        平台 30→60s 移动(%)  3   0.007  0.078  0.153 1105.296     -0.009|-0.062|0.092
  左拇指     v6               慢相段时漂(%)  3  -0.996  0.658  1.192   66.064    -1.753|-0.561|-0.674
  左拇指     v6            T_stable(s)  3   4.493  5.039  9.622  112.155      10.169|2.763|0.547
  左拇指     v6               epoch 总数  3   2.333  0.577  1.000   24.744       3.000|2.000|2.000
  左拇指     v6            真沿前 epoch 数  3   0.333  0.577  1.000  173.205       1.000|0.000|0.000
  左拇指 v6trim            5 s 电平误差(%)  3   2.500  2.378  4.602   95.120      4.454|-0.148|3.194
  左拇指 v6trim 平台误差@40-60s(%,基准=5s电平)  3   5.285  4.099  8.035   77.560       9.772|1.737|4.345
  左拇指 v6trim                 平台绝对电平  3  17.157  1.000  1.888    5.827    16.778|16.402|18.291
  左拇指 v6trim                 蠕变扣除比例  3   0.048  0.032  0.062   66.441       0.041|0.082|0.020
  左拇指 v6trim         全程最大偏差(%·5s电平)  3 100.000  0.000  0.000    0.000 100.000|100.000|100.000
  左拇指 v6trim               平台内极差(%)  3   0.741  0.185  0.355   24.960       0.888|0.533|0.801
  左拇指 v6trim        平台 30→60s 移动(%)  3  -0.031  0.247  0.492  807.232     0.231|-0.062|-0.261
  左拇指 v6trim               慢相段时漂(%)  3  -1.520  1.338  2.488   87.986    -3.049|-0.561|-0.952
  左拇指 v6trim            T_stable(s)  3   4.135  4.446  8.569  107.521       9.105|2.763|0.537
  左拇指 v6trim               epoch 总数  3   2.333  0.577  1.000   24.744       3.000|2.000|2.000
  左拇指 v6trim            真沿前 epoch 数  3   0.333  0.577  1.000  173.205       1.000|0.000|0.000

========================================================================================================================
表 3  离散度跨 3 个传感器组取中位（越小越可重复）
========================================================================================================================
  [std 中位]
arm                                     raw    e3s     v6  v6trim
metric        label                                              
drift_slow    慢相段时漂(%)                2.144  0.701  0.658   1.338
epoch_pre     真沿前 epoch 数             0.000  0.000  1.155   1.155
epoch_total   epoch 总数                0.000  0.000  1.155   1.155
err5s         5 s 电平误差(%)             0.040  0.040  2.378   2.378
err_plat5_pct 平台误差@40-60s(%,基准=5s电平)  3.843  3.066  4.828   4.099
flat5_pct     平台内极差(%)                1.051  0.212  0.323   0.185
gain_plat     蠕变扣除比例                  0.000  0.029  0.046   0.046
max_dev5_pct  全程最大偏差(%·5s电平)          0.026  0.026  0.026   0.026
move3060_pct  平台 30→60s 移动(%)         0.561  0.329  0.495   0.488
plat_lvl      平台绝对电平                  0.593  0.992  1.311   1.294
t_stable      T_stable(s)             5.521  1.446  3.256   3.256

  [极差 中位]
arm                                      raw    e3s     v6  v6trim
metric        label                                               
drift_slow    慢相段时漂(%)                 4.264  1.396  1.192   2.488
epoch_pre     真沿前 epoch 数              0.000  0.000  2.000   2.000
epoch_total   epoch 总数                 0.000  0.000  2.000   2.000
err5s         5 s 电平误差(%)              0.076  0.076  4.602   4.602
err_plat5_pct 平台误差@40-60s(%,基准=5s电平)   7.398  5.703  9.030   8.035
flat5_pct     平台内极差(%)                 1.957  0.424  0.621   0.355
gain_plat     蠕变扣除比例                   0.000  0.058  0.089   0.089
max_dev5_pct  全程最大偏差(%·5s电平)           0.051  0.051  0.051   0.051
move3060_pct  平台 30→60s 移动(%)          1.122  0.578  0.864   0.852
plat_lvl      平台绝对电平                   1.161  1.958  2.610   2.578
t_stable      T_stable(s)             10.846  2.885  6.168   6.168

  [CV% 中位]
arm                                      raw      e3s       v6   v6trim
metric        label                                                    
drift_slow    慢相段时漂(%)                23.126  678.211  131.266  152.766
epoch_pre     真沿前 epoch 数                NaN    0.000  173.205  173.205
epoch_total   epoch 总数                   NaN    0.000   41.660   41.660
err5s         5 s 电平误差(%)             73.803   73.803   95.828   95.828
err_plat5_pct 平台误差@40-60s(%,基准=5s电平)  28.498   94.131  460.558  492.884
flat5_pct     平台内极差(%)                21.852   32.456   40.743   24.960
gain_plat     蠕变扣除比例                     NaN   26.185   45.381   44.171
max_dev5_pct  全程最大偏差(%·5s电平)           0.026    0.026    0.026    0.026
move3060_pct  平台 30→60s 移动(%)         33.408  116.582  239.890  232.126
plat_lvl      平台绝对电平                   3.577    6.797    8.985    8.875
t_stable      T_stable(s)             41.678   27.185   77.079   77.079

  均值中位（同口径的偏差，用于区分「偏」与「不稳」）：
arm                                       raw      e3s       v6   v6trim
metric        label                                                     
drift_slow    慢相段时漂(%)                  9.272   -0.329   -0.996   -1.520
epoch_pre     真沿前 epoch 数               0.000    1.000    0.667    0.667
epoch_total   epoch 总数                  0.000    2.000    2.667    2.667
err5s         5 s 电平误差(%)               0.017    0.017   -0.238   -0.238
err_plat5_pct 平台误差@40-60s(%,基准=5s电平)   13.487    2.003    0.712    0.642
flat5_pct     平台内极差(%)                  3.189    0.810    0.961    0.957
gain_plat     蠕变扣除比例                   -0.000    0.111    0.112    0.112
max_dev5_pct  全程最大偏差(%·5s电平)          100.000  100.452  100.452  100.452
move3060_pct  平台 30→60s 移动(%)           1.977    0.205    0.206    0.210
plat_lvl      平台绝对电平                   18.008   16.312   16.078   16.083
t_stable      T_stable(s)              16.489    4.543    4.225    4.135
  各臂「离散度最大」的指标个数（按 std 中位比较）：
    v6     6
    raw    5

========================================================================================================================
表 4  pin 语义的形状先验证据：Â（形状反演）× 形状匹配度 × 实沿前 epoch 数
========================================================================================================================
      rec group  a_step   inc5   Ahat  m_shape  err_pred_pct  n_epoch_v6  n_pre_v6  n_epoch_v51                                                     v6_epochs
右拇指指尖/数据1   右拇指  10.947 14.146 13.960    0.983        27.525           2         0            2                                    8.24:onset;115.13:decrease
右拇指指尖/数据2   右拇指  12.941 16.423 15.981    0.972        23.495           4         1            3       0.17:onset;12.33:restep;146.69:decrease;159.26:decrease
右拇指指尖/数据3   右拇指  14.230 16.500 17.320    1.050        21.709           5         3            2 0.50:onset;1.74:onset;4.20:onset;10.61:restep;135.41:decrease
左拇指指尖/数据1   左拇指  12.963 15.284 15.957    1.044        23.103           3         1            1                        2.11:onset;11.70:onset;147.28:decrease
左拇指指尖/数据2   左拇指  13.763 16.122 16.760    1.040        21.780           2         0            1                                   14.89:onset;140.77:decrease
左拇指指尖/数据3   左拇指  14.656 17.529 18.058    1.030        23.212           2         0            1                                   10.87:onset;132.41:decrease
 四指指尖/数据1    四指  10.661 13.320 13.158    0.988        23.425           4         2            2             7.66:onset;9.80:onset;10.94:onset;130.74:decrease
 四指指尖/数据2    四指  11.494 14.684 14.315    0.975        24.543           2         0            2                                   11.04:onset;130.79:decrease
 四指指尖/数据3    四指  12.274 15.246 15.658    1.027        27.569           2         0            2                                   10.98:onset;140.39:decrease

  Â 预测误差 vs 实测 err_plat5_pct：Spearman ρ=-0.567(p=0.112)  Pearson r=-0.269(p=0.484)  n=9
  Â 预测误差 vs 实测 err5s：Spearman ρ=-0.383(p=0.308)  Pearson r=-0.025(p=0.948)  n=9
  真沿前 epoch 数 vs v6 err_plat5_pct：ρ=0.239(p=0.537)  r=0.220(p=0.570)
  真沿前 epoch 数 vs v6 err5s：ρ=0.018(p=0.963)  r=-0.113(p=0.772)
  真沿前 epoch 数 vs v6 plat_lvl：ρ=0.092(p=0.814)  r=0.048(p=0.902)
  真沿前 epoch 数 vs v6 gain_plat：ρ=0.183(p=0.637)  r=0.140(p=0.720)
  真沿前 epoch 数 vs v6 max_dev5_pct：ρ=-0.196(p=0.613)  r=-0.262(p=0.496)
  真沿前 epoch 数 vs v6 flat5_pct：ρ=0.633(p=0.067)  r=0.700(p=0.036)
  真沿前 epoch 数 vs v6 move3060_pct：ρ=0.624(p=0.073)  r=0.830(p=0.006)
  真沿前 epoch 数 vs v6 drift_slow：ρ=-0.018(p=0.963)  r=-0.252(p=0.513)
  真沿前 epoch 数 vs v6 t_stable：ρ=0.183(p=0.637)  r=0.331(p=0.384)
  真沿前 epoch 数 vs v6 epoch_total：ρ=0.985(p=0.000)  r=0.959(p=0.000)
