[右拇指指尖/数据1] inc5=14.15 卸载沿 t=115.2 正在跑 5 个变体
[右拇指指尖/数据2] inc5=16.42 卸载沿 t=159.9 正在跑 5 个变体
[右拇指指尖/数据3] inc5=16.50 卸载沿 t=135.0 正在跑 5 个变体
[左拇指指尖/数据1] inc5=15.28 卸载沿 t=147.4 正在跑 5 个变体
[左拇指指尖/数据2] inc5=16.12 卸载沿 t=140.9 正在跑 5 个变体
[左拇指指尖/数据3] inc5=17.53 卸载沿 t=132.5 正在跑 5 个变体
[四指指尖/数据1] inc5=13.32 卸载沿 t=130.6 正在跑 5 个变体
[四指指尖/数据2] inc5=14.68 卸载沿 t=130.1 正在跑 5 个变体
[四指指尖/数据3] inc5=15.25 卸载沿 t=139.8 正在跑 5 个变体

========================================================================================================================
表 1  逐录制明细（恒载 9 组）
========================================================================================================================
      rec      variant   inc5  plat_lvl  err_plat5_pct  flat5_pct  move3060_pct  max_dev5_pct  handoff_jump_pct  t_stable  epoch_total  epoch_pre
右拇指指尖/数据1       v6（基线） 14.146    14.473         -1.500      2.675        -0.044       103.028             0.697     5.432            2          0
右拇指指尖/数据1     P1 卸载不抱死 14.146    14.473         -1.500      2.675        -0.044       102.638             0.697     5.432            2          0
右拇指指尖/数据1   P2 空载门限+静默 14.146    14.473         -1.500      2.675        -0.044       103.028             0.697     5.432            2          0
右拇指指尖/数据1 P3 trim 1%死区 14.146    14.531         -1.087      2.686        -0.061       102.992             0.698     5.432            2          0
右拇指指尖/数据1    P4 A=实测电平 14.146    14.471         -1.511      2.678        -0.035       103.038             0.698     5.432            2          0
右拇指指尖/数据2       v6（基线） 16.423    16.231         -3.050      1.506         0.251       101.697             0.151     0.537            4          1
右拇指指尖/数据2     P1 卸载不抱死 16.423    16.231         -3.050      1.506         0.251       101.549             0.151     0.537            5          1
右拇指指尖/数据2   P2 空载门限+静默 16.423    16.231         -3.050      1.506         0.251       101.697             0.151     0.537            3          0
右拇指指尖/数据2 P3 trim 1%死区 16.423    16.523         -1.277      1.544         0.154       101.584             0.165     0.587            4          1
右拇指指尖/数据2    P4 A=实测电平 16.423    16.252         -2.926      1.506         0.244       101.693             0.152     0.537            4          1
右拇指指尖/数据3       v6（基线） 16.500    17.530          5.979      5.599         1.944        99.853             0.154     6.706            5          3
右拇指指尖/数据3     P1 卸载不抱死 16.500    17.530          5.979      5.599         1.944        99.817             0.154     6.706            5          3
右拇指指尖/数据3   P2 空载门限+静默 16.500    17.530          5.979      5.599         1.944        99.853             0.154     6.706            3          1
右拇指指尖/数据3 P3 trim 1%死区 16.500    17.530          5.979      5.599         1.944        99.853             0.154     6.706            5          3
右拇指指尖/数据3    P4 A=实测电平 16.500    17.545          6.071      5.597         1.942        99.850             0.155     7.422            5          3
左拇指指尖/数据1       v6（基线） 15.284    17.053         11.575      1.164        -0.008       100.000             0.147    10.169            3          1
左拇指指尖/数据1     P1 卸载不抱死 15.284    17.053         11.575      1.164        -0.008       100.000             0.147    10.169            3          1
左拇指指尖/数据1   P2 空载门限+静默 15.284    17.053         11.575      1.164        -0.008       100.000             0.147    10.169            2          0
左拇指指尖/数据1 P3 trim 1%死区 15.284    16.528          8.138      0.815         0.312       100.000             0.113     7.177            3          1
左拇指指尖/数据1    P4 A=实测电平 15.284    17.053         11.575      1.164        -0.008       100.000             0.147    10.169            3          1
左拇指指尖/数据2       v6（基线） 16.122    16.402          1.737      0.539        -0.061       100.000             0.163     2.763            2          0
左拇指指尖/数据2     P1 卸载不抱死 16.122    16.402          1.737      0.539        -0.061       100.000             0.163     2.763            2          0
左拇指指尖/数据2   P2 空载门限+静默 16.122    16.402          1.737      0.539        -0.061       100.000             0.163     2.763            2          0
左拇指指尖/数据2 P3 trim 1%死区 16.122    16.402          1.737      0.539        -0.061       100.000             0.163     2.763            2          0
左拇指指尖/数据2    P4 A=实测电平 16.122    16.402          1.737      0.539        -0.061       100.000             0.163     2.763            2          0
左拇指指尖/数据3       v6（基线） 17.529    18.419          5.077      0.691         0.092       100.000             0.098     0.547            2          0
左拇指指尖/数据3     P1 卸载不抱死 17.529    18.419          5.077      0.691         0.092       100.000             0.098     0.547            2          0
左拇指指尖/数据3   P2 空载门限+静默 17.529    18.419          5.077      0.691         0.092       100.000             0.098     0.547            2          0
左拇指指尖/数据3 P3 trim 1%死区 17.529    17.957          2.439      0.666         0.097       100.000             0.086     0.517            2          0
左拇指指尖/数据3    P4 A=实测电平 17.529    18.419          5.077      0.691         0.092       100.000             0.098     0.547            2          0
 四指指尖/数据1       v6（基线） 13.320    13.365         -0.145      1.026         0.489       100.480             0.581     0.528            4          2
 四指指尖/数据1     P1 卸载不抱死 13.320    13.365         -0.145      1.026         0.489       100.480             0.581     0.528            4          2
 四指指尖/数据1   P2 空载门限+静默 13.320    13.361         -0.170      1.026         0.489       100.480             0.582     0.538            2          0
 四指指尖/数据1 P3 trim 1%死区 13.320    13.383         -0.007      1.024         0.487       100.480             0.572     0.528            4          2
 四指指尖/数据1    P4 A=实测电平 13.320    13.363         -0.160      1.003         0.479       100.480             0.579     0.528            4          2
 四指指尖/数据2       v6（基线） 14.684    14.445         -2.053      1.024         0.499       100.429             0.064     0.508            2          0
 四指指尖/数据2     P1 卸载不抱死 14.684    14.445         -2.053      1.024         0.499       100.429             0.064     0.508            2          0
 四指指尖/数据2   P2 空载门限+静默 14.684    14.445         -2.053      1.024         0.499       100.429             0.064     0.508            2          0
 四指指尖/数据2 P3 trim 1%死区 14.684    14.663         -0.574      0.970         0.452       100.429             0.041     0.508            2          0
 四指指尖/数据2    P4 A=实测电平 14.684    14.446         -2.047      1.015         0.493       100.429             0.065     0.508            2          0
 四指指尖/数据3       v6（基线） 15.246    15.975          4.336      0.844        -0.365       100.448             0.044     0.548            2          0
 四指指尖/数据3     P1 卸载不抱死 15.246    15.975          4.336      0.844        -0.365       100.224             0.044     0.548            2          0
 四指指尖/数据3   P2 空载门限+静默 15.246    15.975          4.336      0.844        -0.365       100.448             0.044     0.548            2          0
 四指指尖/数据3 P3 trim 1%死区 15.246    15.662          2.283      0.680        -0.210       100.448             0.038     0.528            2          0
 四指指尖/数据3    P4 A=实测电平 15.246    15.975          4.336      0.844        -0.365       100.448             0.044     0.548            2          0

========================================================================================================================
表 2  变体汇总：组内离散度（跨 3 个传感器组取中位）与均值
========================================================================================================================
  [平台误差@40-60s(%)]   std中位 / 均值中位
              std_med  mean_med
variant                        
v6（基线）          4.828     0.713
P1 卸载不抱死        4.828     0.713
P2 空载门限+静默      4.828     0.704
P3 trim 1%死区    3.511     1.205
P4 A=实测电平       4.838     0.710

  [平台绝对电平]   std中位 / 均值中位
              std_med  mean_med
variant                        
v6（基线）          1.311    16.078
P1 卸载不抱死        1.311    16.078
P2 空载门限+静默      1.313    16.078
P3 trim 1%死区    1.142    16.195
P4 A=实测电平       1.312    16.089

  [平台内极差(%)]   std中位 / 均值中位
              std_med  mean_med
variant                        
v6（基线）          0.326     0.965
P1 卸载不抱死        0.326     0.965
P2 空载门限+静默      0.326     0.965
P3 trim 1%死区    0.185     0.891
P4 A=实测电平       0.326     0.954

  [平台 30→60s 移动(%)]   std中位 / 均值中位
              std_med  mean_med
variant                        
v6（基线）          0.496     0.208
P1 卸载不抱死        0.496     0.208
P2 空载门限+静默      0.496     0.208
P3 trim 1%死区    0.392     0.243
P4 A=实测电平       0.492     0.202

  [全程最大偏差(%)]   std中位 / 均值中位
              std_med  mean_med
variant                        
v6（基线）          0.026   100.452
P1 卸载不抱死        0.136   100.378
P2 空载门限+静默      0.026   100.452
P3 trim 1%死区    0.026   100.452
P4 A=实测电平       0.026   100.452

  [交接处最大单帧外露(%)]   std中位 / 均值中位
              std_med  mean_med
variant                        
v6（基线）          0.304     0.230
P1 卸载不抱死        0.304     0.230
P2 空载门限+静默      0.305     0.230
P3 trim 1%死区    0.307     0.217
P4 A=实测电平       0.303     0.229

  [T_stable(s)]   std中位 / 均值中位
              std_med  mean_med
variant                        
v6（基线）          3.256     4.225
P1 卸载不抱死        3.256     4.225
P2 空载门限+静默      3.256     4.225
P3 trim 1%死区    3.228     3.486
P4 A=实测电平       3.543     4.464

  [epoch 总数]   std中位 / 均值中位
              std_med  mean_med
variant                        
v6（基线）          1.155     2.667
P1 卸载不抱死        1.155     2.667
P2 空载门限+静默      0.000     2.000
P3 trim 1%死区    1.155     2.667
P4 A=实测电平       1.155     2.667

  [真沿前 epoch 数]   std中位 / 均值中位
              std_med  mean_med
variant                        
v6（基线）          1.155     0.667
P1 卸载不抱死        1.155     0.667
P2 空载门限+静默      0.000     0.000
P3 trim 1%死区    1.155     0.667
P4 A=实测电平       1.155     0.667

========================================================================================================================
表 3  卸载沿下冲（恒载 9 组的卸载事件；dip 相对卸载后稳态）
========================================================================================================================
               n  dip_pct_med  dip_pct_max  pin0_med  pin0_max
variant                                                       
P1 卸载不抱死       9        0.529        5.460     0.628     1.600
P2 空载门限+静默     9        0.529        5.460     0.887     1.908
P3 trim 1%死区   9        0.529        5.460     0.887     1.908
P4 A=实测电平      9        0.529        5.460     0.887     1.908
raw（无补偿）       9        0.530        1.439       NaN       NaN
v6（基线）        18        0.529        5.460     0.882     1.908
