[右拇指指尖/数据1] inc5=14.15 卸载沿 t=115.2 正在跑 5 个变体
[右拇指指尖/数据2] inc5=16.42 卸载沿 t=159.9 正在跑 5 个变体
[右拇指指尖/数据3] inc5=16.50 卸载沿 t=135.0 正在跑 5 个变体
[左拇指指尖/数据1] inc5=15.28 卸载沿 t=147.4 正在跑 5 个变体
[左拇指指尖/数据2] inc5=16.12 卸载沿 t=140.9 正在跑 5 个变体
[左拇指指尖/数据3] inc5=17.53 卸载沿 t=132.5 正在跑 5 个变体
[四指指尖/数据1] inc5=13.32 卸载沿 t=130.6 正在跑 5 个变体
[四指指尖/数据2] inc5=14.68 卸载沿 t=130.1 正在跑 5 个变体
[四指指尖/数据3] inc5=15.25 卸载沿 t=139.8 正在跑 5 个变体

========================================================================================================================
表 1  逐录制明细（恒载 9 组）
========================================================================================================================
      rec     variant   inc5  plat_lvl  err_plat5_pct  flat5_pct  move3060_pct  max_dev5_pct  handoff_jump_pct  t_stable  epoch_total  epoch_pre
右拇指指尖/数据1      v6（基线） 14.146    14.473         -1.500      2.675        -0.044       103.028             0.697     5.432            2          0
右拇指指尖/数据1 P1b 卸载即刻回原始 14.146    14.473         -1.500      2.675        -0.044       102.638             0.697     5.432            2          0
右拇指指尖/数据2      v6（基线） 16.423    16.231         -3.050      1.506         0.251       101.697             0.151     0.537            4          1
右拇指指尖/数据2 P1b 卸载即刻回原始 16.423    16.231         -3.050      1.506         0.251       101.549             0.151     0.537            5          1
右拇指指尖/数据3      v6（基线） 16.500    17.530          5.979      5.599         1.944        99.853             0.154     6.706            5          3
右拇指指尖/数据3 P1b 卸载即刻回原始 16.500    17.530          5.979      5.599         1.944        99.817             0.154     6.706            5          3
左拇指指尖/数据1      v6（基线） 15.284    17.053         11.575      1.164        -0.008       100.000             0.147    10.169            3          1
左拇指指尖/数据1 P1b 卸载即刻回原始 15.284    17.053         11.575      1.164        -0.008       100.000             0.147    10.169            3          1
左拇指指尖/数据2      v6（基线） 16.122    16.402          1.737      0.539        -0.061       100.000             0.163     2.763            2          0
左拇指指尖/数据2 P1b 卸载即刻回原始 16.122    16.402          1.737      0.539        -0.061       100.000             0.163     2.763            2          0
左拇指指尖/数据3      v6（基线） 17.529    18.419          5.077      0.691         0.092       100.000             0.098     0.547            2          0
左拇指指尖/数据3 P1b 卸载即刻回原始 17.529    18.419          5.077      0.691         0.092       100.000             0.098     0.547            2          0
 四指指尖/数据1      v6（基线） 13.320    13.365         -0.145      1.026         0.489       100.480             0.581     0.528            4          2
 四指指尖/数据1 P1b 卸载即刻回原始 13.320    13.365         -0.145      1.026         0.489       100.480             0.581     0.528            4          2
 四指指尖/数据2      v6（基线） 14.684    14.445         -2.053      1.024         0.499       100.429             0.064     0.508            2          0
 四指指尖/数据2 P1b 卸载即刻回原始 14.684    14.445         -2.053      1.024         0.499       100.429             0.064     0.508            2          0
 四指指尖/数据3      v6（基线） 15.246    15.975          4.336      0.844        -0.365       100.448             0.044     0.548            2          0
 四指指尖/数据3 P1b 卸载即刻回原始 15.246    15.975          4.336      0.844        -0.365       100.224             0.044     0.548            2          0

========================================================================================================================
表 2  变体汇总：组内离散度（跨 3 个传感器组取中位）与均值
========================================================================================================================
  [平台误差@40-60s(%)]   std中位 / 均值中位
             std_med  mean_med
variant                       
v6（基线）         4.828     0.713
P1b 卸载即刻回原始    4.828     0.713

  [平台绝对电平]   std中位 / 均值中位
             std_med  mean_med
variant                       
v6（基线）         1.311    16.078
P1b 卸载即刻回原始    1.311    16.078

  [平台内极差(%)]   std中位 / 均值中位
             std_med  mean_med
variant                       
v6（基线）         0.326     0.965
P1b 卸载即刻回原始    0.326     0.965

  [平台 30→60s 移动(%)]   std中位 / 均值中位
             std_med  mean_med
variant                       
v6（基线）         0.496     0.208
P1b 卸载即刻回原始    0.496     0.208

  [全程最大偏差(%)]   std中位 / 均值中位
             std_med  mean_med
variant                       
v6（基线）         0.026   100.452
P1b 卸载即刻回原始    0.136   100.378

  [交接处最大单帧外露(%)]   std中位 / 均值中位
             std_med  mean_med
variant                       
v6（基线）         0.304      0.23
P1b 卸载即刻回原始    0.304      0.23

  [T_stable(s)]   std中位 / 均值中位
             std_med  mean_med
variant                       
v6（基线）         3.256     4.225
P1b 卸载即刻回原始    3.256     4.225

  [epoch 总数]   std中位 / 均值中位
             std_med  mean_med
variant                       
v6（基线）         1.155     2.667
P1b 卸载即刻回原始    1.155     2.667

  [真沿前 epoch 数]   std中位 / 均值中位
             std_med  mean_med
variant                       
v6（基线）         1.155     0.667
P1b 卸载即刻回原始    1.155     0.667

========================================================================================================================
表 3  卸载沿下冲（恒载 9 组的卸载事件；dip 相对卸载后稳态）
========================================================================================================================
              n  dip_pct_med  dip_pct_max  pin0_med  pin0_max
variant                                                      
P1b 卸载即刻回原始   9        0.529        5.460     0.628     1.600
raw（无补偿）      9        0.530        1.439       NaN       NaN
v6（基线）       18        0.529        5.460     0.882     1.908
