== 各臂的稳定时间与精度（13 份 onset；T_stable 越小越好，over 为正=过充）==
            T_stable_med  T_stable_p90  T_stable总通道  over_med  over_max  err1_med  err2_med
arm                                                                                        
raw                 9.33         35.27        17.98      2.25     17.28     -6.65     -4.50
v5.1(免责3s)          2.80          6.92         3.73      1.05     17.28     -6.65     -4.50
v6                  1.72          6.89         0.46      9.11     15.88      4.93     -0.01

== 按数据域拆（主通道 T_stable / 过充）==
                 T_stable_med  over_med  over_max  T_stable总通道
dom  arm                                                      
ADC域 raw                  NaN      1.92      2.92          NaN
     v5.1(免责3s)           NaN      1.06      1.74          NaN
     v6                   NaN     10.28     12.23          NaN
显示域  raw                 9.33      2.35     17.28        17.98
     v5.1(免责3s)          2.80      1.05     17.28         3.73
     v6                  1.72      7.06     15.88         0.46

== v6 输出加因果 EMA 的权衡（τ=0 即原样）==
     T_stable_med  T_stable_p90  over_med  over_max  err1_med
tau                                                          
0.0          1.72          6.89      9.11     15.88      4.93
0.1          1.11          4.62      6.12     11.54      5.52
0.3          0.89          3.61      5.14      9.52      0.48
0.5          1.41          3.75      2.82      8.15    -11.04
1.0          3.24          4.67      2.10      6.57    -35.29
2.0          5.85          6.76      0.41      4.93    -59.03
3.0          8.53          9.19     -1.56      1.64    -69.95

-> figures/r4_filter_pareto.png
