         右拇指指尖/数据1 [恒载] 162.7s ch=31
       raw  全段 +33.06%  慢相段 +28.06%  受载 +16.71%  epoch   0   (0.1s)
       e1s  全段  -3.03%  慢相段  -3.37%  受载  -0.03%  epoch   2   (1.4s)
       e3s  全段  -0.53%  慢相段  -2.93%  受载  +0.60%  epoch   2   (2.4s)
        v6  全段  -3.40%  慢相段  -2.96%  受载  +0.07%  epoch   2   (6.1s)
    v6trim  全段  -3.40%  慢相段  -2.96%  受载  +0.07%  epoch   2   (6.3s)
    -> cache 右拇指指尖_数据1.npz  累计 17s
         右拇指指尖/数据2 [恒载] 234.1s ch=31
       raw  全段 +27.37%  慢相段 +21.58%  受载 +11.86%  epoch   0   (0.5s)
       e1s  全段  +5.54%  慢相段  +4.54%  受载  +2.26%  epoch   3   (5.4s)
       e3s  全段  +7.20%  慢相段  +4.45%  受载  +2.36%  epoch   3   (13.2s)
        v6  全段  +2.35%  慢相段  +0.86%  受载  +0.11%  epoch   4   (10.2s)
    v6trim  全段  +2.70%  慢相段  +1.19%  受载  +0.30%  epoch   4   (8.9s)
    -> cache 右拇指指尖_数据2.npz  累计 55s
         右拇指指尖/数据3 [恒载] 190.4s ch=31
       raw  全段 +23.29%  慢相段 +17.71%  受载 +10.70%  epoch   0   (0.4s)
       e1s  全段  -0.60%  慢相段  -3.35%  受载  +0.45%  epoch   2   (4.4s)
       e3s  全段  +1.91%  慢相段  -2.51%  受载  +1.13%  epoch   2   (4.1s)
        v6  全段  +1.20%  慢相段  -2.91%  受载  +0.82%  epoch   5   (7.2s)
    v6trim  全段  +1.20%  慢相段  -2.91%  受载  +0.82%  epoch   5   (7.4s)
    -> cache 右拇指指尖_数据3.npz  累计 79s
         左拇指指尖/数据1 [恒载] 196.2s ch=31
       raw  全段  +5.77%  慢相段  +3.72%  受载  +8.05%  epoch   0   (0.3s)
       e1s  全段  -0.77%  慢相段  -1.56%  受载  -0.16%  epoch   1   (4.5s)
       e3s  全段  -0.97%  慢相段  -2.01%  受载  +0.02%  epoch   1   (4.5s)
        v6  全段  -1.90%  慢相段  -1.75%  受载  -1.24%  epoch   3   (7.6s)
    v6trim  全段  -3.69%  慢相段  -3.05%  受载  -2.37%  epoch   3   (28.2s)
    -> cache 左拇指指尖_数据1.npz  累计 125s
         左拇指指尖/数据2 [恒载] 198.5s ch=31
       raw  全段  +5.34%  慢相段  +3.53%  受载  +6.42%  epoch   0   (0.7s)
       e1s  全段  -0.25%  慢相段  -0.50%  受载  -0.03%  epoch   1   (5.4s)
       e3s  全段  +0.26%  慢相段  -0.62%  受载  +0.15%  epoch   1   (4.5s)
        v6  全段  -0.42%  慢相段  -0.56%  受载  -0.40%  epoch   2   (8.1s)
    v6trim  全段  -0.42%  慢相段  -0.56%  受载  -0.40%  epoch   2   (7.8s)
    -> cache 左拇指指尖_数据2.npz  累计 152s
         左拇指指尖/数据3 [恒载] 192.8s ch=31
       raw  全段  +5.19%  慢相段  +3.40%  受载  +5.19%  epoch   0   (0.2s)
       e1s  全段  -1.09%  慢相段  -1.45%  受载  +0.49%  epoch   1   (4.3s)
       e3s  全段  -0.19%  慢相段  -1.21%  受载  +0.43%  epoch   1   (4.2s)
        v6  全段  -0.99%  慢相段  -0.67%  受载  +0.06%  epoch   2   (7.4s)
    v6trim  全段  -1.48%  慢相段  -0.95%  受载  -0.29%  epoch   2   (7.7s)
    -> cache 左拇指指尖_数据3.npz  累计 176s
          四指指尖/数据1 [恒载] 190.8s ch=21
       raw  全段 +14.71%  慢相段 +11.54%  受载 +12.19%  epoch   0   (0.4s)
       e1s  全段  +0.98%  慢相段  +0.39%  受载  +0.98%  epoch   2   (3.5s)
       e3s  全段  +0.89%  慢相段  +0.19%  受载  +0.89%  epoch   2   (3.5s)
        v6  全段  -0.79%  慢相段  +0.42%  受载  -0.16%  epoch   4   (6.7s)
    v6trim  全段  -0.79%  慢相段  +0.42%  受载  -0.16%  epoch   4   (6.9s)
    -> cache 四指指尖_数据1.npz  累计 197s
          四指指尖/数据2 [恒载] 190.5s ch=21
       raw  全段 +14.08%  慢相段  +9.01%  受载 +11.38%  epoch   0   (0.4s)
       e1s  全段  +0.28%  慢相段  -0.55%  受载  +0.18%  epoch   2   (3.5s)
       e3s  全段  +2.78%  慢相段  +0.07%  受载  +2.15%  epoch   2   (3.7s)
        v6  全段  +0.72%  慢相段  +0.50%  受载  +0.51%  epoch   2   (6.9s)
    v6trim  全段  +0.72%  慢相段  +0.50%  受载  +0.51%  epoch   2   (6.9s)
    -> cache 四指指尖_数据2.npz  累计 219s
          四指指尖/数据3 [恒载] 199.7s ch=21
       raw  全段 +10.52%  慢相段  +7.27%  受载  +9.21%  epoch   0   (0.4s)
       e1s  全段  +0.96%  慢相段  -0.08%  受载  +0.13%  epoch   2   (3.6s)
       e3s  全段  +1.87%  慢相段  -0.18%  受载  +0.46%  epoch   2   (3.5s)
        v6  全段  +0.58%  慢相段  -0.14%  受载  -0.07%  epoch   2   (6.7s)
    v6trim  全段  +0.47%  慢相段  -0.19%  受载  -0.12%  epoch   2   (6.9s)
    -> cache 四指指尖_数据3.npz  累计 240s
         切换负载-快相无责 [实采] 255.7s ch=21
       raw  全程偏差       0  变载窗       0  捕获  1.00  epoch   0   (1.2s)
       e1s  全程偏差    2831  变载窗     998  捕获  0.99  epoch  15   (5.6s)
       e3s  全程偏差    2672  变载窗     969  捕获  1.00  epoch  13   (5.4s)
        v6  全程偏差    5445  变载窗    2126  捕获  0.93  epoch  21   (10.1s)
    v6trim  全程偏差    4000  变载窗    1955  捕获  0.94  epoch  21   (10.4s)
    -> cache 切换负载-快相无责.npz  累计 273s
             再切换负载 [实采]  70.9s ch=21
       raw  全程偏差       0  变载窗     nan  捕获   nan  epoch   0   (0.2s)
       e1s  全程偏差    1790  变载窗     nan  捕获   nan  epoch   4   (1.2s)
       e3s  全程偏差    1292  变载窗     nan  捕获   nan  epoch   4   (1.1s)
        v6  全程偏差    3538  变载窗     nan  捕获   nan  epoch   6   (2.5s)
    v6trim  全程偏差    3538  变载窗     nan  捕获   nan  epoch   6   (2.6s)
    -> cache 再切换负载.npz  累计 281s
       中途切换-1d9493 [实采]  63.9s ch=21
       raw  全程偏差       0  变载窗       0  捕获  1.00  epoch   0   (0.2s)
       e1s  全程偏差    3686  变载窗    3686  捕获  0.80  epoch   4   (1.1s)
       e3s  全程偏差    1827  变载窗    1827  捕获  0.92  epoch   4   (1.0s)
        v6  全程偏差    5407  变载窗    5407  捕获  0.77  epoch   6   (2.2s)
    v6trim  全程偏差    5035  变载窗    5035  捕获  0.78  epoch   6   (2.3s)
    -> cache 中途切换-1d9493.npz  累计 288s
       中途切换-13ffca [实采] 120.6s ch=21
       raw  全程偏差       0  变载窗       0  捕获  1.00  epoch   0   (0.5s)
       e1s  全程偏差    4754  变载窗    2754  捕获  0.90  epoch   8   (2.3s)
       e3s  全程偏差    1952  变载窗    1560  捕获  0.96  epoch   8   (2.0s)
        v6  全程偏差    3759  变载窗    1881  捕获  1.04  epoch  11   (4.5s)
    v6trim  全程偏差    3759  变载窗    1661  捕获  0.98  epoch  11   (4.6s)
    -> cache 中途切换-13ffca.npz  累计 302s
  -> paper_v6\results\metrics_all.csv
  -> paper_v6\results\metrics_settle.csv
  -> paper_v6\results\epochs_all.csv

================================================================================================
表 A 恒载 9 组（|·| 均值，除注明）
================================================================================================
        时漂残余_全段%  时漂残余_慢相段%  受载通道中位%    噪声比   平坦度%   阶跃保真  首扣时延s   A占幅度    g末端  epoch数和
algo                                                                                   
raw       15.480     11.757   10.190  1.000  2.556  1.000    NaN  0.000  0.000        0
e1s        1.500      1.753    0.523  0.655  1.712  1.000  4.236  1.408  0.186       16
e3s        1.845      1.574    0.911  0.714  1.855  1.000  6.420  1.446  0.160       16
v6         1.372      1.198    0.384  0.682  1.665  1.082  9.817  1.435  0.000       26
v6trim     1.653      1.415    0.560  0.683  1.665  1.082  7.733  1.435  0.000       26

================================================================================================
表 B 实采 4 份
================================================================================================
          全程偏差中位  占峰值中位%   变载窗偏差中位  捕获比中位  捕获比最小  有效事件  epoch数和
algo                                                           
raw        0.000   0.000     0.000  1.000  1.000    10        0
e1s     3258.098  11.392  2753.710  0.895  0.761    10       31
e3s     1889.419   6.256  1560.293  0.958  0.798    10       29
v6      4582.654  16.040  2126.421  0.914  0.190    10       44
v6trim  3879.288  13.593  1955.420  0.901  0.031    10       44

逐份全程最大偏差（ADC）
algo         raw     e1s     e3s      v6  v6trim
dataset                                         
中途切换-13ffca  0.0  4754.0  1952.0  3759.0  3759.0
中途切换-1d9493  0.0  3686.0  1827.0  5407.0  5035.0
再切换负载        0.0  1790.0  1292.0  3538.0  3538.0
切换负载-快相无责    0.0  2831.0  2672.0  5445.0  4000.0

逐份台阶捕获比（中位）
algo         raw    e1s    e3s     v6  v6trim
dataset                                      
中途切换-13ffca  1.0  0.901  0.957  1.040   0.976
中途切换-1d9493  1.0  0.796  0.920  0.772   0.784
切换负载-快相无责    1.0  0.989  0.997  0.931   0.942

================================================================================================
表 C 首次加载响应（秒；NaN=观测窗内未满足）
================================================================================================
T_stable（显示首次停下，此后 30 s 自身漂移 ≤5%×阶跃）
algo          raw   e1s   e3s     v6  v6trim
dataset                                     
切换负载-快相无责   66.97  3.24  4.25   1.00   58.42
右拇指指尖/数据1  107.34  7.07  5.43   5.43    5.43
右拇指指尖/数据2   52.30  1.99  3.82   0.54    0.54
右拇指指尖/数据3   18.35  3.26  6.71   6.71    6.71
四指指尖/数据1    20.58  2.73  3.20   0.53    0.53
四指指尖/数据2    16.20  3.73  4.47   0.51    0.51
四指指尖/数据3    12.69  2.98  3.57   0.55    0.55
左拇指指尖/数据1   18.07  9.11  9.28  10.17    9.11
左拇指指尖/数据2   14.44  1.64  1.78   2.76    2.76
左拇指指尖/数据3    7.23  2.33  2.56   0.55    0.54

组中位：
algo    raw   e1s   e3s    v6  v6trim
kind                                 
实采    66.97  3.24  4.25  1.00   58.42
恒载    18.07  2.98  3.82  0.55    0.55

T_band（进入 ±5%×真值带并保持 30 s）
algo       raw    e1s   e3s     v6  v6trim
dataset                                   
右拇指指尖/数据1  NaN   5.43  5.43   5.42    5.42
右拇指指尖/数据2  NaN    NaN  3.10  13.15    0.55
右拇指指尖/数据3  NaN   1.73   NaN    NaN     NaN
四指指尖/数据1   NaN   2.60  2.60   0.50    0.50
四指指尖/数据2   NaN  62.26  3.89   0.57    0.57
四指指尖/数据3   NaN   2.65  2.65  32.91   22.36
左拇指指尖/数据2  NaN   2.02  2.02   1.80    1.80
左拇指指尖/数据3  NaN   2.04  2.04    NaN   31.48

T_flat30（进入「此后 30 s 自身漂移 ≤0.5%×电平」的平台）
algo          raw     e1s     e3s      v6  v6trim
dataset                                          
切换负载-快相无责     NaN     NaN     NaN     NaN   72.75
四指指尖/数据1      NaN   20.62   36.40   38.82   38.82
四指指尖/数据2      NaN   21.41     NaN     NaN     NaN
四指指尖/数据3      NaN   26.07   12.39   35.80   35.80
左拇指指尖/数据1  135.95  135.95  135.95  135.95  135.95
左拇指指尖/数据2  126.04   38.02   30.25   30.25   30.25
左拇指指尖/数据3   82.99   80.15   80.31   80.31   80.31

加载沿 +5 s 相对误差（显示/真值−1，%）
        median   min   max
algo                      
raw       0.00 -0.14  0.09
e1s      -0.54 -0.90 -0.15
e3s       0.00 -0.14  0.09
v6       -0.15 -2.58  4.45
v6trim   -0.15 -2.58  4.45
  恒载 |误差| 中位: raw 0.06%  e1s 0.54%  e3s 0.06%  v6 2.28%  v6trim 2.28%
  实采 |误差| 中位: raw 0.02%  e1s 2.23%  e3s 2.10%  v6 9.09%  v6trim 9.09%

总耗时 302s
