         右拇指指尖/数据1         T0_pin  全段  -3.40%  慢相  -2.96%  平坦  2.15%  平台偏置 -1.60%  T_stable   5.43s
         右拇指指尖/数据1   T1_trim_dead  全段  -3.40%  慢相  -2.96%  平坦  2.15%  平台偏置 -1.60%  T_stable   5.43s
         右拇指指尖/数据1 T2_trim_nodead  全段  -2.64%  慢相  -2.84%  平坦  2.15%  平台偏置 -0.10%  T_stable   5.37s
         右拇指指尖/数据2         T0_pin  全段  +2.35%  慢相  +0.86%  平坦  1.58%  平台偏置 -3.20%  T_stable   0.54s
         右拇指指尖/数据2   T1_trim_dead  全段  +2.70%  慢相  +1.19%  平坦  1.62%  平台偏置 -3.10%  T_stable   0.54s
         右拇指指尖/数据2 T2_trim_nodead  全段  +4.34%  慢相  +2.07%  平坦  1.73%  平台偏置 -0.23%  T_stable   0.58s
         右拇指指尖/数据3         T0_pin  全段  +1.20%  慢相  -2.91%  平坦  2.11%  平台偏置 +4.67%  T_stable   6.71s
         右拇指指尖/数据3   T1_trim_dead  全段  +1.20%  慢相  -2.91%  平坦  2.11%  平台偏置 +4.67%  T_stable   6.71s
         右拇指指尖/数据3 T2_trim_nodead  全段  +1.22%  慢相  -2.92%  平坦  2.12%  平台偏置 +4.73%  T_stable   6.71s
         左拇指指尖/数据1         T0_pin  全段  -1.90%  慢相  -1.75%  平坦  3.03%  平台偏置 +11.62%  T_stable  10.17s
         左拇指指尖/数据1   T1_trim_dead  全段  -3.69%  慢相  -3.05%  平坦  2.99%  平台偏置 +9.71%  T_stable   9.11s
         左拇指指尖/数据1 T2_trim_nodead  全段  -6.47%  慢相  -5.79%  平坦  3.05%  平台偏置 +6.84%  T_stable   8.30s
         左拇指指尖/数据2         T0_pin  全段  -0.42%  慢相  -0.56%  平坦  0.85%  平台偏置 +1.76%  T_stable   2.76s
         左拇指指尖/数据2   T1_trim_dead  全段  -0.42%  慢相  -0.56%  平坦  0.85%  平台偏置 +1.76%  T_stable   2.76s
         左拇指指尖/数据2 T2_trim_nodead  全段  -0.24%  慢相  -0.49%  平坦  0.85%  平台偏置 +2.06%  T_stable   3.06s
         左拇指指尖/数据3         T0_pin  全段  -0.99%  慢相  -0.67%  平坦  1.28%  平台偏置 +5.15%  T_stable   0.55s
         左拇指指尖/数据3   T1_trim_dead  全段  -1.48%  慢相  -0.95%  平坦  1.30%  平台偏置 +4.55%  T_stable   0.54s
         左拇指指尖/数据3 T2_trim_nodead  全段  -4.21%  慢相  -3.40%  平坦  1.53%  平台偏置 +1.33%  T_stable   0.53s
          四指指尖/数据1         T0_pin  全段  -0.79%  慢相  +0.42%  平坦  1.22%  平台偏置 -0.33%  T_stable   0.53s
          四指指尖/数据1   T1_trim_dead  全段  -0.79%  慢相  +0.42%  平坦  1.22%  平台偏置 -0.33%  T_stable   0.53s
          四指指尖/数据1 T2_trim_nodead  全段  -0.10%  慢相  +0.61%  平坦  1.11%  平台偏置 +0.93%  T_stable   0.56s
          四指指尖/数据2         T0_pin  全段  +0.72%  慢相  +0.50%  平坦  1.29%  平台偏置 -2.26%  T_stable   0.51s
          四指指尖/数据2   T1_trim_dead  全段  +0.72%  慢相  +0.50%  平坦  1.29%  平台偏置 -2.26%  T_stable   0.51s
          四指指尖/数据2 T2_trim_nodead  全段  +2.49%  慢相  +1.55%  平坦  1.30%  平台偏置 +0.35%  T_stable   0.53s
          四指指尖/数据3         T0_pin  全段  +0.58%  慢相  -0.14%  平坦  1.47%  平台偏置 +4.41%  T_stable   0.55s
          四指指尖/数据3   T1_trim_dead  全段  +0.47%  慢相  -0.19%  平坦  1.46%  平台偏置 +4.19%  T_stable   0.55s
          四指指尖/数据3 T2_trim_nodead  全段  -1.79%  慢相  -1.96%  平坦  1.57%  平台偏置 +1.07%  T_stable   0.54s
         切换负载-快相无责         T0_pin  全程偏差   5445  捕获  0.93  平台偏置 +15.63%  T_stable   1.00s
         切换负载-快相无责   T1_trim_dead  全程偏差   4000  捕获  0.94  平台偏置 +23.19%  T_stable  58.42s
         切换负载-快相无责 T2_trim_nodead  全程偏差   3857  捕获  0.94  平台偏置 +23.82%  T_stable  58.42s
             再切换负载         T0_pin  全程偏差   3538  捕获   nan  平台偏置 +62.85%  T_stable    nans
             再切换负载   T1_trim_dead  全程偏差   3538  捕获   nan  平台偏置 +60.80%  T_stable    nans
             再切换负载 T2_trim_nodead  全程偏差   3538  捕获   nan  平台偏置 +60.80%  T_stable    nans
       中途切换-1d9493         T0_pin  全程偏差   5407  捕获  0.77  平台偏置 +60.27%  T_stable    nans
       中途切换-1d9493   T1_trim_dead  全程偏差   5035  捕获  0.78  平台偏置 +58.64%  T_stable    nans
       中途切换-1d9493 T2_trim_nodead  全程偏差   5035  捕获  0.78  平台偏置 +58.64%  T_stable    nans
       中途切换-13ffca         T0_pin  全程偏差   3759  捕获  1.04  平台偏置 -16.17%  T_stable    nans
       中途切换-13ffca   T1_trim_dead  全程偏差   3759  捕获  0.98  平台偏置 -12.62%  T_stable    nans
       中途切换-13ffca T2_trim_nodead  全程偏差   3759  捕获  0.98  平台偏置 -14.33%  T_stable    nans
  -> paper_v6\results\trim_ablation.csv

===== 恒载 9 组（|·| 均值）=====
                 全段时漂  慢相段时漂   受载中位    平坦度  平台偏置_abs  T_stable中位
arm                                                             
T0_pin          1.372  1.198  0.384  1.665     3.889       0.548
T1_trim_dead    1.653  1.415  0.560  1.665     3.574       0.548
T2_trim_nodead  2.613  2.403  1.346  1.711     1.961       0.577

===== 实采 4 份 =====
                  全程偏差中位   变载窗偏差中位  捕获比中位  平台偏置_abs  T_stable中位
arm                                                            
T0_pin          4582.654  2126.421  0.914    38.731       0.995
T1_trim_dead    3879.288  1955.420  0.901    38.812      58.424
T2_trim_nodead  3807.841  1949.009  0.902    39.397      58.424

逐份全程最大偏差（ADC）
arm          T0_pin  T1_trim_dead  T2_trim_nodead
dataset                                          
中途切换-13ffca  3759.0        3759.0          3759.0
中途切换-1d9493  5407.0        5035.0          5035.0
再切换负载        3538.0        3538.0          3538.0
切换负载-快相无责    5445.0        4000.0          3857.0

逐份 T_stable（s）
arm        T0_pin  T1_trim_dead  T2_trim_nodead
dataset                                        
切换负载-快相无责    1.00         58.42           58.42
右拇指指尖/数据1    5.43          5.43            5.37
右拇指指尖/数据2    0.54          0.54            0.58
右拇指指尖/数据3    6.71          6.71            6.71
四指指尖/数据1     0.53          0.53            0.56
四指指尖/数据2     0.51          0.51            0.53
四指指尖/数据3     0.55          0.55            0.54
左拇指指尖/数据1   10.17          9.11            8.30
左拇指指尖/数据2    2.76          2.76            3.06
左拇指指尖/数据3    0.55          0.54            0.53
