python scripts/t5a_kappa_cap_summary.py

产出 D:\workshop\Processing\multi-device-cascade-host-cpp\temp\v4.1flash\plan\v1.0\T5_v6失效模式_过充与基线识别\results\t5a_kappa_cap_summary.csv

===== κ 上限：直接实测的触发诊断 ↔ 实测四联指标 =====
κ 语义：`Â = min(A_raw, κ·inc)`（单侧上限）。`r = A_raw/inc`；`r > κ` ⇒ 该帧被截断。

类           κ    n    触发事件数      触发率      截断时长占比    r_max中位  r_max p10
onset    1.30   22        4    18.2%        0.0%     1.2466     1.2310
onset    1.25   22        8    36.4%        0.0%     1.2466     1.2310
onset    1.20   22       22   100.0%        0.4%     1.2466     1.2310
onset    1.15   22       22   100.0%        1.9%     1.2466     1.2310
onset    1.10   22       22   100.0%       61.5%     1.2466     1.2310
onset    1.05   22       22   100.0%       86.7%     1.2466     1.2310
onset    1.00   22       22   100.0%       87.9%     1.2466     1.2310
onset    0.95   22       22   100.0%      100.0%     1.2466     1.2310
restep   1.12   19       16    84.2%       36.7%     1.2258     1.0988
restep   1.08   19       17    89.5%       55.7%     1.2258     1.0988
restep   1.04   19       18    94.7%       70.7%     1.2258     1.0988
restep   1.00   19       18    94.7%       73.6%     1.2258     1.0988
restep   0.96   19       19   100.0%      100.0%     1.2258     1.0988

--- onset 侧：触发诊断 ↔ 四联指标 ---
    κ      触发率      截断时长 |    OS5中位   OS5max    T5中位   T5p90    err1中位      MD中位    G中位
 1.30    18.2%      0.0% |    0.018   120.81    3.66   23.44    -21.69    2396.7  0.942
 1.25    36.4%      0.0% |    0.018   120.81    3.66   23.44    -21.69    2396.7  0.942
 1.20   100.0%      0.4% |    0.018   120.81    3.66   23.44    -21.69    2396.7  0.942
 1.15   100.0%      1.9% |    0.018   120.81    3.66   23.44    -21.69    2396.7  0.942
 1.10   100.0%     61.5% |   -0.057   101.08    0.82    8.48    -23.11    2156.6  0.941
 1.05   100.0%     86.7% |   -4.227    65.21    0.79    1.35    -26.18    1306.2  0.926
 1.00   100.0%     87.9% |   -8.788    45.43    1.96    7.36    -30.76    1434.8  0.875
 0.95   100.0%    100.0% |      nan      nan     nan     nan       nan       nan    nan
