[    0.6s] 事件 60（onset 22 / restep 19）；录制 13；臂 26
[    0.6s] 总录制级推理次数 = 338
[   30.6s]   [ 1/26] unif_k0.95     n=60 (加载类 39)  OS%中位= -1.603  max=431.264  T_med=1.959999999999999
[   60.7s]   [ 2/26] unif_k1.00     n=60 (加载类 39)  OS%中位=  5.859  max=467.878  T_med=1.959999999999999
[   90.5s]   [ 3/26] unif_k1.05     n=60 (加载类 39)  OS%中位=  6.404  max=536.903  T_med=0.7900000000000009
[  121.6s]   [ 4/26] unif_k1.10     n=60 (加载类 39)  OS%中位= 10.678  max=620.071  T_med=0.8200000000000003
[  152.4s]   [ 5/26] unif_k1.15     n=60 (加载类 39)  OS%中位= 11.217  max=669.245  T_med=3.66
[  180.0s]   [ 6/26] unif_k1.20     n=60 (加载类 39)  OS%中位= 11.654  max=669.478  T_med=3.66
[  210.3s]   [ 7/26] unif_k1.25     n=60 (加载类 39)  OS%中位= 11.654  max=669.478  T_med=3.66
[  237.3s]   [ 8/26] unif_k1.30     n=60 (加载类 39)  OS%中位= 11.654  max=669.478  T_med=3.66
[  264.4s]   [ 9/26] unif_k1.35     n=60 (加载类 39)  OS%中位= 11.654  max=669.478  T_med=3.66
[  291.5s]   [10/26] unif_k1.40     n=60 (加载类 39)  OS%中位= 11.654  max=669.478  T_med=3.66
[  318.9s]   [11/26] onset_k1.00    n=60 (加载类 39)  OS%中位=  5.859  max=467.878  T_med=1.959999999999999
[  346.1s]   [12/26] onset_k1.05    n=60 (加载类 39)  OS%中位=  6.404  max=536.903  T_med=0.7900000000000009
[  373.2s]   [13/26] onset_k1.10    n=60 (加载类 39)  OS%中位= 10.678  max=620.071  T_med=0.8200000000000003
[  401.4s]   [14/26] onset_k1.15    n=60 (加载类 39)  OS%中位= 11.217  max=669.245  T_med=3.66
[  428.9s]   [15/26] onset_k1.20    n=60 (加载类 39)  OS%中位= 11.654  max=669.478  T_med=3.66
[  457.6s]   [16/26] onset_k1.25    n=60 (加载类 39)  OS%中位= 11.654  max=669.478  T_med=3.66
[  487.6s]   [17/26] onset_k1.30    n=60 (加载类 39)  OS%中位= 11.654  max=669.478  T_med=3.66
[  515.7s]   [18/26] onset_k1.35    n=60 (加载类 39)  OS%中位= 11.654  max=669.478  T_med=3.66
[  544.7s]   [19/26] restep_k1.00   n=60 (加载类 39)  OS%中位= 11.654  max=669.478  T_med=3.66
[  572.8s]   [20/26] restep_k1.05   n=60 (加载类 39)  OS%中位= 11.654  max=669.478  T_med=3.66
[  603.0s]   [21/26] restep_k1.10   n=60 (加载类 39)  OS%中位= 11.654  max=669.478  T_med=3.66
[  633.9s]   [22/26] restep_k1.12   n=60 (加载类 39)  OS%中位= 11.654  max=669.478  T_med=3.66
[  661.3s]   [23/26] restep_k1.15   n=60 (加载类 39)  OS%中位= 11.654  max=669.478  T_med=3.66
[  688.3s]   [24/26] restep_k1.20   n=60 (加载类 39)  OS%中位= 11.654  max=669.478  T_med=3.66
[  717.0s]   [25/26] restep_k1.25   n=60 (加载类 39)  OS%中位= 11.654  max=669.478  T_med=3.66
[  744.3s]   [26/26] restep_k1.30   n=60 (加载类 39)  OS%中位= 11.654  max=669.478  T_med=3.66
[  744.3s] 产出 results/t5a_kappa_perevent.csv
[  744.3s] 主口径样本：1014 事件（26 臂 × 每臂 39 事件）
[  744.5s] 产出 results/t5a_kappa_sweep.csv
[  744.6s] 基线臂（onset κ=1.30 / restep κ=1.12）主口径事件数 = 78
[  744.9s] 产出 results/t5a_kappa_summary.csv
[  745.1s] 产出 results/t5a_kappa_loo.csv
[  745.1s] 
===== C-4 统一 κ 扫描摘要（加载类 onset+restep，n 见列）=====
arm             κ_on  κ_re   OS_med   OS_max   T_med  err1_med    MD_med  dOS_med dOS_absmax
unif_k0.95      0.95  0.95   -1.603  431.264   1.960   -46.438    3013.8  -12.498    298.910
unif_k1.00      1.00  1.00    5.859  467.878   1.960   -41.991    1614.8   -9.225    215.742
unif_k1.05      1.05  1.05    6.404  536.903   0.790   -38.129    1306.2   -5.250    132.574
unif_k1.10      1.10  1.10   10.678  620.071   0.820   -33.974    2196.2   -2.009     49.407
unif_k1.15      1.15  1.15   11.217  669.245   3.660   -30.064    2396.7    0.000      0.744
unif_k1.20      1.20  1.20   11.654  669.478   3.660   -30.064    2396.7    0.000      0.000
unif_k1.25      1.25  1.25   11.654  669.478   3.660   -30.064    2396.7    0.000      0.000
unif_k1.30      1.30  1.30   11.654  669.478   3.660   -30.064    2396.7    0.000      0.000
unif_k1.35      1.35  1.35   11.654  669.478   3.660   -30.064    2396.7    0.000      0.000
unif_k1.40      1.40  1.40   11.654  669.478   3.660   -30.064    2396.7    0.000      0.000
--- 仅 restep 变（κ_onset 固定 1.30）---
restep_k1.00    1.30  1.00   11.654  669.478   3.660   -34.030    3036.7    0.000      0.055
restep_k1.05    1.30  1.05   11.654  669.478   3.660   -30.592    2563.2    0.000      0.030
restep_k1.10    1.30  1.10   11.654  669.478   3.660   -30.064    2396.7    0.000      0.006
restep_k1.12    1.30  1.12   11.654  669.478   3.660   -30.064    2396.7    0.000      0.000
restep_k1.15    1.30  1.15   11.654  669.478   3.660   -30.064    2396.7    0.000      0.000
restep_k1.20    1.30  1.20   11.654  669.478   3.660   -30.064    2396.7    0.000      0.000
restep_k1.25    1.30  1.25   11.654  669.478   3.660   -30.064    2396.7    0.000      0.000
restep_k1.30    1.30  1.30   11.654  669.478   3.660   -30.064    2396.7    0.000      0.000
--- 仅 onset 变（κ_restep 固定 1.12）---
onset_k1.00     1.00  1.12    5.859  467.878   1.960   -41.991    1434.8   -9.225    215.742
onset_k1.05     1.05  1.12    6.404  536.903   0.790   -38.129    1306.2   -5.250    132.574
onset_k1.10     1.10  1.12   10.678  620.071   0.820   -33.974    2156.6   -2.009     49.407
onset_k1.15     1.15  1.12   11.217  669.245   3.660   -30.064    2396.7    0.000      0.744
onset_k1.20     1.20  1.12   11.654  669.478   3.660   -30.064    2396.7    0.000      0.000
onset_k1.25     1.25  1.12   11.654  669.478   3.660   -30.064    2396.7    0.000      0.000
onset_k1.30     1.30  1.12   11.654  669.478   3.660   -30.064    2396.7    0.000      0.000
onset_k1.35     1.35  1.12   11.654  669.478   3.660   -30.064    2396.7    0.000      0.000
