python scripts/t5a_kappa_trigger_join.py

已并入触发率列：t5a_kappa_four_metrics.csv
已并入触发率列：t5a_kappa_verdict.csv
已并入触发率列：t5a_kappa_sweep.csv

===== C-4 四联指标 + **κ 上限触发率**（κ 是单侧上限，不是增益）=====
触发率 = 该 κ 下「出现过 A_raw > κ·inc 的事件」占比；截断帧占比 = 被上限截断的帧 / 事件帧
arm             κon   κre    OS5中位   OS5max    T5中位  err1onset      MD中位    G中位     触发率on     截断帧on     上限生效
unif_k0.95     0.95  0.95  -14.677    10.68    1.96     -35.34    3013.8  0.778    100.0%    100.0%     True
unif_k1.00     1.00  1.00   -8.788    38.18    1.96     -30.76    1614.8  0.844    100.0%     87.9%     True
unif_k1.05     1.05  1.05   -4.227    65.21    0.79     -26.18    1306.2  0.918    100.0%     86.7%     True
unif_k1.10     1.10  1.10   -0.057   101.08    0.82     -23.11    2196.2  0.935    100.0%     61.5%     True
unif_k1.15     1.15  1.15    0.018   120.81    3.66     -21.69    2396.7  0.952    100.0%      1.9%     True
unif_k1.20     1.20  1.20    0.018   120.81    3.66     -21.69    2396.7  0.952    100.0%      0.4%     True
unif_k1.25     1.25  1.25    0.018   120.81    3.66     -21.69    2396.7  0.952     36.4%      0.0%     True
unif_k1.30     1.30  1.30    0.018   120.81    3.66     -21.69    2396.7  0.952     18.2%      0.0%     True
unif_k1.35     1.35  1.35    0.018   120.81    3.66     -21.69    2396.7  0.952     18.2%      0.0%     True
unif_k1.40     1.40  1.40    0.018   120.81    3.66     -21.69    2396.7  0.952     18.2%      0.0%     True
onset_k1.00    1.00  1.12   -8.788    45.43    1.96     -30.76    1434.8  0.875    100.0%     87.9%     True
onset_k1.05    1.05  1.12   -4.227    65.21    0.79     -26.18    1306.2  0.926    100.0%     86.7%     True
onset_k1.10    1.10  1.12   -0.057   101.08    0.82     -23.11    2156.6  0.941    100.0%     61.5%     True
onset_k1.15    1.15  1.12    0.018   120.81    3.66     -21.69    2396.7  0.942    100.0%      1.9%    False
onset_k1.20    1.20  1.12    0.018   120.81    3.66     -21.69    2396.7  0.942    100.0%      0.4%    False
onset_k1.25    1.25  1.12    0.018   120.81    3.66     -21.69    2396.7  0.942     36.4%      0.0%    False
onset_k1.30    1.30  1.12    0.018   120.81    3.66     -21.69    2396.7  0.942     18.2%      0.0%    False
onset_k1.35    1.35  1.12    0.018   120.81    3.66     -21.69    2396.7  0.942     18.2%      0.0%    False
restep_k1.00   1.30  1.00    0.018   120.81    3.66     -21.69    3036.7  0.928     18.2%      0.0%     True
restep_k1.05   1.30  1.05    0.018   120.81    3.66     -21.69    2563.2  0.928     18.2%      0.0%     True
restep_k1.10   1.30  1.10    0.018   120.81    3.66     -21.69    2396.7  0.937     18.2%      0.0%     True
restep_k1.12   1.30  1.12    0.018   120.81    3.66     -21.69    2396.7  0.942     18.2%      0.0%     True
restep_k1.15   1.30  1.15    0.018   120.81    3.66     -21.69    2396.7  0.952     18.2%      0.0%     True
restep_k1.20   1.30  1.20    0.018   120.81    3.66     -21.69    2396.7  0.952     18.2%      0.0%     True
restep_k1.25   1.30  1.25    0.018   120.81    3.66     -21.69    2396.7  0.952     18.2%      0.0%     True
restep_k1.30   1.30  1.30    0.018   120.81    3.66     -21.69    2396.7  0.952     18.2%      0.0%     True
