python scripts/t5a_kappa_verdict.py

主口径：1014 行（26 臂 × 39 事件）
产出 results/t5a_kappa_verdict.csv
产出 results/t5a_kappa_four_metrics.csv
产出 results/t5a_kappa_by_domain.csv
产出 results/t5a_kappa_loo.csv

===== C-4 裁决表：κ 工作点 × 四联指标（加载类主口径 n=39；onset n=22 / restep n=17）=====
口径：OS% = (显示 − Zf)/J；Zf = 原始 t_on+4.6~5.4 s 中位；OS5 = 5 s 窗（瞬态）；
      OS30 = 30 s 窗（含慢相平台偏差）；T10 = 10 s 水平窗的 T_stable；
      err1 = 显示在 t_on+1 s 相对 J 的带符号误差（onset 子样本，避开慢相污染）。
arm             κon   κre    OS5中位   OS5max    OS30中位    T5中位   T5p90  T5n    T10中位  err1onset      MD中位    G中位
unif_k0.95     0.95  0.95   -14.68    10.68     -1.60   1.960   1.960    1    5.575     -35.34    3013.8  0.778
unif_k1.00     1.00  1.00    -8.79    38.18      5.86   1.960   7.360    3    2.670     -30.76    1614.8  0.844
unif_k1.05     1.05  1.05    -4.23    65.21      6.40   0.790   1.354    7    0.620     -26.18    1306.2  0.918
unif_k1.10     1.10  1.10    -0.06   101.08     10.68   0.820   8.480    7    0.820     -23.11    2196.2  0.935
unif_k1.15     1.15  1.15     0.02   120.81     11.22   3.660  23.440    6    2.400     -21.69    2396.7  0.952
unif_k1.20     1.20  1.20     0.02   120.81     11.65   3.660  23.440    6    2.400     -21.69    2396.7  0.952
unif_k1.25     1.25  1.25     0.02   120.81     11.65   3.660  23.440    6    2.400     -21.69    2396.7  0.952
unif_k1.30     1.30  1.30     0.02   120.81     11.65   3.660  23.440    6    2.400     -21.69    2396.7  0.952
unif_k1.35     1.35  1.35     0.02   120.81     11.65   3.660  23.440    6    2.400     -21.69    2396.7  0.952
unif_k1.40     1.40  1.40     0.02   120.81     11.65   3.660  23.440    6    2.400     -21.69    2396.7  0.952
onset_k1.00    1.00  1.12    -8.79    45.43      5.86   1.960   7.360    3    2.670     -30.76    1434.8  0.875
onset_k1.05    1.05  1.12    -4.23    65.21      6.40   0.790   1.354    7    0.620     -26.18    1306.2  0.926
onset_k1.10    1.10  1.12    -0.06   101.08     10.68   0.820   8.480    7    0.820     -23.11    2156.6  0.941
onset_k1.15    1.15  1.12     0.02   120.81     11.22   3.660  23.440    6    2.400     -21.69    2396.7  0.942
onset_k1.20    1.20  1.12     0.02   120.81     11.65   3.660  23.440    6    2.400     -21.69    2396.7  0.942
onset_k1.25    1.25  1.12     0.02   120.81     11.65   3.660  23.440    6    2.400     -21.69    2396.7  0.942
onset_k1.30    1.30  1.12     0.02   120.81     11.65   3.660  23.440    6    2.400     -21.69    2396.7  0.942
onset_k1.35    1.35  1.12     0.02   120.81     11.65   3.660  23.440    6    2.400     -21.69    2396.7  0.942
restep_k1.00   1.30  1.00     0.02   120.81     11.65   3.660  23.440    6    2.400     -21.69    3036.7  0.928
restep_k1.05   1.30  1.05     0.02   120.81     11.65   3.660  23.440    6    2.400     -21.69    2563.2  0.928
restep_k1.10   1.30  1.10     0.02   120.81     11.65   3.660  23.440    6    2.400     -21.69    2396.7  0.937
restep_k1.12   1.30  1.12     0.02   120.81     11.65   3.660  23.440    6    2.400     -21.69    2396.7  0.942
restep_k1.15   1.30  1.15     0.02   120.81     11.65   3.660  23.440    6    2.400     -21.69    2396.7  0.952
restep_k1.20   1.30  1.20     0.02   120.81     11.65   3.660  23.440    6    2.400     -21.69    2396.7  0.952
restep_k1.25   1.30  1.25     0.02   120.81     11.65   3.660  23.440    6    2.400     -21.69    2396.7  0.952
restep_k1.30   1.30  1.30     0.02   120.81     11.65   3.660  23.440    6    2.400     -21.69    2396.7  0.952

===== 分域（显示域 = 恒载 9 组 ≈ 第一轮 κ 消融的样本）=====
arm           域        n    OS5中位    OS30中位    T10中位    T30中位    err1中位      MD中位
unif_k0.95    显示域     12   -14.02    -13.33    1.960    1.960    -41.22       3.9
unif_k0.95    ADC域    27   -14.68     10.68    7.770      nan    -46.44    3467.9
unif_k1.00    显示域     12    -9.67     -8.90    8.710    5.335    -36.63       3.3
unif_k1.00    ADC域    27    -3.89     14.48    0.890    0.890    -42.28    2445.4
unif_k1.05    显示域     12    -5.16     -4.45    0.820    0.820    -32.03       2.6
unif_k1.05    ADC域    27    -0.87     19.48    0.535    0.440    -39.93    1879.5
unif_k1.10    显示域     12    -1.44      0.47    0.820    0.820    -28.96       2.1
unif_k1.10    ADC域    27     0.76     27.53    1.410      nan    -37.90    2484.2
unif_k1.15    显示域     12    -0.88      2.67    1.960    3.660    -27.56       2.2
unif_k1.15    ADC域    27     0.76     27.53    2.890      nan    -37.90    3412.5
unif_k1.20    显示域     12    -0.75      2.92    1.960    3.660    -27.56       2.3
unif_k1.20    ADC域    27     0.76     27.53    2.890      nan    -37.90    3412.5
unif_k1.25    显示域     12    -0.75      2.92    1.960    3.660    -27.56       2.3
unif_k1.25    ADC域    27     0.76     27.53    2.890      nan    -37.90    3412.5
unif_k1.30    显示域     12    -0.75      2.92    1.960    3.660    -27.56       2.3
unif_k1.30    ADC域    27     0.76     27.53    2.890      nan    -37.90    3412.5
unif_k1.35    显示域     12    -0.75      2.92    1.960    3.660    -27.56       2.3
unif_k1.35    ADC域    27     0.76     27.53    2.890      nan    -37.90    3412.5
unif_k1.40    显示域     12    -0.75      2.92    1.960    3.660    -27.56       2.3
unif_k1.40    ADC域    27     0.76     27.53    2.890      nan    -37.90    3412.5
onset_k1.00   显示域     12    -9.67     -8.90    8.710    5.335    -36.63       3.3
onset_k1.00   ADC域    27    -3.89     14.48    0.890    0.890    -42.28    2445.4
onset_k1.05   显示域     12    -5.16     -4.45    0.820    0.820    -32.03       2.6
onset_k1.05   ADC域    27    -0.87     19.60    0.535    0.440    -39.93    1879.5
onset_k1.10   显示域     12    -1.44      0.47    0.820    0.820    -28.96       2.1
onset_k1.10   ADC域    27     0.76     27.53    1.410      nan    -37.90    2484.2
onset_k1.15   显示域     12    -0.88      2.67    1.960    3.660    -27.56       2.2
onset_k1.15   ADC域    27     0.76     27.53    2.890      nan    -37.90    3412.5
onset_k1.20   显示域     12    -0.75      2.92    1.960    3.660    -27.56       2.3
onset_k1.20   ADC域    27     0.76     27.53    2.890      nan    -37.90    3412.5
onset_k1.25   显示域     12    -0.75      2.92    1.960    3.660    -27.56       2.3
onset_k1.25   ADC域    27     0.76     27.53    2.890      nan    -37.90    3412.5
onset_k1.30   显示域     12    -0.75      2.92    1.960    3.660    -27.56       2.3
onset_k1.30   ADC域    27     0.76     27.53    2.890      nan    -37.90    3412.5
onset_k1.35   显示域     12    -0.75      2.92    1.960    3.660    -27.56       2.3
onset_k1.35   ADC域    27     0.76     27.53    2.890      nan    -37.90    3412.5

===== 留一泛化（13 折，留出一份录制）=====
arm               OS5中位 最好折       最坏折      折间极差    最坏折OS5max     最坏折T10    最坏折|err1|
onset_k1.00         -282.45     -0.17    282.28        45.43     28.990        56.59
onset_k1.05         -249.24      1.04    250.29        65.21      1.960        52.01
onset_k1.10         -216.14      4.74    220.88       101.08      5.360        47.67
onset_k1.15         -211.66      7.23    218.90       120.81     78.500        46.37
onset_k1.20         -211.66      7.23    218.90       120.81     78.500        46.37
onset_k1.25         -211.66      7.23    218.90       120.81     78.500        46.37
onset_k1.30         -211.66      7.23    218.90       120.81     78.500        46.37
onset_k1.35         -211.66      7.23    218.90       120.81     78.500        46.37
restep_k1.00        -211.66      7.23    218.90       120.81     78.500        46.37
restep_k1.05        -211.66      7.23    218.90       120.81     78.500        46.37
restep_k1.10        -211.66      7.23    218.90       120.81     78.500        46.37
restep_k1.12        -211.66      7.23    218.90       120.81     78.500        46.37
restep_k1.15        -211.66      7.23    218.90       120.81     78.500        46.37
restep_k1.20        -211.66      7.23    218.90       120.81     78.500        46.37
restep_k1.25        -211.66      7.23    218.90       120.81     78.500        46.37
restep_k1.30        -211.66      7.23    218.90       120.81     78.500        46.37
unif_k0.95          -315.25     -0.17    315.08        10.68     37.030        61.16
unif_k1.00          -282.45     -0.17    282.28        38.18     28.990        56.59
unif_k1.05          -249.24      1.04    250.29        65.21      1.960        52.01
unif_k1.10          -216.14      4.74    220.88       101.08      5.360        47.67
unif_k1.15          -211.66      7.23    218.90       120.81     78.500        46.37
unif_k1.20          -211.66      7.23    218.90       120.81     78.500        46.37
unif_k1.25          -211.66      7.23    218.90       120.81     78.500        46.37
unif_k1.30          -211.66      7.23    218.90       120.81     78.500        46.37
unif_k1.35          -211.66      7.23    218.90       120.81     78.500        46.37
unif_k1.40          -211.66      7.23    218.90       120.81     78.500        46.37
