python scripts/t5a_ahat_bias_by_kappa.py

  κ=1.40 完成
  κ=1.35 完成
  κ=1.30 完成
  κ=1.25 完成
  κ=1.20 完成
  κ=1.15 完成
  κ=1.10 完成
  κ=1.05 完成
  κ=1.00 完成
  κ=0.95 完成
产出 D:\workshop\Processing\multi-device-cascade-host-cpp\temp\v4.1flash\plan\v1.0\T5_v6失效模式_过充与基线识别\results\t5a_ahat_bias_by_kappa.csv

===== 实测 Â/J−1（onset，τ=1 s 快照）随 κ 的变化 =====
    κ    n       中位      p90      max      min    >5% 事件数  相对 κ=1.40 的中位变化
 1.40   22   3.514%   6.505%  10.907% -16.534%          7          15.893 pt
 1.35   22   3.514%   6.505%  10.907% -16.534%          7          15.893 pt
 1.30   22   3.514%   6.505%  10.907% -16.534%          7          15.893 pt
 1.25   22   3.514%   6.505%  10.907% -16.534%          7          15.893 pt
 1.20   22   3.514%   6.505%  10.907% -16.534%          7          15.893 pt
 1.15   22   3.514%   6.505%  10.907% -16.534%          7          15.893 pt
 1.10   22   0.558%   5.052%   6.113% -16.534%          3          12.937 pt
 1.05   22  -3.613%   0.900%   5.706% -16.534%          1           8.766 pt
 1.00   22  -8.203%  -3.905%   0.759% -16.910%          0           4.176 pt
 0.95   22 -12.379%  -8.572%  -4.279% -21.065%          0           0.000 pt
