python scripts/t5a_nonfilter.py

[    0.6s] 事件 60（加载类 41）；非滤波臂 16；总推理 208 次
[   27.6s]   [ 1/16] B0_baseline
[   59.0s]   [ 2/16] G1_ratemax_0.4
[   90.9s]   [ 3/16] G2_ratemax_0.6
[  124.0s]   [ 4/16] G4_ratemax_1.2
[  154.7s]   [ 5/16] H1_homin_2.5
[  186.2s]   [ 6/16] H2_homin_3.5
[  218.8s]   [ 7/16] H4_homin_8.0
[  250.6s]   [ 8/16] C1_clip_0.02
[  282.0s]   [ 9/16] C2_clip_0.05
[  314.4s]   [10/16] C3_clip_0.10
[  347.0s]   [11/16] R1_revoke_0.20
[  379.0s]   [12/16] R2_revoke_0.30
[  410.1s]   [13/16] R4_revoke_0.60
[  442.2s]   [14/16] X1_ratemax0.6_homin3.5
[  474.1s]   [15/16] X2_ratemax0.6_clip0.05
[  506.2s]   [16/16] X3_ratemax0.6_homin3.5_clip0.05
[  506.5s] 产出 results/t5a_nonfilter_options.csv
[  506.5s] 
===== T5A-Q6 非滤波手段摘要（加载类 n=41）=====
arm                              OS_med   OS_max  dOS_med   T_med  dT_med  err1|med|  G_med  G_min    MD_med
B0_baseline                      11.654 1687.497    0.000   3.660   0.000     34.141  0.942 -0.141    2396.7
G1_ratemax_0.4                   12.251 1687.497    0.000   3.680   0.020     34.141  0.941 -0.141    2250.2
G2_ratemax_0.6                   11.654 1687.497    0.000   3.570   0.000     34.141  0.942 -0.141    2396.7
G4_ratemax_1.2                   11.654 1687.497    0.000   3.660   0.000     34.141  0.942 -0.141    2396.7
H1_homin_2.5                     11.907 1636.976    0.180   0.550   0.000     31.259  0.949 -0.493    2162.8
H2_homin_3.5                     11.500 1633.975    0.000   1.960   0.000     31.254  0.933 -0.485    2396.7
H4_homin_8.0                     14.038 1583.260    0.000   0.500  -2.430     34.141  0.990 -0.108    2396.7
C1_clip_0.02                     11.217 1571.893    0.000   2.390   0.000     40.167  0.952 -0.141     555.4
C2_clip_0.05                     11.217 1687.497    0.000   3.660   0.000     38.505  0.952 -0.141    1278.6
C3_clip_0.10                     11.217 1687.497    0.000   3.660   0.000     37.014  0.952 -0.141    2250.2
R1_revoke_0.20                   11.654 1687.497    0.000   3.660   0.000     31.302  0.948 -0.141    2156.6
R2_revoke_0.30                   11.654 1687.497    0.000   3.660   0.000     31.302  0.948 -0.141    2156.6
R4_revoke_0.60                   13.587 1687.497    0.000   3.660   0.000     34.141  0.985 -0.141    2270.7
X1_ratemax0.6_homin3.5           11.500 1633.975    0.000   1.780   0.000     31.254  0.933 -0.485    2396.7
X2_ratemax0.6_clip0.05           11.263 1687.497    0.000   3.570   0.000     38.505  0.952 -0.141    1278.6
X3_ratemax0.6_homin3.5_clip0.05   10.681 1633.975    0.000   1.780   0.280     37.431  0.933 -0.485    1282.5
