python scripts/t5a_kappa_trigger.py

[    0.5s] 事件 60（onset 22 / restep 19）；录制 13
[    0.5s] κ 的语义：`Â = min(A_raw, κ·inc)`（单侧上限）；A_raw 含原型自带的 `max(A, inc)` 下限
[    2.6s]   probe RT1 完成
[    5.6s]   probe RT2 完成
[    7.9s]   probe RT3 完成
[   10.3s]   probe LT1 完成
[   12.7s]   probe LT2 完成
[   15.0s]   probe LT3 完成
[   17.0s]   probe F41 完成
[   19.0s]   probe F42 完成
[   21.2s]   probe F43 完成
[   24.2s]   probe SW1 完成
[   24.9s]   probe SW2 完成
[   25.6s]   probe SW3 完成
[   26.9s]   probe SW4 完成
[   27.0s] 产出 t5a_kappa_trigger_perevent.csv（60 行）、t5a_kappa_trigger_raw.csv（16365 帧，每 0.1 s 抽样）
[   27.0s] 
===== r(τ) = A_raw(τ) / inc(τ)：未封顶反演值相对实测增量的比值 =====
（r ≤ κ ⇒ 该帧 κ 不起作用；r > κ ⇒ 该帧被上限截断。r ≡ 1 表示原型自带的 max(A, inc) 下限在起作用）

--- onset（n=22）---
  τ=0.20 s: n= 6  中位  1.0531  p10  1.0000  p90  1.1871  max   1.2032
  τ=0.30 s: n=22  中位  1.2023  p10  1.0083  p90  1.2323  max   1.2577
  τ=0.50 s: n=22  中位  1.1708  p10  1.0089  p90  1.1847  max   1.2122
  τ=0.80 s: n=22  中位  1.1353  p10  1.0197  p90  1.1479  max   1.1546
  τ=1.00 s: n=22  中位  1.1272  p10  1.0509  p90  1.1355  max   1.1567
  全事件 r_max: 中位  1.2466  p10  1.2310  p90  1.3425  max   2.9248

--- restep（n=19）---
  τ=0.20 s: n=16  中位  1.0719  p10  1.0000  p90  1.1324  max   1.1342
  τ=0.30 s: n=19  中位  1.0955  p10  1.0000  p90  1.1403  max   3.2904
  τ=0.50 s: n=19  中位  1.1067  p10  1.0000  p90  1.1456  max  48.7355
  τ=0.80 s: n=19  中位  1.0955  p10  1.0000  p90  1.1356  max   1.2083
  τ=1.00 s: n=19  中位  1.0778  p10  1.0000  p90  1.1327  max   1.1440
  全事件 r_max: 中位  1.2258  p10  1.0988  p90  2.1216  max  48.7355
[   27.0s] 
===== κ × 触发率（直接判据：事件轨迹里出现过 r > κ 即算触发）=====
（`trunc_frame_frac` = 被截断帧占全部事件帧的比例，由 0.1 s 抽样 ×10 还原）
类           κ   n事件    触发数      触发率       截断帧占比    r_max 中位  r_max p10
onset    1.30    22      4    18.2%        0.0%      1.2466     1.2310
onset    1.25    22      8    36.4%        0.0%      1.2466     1.2310
onset    1.20    22     22   100.0%        0.4%      1.2466     1.2310
onset    1.15    22     22   100.0%        1.9%      1.2466     1.2310
onset    1.10    22     22   100.0%       61.5%      1.2466     1.2310
onset    1.05    22     22   100.0%       86.7%      1.2466     1.2310
onset    1.00    22     22   100.0%       87.9%      1.2466     1.2310
onset    0.95    22     22   100.0%      100.0%      1.2466     1.2310
restep   1.12    19     16    84.2%       36.7%      1.2258     1.0988
restep   1.08    19     17    89.5%       55.7%      1.2258     1.0988
restep   1.04    19     18    94.7%       70.7%      1.2258     1.0988
restep   1.00    19     18    94.7%       73.6%      1.2258     1.0988
restep   0.96    19     19   100.0%      100.0%      1.2258     1.0988
[   27.0s] 
===== 结论：触发阈值在哪里 =====
onset   n= 22  r_max: min 1.2066 / p10 1.2310 / 中位 1.2466 / p90 1.3425 / max 2.9248  ⇒ κ ≥ 2.9248 时 **0% 触发**（κ 完全失效）；κ = 1.2466 时约 50% 触发
restep  n= 19  r_max: min 1.0000 / p10 1.0988 / 中位 1.2258 / p90 2.1216 / max 48.7355  ⇒ κ ≥ 48.7355 时 **0% 触发**（κ 完全失效）；κ = 1.2258 时约 50% 触发
