python scripts/t5a_overcharge_summary.py

读入逐事件指标表：240 行 × 37 列（臂 ['v6_now', 'v5.1', 'v6.1', 'raw']）
产出 results/t5a_overcharge_summary.csv
产出 results/t5a_overcharge_rates.csv

===== T5A-Q1 分级汇总 =====
OS5 = 5 s 窗（与 08-v6.1 台账可比，量的是**阶跃瞬态过充**）；
OS30 = 30 s 窗（《指标字典》§3 口径，量的是**瞬态 + 慢相平台偏差**）；
Z_final = 原始 t_on+4.6~5.4 s 中位；J = 原始台阶；ADC 列 = 显示−原始 的峰值差（有符号）。

--- raw ---
  A_all_load          n=41 | OS5 中位     0.19 p10~p90     0.02~    8.15 max     54.39 | OS30 中位     20.35 max    1478.14 | ADC 上冲中位      0.0 max       0.0 | ADC 下冲中位      0.0 max       0.0 | 向上>2%  9 向下>2%  0 | >5%  6/41 >10%  4/41 | MD 中位      0.0
  B_main_Jfrac>=0.10  n=33 | OS5 中位     0.13 p10~p90     0.02~    1.53 max     38.09 | OS30 中位     14.65 max     229.81 | ADC 上冲中位      0.0 max       0.0 | ADC 下冲中位      0.0 max       0.0 | 向上>2%  3 向下>2%  0 | >5%  3/33 >10%  2/33 | MD 中位      0.0
  onset               n=22 | OS5 中位     0.09 p10~p90     0.02~    0.76 max     10.68 | OS30 中位     12.32 max     194.21 | ADC 上冲中位      0.0 max       0.0 | ADC 下冲中位      0.0 max       0.0 | 向上>2%  2 向下>2%  0 | >5%  2/22 >10%  1/22 | MD 中位      0.0
  restep              n=11 | OS5 中位     0.31 p10~p90     0.04~    1.71 max     38.09 | OS30 中位     35.84 max     229.81 | ADC 上冲中位      0.0 max       0.0 | ADC 下冲中位      0.0 max       0.0 | 向上>2%  1 向下>2%  0 | >5%  1/11 >10%  1/11 | MD 中位      0.0
  unload              n=14 | OS5 中位     0.29 p10~p90     0.00~    4.05 max      4.84 | OS30 中位      0.29 max       4.84 | ADC 上冲中位      0.0 max       0.0 | ADC 下冲中位      0.0 max       0.0 | 向上>2%  4 向下>2%  0 | >5%  0/14 >10%  0/14 | MD 中位      0.0
  partial_unload      n= 5 | OS5 中位   135.25 p10~p90    11.04~ 1879.26 max   2679.70 | OS30 中位    578.62 max    2679.70 | ADC 上冲中位      0.0 max       0.0 | ADC 下冲中位      0.0 max       0.0 | 向上>2%  5 向下>2%  0 | >5%  5/ 5 >10%  4/ 5 | MD 中位      0.0

--- v5.1 ---
  A_all_load          n=41 | OS5 中位     0.04 p10~p90   -23.70~    2.64 max     54.39 | OS30 中位      7.38 max    1467.71 | ADC 上冲中位      0.0 max       0.0 | ADC 下冲中位   1263.7 max    2689.6 | 向上>2%  5 向下>2% 14 | >5%  4/41 >10%  3/41 | MD 中位   1263.7
  B_main_Jfrac>=0.10  n=33 | OS5 中位     0.04 p10~p90   -14.87~    0.71 max     14.61 | OS30 中位      7.38 max     213.60 | ADC 上冲中位      0.0 max       0.0 | ADC 下冲中位   1088.5 max    2689.6 | 向上>2%  3 向下>2% 10 | >5%  2/33 >10%  1/33 | MD 中位   1088.5
  onset               n=22 | OS5 中位     0.09 p10~p90    -0.02~    0.76 max      8.15 | OS30 中位      3.83 max     181.09 | ADC 上冲中位      0.0 max       0.0 | ADC 下冲中位    330.8 max    2239.8 | 向上>2%  2 向下>2%  2 | >5%  1/22 >10%  0/22 | MD 中位    330.8
  restep              n=11 | OS5 中位   -13.92 p10~p90   -35.68~    0.27 max     14.61 | OS30 中位     20.12 max     213.60 | ADC 上冲中位      0.0 max       0.0 | ADC 下冲中位   1627.1 max    2689.6 | 向上>2%  1 向下>2%  8 | >5%  1/11 >10%  1/11 | MD 中位   1627.1
  unload              n=14 | OS5 中位     0.29 p10~p90     0.00~    4.05 max      4.84 | OS30 中位      0.29 max       4.84 | ADC 上冲中位      0.0 max       0.0 | ADC 下冲中位      3.9 max    1924.9 | 向上>2%  4 向下>2%  0 | >5%  0/14 >10%  0/14 | MD 中位      3.9
  partial_unload      n= 5 | OS5 中位   151.39 p10~p90    28.77~ 1879.26 max   2679.70 | OS30 中位    578.62 max    2679.70 | ADC 上冲中位      0.0 max       0.0 | ADC 下冲中位    815.2 max    2679.5 | 向上>2%  5 向下>2%  0 | >5%  5/ 5 >10%  4/ 5 | MD 中位    815.2

--- v6_now ---
  A_all_load          n=41 | OS5 中位     0.02 p10~p90   -56.54~   12.85 max    188.56 | OS30 中位     11.65 max    1687.50 | ADC 上冲中位      2.4 max    4034.8 | ADC 下冲中位    280.3 max    5456.5 | 向上>2% 19 向下>2% 16 | >5% 13/41 >10%  8/41 | MD 中位   2396.7
  B_main_Jfrac>=0.10  n=33 | OS5 中位    -0.71 p10~p90   -25.76~    9.99 max     12.85 | OS30 中位     11.22 max     205.52 | ADC 上冲中位      2.4 max    4034.8 | ADC 下冲中位    371.3 max    5456.5 | 向上>2% 14 向下>2% 13 | >5%  9/33 >10%  4/33 | MD 中位   2396.7
  onset               n=22 | OS5 中位     4.08 p10~p90   -10.59~   10.34 max     12.85 | OS30 中位      9.64 max     194.21 | ADC 上冲中位    147.5 max    4034.8 | ADC 下冲中位      3.5 max    5351.1 | 向上>2% 13 向下>2%  4 | >5%  8/22 >10%  3/22 | MD 中位   1502.6
  restep              n=11 | OS5 中位   -18.59 p10~p90   -72.72~    0.02 max     11.22 | OS30 中位     14.48 max     205.52 | ADC 上冲中位      0.0 max    3863.6 | ADC 下冲中位   2865.2 max    5456.5 | 向上>2%  1 向下>2%  9 | >5%  1/11 >10%  1/11 | MD 中位   2865.2
  unload              n=14 | OS5 中位     0.27 p10~p90     0.00~    4.05 max      4.84 | OS30 中位      0.27 max       4.84 | ADC 上冲中位      0.0 max    3863.6 | ADC 下冲中位      2.5 max    5351.1 | 向上>2%  4 向下>2%  0 | >5%  0/14 >10%  0/14 | MD 中位      4.2
  partial_unload      n= 5 | OS5 中位   145.87 p10~p90    35.01~ 1878.83 max   2679.70 | OS30 中位    578.62 max    2679.70 | ADC 上冲中位      0.0 max    4034.8 | ADC 下冲中位   2865.2 max    5438.5 | 向上>2%  5 向下>2%  0 | >5%  5/ 5 >10%  4/ 5 | MD 中位   2913.9

--- v6.1 ---
  A_all_load          n=41 | OS5 中位    -2.51 p10~p90   -56.54~   11.74 max     80.77 | OS30 中位      9.80 max    1420.35 | ADC 上冲中位      1.4 max    2453.0 | ADC 下冲中位    476.0 max    5456.6 | 向上>2%  9 向下>2% 21 | >5%  8/41 >10%  6/41 | MD 中位   1799.8
  B_main_Jfrac>=0.10  n=33 | OS5 中位    -5.07 p10~p90   -34.06~    4.59 max     11.74 | OS30 中位      6.74 max     205.52 | ADC 上冲中位      1.4 max    2453.0 | ADC 下冲中位    476.0 max    5456.6 | 向上>2%  4 向下>2% 18 | >5%  4/33 >10%  2/33 | MD 中位   1935.9
  onset               n=22 | OS5 中位    -0.83 p10~p90    -9.77~    4.97 max     10.68 | OS30 中位      4.94 max     194.21 | ADC 上冲中位      1.4 max    2453.0 | ADC 下冲中位    246.3 max    5351.1 | 向上>2%  3 向下>2%  9 | >5%  3/22 >10%  1/22 | MD 中位   1250.0
  restep              n=11 | OS5 中位   -24.46 p10~p90   -71.64~    0.19 max     11.74 | OS30 中位     15.94 max     205.52 | ADC 上冲中位      0.0 max    2436.8 | ADC 下冲中位   2847.8 max    5456.6 | 向上>2%  1 向下>2%  9 | >5%  1/11 >10%  1/11 | MD 中位   2847.8
  unload              n=14 | OS5 中位     0.29 p10~p90     0.00~    4.05 max      4.84 | OS30 中位      0.29 max       4.84 | ADC 上冲中位      0.0 max    2436.8 | ADC 下冲中位      5.0 max    5351.1 | 向上>2%  4 向下>2%  0 | >5%  0/14 >10%  0/14 | MD 中位      5.0
  partial_unload      n= 5 | OS5 中位   119.46 p10~p90    39.18~ 1879.26 max   2679.70 | OS30 中位    578.62 max    2679.70 | ADC 上冲中位    732.3 max    2453.0 | ADC 下冲中位   1935.9 max    5438.4 | 向上>2%  5 向下>2%  0 | >5%  4/ 5 >10%  4/ 5 | MD 中位   2453.0
