python scripts/t5a_v6_vs_v61.py

[   32.5s] arm v6 完成
[   65.8s] arm v61_s106 完成
[   98.8s] arm v61_noF1 完成
[  130.5s] arm v61_s104 完成
[  162.4s] arm v61_s108 完成
[  195.6s] arm v61_s110 完成
[  228.1s] arm v61_s112 完成
[  245.4s] arm v5.1 完成
[  245.4s] 产出 results/t5a_v6_vs_v61.csv
[  245.5s] 产出 results/t5a_v6_vs_v61_summary.csv
[  245.5s] 
===== T5A-Q3 v6 vs v6.1（加载类 J_frac≥0.05 主口径）=====
OS5 = 5 s 窗瞬态过充（与 08-v6.1 台账可比）；OS30 = 30 s 窗（含慢相平台偏差）
arm          OS5_med  OS5_p90  OS5_max  >5%  >10%  OS30_med  US5_max  T30_med  T10_med  err1|med|  G_med    MD_med
v6              0.02    11.89   120.81   12     7     11.65  1230.09    3.660    2.400     31.299  0.942    2396.7
v61_s106       -2.51    10.89    74.83    7     5      9.80  1230.09    0.520    0.495     35.902  0.920    1799.8
v61_noF1        0.42    12.43   124.86   12     7     13.59  1230.09    3.570    2.580     31.301  0.942    2396.7
v61_s104       -0.65    11.27    89.49    7     6      9.24  1230.09    1.130    0.480     34.031  0.928    2316.7
v61_s108       -4.31    10.89    61.92    6     5      8.01  1230.09    0.555    0.550     37.704  0.906    1766.3
v61_s110       -6.04    10.89    56.35    6     5      6.28  1230.09    3.415    1.295     39.440  0.889    1496.6
v61_s112       -7.58    10.89    48.34    5     5      5.18  1230.09    4.210    0.880     40.013  0.874    1232.0
v5.1            0.04     3.74    54.39    4     3      7.38  1230.09    2.630    2.610     35.271  0.946    1192.4

分域 1 s 误差（|中位|%）：
  v6          显示域   27.558   ADC 域   37.901
  v61_s106    显示域   33.124   ADC 域   40.013
  v61_noF1    显示域   27.456   ADC 域   37.901
  v61_s104    显示域   31.331   ADC 域   40.013
  v61_s108    显示域   34.371   ADC 域   40.013
  v61_s110    显示域   35.239   ADC 域   40.013
  v61_s112    显示域   36.076   ADC 域   40.013
  v5.1        显示域   36.442   ADC 域   35.271

与 v6 的配对差（OS5；正 = 比 v6 更过充）：
  v6          dOS5_med=   0.000  dOS5_absmax=   0.000  dOS5_best=    0.000  dOS30_med=   0.000  dT_med=  0.000  dE_med=   0.000  逐事件 OS5 相同 60/60
  v61_s106    dOS5_med=   0.000  dOS5_absmax= 107.788  dOS5_best= -107.788  dOS30_med=  -0.929  dT_med=  0.000  dE_med=  -4.078  逐事件 OS5 相同 18/60
  v61_noF1    dOS5_med=   0.000  dOS5_absmax=  69.668  dOS5_best=   -0.091  dOS30_med=   0.000  dT_med=  0.000  dE_med=   0.000  逐事件 OS5 相同 33/60
  v61_s104    dOS5_med=   0.000  dOS5_absmax=  52.991  dOS5_best=  -52.991  dOS30_med=  -1.004  dT_med=  0.000  dE_med=  -3.024  逐事件 OS5 相同 20/60
  v61_s108    dOS5_med=   0.000  dOS5_absmax= 162.558  dOS5_best= -162.558  dOS30_med=  -1.004  dT_med=  0.000  dE_med=  -4.512  逐事件 OS5 相同 18/60
  v61_s110    dOS5_med=  -1.005  dOS5_absmax= 215.337  dOS5_best= -215.337  dOS30_med=  -0.893  dT_med=  0.000  dE_med=  -4.740  逐事件 OS5 相同 18/60
  v61_s112    dOS5_med=   0.000  dOS5_absmax= 266.231  dOS5_best= -266.231  dOS30_med=  -0.335  dT_med=  0.000  dE_med=  -5.663  逐事件 OS5 相同 18/60
  v5.1        dOS5_med=   0.000  dOS5_absmax= 186.658  dOS5_best= -186.658  dOS30_med=   0.000  dT_med=  0.000  dE_med=  -3.557  逐事件 OS5 相同 13/60
