[切换负载-快相无责] 帧=25692 ch=21 平台段=19 epoch=24 revoke=2 handoff=9 unload=3
[零负载-切换负载-零负载-再切换负载] 帧=7128 ch=21 平台段=9 epoch=6 revoke=0 handoff=3 unload=3
[零负载-中途切换负载-零负载-切换负载] 帧=6420 ch=21 平台段=9 epoch=6 revoke=0 handoff=3 unload=2
[中途切换-最终测试目标] 帧=12120 ch=21 平台段=17 epoch=11 revoke=0 handoff=6 unload=2

=== 录制概览 ===
                   rec  n_frames  n_ch  span_s  grid_n  pkt_dt_s    Z_med  Z_p05    Z_p50    Z_p95    Z_max  n_plateau  n_near_1w  frac_near_1w  n_below_500
0            切换负载-快相无责     25692    21  255.70   25571    0.0396  18824.9   62.0  18824.9  27920.9  28108.0         19          2        0.2231       0.0979
1   零负载-切换负载-零负载-再切换负载      7128    21   70.89    7089    0.0399  15567.6   32.0  15567.6  25682.6  25905.3          9          0        0.0278       0.3259
2  零负载-中途切换负载-零负载-切换负载      6420    21   63.85    6386    0.0398  18645.6   46.5  18645.6  27640.0  27825.8          9          0        0.0053       0.3470
3          中途切换-最终测试目标     12120    21  120.57   12058    0.0397  21054.8   69.5  21054.8  32127.9  32502.8         17          1        0.0151       0.2805

=== 干净 epoch（前 40）===
                    rec      t0           kind   t_det     base   v0_sum  lvl_pre
0             切换负载-快相无责   10.81          onset   10.84     72.8     78.6     76.4
1             切换负载-快相无责   13.71  restep_reload   14.22   3584.9   3595.2   3567.7
2             切换负载-快相无责   13.87  restep_reload   14.37   3594.9   3629.8   3557.7
3             切换负载-快相无责   28.44         restep   28.50   4845.0   4826.2   4823.3
4             切换负载-快相无责   71.57       decrease   71.76  13416.0  12396.3  12289.3
5             切换负载-快相无责   75.04         restep   75.63   5507.0   5450.9   5423.8
6             切换负载-快相无责   75.59  restep_reload   75.87   5594.2   5598.6   5418.9
7             切换负载-快相无责  110.42         restep  110.73  19416.7  19404.7  19385.4
8             切换负载-快相无责  110.42  restep_reload  110.82  19416.7  19404.7  19385.4
9             切换负载-快相无责  129.38       decrease  129.45  26750.9  26381.5  26333.3
10            切换负载-快相无责  133.84          onset  133.89     70.0     65.7     59.5
11            切换负载-快相无责  181.95       decrease  182.07  29070.0  28122.9  28011.7
12            切换负载-快相无责  185.98          onset  186.02     64.6     54.9     46.0
13            切换负载-快相无责  202.62       decrease  202.71  26544.2  26147.1  26084.2
14            切换负载-快相无责  212.40       decrease  212.47  22498.5  22196.2  22139.5
15            切换负载-快相无责  213.13         restep  213.72   4868.6   5060.1  22161.9
16            切换负载-快相无责  217.51  restep_reload  217.81   5763.6   5763.7   5756.8
17            切换负载-快相无责  217.73  restep_reload  217.91   5774.1   5769.8   5761.6
18            切换负载-快相无责  217.95         restep  218.46   7809.0   6459.6   5767.2
19            切换负载-快相无责  230.06       decrease  230.65  12144.6  12165.6  12034.4
20            切换负载-快相无责  232.97       decrease  233.05   5127.1   5147.4   5222.8
21            切换负载-快相无责  233.28         restep  233.59   4116.9   3714.5   5198.6
22            切换负载-快相无责  240.73         restep  240.93  20523.6  20520.1  20417.0
23            切换负载-快相无责  249.61       decrease  249.67  25865.0  25969.4  25865.7
24   零负载-切换负载-零负载-再切换负载    3.34          onset    3.93     66.0     65.1     63.0
25   零负载-切换负载-零负载-再切换负载   11.76          onset   11.81     60.8     63.1     62.3
26   零负载-切换负载-零负载-再切换负载   31.20       decrease   31.26  16058.9  16097.1  15983.0
27   零负载-切换负载-零负载-再切换负载   35.93          onset   36.00     52.4     38.2     37.0
28   零负载-切换负载-零负载-再切换负载   50.58       decrease   50.64  22861.7  22792.6  22655.0
29   零负载-切换负载-零负载-再切换负载   57.28          onset   57.34     37.5     37.9     39.0
30  零负载-中途切换负载-零负载-切换负载   10.65          onset   10.68     67.3     68.6     69.8
31  零负载-中途切换负载-零负载-切换负载   20.37         restep   20.85  18642.8  18624.0  18494.4
32  零负载-中途切换负载-零负载-切换负载   20.69  restep_reload   20.94  18703.8  18678.1  18553.6
33  零负载-中途切换负载-零负载-切换负载   30.69       decrease   30.73  26351.5  26219.0  25961.1
34  零负载-中途切换负载-零负载-切换负载   39.06          onset   39.14     53.0     54.3     55.9
35  零负载-中途切换负载-零负载-切换负载   60.79       decrease   60.82  27848.4  27679.6  27722.7
36          中途切换-最终测试目标    8.31          onset    8.34     75.7     82.0     84.0
37          中途切换-最终测试目标   18.69         restep   18.81  16209.0  16189.7  16087.0
38          中途切换-最终测试目标   26.33       decrease   26.62  22585.6  22635.3  22934.4
39          中途切换-最终测试目标   27.61         restep   27.77  19464.0  19435.9  19335.1

实录瞬态候选 n=1
           rec      t    peak   back  pre_level  ratio_peak_pre   ipk
0  中途切换-最终测试目标  99.56  1895.6  271.3    29335.0          0.0646  9956

=== 平台段（level >= 7000 的）===
                    rec     t0      t1  dur_s    level
5             切换负载-快相无责   29.0   72.00  43.00  12048.0
7             切换负载-快相无责   77.0  111.00  34.00  18959.0
8             切换负载-快相无责  111.0  129.00  18.00  26169.3
10            切换负载-快相无责  134.0  182.00  48.00  27673.0
11            切换负载-快相无责  186.0  203.00  17.00  25641.8
12            切换负载-快相无责  203.0  212.00   9.00  22127.2
14            切换负载-快相无责  219.0  231.00  12.00  11951.1
16            切换负载-快相无责  234.0  241.00   7.00  20156.8
17            切换负载-快相无责  241.0  250.00   9.00  25612.7
21   零负载-切换负载-零负载-再切换负载   15.0   19.00   4.00  14491.5
22   零负载-切换负载-零负载-再切换负载   19.0   31.00  12.00  15642.7
25   零负载-切换负载-零负载-再切换负载   37.0   51.00  14.00  21771.8
27   零负载-切换负载-零负载-再切换负载   58.0   70.88  12.89  25486.5
30  零负载-中途切换负载-零负载-切换负载   12.0   15.00   3.00  16469.5
31  零负载-中途切换负载-零负载-切换负载   15.0   21.00   6.00  18183.4
32  零负载-中途切换负载-零负载-切换负载   21.0   31.00  10.00  25619.1
35  零负载-中途切换负载-零负载-切换负载   40.0   61.00  21.00  27313.8
38          中途切换-最终测试目标    9.0   11.00   2.00  13900.6
39          中途切换-最终测试目标   11.0   19.00   8.00  15627.1
40          中途切换-最终测试目标   19.0   26.00   7.00  22403.7
41          中途切换-最终测试目标   26.0   28.00   2.00  19464.0
42          中途切换-最终测试目标   28.0   45.00  17.00  24329.9
43          中途切换-最终测试目标   45.0   61.00  16.00  20970.9
44          中途切换-最终测试目标   61.0   69.00   8.00  24253.4
50          中途切换-最终测试目标   88.0   99.00  11.00  27961.8
51          中途切换-最终测试目标   99.0  104.00   5.00  29415.2
52          中途切换-最终测试目标  104.0  114.00  10.00  32156.1
