{'W1_1w': (26.0, 92.0), 'W2_3w': (80.0, 115.0), 'W3_1p5w': (5.0, 45.0), 'W4_1p9w': (5.0, 45.0)}

### W1_1w 切换负载-快相无责 窗 [26.0,92.0]s 帧=6599 电平中位=12101 干净 epoch=3 真值事件=3
  [W1_1w] white amp=1000 dur=- n=2 失败=2 耗时=2.6s
  [W1_1w] white amp=8000 dur=- n=2 失败=2 耗时=3.3s
  [W1_1w] tap amp=50 dur=100 n=2 失败=2 耗时=4.1s
  [W1_1w] step amp=20 dur=50 n=0 失败=0 耗时=5.6s

### W3_1p5w 零负载-切换负载-零负载-再切换负载 窗 [5.0,45.0]s 帧=3997 电平中位=15416 干净 epoch=3 真值事件=5
  [W3_1p5w] common amp=2000 dur=- n=2 失败=2 耗时=3.1s
elapsed 21.4
       win                 rec         level     cls   kind     amp  amp_pct  dur_ms  f_lo  f_hi  seed  site  fail  M1_miss  M2_wrong_anchor  M3_false_capture  M4_disp  M2_measured  n_epoch  n_epoch_clean  n_revoke  n_handoff  excess_rel   maxdev   dA_end  lowconf_frac
0    W1_1w           切换负载-快相无责  12101.302972   white  noise  1000.0      NaN     NaN   NaN   NaN     0   NaN     1        1                3                 0        1            3        2              3         0          1      0.3023   5681.2  11377.2        0.9894
1    W1_1w           切换负载-快相无责  12101.302972   white  noise  1000.0      NaN     NaN   NaN   NaN     1   NaN     1        2                3                 0        1            3        2              3         0          0      0.2044   3825.0  -5153.2        0.9889
2    W1_1w           切换负载-快相无责  12101.302972   white  noise  8000.0      NaN     NaN   NaN   NaN     0   NaN     1        3                3                 0        1            3        0              3         0          0      1.6277  30785.3  -5153.2        0.9895
3    W1_1w           切换负载-快相无责  12101.302972   white  noise  8000.0      NaN     NaN   NaN   NaN     1   NaN     1        3                3                 0        1            3        0              3         0          0      1.4348  30600.2  -5153.2        0.9895
4    W1_1w           切换负载-快相无责  12101.302972     tap    tap     NaN     50.0   100.0   NaN   NaN     0   6.0     1        1                3                 1        1            3        3              3         0          0      0.3241   6074.3  -5153.2        0.0000
5    W1_1w           切换负载-快相无责  12101.302972     tap    tap     NaN     50.0   100.0   NaN   NaN     0  12.0     1        0                0                 2        1            3        5              3         0          1      0.3266   6118.0    -79.0        0.0000
6  W3_1p5w  零负载-切换负载-零负载-再切换负载  15416.335417  common  noise  2000.0      NaN     NaN   NaN   NaN     0   NaN     1        1                2                 0        1            5        3              3         0          2      0.5472  12269.1  -1582.7        0.9822
7  W3_1p5w  零负载-切换负载-零负载-再切换负载  15416.335417  common  noise  2000.0      NaN     NaN   NaN   NaN     1   NaN     1        1                0                 1        1            5        4              3         0          2      0.4048   8906.8   -945.6        0.9827
     win  amp_pct         level      amp_adc  seed  site  t_inj  n_epoch  t_det  t_ho        dA_end  t0_rel    kind
0  W1_1w       20  12101.302972  2420.260594     0  36.0   36.0        5    0.1  5.01  13181.580602    0.01  restep
1  W1_1w       20  12101.302972  2420.260594     1  36.0   36.0        5    0.1  5.01  13181.580602    0.01  restep
cand rows 34 label1 20
       win     cls   kind     amp  amp_pct  dur_ms  n  n_fail  p_fail   ci_lo  ci_hi  p_M1  p_M2  p_M3  p_M4  m2_measured_mean  excess_rel_med  excess_rel_p90  n_epoch_med  lowconf_frac_med  amp_adc  amp_pct_level
0    W1_1w     tap    tap     NaN     50.0   100.0  2       2     1.0  0.3424    1.0   0.5   0.5   1.0   1.0               3.0          0.3254          0.3264          4.0            0.0000   6050.7            NaN
1    W1_1w   white  noise  1000.0      NaN     NaN  2       2     1.0  0.3424    1.0   1.0   1.0   0.0   1.0               3.0          0.2534          0.2925          2.0            0.9891      NaN         0.0826
2    W1_1w   white  noise  8000.0      NaN     NaN  2       2     1.0  0.3424    1.0   1.0   1.0   0.0   1.0               3.0          1.5312          1.6084          0.0            0.9895      NaN         0.6611
3  W3_1p5w  common  noise  2000.0      NaN     NaN  2       2     1.0  0.3424    1.0   1.0   0.5   0.5   1.0               5.0          0.4760          0.5330          3.5            0.9825      NaN         0.1297
        win     cls   kind         component  n  A50  A50_ci_lo  A50_ci_hi  p_at_min
0     W1_1w     tap    tap              fail  2  NaN        NaN        NaN       NaN
1     W1_1w     tap    tap           M1_miss  2  NaN        NaN        NaN       1.0
2     W1_1w     tap    tap   M2_wrong_anchor  2  NaN        NaN        NaN       1.0
3     W1_1w     tap    tap  M3_false_capture  2  NaN        NaN        NaN       NaN
4     W1_1w     tap    tap           M4_disp  2  NaN        NaN        NaN       NaN
5     W1_1w   white  noise              fail  4  NaN        NaN        NaN       NaN
6     W1_1w   white  noise           M1_miss  4  NaN        NaN        NaN       NaN
7     W1_1w   white  noise   M2_wrong_anchor  4  NaN        NaN        NaN       NaN
8     W1_1w   white  noise  M3_false_capture  4  NaN        NaN        NaN       NaN
9     W1_1w   white  noise           M4_disp  4  NaN        NaN        NaN       NaN
10  W3_1p5w  common  noise              fail  2  NaN        NaN        NaN       NaN
11  W3_1p5w  common  noise           M1_miss  2  NaN        NaN        NaN       NaN
12  W3_1p5w  common  noise   M2_wrong_anchor  2  NaN        NaN        NaN       1.0
13  W3_1p5w  common  noise  M3_false_capture  2  NaN        NaN        NaN       0.0
14  W3_1p5w  common  noise           M4_disp  2  NaN        NaN        NaN       NaN
