[合并] 主表 noise trial 712 + 低幅补测 144

=== 实测 50% 失效边界（白噪/共模，trial 级 logistic；extrapolated=1 表示拟合值超出实测幅值区间）===
        win     cls    component   n  n_fail  p_at_min_amp  p_ci_lo  p_ci_hi  amp_min  amp_max      A50  A50_ci_lo  A50_ci_hi  extrapolated
0     W1_1w   band1     复合（任一 M）  32      32         1.000    0.893    1.000    500.0   4000.0      NaN        NaN        NaN             1
1     W1_1w   band1       M1 漏触发  32      26         0.812    0.647    0.911    500.0   4000.0    541.1      481.2      752.3             0
2     W1_1w   band1  M2 锚点偏离>20%  32      31         0.969    0.843    0.994    500.0   4000.0  -2891.5    -4694.6     -221.2             1
3     W1_1w   band1     M3 错误重捕获  32      15         0.469    0.309    0.636    500.0   4000.0   3182.6   -14785.9     9881.0             0
4     W1_1w   band1      M4 显示越界  32      12         0.375    0.229    0.547    500.0   4000.0      NaN   -26812.5    32064.1             1
5     W1_1w  band15     复合（任一 M）  32      32         1.000    0.893    1.000    500.0   4000.0      NaN        NaN        NaN             1
6     W1_1w  band15       M1 漏触发  32      19         0.594    0.423    0.745    500.0   4000.0   1122.4    -2607.5     2410.2             0
7     W1_1w  band15  M2 锚点偏离>20%  32      32         1.000    0.893    1.000    500.0   4000.0      NaN        NaN        NaN             1
8     W1_1w  band15     M3 错误重捕获  32       4         0.125    0.050    0.281    500.0   4000.0   5975.7   -11787.8    28057.8             1
9     W1_1w  band15      M4 显示越界  32      28         0.875    0.719    0.950    500.0   4000.0    500.0      414.0      571.0             1
10    W1_1w   band2     复合（任一 M）  32      32         1.000    0.893    1.000    500.0   4000.0      NaN        NaN        NaN             1
11    W1_1w   band2       M1 漏触发  32      23         0.719    0.546    0.844    500.0   4000.0    932.9      745.4      977.1             0
12    W1_1w   band2  M2 锚点偏离>20%  32      31         0.969    0.843    0.994    500.0   4000.0  -2891.5    -6002.5     -206.0             1
13    W1_1w   band2     M3 错误重捕获  32      13         0.406    0.255    0.577    500.0   4000.0   3365.6   -12427.4    19333.5             0
14    W1_1w   band2      M4 显示越界  32       7         0.219    0.110    0.388    500.0   4000.0   3751.5     2672.1     7663.1             0
15    W1_1w  band40     复合（任一 M）  32      32         1.000    0.893    1.000    500.0   4000.0      NaN        NaN        NaN             1
16    W1_1w  band40       M1 漏触发  32      24         0.750    0.579    0.867    500.0   4000.0      NaN   -82399.9   108600.9             1
17    W1_1w  band40  M2 锚点偏离>20%  32      32         1.000    0.893    1.000    500.0   4000.0      NaN        NaN        NaN             1
18    W1_1w  band40     M3 错误重捕获  32       5         0.156    0.069    0.318    500.0   4000.0   4342.1     2934.5     8061.1             1
19    W1_1w  band40      M4 显示越界  32      26         0.812    0.647    0.911    500.0   4000.0    541.1      492.5      755.1             0
20    W1_1w   band5     复合（任一 M）  32      32         1.000    0.893    1.000    500.0   4000.0      NaN        NaN        NaN             1
21    W1_1w   band5       M1 漏触发  32      21         0.656    0.483    0.796    500.0   4000.0   1017.2      616.4     1324.3             0
22    W1_1w   band5  M2 锚点偏离>20%  32      32         1.000    0.893    1.000    500.0   4000.0      NaN        NaN        NaN             1
23    W1_1w   band5     M3 错误重捕获  32      13         0.406    0.255    0.577    500.0   4000.0   4389.4   -10144.5    48450.5             1
24    W1_1w   band5      M4 显示越界  32      31         0.969    0.843    0.994    500.0   4000.0    408.7      378.9      497.3             1
25    W1_1w  common     复合（任一 M）  84      71         0.845    0.753    0.907     20.0   8000.0     89.0       72.6      100.1             0
26    W1_1w  common       M1 漏触发  84      54         0.643    0.536    0.737     20.0   8000.0   -962.8   -10158.4     1547.5             1
27    W1_1w  common  M2 锚点偏离>20%  84      71         0.845    0.753    0.907     20.0   8000.0     89.0       72.6      100.1             0
28    W1_1w  common     M3 错误重捕获  84       6         0.071    0.033    0.147     20.0   8000.0  11290.6     7946.1    58700.7             1
29    W1_1w  common      M4 显示越界  84      44         0.524    0.418    0.627     20.0   8000.0    564.2      449.7      673.2             0
30    W1_1w   white     复合（任一 M）  84      72         0.857    0.767    0.916     20.0   8000.0     75.7       50.8      100.2             0
31    W1_1w   white       M1 漏触发  84      61         0.726    0.623    0.810     20.0   8000.0  -3050.9   -24251.0     -471.8             1
32    W1_1w   white  M2 锚点偏离>20%  84      72         0.857    0.767    0.916     20.0   8000.0     75.7       50.8      100.2             0
33    W1_1w   white     M3 错误重捕获  84       6         0.071    0.033    0.147     20.0   8000.0  11290.6     7675.4    26736.4             1
34    W1_1w   white      M4 显示越界  84      41         0.488    0.384    0.593     20.0   8000.0    579.8      526.7      760.4             0
35    W2_3w   band5     复合（任一 M）  24      24         1.000    0.862    1.000    500.0   4000.0      NaN        NaN        NaN             1
36    W2_3w   band5       M1 漏触发  24      19         0.792    0.595    0.908    500.0   4000.0    558.1      508.1      758.4             0
37    W2_3w   band5  M2 锚点偏离>20%  24      20         0.833    0.641    0.933    500.0   4000.0   7167.5   -27065.0    32976.0             1
38    W2_3w   band5     M3 错误重捕获  24       8         0.333    0.180    0.533    500.0   4000.0      NaN   -19498.2    24158.2             1
39    W2_3w   band5      M4 显示越界  24      23         0.958    0.798    0.993    500.0   4000.0  -2481.9    -5744.8      -16.4             1
40    W2_3w  common     复合（任一 M）  60      49         0.817    0.701    0.894    200.0   8000.0    380.6      210.5      541.9             0
41    W2_3w  common       M1 漏触发  60      29         0.483    0.362    0.607    200.0   8000.0   1850.7     1493.0     1947.5             0
42    W2_3w  common  M2 锚点偏离>20%  60      24         0.400    0.286    0.526    200.0   8000.0   2869.3     1905.9     4224.7             0
43    W2_3w  common     M3 错误重捕获  60      15         0.250    0.158    0.372    200.0   8000.0 -11360.4  -123649.6    62648.1             1
44    W2_3w  common      M4 显示越界  60      45         0.750    0.628    0.842    200.0   8000.0    523.0      388.6      650.5             0
45    W2_3w   white     复合（任一 M）  60      55         0.917    0.819    0.964    200.0   8000.0     29.1     -631.7      275.5             1
46    W2_3w   white       M1 漏触发  60      27         0.450    0.331    0.575    200.0   8000.0   1937.4     1514.1     2024.6             0
47    W2_3w   white  M2 锚点偏离>20%  60      30         0.500    0.377    0.623    200.0   8000.0   2507.1     -524.7     5904.5             0
48    W2_3w   white     M3 错误重捕获  60      23         0.383    0.271    0.510    200.0   8000.0  -6453.9   -85849.6    61618.9             1
49    W2_3w   white      M4 显示越界  60      53         0.883    0.778    0.942    200.0   8000.0    214.5     -154.9      366.7             0
50  W3_1p5w   band5     复合（任一 M）  24      19         0.792    0.595    0.908    500.0   4000.0    650.4      354.5      971.2             0
51  W3_1p5w   band5       M1 漏触发  24       6         0.250    0.120    0.449    500.0   4000.0   2972.6     2937.5     3004.6             0
52  W3_1p5w   band5  M2 锚点偏离>20%  24      10         0.417    0.245    0.612    500.0   4000.0   1959.0     1508.5     2198.5             0
53  W3_1p5w   band5     M3 错误重捕获  24       4         0.167    0.067    0.359    500.0   4000.0      NaN   -85394.1    32495.1             1
54  W3_1p5w   band5      M4 显示越界  24      18         0.750    0.551    0.880    500.0   4000.0    749.8      479.8      988.8             0
55  W3_1p5w  common     复合（任一 M）  84      57         0.679    0.573    0.769     20.0   8000.0    279.8      176.5      396.3             0
56  W3_1p5w  common       M1 漏触发  84       5         0.060    0.026    0.132     20.0   8000.0   8000.0     7609.2     8378.0             1
57  W3_1p5w  common  M2 锚点偏离>20%  84      17         0.202    0.130    0.300     20.0   8000.0   4575.7     3388.8     6092.2             0
58  W3_1p5w  common     M3 错误重捕获  84      21         0.250    0.170    0.352     20.0   8000.0 -15764.3   -68511.8   159728.4             1
59  W3_1p5w  common      M4 显示越界  84      47         0.560    0.453    0.661     20.0   8000.0    475.9      440.9      508.4             0
60  W3_1p5w   white     复合（任一 M）  84      54         0.643    0.536    0.737     20.0   8000.0    304.2      248.8      355.8             0
61  W3_1p5w   white       M1 漏触发  84       4         0.048    0.019    0.116     20.0   8000.0   8103.0     7769.7     8487.1             1
62  W3_1p5w   white  M2 锚点偏离>20%  84      26         0.310    0.221    0.415     20.0   8000.0   2935.0     2052.4     4029.1             0
63  W3_1p5w   white     M3 错误重捕获  84       4         0.048    0.019    0.116     20.0   8000.0     11.6      -82.5       47.8             1
64  W3_1p5w   white      M4 显示越界  84      50         0.595    0.488    0.694     20.0   8000.0    350.7      343.7      358.5             0
65  W4_1p9w   band5     复合（任一 M）  24      24         1.000    0.862    1.000    500.0   4000.0      NaN        NaN        NaN             1
66  W4_1p9w   band5       M1 漏触发  24      16         0.667    0.467    0.820    500.0   4000.0    974.1      752.8     1479.9             0
67  W4_1p9w   band5  M2 锚点偏离>20%  24      24         1.000    0.862    1.000    500.0   4000.0      NaN        NaN        NaN             1
68  W4_1p9w   band5     M3 错误重捕获  24       0         0.000    0.000    0.138    500.0   4000.0      NaN        NaN        NaN             1
69  W4_1p9w   band5      M4 显示越界  24      21         0.875    0.690    0.957    500.0   4000.0    500.0      423.2      734.3             1
70  W4_1p9w  common     复合（任一 M）  84      58         0.690    0.585    0.779     20.0   8000.0    232.8      163.4      291.8             0
71  W4_1p9w  common       M1 漏触发  84      19         0.226    0.150    0.326     20.0   8000.0   3747.6     2975.2     3920.3             0
72  W4_1p9w  common  M2 锚点偏离>20%  84      50         0.595    0.488    0.694     20.0   8000.0    350.7      343.7      358.5             0
73  W4_1p9w  common     M3 错误重捕获  84      18         0.214    0.140    0.313     20.0   8000.0 -54620.9  -146020.0   144973.6             1
74  W4_1p9w  common      M4 显示越界  84      47         0.560    0.453    0.661     20.0   8000.0    475.9      352.3      510.9             0
75  W4_1p9w   white     复合（任一 M）  84      52         0.619    0.512    0.716     20.0   8000.0    214.9      200.1      352.6             0
76  W4_1p9w   white       M1 漏触发  84      21         0.250    0.170    0.352     20.0   8000.0   2840.1     2046.8     3772.4             0
77  W4_1p9w   white  M2 锚点偏离>20%  84      51         0.607    0.500    0.705     20.0   8000.0    227.3      205.4      354.0             0
78  W4_1p9w   white     M3 错误重捕获  84      12         0.143    0.084    0.233     20.0   8000.0  10042.0     5561.2    38296.6             1
79  W4_1p9w   white      M4 显示越界  84      47         0.560    0.453    0.661     20.0   8000.0    475.9      355.2      523.7             0
=== Q1 headline（复合失败率 / 分量率）===
       cls     amp      win   n  n_fail  p_fail  ci_lo  ci_hi  p_fail_anchor   p_M1   p_M2   p_M3   p_M4  excess_rel_med
0    white   200.0    W1_1w  10      10   1.000  0.722  1.000          1.000  1.000  1.000  0.000  0.000           0.062
1    white   200.0    W2_3w  10       7   0.700  0.397  0.892          0.100  0.000  0.100  0.400  0.500           0.200
2    white   200.0  W3_1p5w  10       0   0.000  0.000  0.278          0.000  0.000  0.000  0.000  0.000           0.080
3    white   200.0  W4_1p9w  10       2   0.200  0.057  0.510          0.100  0.000  0.100  0.100  0.000           0.072
4    white   500.0    W1_1w  10      10   1.000  0.722  1.000          1.000  1.000  1.000  0.000  0.100           0.116
5    white   500.0    W2_3w  10       8   0.800  0.490  0.943          0.200  0.000  0.200  0.400  0.800           0.232
6    white   500.0  W3_1p5w  10      10   1.000  0.722  1.000          0.200  0.000  0.200  0.000  1.000           0.232
7    white   500.0  W4_1p9w  10      10   1.000  0.722  1.000          1.000  0.000  1.000  0.100  0.700           0.223
8    white  1000.0    W1_1w  10      10   1.000  0.722  1.000          1.000  0.900  1.000  0.100  1.000           0.295
9    white  1000.0    W2_3w  10      10   1.000  0.722  1.000          0.500  0.000  0.500  0.400  1.000           0.355
10   white  1000.0  W3_1p5w  10      10   1.000  0.722  1.000          0.300  0.000  0.300  0.000  1.000           0.354
11   white  1000.0  W4_1p9w  10      10   1.000  0.722  1.000          1.000  0.000  1.000  0.200  1.000           0.298
12   white  2000.0    W1_1w  10      10   1.000  0.722  1.000          1.000  0.200  1.000  0.100  1.000           0.535
13   white  2000.0    W2_3w  10      10   1.000  0.722  1.000          0.700  0.700  0.700  0.400  1.000           0.439
14   white  2000.0  W3_1p5w  10      10   1.000  0.722  1.000          0.600  0.000  0.600  0.000  1.000           0.502
15   white  2000.0  W4_1p9w  10      10   1.000  0.722  1.000          1.000  0.200  1.000  0.200  1.000           0.426
16   white  4000.0    W1_1w  10      10   1.000  0.722  1.000          1.000  0.800  1.000  0.200  1.000           0.917
17   white  4000.0    W2_3w  10      10   1.000  0.722  1.000          0.900  1.000  0.900  0.400  1.000           0.704
18   white  4000.0  W3_1p5w  10      10   1.000  0.722  1.000          0.500  0.000  0.500  0.000  1.000           0.900
19   white  4000.0  W4_1p9w  10      10   1.000  0.722  1.000          1.000  0.900  1.000  0.300  1.000           0.780
20   white  8000.0    W1_1w  10      10   1.000  0.722  1.000          1.000  1.000  1.000  0.200  1.000           1.641
21   white  8000.0    W2_3w  10      10   1.000  0.722  1.000          0.600  1.000  0.600  0.300  1.000           1.003
22   white  8000.0  W3_1p5w  10      10   1.000  0.722  1.000          1.000  0.400  1.000  0.000  1.000           1.529
23   white  8000.0  W4_1p9w  10      10   1.000  0.722  1.000          1.000  1.000  1.000  0.300  1.000           1.205
24  common   200.0    W1_1w  10      10   1.000  0.722  1.000          1.000  1.000  1.000  0.000  0.100           0.063
25  common   200.0    W2_3w  10       3   0.300  0.108  0.603          0.000  0.000  0.000  0.300  0.100           0.176
26  common   200.0  W3_1p5w  10       3   0.300  0.108  0.603          0.000  0.000  0.000  0.300  0.000           0.072
27  common   200.0  W4_1p9w  10       2   0.200  0.057  0.510          0.000  0.000  0.000  0.200  0.000           0.069
28  common   500.0    W1_1w  10      10   1.000  0.722  1.000          1.000  1.000  1.000  0.000  0.300           0.123
29  common   500.0    W2_3w  10       6   0.600  0.313  0.832          0.000  0.000  0.000  0.300  0.400           0.190
30  common   500.0  W3_1p5w  10       8   0.800  0.490  0.943          0.100  0.000  0.100  0.300  0.700           0.220
31  common   500.0  W4_1p9w  10      10   1.000  0.722  1.000          1.000  0.000  1.000  0.200  0.700           0.215
32  common  1000.0    W1_1w  10      10   1.000  0.722  1.000          1.000  0.500  1.000  0.100  1.000           0.348
33  common  1000.0    W2_3w  10      10   1.000  0.722  1.000          0.100  0.000  0.100  0.300  1.000           0.267
34  common  1000.0  W3_1p5w  10      10   1.000  0.722  1.000          0.100  0.000  0.100  0.300  1.000           0.287
35  common  1000.0  W4_1p9w  10      10   1.000  0.722  1.000          1.000  0.000  1.000  0.200  1.000           0.282
36  common  2000.0    W1_1w  10      10   1.000  0.722  1.000          1.000  0.000  1.000  0.100  1.000           0.572
37  common  2000.0    W2_3w  10      10   1.000  0.722  1.000          0.600  0.900  0.600  0.200  1.000           0.422
38  common  2000.0  W3_1p5w  10      10   1.000  0.722  1.000          0.200  0.000  0.200  0.200  1.000           0.480
39  common  2000.0  W4_1p9w  10      10   1.000  0.722  1.000          1.000  0.000  1.000  0.200  1.000           0.435
40  common  4000.0    W1_1w  10      10   1.000  0.722  1.000          1.000  0.800  1.000  0.200  1.000           0.843
41  common  4000.0    W2_3w  10      10   1.000  0.722  1.000          0.800  1.000  0.800  0.200  1.000           0.691
42  common  4000.0  W3_1p5w  10      10   1.000  0.722  1.000          0.400  0.000  0.400  0.200  1.000           0.785
43  common  4000.0  W4_1p9w  10      10   1.000  0.722  1.000          1.000  0.900  1.000  0.200  1.000           0.764
44  common  8000.0    W1_1w  10      10   1.000  0.722  1.000          1.000  1.000  1.000  0.200  1.000           1.597
45  common  8000.0    W2_3w  10      10   1.000  0.722  1.000          0.900  1.000  0.900  0.200  1.000           1.087
46  common  8000.0  W3_1p5w  10      10   1.000  0.722  1.000          0.900  0.500  0.900  0.200  1.000           1.502
47  common  8000.0  W4_1p9w  10      10   1.000  0.722  1.000          1.000  1.000  1.000  0.200  1.000           1.306
48   band1   500.0    W1_1w   8       8   1.000  0.676  1.000          1.000  0.250  1.000  0.375  0.625           0.221
49   band1  1000.0    W1_1w   8       8   1.000  0.676  1.000          0.875  1.000  0.875  0.500  0.250           0.144
50   band1  2000.0    W1_1w   8       8   1.000  0.676  1.000          1.000  1.000  1.000  0.500  0.125           0.065
51   band1  4000.0    W1_1w   8       8   1.000  0.676  1.000          1.000  1.000  1.000  0.500  0.500           0.164
52   band2   500.0    W1_1w   8       8   1.000  0.676  1.000          1.000  0.000  1.000  0.250  0.125           0.179
53   band2  1000.0    W1_1w   8       8   1.000  0.676  1.000          0.875  0.875  0.875  0.375  0.125           0.062
54   band2  2000.0    W1_1w   8       8   1.000  0.676  1.000          1.000  1.000  1.000  0.500  0.000           0.119
55   band2  4000.0    W1_1w   8       8   1.000  0.676  1.000          1.000  1.000  1.000  0.500  0.625           0.203
56   band5   500.0    W1_1w   8       8   1.000  0.676  1.000          1.000  0.375  1.000  0.375  0.875           0.327
57   band5   500.0    W2_3w   6       6   1.000  0.610  1.000          0.833  0.167  0.833  0.333  1.000           0.319
58   band5   500.0  W3_1p5w   6       2   0.333  0.097  0.700          0.000  0.000  0.000  0.167  0.167           0.155
59   band5   500.0  W4_1p9w   6       6   1.000  0.610  1.000          1.000  0.000  1.000  0.000  0.500           0.198
60   band5  1000.0    W1_1w   8       8   1.000  0.676  1.000          1.000  0.250  1.000  0.375  1.000           0.322
61   band5  1000.0    W2_3w   6       6   1.000  0.610  1.000          0.833  1.000  0.833  0.333  0.833           0.358
62   band5  1000.0  W3_1p5w   6       5   0.833  0.436  0.970          0.000  0.000  0.000  0.167  0.833           0.263
63   band5  1000.0  W4_1p9w   6       6   1.000  0.610  1.000          1.000  0.667  1.000  0.000  1.000           0.350
64   band5  2000.0    W1_1w   8       8   1.000  0.676  1.000          1.000  1.000  1.000  0.375  1.000           0.320
65   band5  2000.0    W2_3w   6       6   1.000  0.610  1.000          1.000  1.000  1.000  0.333  1.000           0.426
66   band5  2000.0  W3_1p5w   6       6   1.000  0.610  1.000          0.667  0.000  0.667  0.167  1.000           0.446
67   band5  2000.0  W4_1p9w   6       6   1.000  0.610  1.000          1.000  1.000  1.000  0.000  1.000           0.423
68   band5  4000.0    W1_1w   8       8   1.000  0.676  1.000          1.000  1.000  1.000  0.500  1.000           0.603
69   band5  4000.0    W2_3w   6       6   1.000  0.610  1.000          0.667  1.000  0.667  0.333  1.000           0.500
70   band5  4000.0  W3_1p5w   6       6   1.000  0.610  1.000          1.000  1.000  1.000  0.167  1.000           0.626
71   band5  4000.0  W4_1p9w   6       6   1.000  0.610  1.000          1.000  1.000  1.000  0.000  1.000           0.569
72  band15   500.0    W1_1w   8       8   1.000  0.676  1.000          1.000  0.750  1.000  0.000  0.500           0.224
73  band15  1000.0    W1_1w   8       8   1.000  0.676  1.000          1.000  0.250  1.000  0.125  1.000           0.377
74  band15  2000.0    W1_1w   8       8   1.000  0.676  1.000          1.000  0.375  1.000  0.125  1.000           0.625
75  band15  4000.0    W1_1w   8       8   1.000  0.676  1.000          1.000  1.000  1.000  0.250  1.000           0.826
76  band40   500.0    W1_1w   8       8   1.000  0.676  1.000          1.000  1.000  1.000  0.000  0.250           0.123
77  band40  1000.0    W1_1w   8       8   1.000  0.676  1.000          1.000  0.875  1.000  0.000  1.000           0.393
78  band40  2000.0    W1_1w   8       8   1.000  0.676  1.000          1.000  0.125  1.000  0.250  1.000           0.558
79  band40  4000.0    W1_1w   8       8   1.000  0.676  1.000          1.000  1.000  1.000  0.375  1.000           0.915

=== 分层失败率（事件级，增量口径）===
       cls     amp       stratum     n   p_M1   p_M2  dA_rel_med
0    band1   500.0    big(>=20%)    24  0.125  0.750      0.5735
1    band1  1000.0    big(>=20%)    24  0.750  0.875      0.6539
2    band1  2000.0    big(>=20%)    24  1.000  0.958      0.3569
3    band1  4000.0    big(>=20%)    24  1.000  0.917      0.4178
4   band15   500.0    big(>=20%)    24  0.250  0.917      0.5103
5   band15  1000.0    big(>=20%)    24  0.083  0.792      0.5573
6   band15  2000.0    big(>=20%)    24  0.250  0.833      0.5185
7   band15  4000.0    big(>=20%)    24  1.000  1.000      0.3376
8    band2   500.0    big(>=20%)    24  0.000  0.667      0.6251
9    band2  1000.0    big(>=20%)    24  0.750  0.833      0.3377
10   band2  2000.0    big(>=20%)    24  1.000  1.000      0.3479
11   band2  4000.0    big(>=20%)    24  1.000  0.958      0.4020
12  band40   500.0    big(>=20%)    24  0.333  1.000      0.3929
13  band40  1000.0    big(>=20%)    24  0.292  0.958      0.5562
14  band40  2000.0    big(>=20%)    24  0.042  0.833      0.5333
15  band40  4000.0    big(>=20%)    24  0.667  1.000      0.4403
16   band5   500.0    big(>=20%)    72  0.042  0.444      0.2210
17   band5   500.0  small(5-10%)    12  0.083  0.000      0.0668
18   band5  1000.0    big(>=20%)    72  0.111  0.486      0.2787
19   band5  1000.0  small(5-10%)    12  0.500  0.000      0.0548
20   band5  2000.0    big(>=20%)    72  0.389  0.514      0.2838
21   band5  2000.0  small(5-10%)    12  0.500  0.250      0.0582
22   band5  4000.0    big(>=20%)    72  0.708  0.569      0.3351
23   band5  4000.0   mid(10-20%)     1  1.000  1.000      1.9836
24   band5  4000.0  small(5-10%)    11  1.000  0.455      0.0704
25  common   200.0    big(>=20%)   110  0.091  0.273      0.1303
26  common   200.0  small(5-10%)    20  0.000  0.000      0.0517
27  common   500.0    big(>=20%)   110  0.091  0.364      0.1501
28  common   500.0  small(5-10%)    20  0.000  0.050      0.0588
29  common  1000.0    big(>=20%)   110  0.045  0.355      0.1603
30  common  1000.0  small(5-10%)    20  0.000  0.050      0.0688
31  common  2000.0    big(>=20%)   110  0.000  0.409      0.1894
32  common  2000.0  small(5-10%)    20  0.450  0.100      0.0711
33  common  4000.0    big(>=20%)   110  0.236  0.509      0.2810
34  common  4000.0  small(5-10%)    20  0.500  0.150      0.0707
35  common  8000.0    big(>=20%)   110  0.427  0.573      0.3291
36  common  8000.0  small(5-10%)    20  0.750  0.550      0.2594
37     tap     NaN    big(>=20%)  1050  0.038  0.198      0.0010
38   white   200.0    big(>=20%)   110  0.091  0.291      0.1609
39   white   200.0  small(5-10%)    20  0.000  0.000      0.0607
40   white   500.0    big(>=20%)   110  0.091  0.382      0.1633
41   white   500.0  small(5-10%)    20  0.000  0.100      0.0872
42   white  1000.0    big(>=20%)   110  0.082  0.409      0.2025
43   white  1000.0  small(5-10%)    20  0.000  0.150      0.0708
44   white  2000.0    big(>=20%)   110  0.036  0.436      0.2454
45   white  2000.0  small(5-10%)    20  0.350  0.300      0.0910
46   white  4000.0    big(>=20%)   110  0.227  0.545      0.3454
47   white  4000.0  small(5-10%)    20  0.500  0.250      0.0623
48   white  8000.0    big(>=20%)   110  0.509  0.636      0.3557
49   white  8000.0   mid(10-20%)     1  0.000  0.000      0.1594
50   white  8000.0  small(5-10%)    19  0.737  0.368      0.0588

=== 分层 50% 失效边界 ===
    class_       stratum component    n  n_fail  p_min      A50  A50_ci_lo  A50_ci_hi
0    white    big(>=20%)   M1_miss  660     114    0.0   7952.5     7106.5     9314.8
1    white    big(>=20%)        M2  660     297    1.0   3867.4     2987.7     5236.0
2    white  small(5-10%)   M1_miss  119      31    0.0   5015.6     3758.7     6362.3
3    white  small(5-10%)        M2  119      23    0.0   9577.5     6430.1    21619.1
4   common    big(>=20%)   M1_miss  660      98    0.0   8789.2     8006.6    10455.9
5   common    big(>=20%)        M2  660     273    1.0   5117.5     3942.2     7835.1
6   common  small(5-10%)   M1_miss  120      34    0.0   4803.7     3624.1     6127.1
7   common  small(5-10%)        M2  120      18    0.0   7551.3     6225.1     9882.1
8    band1    big(>=20%)   M1_miss   96      69    0.0    819.2      670.5      950.3
9    band1    big(>=20%)        M2   96      84    0.0  -3054.3   -35014.2    94817.2
10   band2    big(>=20%)   M1_miss   96      66    0.0    960.0      925.8      990.4
11   band2    big(>=20%)        M2   96      83    0.0   -384.5    -3277.9      472.0
12   band5    big(>=20%)   M1_miss  288      90    0.0   2905.7     2550.8     3218.2
13   band5    big(>=20%)        M2  288     145    0.0   1767.5    -3111.7     4462.4
14   band5  small(5-10%)   M1_miss   47      24    0.0   1599.6     1086.3     2120.2
15   band5  small(5-10%)        M2   47       8    0.0   3974.6     3025.3     5521.1
16  band15    big(>=20%)   M1_miss   96      38    0.0   2234.5     1853.6     2551.2
17  band15    big(>=20%)        M2   96      85    0.0  -2725.4   -14566.6     -365.3
18  band40    big(>=20%)   M1_miss   96      32    0.0   3563.4     2504.5     8359.3
19  band40    big(>=20%)        M2   96      91    1.0 -62847.5  -205623.6   227162.5

=== tap 档（复合）===
                 n  p_fail   p_M1   p_M2   p_M3  tap_surv
amp_pct dur_ms                                           
10.0    20.0    14   0.000  0.000  0.000  0.000     0.000
        50.0    14   0.000  0.000  0.000  0.000     0.000
        100.0   14   0.000  0.000  0.000  0.000     0.000
        200.0   14   0.286  0.143  0.143  0.143     0.143
        500.0   14   1.000  0.143  0.143  1.000     1.143
20.0    20.0    14   0.000  0.000  0.000  0.000     0.000
        50.0    14   0.000  0.000  0.000  0.000     0.000
        100.0   14   0.429  0.286  0.286  0.286     0.286
        200.0   14   0.143  0.143  0.143  0.000     0.000
        500.0   14   1.000  0.143  0.143  1.000     1.000
30.0    20.0    14   0.000  0.000  0.000  0.000     0.000
        50.0    14   0.000  0.000  0.000  0.000     0.000
        100.0   14   0.857  0.143  0.143  0.000     0.000
        200.0   14   0.143  0.143  0.143  0.000     0.000
        500.0   14   1.000  0.143  0.143  1.000     1.000
50.0    20.0    14   1.000  0.143  0.143  0.714     0.714
        50.0    14   1.000  0.143  0.143  1.000     1.000
        100.0   14   1.000  0.143  0.143  0.000     0.000
        200.0   14   0.143  0.143  0.143  0.000     0.000
        500.0   14   1.000  0.143  0.143  1.000     1.000
100.0   20.0    14   1.000  0.143  0.857  1.000     1.000
        50.0    14   1.000  0.286  1.000  0.286     0.286
        100.0   14   1.000  0.143  1.000  0.000     0.000
        200.0   14   1.000  0.143  1.000  0.000     0.000
        500.0   14   1.000  0.143  0.857  1.000     1.000
