[merge] t5b_trials_raw: 1062 行
[merge] t5b_event_detail: 3762 行
[merge] t5b_candidates: 5317 行
[merge] t5b_step_latency: 20 行

=== 全档失败率 ===
         win     cls   kind     amp  amp_pct  dur_ms   n  n_fail  p_fail   ci_lo   ci_hi  p_fail_anchor  p_fail_det    p_M1    p_M2    p_M3    p_M4  p_M1_abs  m2_measured_mean  excess_rel_med  excess_rel_p90  n_epoch_med  lowconf_frac_med  amp_pct_level  amp_adc
0      W1_1w   band1  noise   500.0      NaN     NaN   8       8  1.0000  0.6756  1.0000         1.0000      0.5000  0.2500  1.0000  0.3750  0.6250    0.2500               3.0          0.2207          0.3309          3.0            0.9895         0.0413      NaN
1      W1_1w   band1  noise  1000.0      NaN     NaN   8       8  1.0000  0.6756  1.0000         0.8750      1.0000  1.0000  0.8750  0.5000  0.2500    1.0000               3.0          0.1438          0.2392          1.0            0.9895         0.0826      NaN
2      W1_1w   band1  noise  2000.0      NaN     NaN   8       8  1.0000  0.6756  1.0000         1.0000      1.0000  1.0000  1.0000  0.5000  0.1250    1.0000               3.0          0.0654          0.1463          0.5            0.9895         0.1653      NaN
3      W1_1w   band1  noise  4000.0      NaN     NaN   8       8  1.0000  0.6756  1.0000         1.0000      1.0000  1.0000  1.0000  0.5000  0.5000    1.0000               3.0          0.1645          0.3519          0.5            0.9895         0.3305      NaN
4      W1_1w  band15  noise   500.0      NaN     NaN   8       8  1.0000  0.6756  1.0000         1.0000      0.7500  0.7500  1.0000  0.0000  0.5000    0.7500               3.0          0.2244          0.3538          2.0            0.9890         0.0413      NaN
5      W1_1w  band15  noise  1000.0      NaN     NaN   8       8  1.0000  0.6756  1.0000         1.0000      0.3750  0.2500  1.0000  0.1250  1.0000    0.2500               3.0          0.3765          0.5496          3.0            0.9894         0.0826      NaN
6      W1_1w  band15  noise  2000.0      NaN     NaN   8       8  1.0000  0.6756  1.0000         1.0000      0.3750  0.3750  1.0000  0.1250  1.0000    0.3750               3.0          0.6245          0.7941          3.0            0.9895         0.1653      NaN
7      W1_1w  band15  noise  4000.0      NaN     NaN   8       8  1.0000  0.6756  1.0000         1.0000      1.0000  1.0000  1.0000  0.2500  1.0000    1.0000               3.0          0.8259          1.1212          0.0            0.9895         0.3305      NaN
8      W1_1w   band2  noise   500.0      NaN     NaN   8       8  1.0000  0.6756  1.0000         1.0000      0.2500  0.0000  1.0000  0.2500  0.1250    0.0000               3.0          0.1785          0.2041          3.0            0.9894         0.0413      NaN
9      W1_1w   band2  noise  1000.0      NaN     NaN   8       8  1.0000  0.6756  1.0000         0.8750      0.8750  0.8750  0.8750  0.3750  0.1250    0.8750               3.0          0.0624          0.2211          1.0            0.9894         0.0826      NaN
10     W1_1w   band2  noise  2000.0      NaN     NaN   8       8  1.0000  0.6756  1.0000         1.0000      1.0000  1.0000  1.0000  0.5000  0.0000    1.0000               3.0          0.1195          0.1382          0.5            0.9895         0.1653      NaN
11     W1_1w   band2  noise  4000.0      NaN     NaN   8       8  1.0000  0.6756  1.0000         1.0000      1.0000  1.0000  1.0000  0.5000  0.6250    1.0000               3.0          0.2031          0.4039          0.5            0.9895         0.3305      NaN
12     W1_1w  band40  noise   500.0      NaN     NaN   8       8  1.0000  0.6756  1.0000         1.0000      1.0000  1.0000  1.0000  0.0000  0.2500    1.0000               3.0          0.1230          0.3323          2.0            0.9269         0.0413      NaN
13     W1_1w  band40  noise  1000.0      NaN     NaN   8       8  1.0000  0.6756  1.0000         1.0000      0.8750  0.8750  1.0000  0.0000  1.0000    0.8750               3.0          0.3932          0.4696          2.0            0.9889         0.0826      NaN
14     W1_1w  band40  noise  2000.0      NaN     NaN   8       8  1.0000  0.6756  1.0000         1.0000      0.3750  0.1250  1.0000  0.2500  1.0000    0.1250               3.0          0.5582          0.6754          3.0            0.9893         0.1653      NaN
15     W1_1w  band40  noise  4000.0      NaN     NaN   8       8  1.0000  0.6756  1.0000         1.0000      1.0000  1.0000  1.0000  0.3750  1.0000    1.0000               3.0          0.9155          1.0539          1.5            0.9895         0.3305      NaN
16     W1_1w   band5  noise   500.0      NaN     NaN   8       8  1.0000  0.6756  1.0000         1.0000      0.7500  0.3750  1.0000  0.3750  0.8750    0.3750               3.0          0.3269          0.4462          3.0            0.9891         0.0413      NaN
17     W1_1w   band5  noise  1000.0      NaN     NaN   8       8  1.0000  0.6756  1.0000         1.0000      0.5000  0.2500  1.0000  0.3750  1.0000    0.2500               3.0          0.3220          0.3530          3.0            0.9893         0.0826      NaN
18     W1_1w   band5  noise  2000.0      NaN     NaN   8       8  1.0000  0.6756  1.0000         1.0000      1.0000  1.0000  1.0000  0.3750  1.0000    1.0000               3.0          0.3203          0.4907          1.0            0.9893         0.1653      NaN
19     W1_1w   band5  noise  4000.0      NaN     NaN   8       8  1.0000  0.6756  1.0000         1.0000      1.0000  1.0000  1.0000  0.5000  1.0000    1.0000               3.0          0.6033          0.7712          1.0            0.9893         0.3305      NaN
20     W1_1w  common  noise   200.0      NaN     NaN  10      10  1.0000  0.7225  1.0000         1.0000      1.0000  1.0000  1.0000  0.0000  0.1000    1.0000               3.0          0.0635          0.1769          2.0            0.1000         0.0165      NaN
21     W1_1w  common  noise   500.0      NaN     NaN  10      10  1.0000  0.7225  1.0000         1.0000      1.0000  1.0000  1.0000  0.0000  0.3000    1.0000               3.0          0.1231          0.3316          2.0            0.8862         0.0413      NaN
22     W1_1w  common  noise  1000.0      NaN     NaN  10      10  1.0000  0.7225  1.0000         1.0000      0.6000  0.5000  1.0000  0.1000  1.0000    0.5000               3.0          0.3479          0.4704          3.0            0.9889         0.0826      NaN
23     W1_1w  common  noise  2000.0      NaN     NaN  10      10  1.0000  0.7225  1.0000         1.0000      0.1000  0.0000  1.0000  0.1000  1.0000    0.0000               3.0          0.5718          0.6815          3.0            0.9893         0.1653      NaN
24     W1_1w  common  noise  4000.0      NaN     NaN  10      10  1.0000  0.7225  1.0000         1.0000      0.8000  0.8000  1.0000  0.2000  1.0000    0.8000               3.0          0.8433          1.0150          2.0            0.9893         0.3305      NaN
25     W1_1w  common  noise  8000.0      NaN     NaN  10      10  1.0000  0.7225  1.0000         1.0000      1.0000  1.0000  1.0000  0.2000  1.0000    1.0000               3.0          1.5967          1.6662          0.0            0.9894         0.6611      NaN
26     W1_1w     tap    tap     NaN     10.0    20.0  14       0  0.0000  0.0000  0.2153         0.0000      0.0000  0.0000  0.0000  0.0000  0.0000    0.0000               3.0          0.0642          0.0644          3.0            0.0000            NaN   1210.1
27     W1_1w     tap    tap     NaN     10.0    50.0  14       0  0.0000  0.0000  0.2153         0.0000      0.0000  0.0000  0.0000  0.0000  0.0000    0.0000               3.0          0.0641          0.0643          3.0            0.0000            NaN   1210.1
28     W1_1w     tap    tap     NaN     10.0   100.0  14       0  0.0000  0.0000  0.2153         0.0000      0.0000  0.0000  0.0000  0.0000  0.0000    0.0000               3.0          0.0638          0.0643          3.0            0.0000            NaN   1210.1
29     W1_1w     tap    tap     NaN     10.0   200.0  14       4  0.2857  0.1172  0.5465         0.1429      0.2857  0.1429  0.1429  0.1429  0.0000    0.1429               3.0          0.0428          0.0562          4.0            0.0000            NaN   1210.1
30     W1_1w     tap    tap     NaN     10.0   500.0  14      14  1.0000  0.7847  1.0000         0.1429      1.0000  0.1429  0.1429  1.0000  0.0000    0.1429               3.0          0.0204          0.0284          4.0            0.0000            NaN   1210.1
31     W1_1w     tap    tap     NaN     20.0    20.0  14       0  0.0000  0.0000  0.2153         0.0000      0.0000  0.0000  0.0000  0.0000  0.0000    0.0000               3.0          0.1286          0.1288          3.0            0.0000            NaN   2420.3
32     W1_1w     tap    tap     NaN     20.0    50.0  14       0  0.0000  0.0000  0.2153         0.0000      0.0000  0.0000  0.0000  0.0000  0.0000    0.0000               3.0          0.1285          0.1287          3.0            0.0000            NaN   2420.3
33     W1_1w     tap    tap     NaN     20.0   100.0  14       6  0.4286  0.2138  0.6741         0.2857      0.4286  0.2857  0.2857  0.2857  0.0000    0.2857               3.0          0.1279          0.1286          4.0            0.0000            NaN   2420.3
34     W1_1w     tap    tap     NaN     20.0   200.0  14       2  0.1429  0.0401  0.3994         0.1429      0.1429  0.1429  0.1429  0.0000  0.0000    0.1429               3.0          0.0847          0.0908          5.0            0.0000            NaN   2420.3
35     W1_1w     tap    tap     NaN     20.0   500.0  14      14  1.0000  0.7847  1.0000         0.1429      1.0000  0.1429  0.1429  1.0000  0.0000    0.1429               3.0          0.0206          0.0326          4.0            0.0000            NaN   2420.3
36     W1_1w     tap    tap     NaN     30.0    20.0  14       0  0.0000  0.0000  0.2153         0.0000      0.0000  0.0000  0.0000  0.0000  0.0000    0.0000               3.0          0.1929          0.1932          3.0            0.0000            NaN   3630.4
37     W1_1w     tap    tap     NaN     30.0    50.0  14       0  0.0000  0.0000  0.2153         0.0000      0.0000  0.0000  0.0000  0.0000  0.0000    0.0000               3.0          0.1929          0.1931          3.0            0.0000            NaN   3630.4
38     W1_1w     tap    tap     NaN     30.0   100.0  14      12  0.8571  0.6006  0.9599         0.1429      0.1429  0.1429  0.1429  0.0000  0.7143    0.1429               3.0          0.2136          0.2184          5.0            0.0000            NaN   3630.4
39     W1_1w     tap    tap     NaN     30.0   200.0  14       2  0.1429  0.0401  0.3994         0.1429      0.1429  0.1429  0.1429  0.0000  0.0000    0.1429               3.0          0.1170          0.1231          5.0            0.0000            NaN   3630.4
40     W1_1w     tap    tap     NaN     30.0   500.0  14      14  1.0000  0.7847  1.0000         0.1429      1.0000  0.1429  0.1429  1.0000  0.0000    0.1429               3.0          0.0209          0.0253          4.0            0.0000            NaN   3630.4
41     W1_1w     tap    tap     NaN     50.0    20.0  14      14  1.0000  0.7847  1.0000         0.1429      0.7143  0.1429  0.1429  0.7143  1.0000    0.1429               3.0          0.3215          0.3219          4.0            0.0000            NaN   6050.7
42     W1_1w     tap    tap     NaN     50.0    50.0  14      14  1.0000  0.7847  1.0000         0.1429      1.0000  0.1429  0.1429  1.0000  1.0000    0.1429               3.0          0.3215          0.3219          4.0            0.0000            NaN   6050.7
43     W1_1w     tap    tap     NaN     50.0   100.0  14      14  1.0000  0.7847  1.0000         0.1429      0.1429  0.1429  0.1429  0.0000  1.0000    0.1429               3.0          0.3429          0.3478          5.0            0.0000            NaN   6050.7
44     W1_1w     tap    tap     NaN     50.0   200.0  14       2  0.1429  0.0401  0.3994         0.1429      0.1429  0.1429  0.1429  0.0000  0.0000    0.1429               3.0          0.1816          0.1877          5.0            0.0000            NaN   6050.7
45     W1_1w     tap    tap     NaN     50.0   500.0  14      14  1.0000  0.7847  1.0000         0.1429      1.0000  0.1429  0.1429  1.0000  0.0000    0.1429               3.0          0.0295          0.0344          4.0            0.0000            NaN   6050.7
46     W1_1w     tap    tap     NaN    100.0    20.0  14      14  1.0000  0.7847  1.0000         0.8571      1.0000  0.1429  0.8571  1.0000  1.0000    0.1429               3.0          0.6433          0.6439          4.0            0.0000            NaN  12101.3
47     W1_1w     tap    tap     NaN    100.0    50.0  14      14  1.0000  0.7847  1.0000         1.0000      0.4286  0.2857  1.0000  0.2857  1.0000    0.2857               3.0          0.6433          0.6439          5.0            0.0000            NaN  12101.3
48     W1_1w     tap    tap     NaN    100.0   100.0  14      14  1.0000  0.7847  1.0000         1.0000      0.1429  0.1429  1.0000  0.0000  1.0000    0.1429               3.0          0.6659          0.6709          5.0            0.0000            NaN  12101.3
49     W1_1w     tap    tap     NaN    100.0   200.0  14      14  1.0000  0.7847  1.0000         1.0000      0.1429  0.1429  1.0000  0.0000  1.0000    0.1429               3.0          0.3431          0.3493          5.0            0.0000            NaN  12101.3
50     W1_1w     tap    tap     NaN    100.0   500.0  14      14  1.0000  0.7847  1.0000         0.8571      1.0000  0.1429  0.8571  1.0000  0.0000    0.1429               3.0          0.1517          0.1549          4.0            0.0000            NaN  12101.3
51     W1_1w   white  noise   200.0      NaN     NaN  10      10  1.0000  0.7225  1.0000         1.0000      1.0000  1.0000  1.0000  0.0000  0.0000    1.0000               3.0          0.0617          0.0643          2.0            0.1146         0.0165      NaN
52     W1_1w   white  noise   500.0      NaN     NaN  10      10  1.0000  0.7225  1.0000         1.0000      1.0000  1.0000  1.0000  0.0000  0.1000    1.0000               3.0          0.1156          0.1505          2.0            0.9113         0.0413      NaN
53     W1_1w   white  noise  1000.0      NaN     NaN  10      10  1.0000  0.7225  1.0000         1.0000      1.0000  0.9000  1.0000  0.1000  1.0000    0.9000               3.0          0.2951          0.4550          2.0            0.9892         0.0826      NaN
54     W1_1w   white  noise  2000.0      NaN     NaN  10      10  1.0000  0.7225  1.0000         1.0000      0.3000  0.2000  1.0000  0.1000  1.0000    0.2000               3.0          0.5353          0.7733          3.0            0.9894         0.1653      NaN
55     W1_1w   white  noise  4000.0      NaN     NaN  10      10  1.0000  0.7225  1.0000         1.0000      0.8000  0.8000  1.0000  0.2000  1.0000    0.8000               3.0          0.9173          1.0967          2.0            0.9895         0.3305      NaN
56     W1_1w   white  noise  8000.0      NaN     NaN  10      10  1.0000  0.7225  1.0000         1.0000      1.0000  1.0000  1.0000  0.2000  1.0000    1.0000               3.0          1.6414          1.8664          0.0            0.9895         0.6611      NaN
57     W2_3w   band5  noise   500.0      NaN     NaN   6       6  1.0000  0.6097  1.0000         0.8333      0.5000  0.1667  0.8333  0.3333  1.0000    1.0000               3.0          0.3195          0.3366          3.0            0.9803         0.0177      NaN
58     W2_3w   band5  noise  1000.0      NaN     NaN   6       6  1.0000  0.6097  1.0000         0.8333      1.0000  1.0000  0.8333  0.3333  0.8333    1.0000               3.0          0.3580          0.4111          2.0            0.9803         0.0355      NaN
59     W2_3w   band5  noise  2000.0      NaN     NaN   6       6  1.0000  0.6097  1.0000         1.0000      1.0000  1.0000  1.0000  0.3333  1.0000    1.0000               3.0          0.4265          0.4791          2.0            0.9803         0.0709      NaN
60     W2_3w   band5  noise  4000.0      NaN     NaN   6       6  1.0000  0.6097  1.0000         0.6667      1.0000  1.0000  0.6667  0.3333  1.0000    1.0000               3.0          0.4998          0.5781          2.0            0.9803         0.1418      NaN
61     W2_3w  common  noise   200.0      NaN     NaN  10       3  0.3000  0.1078  0.6032         0.0000      0.3000  0.0000  0.0000  0.3000  0.1000    1.0000               3.0          0.1756          0.1976          3.0            0.2363         0.0071      NaN
62     W2_3w  common  noise   500.0      NaN     NaN  10       6  0.6000  0.3127  0.8318         0.0000      0.3000  0.0000  0.0000  0.3000  0.4000    1.0000               3.0          0.1895          0.2115          3.0            0.2432         0.0177      NaN
63     W2_3w  common  noise  1000.0      NaN     NaN  10      10  1.0000  0.7225  1.0000         0.1000      0.3000  0.0000  0.1000  0.3000  1.0000    1.0000               3.0          0.2673          0.2888          3.0            0.9495         0.0355      NaN
64     W2_3w  common  noise  2000.0      NaN     NaN  10      10  1.0000  0.7225  1.0000         0.6000      0.9000  0.9000  0.6000  0.2000  1.0000    1.0000               3.0          0.4221          0.5352          2.0            0.9803         0.0709      NaN
65     W2_3w  common  noise  4000.0      NaN     NaN  10      10  1.0000  0.7225  1.0000         0.8000      1.0000  1.0000  0.8000  0.2000  1.0000    1.0000               3.0          0.6909          0.8676          2.0            0.9803         0.1418      NaN
66     W2_3w  common  noise  8000.0      NaN     NaN  10      10  1.0000  0.7225  1.0000         0.9000      1.0000  1.0000  0.9000  0.2000  1.0000    1.0000               3.0          1.0865          1.2904          2.0            0.9803         0.2836      NaN
67     W2_3w   white  noise   200.0      NaN     NaN  10       7  0.7000  0.3968  0.8922         0.1000      0.4000  0.0000  0.1000  0.4000  0.5000    1.0000               3.0          0.1999          0.2113          3.0            0.2364         0.0071      NaN
68     W2_3w   white  noise   500.0      NaN     NaN  10       8  0.8000  0.4902  0.9433         0.2000      0.4000  0.0000  0.2000  0.4000  0.8000    1.0000               3.0          0.2324          0.2983          3.0            0.2430         0.0177      NaN
69     W2_3w   white  noise  1000.0      NaN     NaN  10      10  1.0000  0.7225  1.0000         0.5000      0.4000  0.0000  0.5000  0.4000  1.0000    1.0000               3.0          0.3552          0.3781          3.0            0.8788         0.0355      NaN
70     W2_3w   white  noise  2000.0      NaN     NaN  10      10  1.0000  0.7225  1.0000         0.7000      0.9000  0.7000  0.7000  0.4000  1.0000    1.0000               3.0          0.4392          0.5626          2.5            0.9803         0.0709      NaN
71     W2_3w   white  noise  4000.0      NaN     NaN  10      10  1.0000  0.7225  1.0000         0.9000      1.0000  1.0000  0.9000  0.4000  1.0000    1.0000               3.0          0.7036          0.8333          2.0            0.9803         0.1418      NaN
72     W2_3w   white  noise  8000.0      NaN     NaN  10      10  1.0000  0.7225  1.0000         0.6000      1.0000  1.0000  0.6000  0.3000  1.0000    1.0000               3.0          1.0034          1.2399          2.0            0.9803         0.2836      NaN
73   W3_1p5w   band5  noise   500.0      NaN     NaN   6       2  0.3333  0.0968  0.7000         0.0000      0.1667  0.0000  0.0000  0.1667  0.1667    1.0000               5.0          0.1546          0.2010          3.0            0.9827         0.0324      NaN
74   W3_1p5w   band5  noise  1000.0      NaN     NaN   6       5  0.8333  0.4365  0.9699         0.0000      0.1667  0.0000  0.0000  0.1667  0.8333    1.0000               5.0          0.2627          0.3463          3.0            0.9827         0.0649      NaN
75   W3_1p5w   band5  noise  2000.0      NaN     NaN   6       6  1.0000  0.6097  1.0000         0.6667      0.1667  0.0000  0.6667  0.1667  1.0000    1.0000               5.0          0.4461          0.5534          3.0            0.9827         0.1297      NaN
76   W3_1p5w   band5  noise  4000.0      NaN     NaN   6       6  1.0000  0.6097  1.0000         1.0000      1.0000  1.0000  1.0000  0.1667  1.0000    1.0000               5.0          0.6258          0.6867          1.0            0.9827         0.2595      NaN
77   W3_1p5w  common  noise   200.0      NaN     NaN  10       3  0.3000  0.1078  0.6032         0.0000      0.3000  0.0000  0.0000  0.3000  0.0000    1.0000               5.0          0.0721          0.1644          3.0            0.4184         0.0130      NaN
78   W3_1p5w  common  noise   500.0      NaN     NaN  10       8  0.8000  0.4902  0.9433         0.1000      0.3000  0.0000  0.1000  0.3000  0.7000    1.0000               5.0          0.2202          0.2437          3.0            0.8343         0.0324      NaN
79   W3_1p5w  common  noise  1000.0      NaN     NaN  10      10  1.0000  0.7225  1.0000         0.1000      0.3000  0.0000  0.1000  0.3000  1.0000    1.0000               5.0          0.2868          0.3846          3.0            0.9827         0.0649      NaN
80   W3_1p5w  common  noise  2000.0      NaN     NaN  10      10  1.0000  0.7225  1.0000         0.2000      0.2000  0.0000  0.2000  0.2000  1.0000    1.0000               5.0          0.4805          0.5512          3.0            0.9827         0.1297      NaN
81   W3_1p5w  common  noise  4000.0      NaN     NaN  10      10  1.0000  0.7225  1.0000         0.4000      0.2000  0.0000  0.4000  0.2000  1.0000    1.0000               5.0          0.7851          0.9240          3.0            0.9827         0.2595      NaN
82   W3_1p5w  common  noise  8000.0      NaN     NaN  10      10  1.0000  0.7225  1.0000         0.9000      0.5000  0.5000  0.9000  0.2000  1.0000    1.0000               5.0          1.5021          1.9815          3.0            0.9827         0.5189      NaN
