### W1_1w 电平=12101 干净 epoch=3 真值=3
  white 20 ADC (0.17% 电平): 失败 0/6 M1=0.0 M2=0.0 M4=0.0 excess中位=0.006
  white 50 ADC (0.41% 电平): 失败 1/6 M1=0.167 M2=0.167 M4=0.0 excess中位=0.015
  white 100 ADC (0.83% 电平): 失败 5/6 M1=0.833 M2=0.833 M4=0.0 excess中位=0.049
  white 150 ADC (1.24% 电平): 失败 6/6 M1=1.0 M2=1.0 M4=0.0 excess中位=0.055
  common 20 ADC (0.17% 电平): 失败 0/6 M1=0.0 M2=0.0 M4=0.0 excess中位=0.004
  common 50 ADC (0.41% 电平): 失败 0/6 M1=0.0 M2=0.0 M4=0.0 excess中位=0.011
  common 100 ADC (0.83% 电平): 失败 5/6 M1=0.833 M2=0.833 M4=0.0 excess中位=0.046
  common 150 ADC (1.24% 电平): 失败 6/6 M1=1.0 M2=1.0 M4=0.0 excess中位=0.053
### W3_1p5w 电平=15416 干净 epoch=3 真值=5
  white 20 ADC (0.13% 电平): 失败 2/6 M1=0.0 M2=0.0 M4=0.0 excess中位=0.014
  white 50 ADC (0.32% 电平): 失败 2/6 M1=0.0 M2=0.0 M4=0.0 excess中位=0.019
  white 100 ADC (0.65% 电平): 失败 0/6 M1=0.0 M2=0.0 M4=0.0 excess中位=0.036
  white 150 ADC (0.97% 电平): 失败 0/6 M1=0.0 M2=0.0 M4=0.0 excess中位=0.071
  common 20 ADC (0.13% 电平): 失败 1/6 M1=0.0 M2=0.0 M4=0.0 excess中位=0.005
  common 50 ADC (0.32% 电平): 失败 1/6 M1=0.0 M2=0.0 M4=0.0 excess中位=0.014
  common 100 ADC (0.65% 电平): 失败 2/6 M1=0.0 M2=0.0 M4=0.0 excess中位=0.033
  common 150 ADC (0.97% 电平): 失败 2/6 M1=0.0 M2=0.0 M4=0.0 excess中位=0.062
### W4_1p9w 电平=18012 干净 epoch=5 真值=4
  white 20 ADC (0.11% 电平): 失败 0/6 M1=0.0 M2=0.0 M4=0.0 excess中位=0.017
  white 50 ADC (0.28% 电平): 失败 0/6 M1=0.0 M2=0.0 M4=0.0 excess中位=0.093
  white 100 ADC (0.56% 电平): 失败 0/6 M1=0.0 M2=0.0 M4=0.0 excess中位=0.106
  white 150 ADC (0.83% 电平): 失败 0/6 M1=0.0 M2=0.0 M4=0.0 excess中位=0.087
  common 20 ADC (0.11% 电平): 失败 1/6 M1=0.0 M2=0.0 M4=0.0 excess中位=0.026
  common 50 ADC (0.28% 电平): 失败 1/6 M1=0.0 M2=0.0 M4=0.0 excess中位=0.063
  common 100 ADC (0.56% 电平): 失败 2/6 M1=0.0 M2=0.0 M4=0.0 excess中位=0.105
  common 150 ADC (0.83% 电平): 失败 2/6 M1=0.0 M2=0.0 M4=0.0 excess中位=0.071
[说明] 低幅补测结果**单独**存 t5b_lowamp.csv；为免与主表 200 ADC 档重复计数，不并入 t5b_trials_raw.csv。边界拟合时把本表与主表同口径合并。

总耗时 92s
        win     cls    amp         level  n  n_fail  p_fail  ci_lo  ci_hi   p_M1   p_M2   p_M3  p_M4  excess_rel_med  amp_pct_level
0     W1_1w   white   20.0  12101.302972  6       0   0.000  0.000  0.390  0.000  0.000  0.000   0.0          0.0063        0.00165
1     W1_1w   white   50.0  12101.302972  6       1   0.167  0.030  0.564  0.167  0.167  0.000   0.0          0.0155        0.00413
2     W1_1w   white  100.0  12101.302972  6       5   0.833  0.436  0.970  0.833  0.833  0.000   0.0          0.0486        0.00826
3     W1_1w   white  150.0  12101.302972  6       6   1.000  0.610  1.000  1.000  1.000  0.000   0.0          0.0546        0.01240
4     W1_1w  common   20.0  12101.302972  6       0   0.000  0.000  0.390  0.000  0.000  0.000   0.0          0.0044        0.00165
5     W1_1w  common   50.0  12101.302972  6       0   0.000  0.000  0.390  0.000  0.000  0.000   0.0          0.0115        0.00413
6     W1_1w  common  100.0  12101.302972  6       5   0.833  0.436  0.970  0.833  0.833  0.000   0.0          0.0459        0.00826
7     W1_1w  common  150.0  12101.302972  6       6   1.000  0.610  1.000  1.000  1.000  0.000   0.0          0.0529        0.01240
8   W3_1p5w   white   20.0  15416.335417  6       2   0.333  0.097  0.700  0.000  0.000  0.333   0.0          0.0143        0.00130
9   W3_1p5w   white   50.0  15416.335417  6       2   0.333  0.097  0.700  0.000  0.000  0.333   0.0          0.0188        0.00324
10  W3_1p5w   white  100.0  15416.335417  6       0   0.000  0.000  0.390  0.000  0.000  0.000   0.0          0.0360        0.00649
11  W3_1p5w   white  150.0  15416.335417  6       0   0.000  0.000  0.390  0.000  0.000  0.000   0.0          0.0707        0.00973
12  W3_1p5w  common   20.0  15416.335417  6       1   0.167  0.030  0.564  0.000  0.000  0.167   0.0          0.0053        0.00130
13  W3_1p5w  common   50.0  15416.335417  6       1   0.167  0.030  0.564  0.000  0.000  0.167   0.0          0.0142        0.00324
14  W3_1p5w  common  100.0  15416.335417  6       2   0.333  0.097  0.700  0.000  0.000  0.333   0.0          0.0331        0.00649
15  W3_1p5w  common  150.0  15416.335417  6       2   0.333  0.097  0.700  0.000  0.000  0.333   0.0          0.0622        0.00973
16  W4_1p9w   white   20.0  18012.170859  6       0   0.000  0.000  0.390  0.000  0.000  0.000   0.0          0.0174        0.00111
17  W4_1p9w   white   50.0  18012.170859  6       0   0.000  0.000  0.390  0.000  0.000  0.000   0.0          0.0935        0.00278
18  W4_1p9w   white  100.0  18012.170859  6       0   0.000  0.000  0.390  0.000  0.000  0.000   0.0          0.1056        0.00555
19  W4_1p9w   white  150.0  18012.170859  6       0   0.000  0.000  0.390  0.000  0.000  0.000   0.0          0.0868        0.00833
20  W4_1p9w  common   20.0  18012.170859  6       1   0.167  0.030  0.564  0.000  0.000  0.167   0.0          0.0256        0.00111
21  W4_1p9w  common   50.0  18012.170859  6       1   0.167  0.030  0.564  0.000  0.000  0.167   0.0          0.0626        0.00278
22  W4_1p9w  common  100.0  18012.170859  6       2   0.333  0.097  0.700  0.000  0.000  0.333   0.0          0.1046        0.00555
23  W4_1p9w  common  150.0  18012.170859  6       2   0.333  0.097  0.700  0.000  0.000  0.333   0.0          0.0709        0.00833
