
===== C2_tap_50pct_100ms  t∈[5.9,6.8] =====
  ts        total          out       lv_now       lv_ref            d        gate    ratio     sig_d  hit_run  armed_pre  raw_hit state_pre state_post        ev_now  sumA  sumA_pre       A_hat   c_applied        inc_s   g  n_epoch           dev  dA
5.90 11439.017148 11401.182703 11408.426599 11376.457321    31.969278  568.822866 0.056203 45.358465        0       True    False     event      event         onset   0.0       0.0 6575.767944  -37.834445  6594.003075 0.0        1  0.000000e+00 0.0
5.91 11423.152992 11402.318537 11409.609913 11376.457321    33.152592  568.822866 0.058283 45.277272        0       True    False     event      event         onset   0.0       0.0 6576.903778  -20.834455  6578.138919 0.0        1 -1.818989e-12 0.0
5.92 11424.545999 11404.082549 11410.788972 11378.541262    32.247710  568.927063 0.056682 45.125616        0       True    False     event      event         onset   0.0       0.0 6578.667790  -20.463450  6579.531926 0.0        1  0.000000e+00 0.0
5.93 11425.939006 11404.161107 11412.270107 11378.541262    33.728846  568.927063 0.059285 45.271398        0       True    False     event      event         onset   0.0       0.0 6578.746348  -21.777899  6580.924933 0.0        1  1.818989e-12 0.0
5.94 11427.332013 11405.865674 11413.817576 11380.639130    33.178447  569.031956 0.058307 44.965469        0       True    False     event      event         onset   0.0       0.0 6580.450915  -21.466340  6582.317941 0.0        1  0.000000e+00 0.0
5.95 11428.725020 11406.035403 11415.419517 11380.639130    34.780387  569.031956 0.061122 45.024086        0       True    False     event      event         onset   0.0       0.0 6580.620645  -22.689617  6583.710948 0.0        1  3.637979e-12 0.0
5.96 11422.161225 11407.711901 11417.009595 11382.570214    34.439381  569.128511 0.060512 45.109886        0       True    False     event      event         onset   0.0       0.0 6582.297142  -14.449325  6577.147153 0.0        1  1.818989e-12 0.0
5.97 11424.859384 11408.018412 11419.571605 11384.030009    35.541595  569.201500 0.062441 45.000840        0       True    False     event      event         onset   0.0       0.0 6582.603653  -16.840972  6579.845312 0.0        1  0.000000e+00 0.0
5.98 11427.557543 11407.750827 11419.823404 11384.791568    35.031835  569.239578 0.061541 44.902431        0       True    False     event      event         onset   0.0       0.0 6582.336068  -19.806716  6582.543471 0.0        1  1.818989e-12 0.0
5.99 11430.255702 11407.753058 11422.611048 11386.231182    36.379866  569.311559 0.063902 44.503096        0       True    False     event      event         onset   0.0       0.0 6582.338300  -22.502644  6585.241630 0.0        1  1.818989e-12 0.0
6.00 11432.953861 11408.016997 11422.975079 11386.231182    36.743897  569.311559 0.064541 44.341853        0       True    False     event      event         onset   0.0       0.0 6582.602239  -24.936864  6587.939789 0.0        1 -1.818989e-12 0.0
6.01 17482.902073 17405.304625 11424.346537 11387.636196    36.710340  569.381810 0.064474 44.267079        0       True    False     event      event         onset   0.0       0.0 6582.572936  -77.597448 12637.888000 0.0        1  5.997381e+03 0.0
6.02 17480.086493 17344.988581 11728.127002 11390.592824   337.534178  569.529641 0.592654 44.341853        0       True    False     event      event         onset   0.0       0.0 7187.558067 -135.097912 12635.072420 0.0        1  5.936870e+03 0.0
6.03 17486.020395 17288.575333 12002.163910 11392.037767   610.126143  569.601888 1.071145 44.503096        1       True     True     event      event         onset   0.0       0.0 7793.393675 -197.445062 12641.006322 0.0        1  5.879686e+03 0.0
6.04 17485.273011 17221.955807 12291.089701 11392.037767   899.051934  569.601888 1.578387 44.902431        2       True     True     event      event         onset   0.0       0.0 8234.017790 -263.317204 12640.258938 0.0        1  5.812509e+03 0.0
6.05 17484.525627 17484.525627 12580.158779 11393.484438  1186.674341  569.674222 2.083075 45.000840        3       True     True     event      event restep_reload   0.0       0.0    0.000000  -40.039566  6057.080848 0.0        2  6.074289e+03 0.0
6.06 17483.778242 17483.778242 12941.582912 11395.822643  1545.760269 1139.582264 1.356427 45.109886        4      False     True     event      event restep_reload   0.0       0.0    0.000000  -40.039566  6056.333464 0.0        2  6.072637e+03 0.0
6.07 17479.696997 17479.696997 13157.877928 11395.822643  1762.055285 1139.582264 1.546229 45.024086        5      False     True     event      event restep_reload   0.0       0.0    0.000000  -40.039566  6052.252218 0.0        2  6.068339e+03 0.0
6.08 11430.313718 11430.313718 13446.349486 11396.686441  2049.663045 1139.668644 1.798473 44.965469        6      False     True     event      event restep_reload   0.0       0.0    0.000000  -40.039566     2.868940 0.0        2  1.846012e+01 0.0
6.09 11431.581926 11431.581926 13547.492533 11398.355121  2149.137412 1139.835512 1.885480 45.271398        7      False     True     event      event restep_reload   0.0       0.0    0.000000  -40.039566     4.137148 0.0        2  1.879336e+01 0.0
6.10 11432.850134 11432.850134 13446.734885 11398.979055  2047.755831 1139.897905 1.796438 45.125616        8      False     True     event      event restep_reload   0.0       0.0    0.000000  -40.039566     5.405356 0.0        2  1.992894e+01 0.0
6.11 11434.118342 11434.118342 13446.714597 11398.979055  2047.735542 1139.897905 1.796420 45.277272        9      False     True     event      event restep_reload   0.0       0.0    0.000000  -40.039566     6.673564 0.0        2  2.113719e+01 0.0
6.12 11438.913252 11438.913252 13446.754699 11399.429475  2047.325225 1139.942947 1.795989 45.358465       10      False     True     event      event restep_reload   0.0       0.0    0.000000  -40.039566    11.468473 0.0        2  2.579230e+01 0.0
6.13 11438.626480 11438.626480 13548.569159 11400.126324  2148.442835 1140.012632 1.884578 45.618484       11      False     True     event      event restep_reload   0.0       0.0    0.000000  -40.039566    11.181702 0.0        2  2.482097e+01 0.0
6.14 11438.339709 11438.339709 13448.095698 11399.991247  2048.104451 1139.999125 1.796584 45.744470       12      False     True     event      event restep_reload   0.0       0.0    0.000000  -40.039566    10.894931 0.0        2  2.413370e+01 0.0
6.15 11438.052938 11438.052938 13448.686207 11400.300824  2048.385383 1140.030082 1.796782 45.931832       13      False     True     event       idle           NaN   0.0       0.0         NaN         NaN          NaN 0.0        2  2.347511e+01 0.0
6.16 11439.634224 11439.634224 13550.304302 11400.851255  2149.453047  570.042563 3.770689 46.005192       14      False     True      idle       idle           NaN   0.0       0.0         NaN         NaN          NaN 0.0        2  2.460984e+01 0.0
6.17 11441.643351 11441.643351 13449.796203 11401.680572  2048.115631  570.084029 3.592656 46.074582       15      False     True      idle       idle           NaN   0.0       0.0         NaN         NaN          NaN 0.0        2  2.596822e+01 0.0
6.18 11443.652478 11443.652478 13450.595439 11401.680572  2048.914867  570.084029 3.594058 46.069143       16      False     True      idle       idle           NaN   0.0       0.0         NaN         NaN          NaN 0.0        2  2.684438e+01 0.0
6.19 11446.865883 11446.865883 13451.490349 11402.509890  2048.980458  570.125495 3.593911 46.190115       17      False     True      idle       idle           NaN   0.0       0.0         NaN         NaN          NaN 0.0        2  2.939915e+01 0.0
6.20 11449.582804 11449.582804 13553.517498 11403.401671  2150.115827  570.170084 3.771008 46.618200       18      False     True      idle       idle           NaN   0.0       0.0         NaN         NaN          NaN 0.0        2  2.991244e+01 0.0
6.21 11452.299726 11452.299726 13554.348945 11403.981598  2150.367347  570.199080 3.771257 46.897501       19      False     True      idle       idle           NaN   0.0       0.0         NaN         NaN          NaN 0.0        2  3.095609e+01 0.0
6.22 11455.016647 11455.016647 13454.251363 11403.971755  2050.279609  570.198588 3.595729 47.176801       20      False     True      idle       idle           NaN   0.0       0.0         NaN         NaN          NaN 0.0        2  3.185488e+01 0.0
6.23 11447.384274 11447.384274 12951.429489 11405.470102  1545.959388  570.273505 2.710909 47.537814       21      False     True      idle       idle           NaN   0.0       0.0         NaN         NaN          NaN 0.0        2  2.285518e+01 0.0
6.24 11448.816528 11448.816528 12649.606665 11406.314958  1243.291708  570.315748 2.180006 47.898827       22      False     True      idle       idle           NaN   0.0       0.0         NaN         NaN          NaN 0.0        2  2.326843e+01 0.0
6.25 11450.248783 11450.248783 12347.783841 11406.314958   941.468883  570.315748 1.650785 48.349588       23      False     True      idle       idle           NaN   0.0       0.0         NaN         NaN          NaN 0.0        2  2.365300e+01 0.0
6.26 11451.681037 11451.681037 12305.044076 11407.305540   897.738537  570.365277 1.573971 48.490689       24      False     True      idle       idle           NaN   0.0       0.0         NaN         NaN          NaN 0.0        2  2.471674e+01 0.0
6.27 11447.699088 11447.699088 11744.393526 11408.927704   335.465822  570.446385 0.588076 49.114004        0      False    False      idle       idle           NaN   0.0       0.0         NaN         NaN          NaN 0.0        2  1.885094e+01 0.0
6.28 11451.176399 11451.176399 11442.967496 11409.491292    33.476204  570.474565 0.058681 48.490689        0      False    False      idle       idle           NaN   0.0       0.0         NaN         NaN          NaN 0.0        2  2.137495e+01 0.0
6.29 11454.653710 11454.653710 11443.358396 11409.491292    33.867104  570.474565 0.059367 48.349588        0      False    False      idle       idle           NaN   0.0       0.0         NaN         NaN          NaN 0.0        2  2.409987e+01 0.0
6.30 11458.131020 11458.131020 11444.457053 11410.101314    34.355738  570.505066 0.060220 47.898827        0       True    False      idle       idle           NaN   0.0       0.0         NaN         NaN          NaN 0.0        2  2.716804e+01 0.0
6.31 11461.359083 11461.359083 11446.364853 11411.500002    34.864851  570.575000 0.061105 47.537814        0       True    False      idle       idle           NaN   0.0       0.0         NaN         NaN          NaN 0.0        2  2.917164e+01 0.0
6.32 11464.516736 11464.516736 11447.726890 11411.500002    36.226888  570.575000 0.063492 47.176801        0       True    False      idle       idle           NaN   0.0       0.0         NaN         NaN          NaN 0.0        2  3.142335e+01 0.0
6.33 11467.674389 11467.674389 11448.526407 11412.217039    36.309368  570.610852 0.063632 46.897501        0       True    False      idle       idle           NaN   0.0       0.0         NaN         NaN          NaN 0.0        2  3.350609e+01 0.0
6.34 11470.255619 11470.255619 11450.473798 11413.739322    36.734476  570.686966 0.064369 46.618200        0       True    False      idle       idle           NaN   0.0       0.0         NaN         NaN          NaN 0.0        2  3.405475e+01 0.0
6.35 11475.059057 11475.059057 11452.069594 11414.634507    37.435086  570.731725 0.065591 46.190115        0       True    False      idle       idle           NaN   0.0       0.0         NaN         NaN          NaN 0.0        2  3.671428e+01 0.0
6.36 11479.862495 11479.862495 11453.164330 11415.225454    37.938876  570.761273 0.066471 46.069143        0       True    False      idle       idle           NaN   0.0       0.0         NaN         NaN          NaN 0.0        2  3.903669e+01 0.0
6.37 11484.665934 11484.665934 11455.141606 11415.740111    39.401495  570.787006 0.069030 46.074582        0       True    False      idle       idle           NaN   0.0       0.0         NaN         NaN          NaN 0.0        2  4.207309e+01 0.0
6.38 11477.000000 11477.000000 11457.827932 11821.610252  -363.782320  591.080513 0.615453 46.143972        0       True    False      idle       idle           NaN   0.0       0.0         NaN         NaN          NaN 0.0        2  3.034421e+01 0.0
6.39 11477.000000 11477.000000 11459.495308 12004.309051  -544.813743  600.215453 0.907697 46.066848        0       True    False      idle       idle           NaN   0.0       0.0         NaN         NaN          NaN 0.0        2  2.776185e+01 0.0
6.40 11477.000000 11477.000000 11460.328865 12200.811688  -740.482823  610.040584 1.213826 46.245660        1       True     True      idle       idle           NaN   0.0       0.0         NaN         NaN          NaN 0.0        2  2.552722e+01 0.0
6.41 11477.000000 11477.000000 11462.372874 12430.685270  -968.312396  621.534264 1.557939 46.224423        2       True     True      idle       idle           NaN   0.0       0.0         NaN         NaN          NaN 0.0        2  2.364033e+01 0.0
6.42 11477.000000 11477.000000 11463.607887 12633.629901 -1170.022014  631.681495 1.852234 46.096011        3       True     True      idle       idle           NaN   0.0       0.0         NaN         NaN          NaN 0.0        2  2.207623e+01 0.0
6.43 11514.044584 11514.044584 11464.245607 12789.954646 -1325.709039  639.497732 2.073047 46.075924        4       True     True      idle       idle           NaN   0.0       0.0         NaN         NaN          NaN 0.0        2  5.787249e+01 0.0
6.44 11517.747556 11517.747556 11467.185838 12836.430164 -1369.244325  641.821508 2.133372 46.105494        5       True     True      idle       idle           NaN   0.0       0.0         NaN         NaN          NaN 0.0        2  5.809608e+01 0.0
6.45 11521.450528 11521.450528 11471.550855 12838.532552 -1366.981697  641.926628 2.129498 45.810732        6       True     True      idle       idle           NaN   0.0       0.0         NaN         NaN          NaN 0.0        2  5.589222e+01 0.0
6.46 11525.153501 11525.153501 11475.110943 12793.187958 -1318.077016  639.659398 2.060592 45.776287        7       True     True      idle       idle           NaN   0.0       0.0         NaN         NaN          NaN 0.0        2  5.495605e+01 0.0
6.47 11520.777015 11520.777015 11477.317590 12793.933959 -1316.616369  639.696698 2.058188 45.859304        8       True     True      idle       idle           NaN   0.0       0.0         NaN         NaN          NaN 0.0        2  4.642076e+01 0.0
6.48 11520.487538 11520.487538 11482.151061 12840.497213 -1358.346153  642.024861 2.115722 45.942322        9       True     True      idle       idle           NaN   0.0       0.0         NaN         NaN          NaN 0.0        2  4.203983e+01 0.0
6.49 11520.198061 11520.198061 11485.616618 12841.290684 -1355.674066  642.064534 2.111430 46.017242       10       True     True      idle       idle           NaN   0.0       0.0         NaN         NaN          NaN 0.0        2  3.740160e+01 0.0
6.50 11512.393240 11512.393240 11488.893835 12796.034201 -1307.140366  639.801710 2.043040 46.111908       11       True     True      idle       idle           NaN   0.0       0.0         NaN         NaN          NaN 0.0        2  2.527697e+01 0.0
6.51 11513.645996 11513.645996 11490.072510 12842.074596 -1352.002086  642.103730 2.105582 46.315932       12       True     True      idle       idle           NaN   0.0       0.0         NaN         NaN          NaN 0.0        2  2.589969e+01 0.0
6.52 11514.898752 11514.898752 11494.283930 12843.234605 -1348.950675  642.161730 2.100640 46.418709       13       True     True      idle       idle           NaN   0.0       0.0         NaN         NaN          NaN 0.0        2  2.045329e+01 0.0
6.53 11516.151508 11516.151508 11496.803030 12843.704875 -1346.901845  642.185244 2.097373 46.437834       14       True     True      idle       idle           NaN   0.0       0.0         NaN         NaN          NaN 0.0        2  1.791617e+01 0.0
6.54 11537.678453 11537.678453 11497.724387 12798.541895 -1300.817508  639.927095 2.032759 46.456959       15       True     True      idle       idle           NaN   0.0       0.0         NaN         NaN          NaN 0.0        2  3.923242e+01 0.0
6.55 11536.676750 11536.676750 11501.010213 12844.242117 -1343.231903  642.212106 2.091571 46.571778       16       True     True      idle       idle           NaN   0.0       0.0         NaN         NaN          NaN 0.0        2  3.653695e+01 0.0
6.56 11535.675048 11535.675048 11505.628828 12845.238660 -1339.609833  642.261933 2.085769 46.679012       17       True     True      idle       idle           NaN   0.0       0.0         NaN         NaN          NaN 0.0        2  3.381347e+01 0.0
6.57 11534.673345 11534.673345 11508.419455 12800.305146 -1291.885691  640.015257 2.018523 46.654499       18       True     True      idle       idle           NaN   0.0       0.0         NaN         NaN          NaN 0.0        2  3.138932e+01 0.0
6.58 11557.958366 11557.958366 11509.717341 12846.163785 -1336.446444  642.308189 2.080693 46.691358       19       True     True      idle       idle           NaN   0.0       0.0         NaN         NaN          NaN 0.0        2  5.351146e+01 0.0
6.59 11560.897237 11560.897237 11515.258001 12847.851493 -1332.593492  642.392575 2.074422 46.804006       20       True     True      idle       idle           NaN   0.0       0.0         NaN         NaN          NaN 0.0        2  5.237632e+01 0.0
6.60 11563.836109 11563.836109 11519.452863 12848.567643 -1329.114780  642.428382 2.068892 46.916653       21       True     True      idle       idle           NaN   0.0       0.0         NaN         NaN          NaN 0.0        2  5.124528e+01 0.0
6.61 11566.774980 11566.774980 11521.566351 12803.460583 -1281.894232  640.173029 2.002418 47.153130       22       True     True      idle       idle           NaN   0.0       0.0         NaN         NaN          NaN 0.0        2  4.916514e+01 0.0
6.62 11565.061510 11565.061510 11525.759756 12849.331536 -1323.571779  642.466577 2.060141 47.327675       23       True     True      idle       idle           NaN   0.0       0.0         NaN         NaN          NaN 0.0        2  4.491964e+01 0.0
6.63 11565.317055 11565.317055 11532.613597 12851.055083 -1318.441486  642.552754 2.051881 47.479778       24       True     True      idle       idle           NaN   0.0       0.0         NaN         NaN          NaN 0.0        2  3.752383e+01 0.0
6.64 11565.572600 11565.572600 11535.177220 12805.897706 -1270.720485  640.294885 1.984586 47.631880       25       True     True      idle       idle           NaN   0.0       0.0         NaN         NaN          NaN 0.0        2  3.286282e+01 0.0
6.65 11565.828146 11565.828146 11536.624619 12806.771776 -1270.147156  640.338589 1.983556 47.785721       26       True     True      idle       idle           NaN   0.0       0.0         NaN         NaN          NaN 0.0        2  3.022878e+01 0.0
6.66 11564.081032 11564.081032 11539.774576 12853.494883 -1313.720307  642.674744 2.044145 47.934645       27       True     True      idle       idle           NaN   0.0       0.0         NaN         NaN          NaN 0.0        2  2.559208e+01 0.0
6.67 11564.329140 11564.329140 11541.918507 12808.587277 -1266.668770  640.429364 1.977843 48.307392       28       True     True      idle       idle           NaN   0.0       0.0         NaN         NaN          NaN 0.0        2  2.297478e+01 0.0
6.68 11564.577248 11564.577248 11542.985680 12614.536640 -1071.550960  630.726832 1.698914 48.550060       29       True     True      idle       idle           NaN   0.0       0.0         NaN         NaN          NaN 0.0        2  2.035748e+01 0.0
6.69 11564.825357 11564.825357 11545.071405 12452.257792  -907.186387  622.612890 1.457063 48.661870       30       True     True      idle       idle           NaN   0.0       0.0         NaN         NaN          NaN 0.0        2  2.053667e+01 0.0
6.70 11555.841278 11555.841278 11548.519558 12051.170591  -502.651033  602.558530 0.834195 48.773679        0       True    False      idle       idle           NaN   0.0       0.0         NaN         NaN          NaN 0.0        2  1.059162e+01 0.0
6.71 11551.879836 11551.879836 11550.629322 12032.586348  -481.957026  601.629317 0.801086 48.974880        0       True    False      idle       idle           NaN   0.0       0.0         NaN         NaN          NaN 0.0        2  7.429663e+00 0.0
6.72 11547.918394 11547.918394 11550.688870 11838.887538  -288.198667  591.944377 0.486868 49.306161        0       True    False      idle       idle           NaN   0.0       0.0         NaN         NaN          NaN 0.0        2  4.786388e+00 0.0
6.73 11543.956952 11543.956952 11554.191996 11450.730031   103.461965  572.536502 0.180708 49.301631        0       True    False      idle       idle           NaN   0.0       0.0         NaN         NaN          NaN 0.0        2  2.564812e+00 0.0
6.74 11539.995510 11539.995510 11555.582268 11451.577449   104.004819  572.578872 0.181643 49.297101        0       True    False      idle       idle           NaN   0.0       0.0         NaN         NaN          NaN 0.0        2  7.393804e-01 0.0
6.75 11559.538174 11559.538174 11555.946278 11453.042548   102.903730  572.652127 0.179697 49.308833        0       True    False      idle       idle           NaN   0.0       0.0         NaN         NaN          NaN 0.0        2  2.244361e+01 0.0
6.76 11554.905730 11554.905730 11555.896729 11453.757902   102.138826  572.687895 0.178350 49.320564        0       True    False      idle       idle           NaN   0.0       0.0         NaN         NaN          NaN 0.0        2  1.797372e+01 0.0
6.77 11550.273285 11550.273285 11557.819262 11456.658953   101.160308  572.832948 0.176597 49.133909        0       True    False      idle       idle           NaN   0.0       0.0         NaN         NaN          NaN 0.0        2  1.518775e+01 0.0
6.78 11558.389671 11558.389671 11558.780796 11457.315116   101.465680  572.865756 0.177119 48.897362        0       True    False      idle       idle           NaN   0.0       0.0         NaN         NaN          NaN 0.0        2  2.424648e+01 0.0
6.79 11556.303078 11556.303078 11558.662809 11459.747958    98.914851  572.987398 0.172630 49.046317        0       True    False      idle       idle           NaN   0.0       0.0         NaN         NaN          NaN 0.0        2  2.298730e+01 0.0
6.80 11554.216484 11554.216484 11558.583986 11460.452007    98.131979  573.022600 0.171253 49.100380        0       True    False      idle       idle           NaN   0.0       0.0         NaN         NaN          NaN 0.0        2  2.059271e+01 0.0

===== C3_tap_100pct_500ms  t∈[5.9,7.4] =====
  ts        total          out       lv_now       lv_ref             d        gate     ratio     sig_d  hit_run  armed_pre  raw_hit state_pre state_post        ev_now  sumA  sumA_pre        A_hat   c_applied        inc_s   g  n_epoch           dev  dA
5.90 11439.017148 11401.182703 11408.426599 11376.457321     31.969278  568.822866  0.056203 45.358465        0       True    False     event      event         onset   0.0       0.0  6575.767944  -37.834445  6594.003075 0.0        1  0.000000e+00 0.0
5.92 11424.545999 11404.082549 11410.788972 11378.541262     32.247710  568.927063  0.056682 45.125616        0       True    False     event      event         onset   0.0       0.0  6578.667790  -20.463450  6579.531926 0.0        1  0.000000e+00 0.0
5.94 11427.332013 11405.865674 11413.817576 11380.639130     33.178447  569.031956  0.058307 44.965469        0       True    False     event      event         onset   0.0       0.0  6580.450915  -21.466340  6582.317941 0.0        1  0.000000e+00 0.0
5.96 11422.161225 11407.711901 11417.009595 11382.570214     34.439381  569.128511  0.060512 45.109886        0       True    False     event      event         onset   0.0       0.0  6582.297142  -14.449325  6577.147153 0.0        1  1.818989e-12 0.0
5.98 11427.557543 11407.750827 11419.823404 11384.791568     35.031835  569.239578  0.061541 44.902431        0       True    False     event      event         onset   0.0       0.0  6582.336068  -19.806716  6582.543471 0.0        1  1.818989e-12 0.0
6.00 11432.953861 11408.016997 11422.975079 11386.231182     36.743897  569.311559  0.064541 44.341853        0       True    False     event      event         onset   0.0       0.0  6582.602239  -24.936864  6587.939789 0.0        1 -1.818989e-12 0.0
6.02 12389.954555 12259.498836 11437.989901 11390.592824     47.397077  569.529641  0.083221 44.192305        0       True    False     event      event         onset   0.0       0.0  6607.283867 -130.455719  7544.940482 0.0        1  8.513799e+02 0.0
6.04 14971.741545 14732.588378 11583.600357 11392.037767    191.562590  569.601888  0.336310 44.893149        0       True    False     event      event         onset   0.0       0.0  6883.356316 -239.153167 10126.727472 0.0        1  3.323141e+03 0.0
6.06 18344.875730 17985.775747 12029.987654 11395.822643    634.165011  569.791132  1.112978 44.887498        1       True     True     event      event         onset   0.0       0.0  7787.650020 -359.099983 13499.861657 0.0        1  6.574635e+03 0.0
6.08 21443.299278 21443.299278 12738.860142 11396.686441   1342.173701  569.834322  2.355375 44.959145        3       True     True     event      event restep_reload   0.0       0.0     0.000000  -40.039566 10015.854499 0.0        2  1.003145e+04 0.0
6.10 23289.059207 23289.059207 13746.507484 11398.979055   2347.528429 1139.897905  2.059420 45.113413        5      False     True     event      event restep_reload   0.0       0.0     0.000000  -40.039566 11861.614429 0.0        2  1.187614e+04 0.0
6.12 23540.216224 23540.216224 14887.361205 11399.429475   3487.931730 1139.942947  3.059742 45.269919        7      False     True     event      event restep_reload   0.0       0.0     0.000000  -40.039566 12112.771446 0.0        2  1.212710e+04 0.0
6.14 23539.642681 23539.642681 16041.207248 11399.991247   4641.216001 1139.999125  4.071245 45.663508        9      False     True     event      event restep_reload   0.0       0.0     0.000000  -40.039566 12112.197903 0.0        2  1.212544e+04 0.0
6.16 23540.937196 23540.937196 17483.201727 11400.851255   6082.350472 1140.085125  5.334997 45.593364       11      False     True     event      event restep_reload   0.0       0.0     0.000000  -40.039566 12113.492418 0.0        2  1.212591e+04 0.0
6.18 23544.955451 23544.955451 18348.717079 11401.680572   6947.036507 1140.168057  6.092993 45.892912       13      False     True     event      event restep_reload   0.0       0.0     0.000000  -40.039566 12117.510672 0.0        2  1.212815e+04 0.0
6.20 23550.885777 23550.885777 19906.675517 11403.401671   8503.273846 1140.340167  7.456787 46.123980       15      False     True     event      event restep_reload   0.0       0.0     0.000000  -40.039566 12123.440998 0.0        2  1.213122e+04 0.0
6.22 23556.319620 23556.319620 20657.383093 11403.971755   9253.411338 1140.397175  8.114201 46.792767       17      False     True     event      event restep_reload   0.0       0.0     0.000000  -40.039566 12128.874841 0.0        2  1.213316e+04 0.0
6.24 23550.119500 23550.119500 22165.889090 11406.314958  10759.574132 1140.631496  9.432998 47.800735       19      False     True     event      event restep_reload   0.0       0.0     0.000000  -40.039566 12122.674722 0.0        2  1.212457e+04 0.0
6.26 23552.984009 23515.627219 22640.367214 11407.305540  11233.061675 1140.730554  9.847252 48.416315       21      False     True     event      event restep_reload   0.0       0.0 13580.603939  -37.356790 12125.539231 0.0        2  1.208866e+04 0.0
6.28 23552.479371 23535.765341 23379.510515 11409.491292  11970.019223 1140.949129 10.491282 49.427659       23      False     True     event      event restep_reload   0.0       0.0 13580.038744  -16.714031 12125.034593 0.0        2  1.210596e+04 0.0
6.30 23559.433992 23581.949996 23488.349861 11410.101314  12078.248546 1141.010131 10.585575 50.473478       25      False     True     event      event restep_reload   0.0       0.0 13587.827920   22.516003 12131.989214 0.0        2  1.215099e+04 0.0
6.32 23565.819708 23643.992741 23549.029862 11411.500002  12137.529861 1141.150000 10.636226 51.513897       27      False     True     event      event restep_reload   0.0       0.0 13594.979921   78.173033 12138.374929 0.0        2  1.221090e+04 0.0
6.34 23571.558591 23719.646528 23551.776771 11413.739322  12138.037448 1141.373932 10.634584 52.278492       29      False     True     event      event restep_reload   0.0       0.0 13601.407470  148.087937 12144.113813 0.0        2  1.228345e+04 0.0
