[W1_1w] 帧=6599 电平=12101 干净 epoch=3 真值事件=3

=== 阶段 A：驻留细扫（DET_K=5, CAPF=None）===
  dwell=0.02s(P=3) 阶跃延迟=0.1 拍击存活伪epoch均值=0.5 抖动漏=0.5 抖动过冲p90=0.4343 (45s)
  dwell=0.03s(P=4) 阶跃延迟=0.11 拍击存活伪epoch均值=0.5 抖动漏=0.5 抖动过冲p90=0.4382 (47s)
  dwell=0.05s(P=6) 阶跃延迟=0.13 拍击存活伪epoch均值=0.5 抖动漏=0.0 抖动过冲p90=0.4336 (48s)
  dwell=0.07s(P=8) 阶跃延迟=0.15 拍击存活伪epoch均值=1.0 抖动漏=0.0 抖动过冲p90=0.5113 (49s)
  dwell=0.10s(P=11) 阶跃延迟=0.18 拍击存活伪epoch均值=1.0 抖动漏=0.0 抖动过冲p90=0.6322 (48s)
  dwell=0.12s(P=13) 阶跃延迟=0.2 拍击存活伪epoch均值=1.0 抖动漏=0.0 抖动过冲p90=0.6145 (40s)
  dwell=0.15s(P=16) 阶跃延迟=0.23 拍击存活伪epoch均值=1.0 抖动漏=0.0 抖动过冲p90=0.6255 (41s)
  dwell=0.20s(P=21) 阶跃延迟=0.28 拍击存活伪epoch均值=1.0 抖动漏=0.0 抖动过冲p90=0.6295 (41s)
  dwell=0.25s(P=26) 阶跃延迟=0.33 拍击存活伪epoch均值=0.875 抖动漏=0.0 抖动过冲p90=0.6874 (53s)
  dwell=0.30s(P=31) 阶跃延迟=0.38 拍击存活伪epoch均值=0.5 抖动漏=0.0 抖动过冲p90=0.5748 (52s)
  dwell=0.40s(P=41) 阶跃延迟=0.48 拍击存活伪epoch均值=0.5 抖动漏=1.0 抖动过冲p90=0.4142 (53s)
  dwell=0.50s(P=51) 阶跃延迟=0.58 拍击存活伪epoch均值=0.375 抖动漏=2.5 抖动过冲p90=0.4201 (55s)

=== 阶段 B：DET_K × 驻留 ===
  K=3.0 dwell=0.02 延迟=0.1 拍击存活=0.5 抖动漏=0.5 (51s)
  K=3.0 dwell=0.10 延迟=0.18 拍击存活=1.0 抖动漏=0.0 (53s)
  K=3.0 dwell=0.20 延迟=0.28 拍击存活=1.0 抖动漏=0.0 (53s)
  K=5.0 dwell=0.02 延迟=0.1 拍击存活=0.5 抖动漏=0.5 (49s)
  K=5.0 dwell=0.10 延迟=0.18 拍击存活=1.0 抖动漏=0.0 (48s)
  K=5.0 dwell=0.20 延迟=0.28 拍击存活=1.0 抖动漏=0.0 (51s)
  K=8.0 dwell=0.02 延迟=0.1 拍击存活=0.5 抖动漏=0.0 (42s)
  K=8.0 dwell=0.10 延迟=0.18 拍击存活=1.0 抖动漏=1.0 (40s)
  K=8.0 dwell=0.20 延迟=0.28 拍击存活=1.0 抖动漏=1.0 (41s)

=== 阶段 C：CAPF × 驻留 ===
  CAPF=None dwell=0.02 延迟=0.1 拍击存活=0.5 抖动漏=0.5 抖动误触发=0.0 (39s)
  CAPF=None dwell=0.10 延迟=0.18 拍击存活=1.0 抖动漏=0.0 抖动误触发=0.0 (41s)
  CAPF=None dwell=0.20 延迟=0.28 拍击存活=1.0 抖动漏=0.0 抖动误触发=0.0 (37s)
  CAPF=1.0 dwell=0.02 延迟=0.1 拍击存活=0.5 抖动漏=1.0 抖动误触发=14.0 (39s)
  CAPF=1.0 dwell=0.10 延迟=0.18 拍击存活=1.0 抖动漏=1.5 抖动误触发=0.5 (33s)
  CAPF=1.0 dwell=0.20 延迟=0.28 拍击存活=1.0 抖动漏=0.0 抖动误触发=4.5 (35s)

总耗时 1229s

=== 驻留细扫表 ===
    dwell_persist  dwell_s  DET_K  CAPF  tap_false_mean  tap_false_max  tap_surv_mean  tap_surv_any  tap_dA_med  tap_dA_rel_med  tap_excess_p90  noise_M1_mean  noise_M2_mean  noise_M3_mean  noise_fail_rate  noise_exc_p90  noise_exc_med  noise2000_exc_p90  noise2000_fail  lat_t_det_med  lat_t_det_max  lat_t0_med  n_lat
0               3     0.02    5.0  None           1.375              2          0.500             4       172.2          0.0142          0.3444            0.5            2.5            0.0              1.0         0.4343         0.3757             0.4490             1.0           0.10           0.10        0.01      2
1               4     0.03    5.0  None           1.375              2          0.500             4       183.8          0.0152          0.3444            0.5            2.5            0.0              1.0         0.4382         0.3951             0.4490             1.0           0.11           0.11        0.01      2
2               6     0.05    5.0  None           1.375              2          0.500             4       215.0          0.0178          0.3212            0.0            2.0            0.0              1.0         0.4336         0.4223             0.4364             1.0           0.13           0.13        0.01      2
3               8     0.07    5.0  None           1.000              1          1.000             8       172.1          0.0142          0.3212            0.0            2.0            0.0              1.0         0.5113         0.4953             0.5154             1.0           0.15           0.15        0.01      2
4              11     0.10    5.0  None           1.000              1          1.000             8       176.1          0.0146          0.3212            0.0            2.5            0.0              1.0         0.6322         0.6295             0.6261             1.0           0.18           0.18        0.01      2
5              13     0.12    5.0  None           1.000              1          1.000             8       164.4          0.0136          0.3212            0.0            2.0            0.0              1.0         0.6145         0.4585             0.6535             1.0           0.20           0.20        0.01      2
6              16     0.15    5.0  None           1.000              1          1.000             8      3304.0          0.2730          0.3212            0.0            2.5            0.0              1.0         0.6255         0.5053             0.6555             1.0           0.23           0.23        0.01      2
7              21     0.20    5.0  None           1.000              1          1.000             8      3304.0          0.2730          0.3212            0.0            2.0            0.0              1.0         0.6295         0.4895             0.6645             1.0           0.28           0.28        0.01      2
8              26     0.25    5.0  None           0.875              1          0.875             7      3251.0          0.2686          0.3212            0.0            2.0            0.0              1.0         0.6874         0.5985             0.7096             1.0           0.33           0.33        0.01      2
9              31     0.30    5.0  None           0.500              1          0.500             4      3304.0          0.2730          0.3212            0.0            2.5            0.0              1.0         0.5748         0.5200             0.5885             1.0           0.38           0.38        0.01      2
10             41     0.40    5.0  None           0.500              1          0.500             4      3303.7          0.2730          0.3212            1.0            2.5            0.0              1.0         0.4142         0.3451             0.4315             1.0           0.48           0.48        0.01      2
11             51     0.50    5.0  None           0.375              1          0.375             3      3480.4          0.2876          0.3018            2.5            3.0            0.0              1.0         0.4201         0.3745             0.4315             1.0           0.58           0.58        0.05      2

=== 全部配置的 Pareto 非支配点（lat × tap 存活伪 epoch）===
    dwell_s  DET_K  CAPF  lat_t_det_med  tap_surv_mean  tap_false_mean  noise_M1_mean  noise_exc_p90  noise_fail_rate
0      0.02    5.0  None           0.10          0.500           1.375            0.5         0.4343              1.0
11     0.50    5.0  None           0.58          0.375           0.375            2.5         0.4201              1.0
12     0.02    3.0  None           0.10          0.500           1.375            0.5         0.6007              1.0
15     0.02    5.0  None           0.10          0.500           1.375            0.5         0.4343              1.0
18     0.02    8.0  None           0.10          0.500           1.375            0.0         0.6901              1.0
21     0.02    5.0  None           0.10          0.500           1.375            0.5         0.4343              1.0
24     0.02    5.0   1.0           0.10          0.500           1.375            1.0         0.9946              1.0
