# run: python scripts/t7a_5_round.py
==============================================================================================================================
T7-A step5：轮次偏差（T7-Q5）
数据限制：本批 13 份录制中没有任何「同一标称载荷重复加载」的样本（手工变载，每轮载荷都不同）⇒ 指标字典的 Δ_rep 无法直接计算，只能给下列可测量。
==============================================================================================================================

        rec kind_rec pair  gap_s      plat_k     plat_k1         J_k        J_k1   dJ_rel  gap_resid_t2  gap_resid_t4  gap_resid_end  gap_recovery_pct  resid_transfer_frac  carry_pct_of_J  dZ_rel_to_zero  zero_shift_vs_first  zero_shift_vs_first_rel  near_same_load
中途切换-13ffca       实采 1->2  18.88 22397.26153 29421.87843 22313.26153 29334.69753  0.31468     -82.45340      -5.00000        8.86775         277.35504             -1.77355         0.00040         0.10172              3.18090                  0.03787           False
中途切换-1d9493       实采 1->2   8.37 23774.49196 27345.24643 23705.22499 27290.60880  0.15125     -22.37371     -18.28878      -15.82853          13.45221              0.86548        -0.00067        -0.28970            -14.62934                 -0.21120           False
      再切换负载       实采 1->2   4.72 15471.67647 22366.76337 15408.67647 22329.76337  0.44917           NaN           NaN            NaN               NaN                  NaN             NaN             NaN            -26.00000                 -0.41270           False
      再切换负载       实采 2->3   6.68 22366.76337 25494.23957 22329.76337 25456.23957  0.14001      -7.00000       2.00000        1.00000          50.00000              0.50000         0.00004         0.02632            -25.00000                 -0.39683           False
  切换负载-快相无责       实采 1->2   4.27 12260.52387 27691.38083 12184.49085 27630.79330  1.26770           NaN           NaN            NaN               NaN                  NaN             NaN             NaN            -15.44549                 -0.20314           False
  切换负载-快相无责       实采 2->3   3.93 27691.38083 22045.69252 27630.79330 21993.69252 -0.20402           NaN           NaN            NaN               NaN                  NaN             NaN             NaN            -24.03302                 -0.31609           False

【1】第 k 轮卸载后的残余在**空载期内的回复**（残余轨迹取 t7_frozen_offset.csv，n=6）：
     τ=2 s    中位   -22.3737  p10~p90   -70.4375 ~   -10.0747
     τ=4 s    中位    -5.0000  p10~p90   -15.6310 ~    +0.6000
     空载期末     中位    +1.0000  p10~p90   -12.4628 ~    +7.2942
     空载期内回复比例（τ=4 s→期末）中位 50.0%  p10~p90 20.8% ~ 231.9%
     ⇒ 残余在空载期内只回复一部分；**到下一轮加载时，剩下的部分就是新的起点基线**（读数不会在加载瞬间被归零）。

【2】轮次间表观幅度差 dJ = |J_k+1| − |J_k|（相对前一轮幅度）：
     中位 +23.30%  p10~p90 -3.20% ~ +85.84%  （n=6）
     注意：dJ 里既有「操作者这次压得比上次重/轻」，也有「零点基线平移」；本批无标称载荷标注 ⇒ **无法把两者分开**（这是本任务最主要的数据缺口之一）。

【3】同载荷近邻对（|dJ/J| ≤10%，可作为 Δ_rep 的近似）：
     （本批无此类配对：所有相邻两轮的 |J| 相对差都 >10%）

【4】轮次偏差（零点累计平移 vs 首轮零点，相对零点自身）：
     中途切换-13ffca        1->2:+3.181(+3.8%)
     中途切换-1d9493        1->2:-14.629(-21.1%)
     再切换负载              1->2:-26.000(-41.3%)  2->3:-25.000(-39.7%)
     切换负载-快相无责          1->2:-15.445(-20.3%)  2->3:-24.033(-31.6%)
