# run: python scripts/t7a_1_arms.py
====================================================================================================
T7-A step1：逐帧运行 4 臂（100 Hz 网格）。臂定义见 t7a_common.build_arm：
  raw   raw (uncompensated)
  e3s   v5.1 (exempt 3 s, in service)
  v6    v6 (pin, trim off)
  v5    v5 (with idle auto-zero b_, withdrawn)
====================================================================================================
录制                 nch     帧数    raw/s    e3s/s     v6/s     v5/s    ded_eff@idle中位
右拇指指尖/数据1           31  16270      0.0      2.1      6.9      3.4   e3s +0.000  v6 +0.000  v5 +0.905
右拇指指尖/数据2           31  23414      0.0      7.2     10.7      4.9   e3s +0.000  v6 +0.000  v5 +0.334
右拇指指尖/数据3           31  19039      0.0      5.8      8.4      4.0   e3s +0.000  v6 +0.000  v5 +0.532
左拇指指尖/数据1           31  19621      0.0      6.2      9.4      4.2   e3s +0.000  v6 +0.000  v5 +0.000
左拇指指尖/数据2           31  19851      0.0      5.9      8.8      4.3   e3s +0.000  v6 +0.000  v5 +0.000
左拇指指尖/数据3           31  19282      0.0      5.9      8.3      3.8   e3s +0.000  v6 +0.000  v5 +0.000
四指指尖/数据1            21  19079      0.0      5.2      7.9      3.9   e3s +0.000  v6 +0.000  v5 +0.072
四指指尖/数据2            21  19055      0.0      5.1      7.6      3.9   e3s +0.000  v6 +0.000  v5 +0.081
四指指尖/数据3            21  19969      0.0      5.4      8.2      4.2   e3s +0.000  v6 +0.000  v5 +0.095
切换负载-快相无责           21  25571      0.0      6.8     11.4      5.4   e3s +0.000  v6 +0.000  v5 +34.357
再切换负载               21   7089      0.0      1.7      2.9      1.2   e3s +0.000  v6 +0.000  v5 +0.000
中途切换-1d9493         21   6386      0.0      1.4      2.5      1.1   e3s +0.000  v6 +0.000  v5 +6.163
中途切换-13ffca         21  12058      0.0      2.8      4.9      2.4   e3s +0.000  v6 +0.000  v5 +72.324

总耗时 208 s
