# run: python scripts/t7a_2_events.py
======================================================================================================================
T7-A step2：卸载事件时间特征（T7-Q1）与类型分类（T7-Q4）——**只用原始读数**
时间网格 100 Hz；τ 网格 [np.float64(0.02), np.float64(0.05), np.float64(0.1), np.float64(0.15), np.float64(0.2), np.float64(0.3), np.float64(0.5), np.float64(0.75), np.float64(1.0), np.float64(1.5), np.float64(2.0), np.float64(3.0), np.float64(5.0), np.float64(8.0), np.float64(15.0), np.float64(30.0), np.float64(60.0)]；方向约定：J<0，z_at_*/u_at_* 为「卸载完成度」（越大＝越接近加载前空载电平）；t0 = 真实卸载沿（最后一个仍在旧电平 10% 带内的帧）
======================================================================================================================

──────────────────────────────────────────────────────────────────────────────────────────────────────────────────────
逐事件表（n=14；Δ 相对 z0 一律负向为正）
──────────────────────────────────────────────────────────────────────────────────────────────────────────────────────
        rec  round_idx   t_on  hold_s        pre    post      J_time  z0_ref  t10  t50  t80  t90  t95  u_at_01  u_at_02  step_frame_frac  trough_s  min_raw  dip_zero  dip_zero_pct  dip_dur_s    resid  resid_pct  resid_late  resid_late_pct  obs_win_s             type
  右拇指指尖/数据1          1 115.37  107.10    20.0375  0.9453    -19.4700  0.5675 0.01 0.02 0.03 0.04 0.05   1.0267   1.0230           0.3818      0.14   0.0140    0.5535        0.0284       0.16   0.3778     0.0194      0.2284          0.0117      47.32 B_overshoot_zero
  右拇指指尖/数据2          1 159.49  147.16    22.1348  0.9269    -21.8505  0.2843 0.01 0.02 0.03 0.03 0.04   1.0130   1.0119           0.4177      0.10   0.0000    0.2843        0.0130       0.19   0.6426     0.0294     -0.0116         -0.0005      60.00 B_overshoot_zero
  右拇指指尖/数据3          1 135.66  125.06    21.2564  0.5113    -21.2134  0.0430 0.04 0.05 0.06 0.06 0.06   1.0020   0.9875           0.4615      0.08   0.0000    0.0430        0.0020       0.00   0.4683     0.0221      0.4493          0.0212      54.72  C_no_return_pos
  左拇指指尖/数据1          1 147.38  135.68    18.1578  0.0000    -18.1578  0.0000 0.00 0.26 0.27 0.27 0.28   0.2857   0.2654           0.2706      0.29   0.0000    0.0000        0.0000       0.00   0.0000     0.0000      0.0000          0.0000      48.82  A_monotone_zero
  左拇指指尖/数据2          1 140.91  125.99    18.6042  0.0000    -18.6042  0.0000 0.01 0.02 0.03 0.03 0.03   1.0000   1.0000           0.4275      0.04   0.0000    0.0000        0.0000       0.00   0.0000     0.0000      0.0000          0.0000      57.59  A_monotone_zero
  左拇指指尖/数据3          1 132.59  121.72    19.3398  0.0000    -19.3398  0.0000 0.01 0.02 0.03 0.04 0.04   1.0000   1.0000           0.3557      0.05   0.0000    0.0000        0.0000       0.00   0.0000     0.0000      0.0000          0.0000      60.00  A_monotone_zero
   四指指尖/数据1          1 130.74  119.80    16.4250  0.0720    -16.3610  0.0640 0.01 0.02 0.03 0.03 0.03   1.0039   1.0039           0.5038      0.03   0.0000    0.0640        0.0039       0.00   0.0080     0.0005      0.0090          0.0006      60.00  A_monotone_zero
   四指指尖/数据2          1 130.78  119.74    17.0665  0.0910    -17.0035  0.0630 0.01 0.02 0.02 0.03 0.03   1.0037   1.0037           0.4685      0.04   0.0000    0.0630        0.0037       0.00   0.0280     0.0016      0.0190          0.0011      59.76  A_monotone_zero
   四指指尖/数据3          1 140.39  129.39    17.4941  0.5632    -17.4261  0.0680 0.01 0.07 0.10 0.11 0.12   0.8436   1.0039           0.1477      0.14   0.0000    0.0680        0.0039       0.00   0.4952     0.0284      0.0241          0.0014      59.29  A_monotone_zero
  切换负载-快相无责          3 249.61   63.63 25865.6979 55.0000 -25813.6979 52.0000 0.01 0.03 0.04 0.04 0.04   1.0012   1.0018           0.4315      0.23   0.5628   51.4372        0.0020       0.00   3.0000     0.0001      8.0000          0.0003       6.09  A_monotone_zero
      再切换负载          2  50.58   14.62 22655.0000 39.0000 -22618.0000 37.0000 0.01 0.03 0.04 0.05 0.05   0.9976   0.9941           0.2299      3.74  24.5803   12.4197        0.0005       0.00   2.0000     0.0001     -2.0000         -0.0001       6.23  A_monotone_zero
中途切换-1d9493          1  30.68   19.83 25977.7734 52.0000 -25908.5064 69.2670 0.01 0.02 0.02 0.02 0.02   1.0024   1.0023           0.5080      0.13   0.0000   69.2670        0.0027       0.00 -17.2670    -0.0007    -21.2670         -0.0008       7.89  A_monotone_zero
中途切换-13ffca          1  68.90   60.51 24442.5920 79.0000 -24358.5920 84.0000 0.01 0.04 0.05 0.05 0.05   1.0027   1.0032           0.3467      0.13   0.0000   84.0000        0.0034       0.00  -5.0000    -0.0002     -2.0000         -0.0001      18.43  A_monotone_zero
中途切换-13ffca          2 113.80   25.97 32454.7543 82.0000 -32367.5734 87.1809 0.01 0.02 0.13 0.14 0.15   0.7652   1.0021           0.3418      0.30   0.0000   87.1809        0.0027       0.00  -5.1809    -0.0002    -15.1809         -0.0005       6.77  A_monotone_zero

──────────────────────────────────────────────────────────────────────────────────────────────────────────────────────
平滑口径对照：中心 0.5 s 中值（Z̄，指标字典默认）vs 因果 0.1 s 中值（本任务用于时间指标）
──────────────────────────────────────────────────────────────────────────────────────────────────────────────────────
        rec   t_on  t50_c  t50  t90_c  t90  u_at_02_c  u_at_02  step_frame_frac
  右拇指指尖/数据1 115.37   0.02 0.02   0.04 0.04     0.9886   1.0230           0.3818
  右拇指指尖/数据2 159.49   0.02 0.02   0.03 0.03     0.9864   1.0119           0.4177
  右拇指指尖/数据3 135.66   0.05 0.05   0.06 0.06     0.9878   0.9875           0.4615
  左拇指指尖/数据1 147.38   0.26 0.26   0.27 0.27     0.3149   0.2654           0.2706
  左拇指指尖/数据2 140.91   0.02 0.02   0.03 0.03     1.0000   1.0000           0.4275
  左拇指指尖/数据3 132.59   0.02 0.02   0.04 0.04     1.0000   1.0000           0.3557
   四指指尖/数据1 130.74   0.02 0.02   0.03 0.03     1.0039   1.0039           0.5038
   四指指尖/数据2 130.78   0.02 0.02   0.03 0.03     1.0037   1.0037           0.4685
   四指指尖/数据3 140.39   0.07 0.07   0.11 0.11     1.0039   1.0039           0.1477
  切换负载-快相无责 249.61   0.03 0.03   0.04 0.04     1.0009   1.0018           0.4315
      再切换负载  50.58   0.03 0.03   0.05 0.05     0.9976   0.9941           0.2299
中途切换-1d9493  30.68   0.02 0.02   0.02 0.02     1.0015   1.0023           0.5080
中途切换-13ffca  68.90   0.04 0.04   0.05 0.05     1.0029   1.0032           0.3467
中途切换-13ffca 113.80   0.02 0.02   0.14 0.14     1.0016   1.0021           0.3418
   → 中心线比因果线把 t50 前移 中位 +0.000 s（|差| 中位 0.000 s、最大 0.000 s）；t90 前移 中位 +0.000 s（|差| 最大 0.000 s）
   含义：**用中心 0.5 s 中值量卸载沿会把瞬态时间整体压缩 ±0.25 s**，t50 会被压到 1~2 帧（这正是既有 T4-A 卸载 t50=0.01~0.02 s 的量级来源之一）。

归一化基对照：J_time（到前置空载电平）vs J_frozen（指标字典 post 窗）：
   比值 J_time/J_frozen 中位 1.0001、p10~p90 0.9998~1.0272（越接近 1 说明卸载确实停在加载前空载电平上）

【全部 unload（严格冻结集）】n=14
   t10                中位     0.0100   p10~p90     0.0100 ~     0.0100   n=14
   t50                中位     0.0200   p10~p90     0.0200 ~     0.0640   n=14
   t80                中位     0.0350   p10~p90     0.0230 ~     0.1210   n=14
   t90                中位     0.0400   p10~p90     0.0300 ~     0.1310   n=14
   t95                中位     0.0450   p10~p90     0.0300 ~     0.1410   n=14
   step_frame_frac    中位     0.3998   p10~p90     0.2421 ~     0.4932   n=14
   u_at_01            中位     1.0016   p10~p90     0.7887 ~     1.0103   n=14
   u_at_02            中位     1.0022   p10~p90     0.9895 ~     1.0095   n=14
   trough_s           中位     0.1300   p10~p90     0.0400 ~     0.2970   n=14
   dip_zero_pct       中位     0.0027   p10~p90     0.0000 ~     0.0103   n=14
   resid_pct          中位     0.0001   p10~p90    -0.0002 ~     0.0265   n=14
   resid_late_pct     中位     0.0000   p10~p90    -0.0005 ~     0.0086   n=14

【恒载 9 组（力域）】n=9
   t10                中位     0.0100   p10~p90     0.0080 ~     0.0160   n=9
   t50                中位     0.0200   p10~p90     0.0200 ~     0.1080   n=9
   t80                中位     0.0300   p10~p90     0.0280 ~     0.1340   n=9
   t90                中位     0.0400   p10~p90     0.0300 ~     0.1420   n=9
   t95                中位     0.0400   p10~p90     0.0300 ~     0.1520   n=9
   step_frame_frac    中位     0.4177   p10~p90     0.2460 ~     0.4755   n=9
   u_at_01            中位     1.0020   p10~p90     0.7320 ~     1.0158   n=9
   u_at_02            中位     1.0037   p10~p90     0.8431 ~     1.0141   n=9
   trough_s           中位     0.0800   p10~p90     0.0380 ~     0.1700   n=9
   dip_zero_pct       中位     0.0037   p10~p90     0.0000 ~     0.0161   n=9
   resid_pct          中位     0.0016   p10~p90     0.0000 ~     0.0286   n=9
   resid_late_pct     中位     0.0006   p10~p90    -0.0001 ~     0.0136   n=9

【实录（ADC 域）】n=5
   t10                中位     0.0100   p10~p90     0.0100 ~     0.0100   n=5
   t50                中位     0.0300   p10~p90     0.0200 ~     0.0360   n=5
   t80                中位     0.0400   p10~p90     0.0280 ~     0.0980   n=5
   t90                中位     0.0500   p10~p90     0.0280 ~     0.1040   n=5
   t95                中位     0.0500   p10~p90     0.0280 ~     0.1100   n=5
   step_frame_frac    中位     0.3467   p10~p90     0.2747 ~     0.4774   n=5
   u_at_01            中位     1.0012   p10~p90     0.8582 ~     1.0026   n=5
   u_at_02            中位     1.0021   p10~p90     0.9972 ~     1.0028   n=5
   trough_s           中位     0.2300   p10~p90     0.1300 ~     2.3640   n=5
   dip_zero_pct       中位     0.0027   p10~p90     0.0011 ~     0.0031   n=5
   resid_pct          中位    -0.0002   p10~p90    -0.0005 ~     0.0001   n=5
   resid_late_pct     中位    -0.0001   p10~p90    -0.0007 ~     0.0002   n=5

按录制家族的时长口径提示：包间隔（timestamp 正差分 p90）恒载 17.6 ms（帧内中位 15.4 ms）、实录 40.2 ms（每包含 ~4 行、行间时间戳仅差 1~2 µs ⇒ 有效采样率 ≈25 Hz）

卸载沿的'单包性'检查：
        rec   t_on  pkt_dt_p90  t10  t50  t90  step_frame_frac  step_pkt_frac  min_raw
  右拇指指尖/数据1 115.37      0.0176 0.01 0.02 0.04           0.3818         0.4407   0.0140
  右拇指指尖/数据2 159.49      0.0177 0.01 0.02 0.03           0.4177         0.4564   0.0000
  右拇指指尖/数据3 135.66      0.0177 0.04 0.05 0.06           0.4615         0.4526   0.0000
  左拇指指尖/数据1 147.38      0.0178 0.00 0.26 0.27           0.2706         0.5746   0.0000
  左拇指指尖/数据2 140.91      0.0179 0.01 0.02 0.03           0.4275         0.7064   0.0000
  左拇指指尖/数据3 132.59      0.0180 0.01 0.02 0.04           0.3557         0.2678   0.0000
   四指指尖/数据1 130.74      0.0181 0.01 0.02 0.03           0.5038         0.4220   0.0000
   四指指尖/数据2 130.78      0.0181 0.01 0.02 0.03           0.4685         0.8193   0.0000
   四指指尖/数据3 140.39      0.0180 0.01 0.07 0.11           0.1477         0.3534   0.0000
  切换负载-快相无责 249.61      0.0402 0.01 0.03 0.04           0.4315         0.4622   0.5628
      再切换负载  50.58      0.0401 0.01 0.03 0.05           0.2299         0.1283  24.5803
中途切换-1d9493  30.68      0.0401 0.01 0.02 0.02           0.5080         0.8045   0.0000
中途切换-13ffca  68.90      0.0402 0.01 0.04 0.05           0.3467         0.4051   0.0000
中途切换-13ffca 113.80      0.0402 0.01 0.02 0.14           0.3418         0.5338   0.0000
   网格级最大单帧降幅占 |J| 的比例 中位 0.400；设备速率（原始采样）级最大单包降幅占 |J| 的比例 中位 0.455
   ⇒ 卸载沿在**1~2 包内走完全部幅度**：t90 中位 0.040 s，与包间隔同量级，属于分辨率极限，不能再往下拆（τ<0.2 s 结论均处于时间轴畸变区）。

±1 包敏感性（τ<0.2 s 与 40 ms 包间隔同量级，必须看这一节）：
        rec   t_on  pkt_dt  t50  t50_m1pkt  t50_p1pkt  t90  t90_m1pkt  t90_p1pkt  u_at_02  u_at_02_m1pkt  u_at_02_p1pkt
  右拇指指尖/数据1 115.37  0.0176 0.02       0.04        NaN 0.04       0.07        NaN   1.0230         0.9880         0.2276
  右拇指指尖/数据2 159.49  0.0177 0.02       0.04        NaN 0.03       0.05        NaN   1.0119         0.9986         0.2803
  右拇指指尖/数据3 135.66  0.0177 0.05       0.07       0.03 0.06       0.08       0.04   0.9875         0.9212         0.9194
  左拇指指尖/数据1 147.38  0.0178 0.26       0.28       0.25 0.27       0.30        NaN   0.2654         0.1747         0.0330
  左拇指指尖/数据2 140.91  0.0179 0.02       0.04        NaN 0.03       0.05        NaN   1.0000         0.9808         0.4596
  左拇指指尖/数据3 132.59  0.0180 0.02       0.04        NaN 0.04       0.06        NaN   1.0000         0.9905         0.3656
   四指指尖/数据1 130.74  0.0181 0.02       0.04        NaN 0.03       0.05        NaN   1.0039         1.0074         0.3677
   四指指尖/数据2 130.78  0.0181 0.02       0.04        NaN 0.03       0.05        NaN   1.0037         1.0047         0.1116
   四指指尖/数据3 140.39  0.0180 0.07       0.09       0.08 0.11       0.13        NaN   1.0039         0.9972         0.7183
  切换负载-快相无责 249.61  0.0402 0.03       0.07        NaN 0.04       0.08        NaN   1.0018         1.0022         0.0021
      再切换负载  50.58  0.0401 0.03       0.07        NaN 0.05       0.09        NaN   0.9941         1.0044         0.1173
中途切换-1d9493  30.68  0.0401 0.02       0.05        NaN 0.02       0.06        NaN   1.0023         1.0162        -0.0004
中途切换-13ffca  68.90  0.0402 0.04       0.08        NaN 0.05       0.09        NaN   1.0032         0.9987         0.2945
中途切换-13ffca 113.80  0.0402 0.02       0.06        NaN 0.14       0.18        NaN   1.0021         0.9760         0.3113
   → ±1 包引起的 t50 变化 ≤ 0.040 s、t90 变化 ≤ 0.040 s

类型分类（T7-Q4）：
   A_monotone_zero     11 个   (79%)
   B_overshoot_zero     2 个   (14%)
   C_no_return_pos      1 个   (7%)
   规则（先判'不回来'，再判'过冲'）：
     |resid_late| > max(3σ_idle, 1%·|J|)          → C_no_return_pos / C_no_return_neg（不回来）
     否则 dip_zero > max(3σ_idle, 0.5%·|J|) 且持续 ≥0.1 s → B_overshoot_zero（过冲回零）
     否则                                          → A_monotone_zero（单调回零）
   σ_idle = 1.4826·MAD(前置空载段)；dip_zero = z0_ref − min(读数[t0,t0+8 s])

阈值敏感性（同一批事件换阈值时的类型比例）：
   dip>0.2%·|J| / resid>0.5%·|J|：B_overshoot=8  A_monotone=5  C_no_return=1
   dip>0.5%·|J| / resid>1.0%·|J|：A_monotone=11  B_overshoot=2  C_no_return=1
   dip>1.0%·|J| / resid>2.0%·|J|：A_monotone=11  B_overshoot=2  C_no_return=1

分录制类型分布：
rec          type            
中途切换-13ffca  A_monotone_zero     2
中途切换-1d9493  A_monotone_zero     1
再切换负载        A_monotone_zero     1
切换负载-快相无责    A_monotone_zero     1
右拇指指尖/数据1    B_overshoot_zero    1
右拇指指尖/数据2    B_overshoot_zero    1
右拇指指尖/数据3    C_no_return_pos     1
四指指尖/数据1     A_monotone_zero     1
四指指尖/数据2     A_monotone_zero     1
四指指尖/数据3     A_monotone_zero     1
左拇指指尖/数据1    A_monotone_zero     1
左拇指指尖/数据2    A_monotone_zero     1
左拇指指尖/数据3    A_monotone_zero     1

──────────────────────────────────────────────────────────────────────────────────────────────────────────────────────
与 T4-A 冻结表的口径交叉核对（同一批 14 个事件）
──────────────────────────────────────────────────────────────────────────────────────────────────────────────────────
        rec  t4a_t_on  t4a_t50  t7a_t50  t4a_z_at_02  t7a_z_at_02
  右拇指指尖/数据1    115.37     0.02     0.02       1.0082       1.0082
  右拇指指尖/数据2    159.49     0.02     0.02       1.0163       1.0163
  右拇指指尖/数据3    135.70     0.01     0.05       1.0101       1.0101
  左拇指指尖/数据1    147.52     0.12     0.26       1.0000       0.3149
  左拇指指尖/数据2    140.92     0.01     0.02       1.0000       1.0000
  左拇指指尖/数据3    132.59     0.02     0.02       1.0000       1.0000
   四指指尖/数据1    130.75     0.01     0.02       1.0044       1.0044
   四指指尖/数据2    130.78     0.02     0.02       1.0054       1.0054
   四指指尖/数据3    140.40     0.03     0.07       1.0333       1.0333
  切换负载-快相无责    249.63     0.01     0.03       1.0011       1.0011
      再切换负载     50.61     0.00     0.03       0.9978       0.9977
中途切换-1d9493     30.68     0.02     0.02       1.0008       1.0008
中途切换-13ffca     68.93     0.01     0.04       1.0032       1.0027
中途切换-13ffca    113.80     0.02     0.02       1.0014       1.0014
   t50 差异：中位 0.010 s、最大 0.140 s（口径差异 = T4-A 以 Z(t_on) 为基准、本任务以 pre 窗中位为基准；两者在同一帧几乎相等）
   z_at_02 差异：中位 0.0000、最大 0.6851

时间轴畸变区提示：τ<0.2 s 的结论落在 40 ms 包量化与 T2 的 0.2 s 畸变区内，本报告只在 u_at_02 / t50 上引用，t10 及更早只作参考。

──────────────────────────────────────────────────────────────────────────────────────────────────────────────────────
【C-5 支撑】同一份录制内「加载沿 vs 卸载沿」时间常数配对（加载侧取 T4-A 冻结表的
kind=onset 事件；卸载侧取本任务严格集。两侧口径不同，只作数量级对照，
完整的对称性专项属 T7-B）
──────────────────────────────────────────────────────────────────────────────────────────────────────────────────────
        rec  n_load  n_unload  load_t50_med  load_t90_med  unload_t50_med  unload_t90_med  ratio_t90  ratio_t50
中途切换-13ffca       2         2          0.01         0.905            0.03           0.095     9.5263     0.3333
中途切换-1d9493       2         1          0.06         0.960            0.02           0.020    48.0000     3.0000
      再切换负载       3         1          0.02         0.460            0.03           0.050     9.2000     0.6667
  切换负载-快相无责       6         1          0.03         0.540            0.03           0.040    13.5000     1.0000
  右拇指指尖/数据1       1         1          0.02         0.850            0.02           0.040    21.2500     1.0000
  右拇指指尖/数据2       1         1          0.03         1.500            0.02           0.030    50.0000     1.5000
  右拇指指尖/数据3       1         1          0.02         0.490            0.05           0.060     8.1667     0.4000
   四指指尖/数据1       1         1          0.01         1.270            0.02           0.030    42.3333     0.5000
   四指指尖/数据2       1         1          0.03         1.380            0.02           0.030    46.0000     1.5000
   四指指尖/数据3       1         1          0.02         0.880            0.07           0.110     8.0000     0.2857
  左拇指指尖/数据1       1         1          0.02         0.570            0.26           0.270     2.1111     0.0769
  左拇指指尖/数据2       1         1          0.01         0.670            0.02           0.030    22.3333     0.5000
  左拇指指尖/数据3       1         1          0.01         0.730            0.02           0.040    18.2500     0.5000
   同录制配对 n=13：t90 比值（加载/卸载）中位 18.25、p10~p90 8.03~47.60；t50 比值中位 0.50
   ⇒ 加载沿（零基线 onset）比卸载沿慢 1~2 个数量级 ⇒ **正负方向的时间常数明显不对称**；
     T4-A 的 E2 证据因此只能读作「卸载沿本身极快」这个方向性事实，不能反推「传感器在带载状态的反应与零基线加载一样快」。
