# run: python scripts/t7a_3_offset.py
======================================================================================================================
T7-A step3：卸载后残余偏移随时间（T7-Q2）+ 扣除撤销（T7-Q3）
定义：resid(τ) = Z̄_arm(t0+τ..t0+τ+1s) − z0_ref（z0_ref = 该轮加载前的空载电平中位）
      Δ_frozen = resid(arm) − resid(raw)（指标字典 §4 的「冻结偏差」）
      ded_eff  = 原始总量 − 补偿后总量（实际生效扣除，含输出封顶影响）
======================================================================================================================

──────────────────────────────────────────────────────────────────────────────────────────────────────────────────────
【T7-Q2】raw 柱残余偏移（绝对值 ADC / 力域 N；相对量按 |J_time|；n=14）
──────────────────────────────────────────────────────────────────────────────────────────────────────────────────────
        rec  round_idx     t0  hold_s        pre  z0_ref      J_time    post   resid4  resid4_pct  resid_late  resid_late_pct  recovery_pct  obs_win_s             type
  右拇指指尖/数据1          1 115.37  107.10    20.0375  0.5675    -19.4700  0.9453   0.3658      0.0188      0.2285          0.0117       37.5227      47.32 B_overshoot_zero
  右拇指指尖/数据2          1 159.49  147.16    22.1348  0.2843    -21.8505  0.9269   0.6147      0.0281     -0.0115         -0.0005      101.8679      60.00 B_overshoot_zero
  右拇指指尖/数据3          1 135.66  125.06    21.2564  0.0430    -21.2134  0.5113   0.5142      0.0242      0.4493          0.0212       12.6332      54.72  C_no_return_pos
  左拇指指尖/数据1          1 147.38  135.68    18.1578  0.0000    -18.1578  0.0000   0.0000      0.0000      0.0000          0.0000           NaN      48.82  A_monotone_zero
  左拇指指尖/数据2          1 140.91  125.99    18.6042  0.0000    -18.6042  0.0000   0.0000      0.0000      0.0000          0.0000           NaN      57.59  A_monotone_zero
  左拇指指尖/数据3          1 132.59  121.72    19.3398  0.0000    -19.3398  0.0000   0.0000      0.0000      0.0000          0.0000           NaN      60.00  A_monotone_zero
   四指指尖/数据1          1 130.74  119.80    16.4250  0.0640    -16.3610  0.0720   0.0066      0.0004      0.0090          0.0006      -36.9205      60.00  A_monotone_zero
   四指指尖/数据2          1 130.78  119.74    17.0665  0.0630    -17.0035  0.0910   0.0320      0.0019      0.0190          0.0011       40.6250      59.76  A_monotone_zero
   四指指尖/数据3          1 140.39  129.39    17.4941  0.0680    -17.4261  0.5632   0.4159      0.0239      0.0241          0.0014       94.2020      59.29  A_monotone_zero
  切换负载-快相无责          3 249.61   63.63 25865.6979 52.0000 -25813.6979 55.0000   8.0000      0.0003      8.0000          0.0003        0.0000       6.09  A_monotone_zero
      再切换负载          2  50.58   14.62 22655.0000 37.0000 -22618.0000 39.0000   2.0000      0.0001     -2.0000         -0.0001      200.0000       6.23  A_monotone_zero
中途切换-1d9493          1  30.68   19.83 25977.7734 69.2670 -25908.5064 52.0000 -18.2888     -0.0007    -21.2670         -0.0008      -16.2843       7.89  A_monotone_zero
中途切换-13ffca          1  68.90   60.51 24442.5920 84.0000 -24358.5920 79.0000  -5.0000     -0.0002     -2.0000         -0.0001       60.0000      18.43  A_monotone_zero
中途切换-13ffca          2 113.80   25.97 32454.7543 87.1809 -32367.5734 82.0000 -10.8056     -0.0003    -15.1809         -0.0005      -40.4908       6.77  A_monotone_zero

【全部】n=14
   resid4           中位      0.01929   p10~p90     -9.06393 ~      1.58440   n=14
   resid4_pct       中位      0.00020   p10~p90     -0.00030 ~      0.02413   n=14
   resid_late       中位      0.00000   p10~p90    -11.22663 ~      0.38304   n=14
   resid_late_pct   中位      0.00000   p10~p90     -0.00051 ~      0.00863   n=14
   recovery_pct     中位     37.52269   p10~p90    -36.92054 ~    101.86791   n=11
   slope_late       中位     -0.00028   p10~p90     -0.00964 ~      0.00001   n=9

【恒载 9 组（力域）】n=9
   resid4           中位      0.03200   p10~p90      0.00000 ~      0.53432   n=9
   resid4_pct       中位      0.00188   p10~p90      0.00000 ~      0.02502   n=9
   resid_late       中位      0.00900   p10~p90     -0.00230 ~      0.27266   n=9
   resid_late_pct   中位      0.00055   p10~p90     -0.00011 ~      0.01363   n=9
   recovery_pct     中位     39.07384   p10~p90    -12.14366 ~     98.03496   n=6
   slope_late       中位     -0.00028   p10~p90     -0.00964 ~      0.00001   n=9

【实录（ADC 域）】n=5
   resid4           中位     -5.00000   p10~p90    -15.29551 ~      5.60000   n=5
   resid4_pct       中位     -0.00021   p10~p90     -0.00056 ~      0.00022   n=5
   resid_late       中位     -2.00000   p10~p90    -18.83254 ~      4.00000   n=5
   resid_late_pct   中位     -0.00009   p10~p90     -0.00068 ~      0.00015   n=5
   recovery_pct     中位      0.00000   p10~p90    -30.80819 ~    144.00000   n=5
   slope_late       无有效值

【回到零没有？按阈值统计】|resid_late| 相对 |J_time| 的超限事件数：
   tol= 0.2%·|J|   全部   超限 2/14   最大 0.0212
   tol= 0.2%·|J|   恒载   超限 2/9   最大 0.0212
   tol= 0.2%·|J|   实录   超限 0/5   最大 0.0008
   tol= 0.5%·|J|   全部   超限 2/14   最大 0.0212
   tol= 0.5%·|J|   恒载   超限 2/9   最大 0.0212
   tol= 0.5%·|J|   实录   超限 0/5   最大 0.0008
   tol= 1.0%·|J|   全部   超限 2/14   最大 0.0212
   tol= 1.0%·|J|   恒载   超限 2/9   最大 0.0212
   tol= 1.0%·|J|   实录   超限 0/5   最大 0.0008
   tol= 2.0%·|J|   全部   超限 1/14   最大 0.0212
   tol= 2.0%·|J|   恒载   超限 1/9   最大 0.0212
   tol= 2.0%·|J|   实录   超限 0/5   最大 0.0008

【T7-Q3】扣除撤销（按臂；ded_pre = 卸载前 3 s 的生效扣除中位）
──────────────────────────────────────────────────────────────────────────────────────────────────────────────────────
      n  ded_pre_med  t_ded_half_med  t_ded_half_max  ded_late_med  ded_late_pct_med  ded_late_pct_max  extra_pin_med  extra_pin_max  dip_extra_pct_med  dip_extra_pct_max  jump_med    jump_max  dfrozen_pct_med  dfrozen_pct_max
arm                                                                                                                                                                                                                               
raw  14       0.0000           0.000            0.00        0.0000            0.0000            0.0000          0.000           0.00             0.0000             0.0000    8.5306  13062.0516           0.0000              0.0
e3s  14       4.0810           0.025            0.26        0.0000            0.0000            0.0000          0.005           0.85             0.0004             0.0338    7.3664  12173.4824           0.0000              0.0
v6   14       2.5348           0.025            0.78        0.0000            0.0000            0.0000          0.000           0.31             0.0000             0.0343    7.1197  11007.1748           0.0000              0.0
v5   14       4.0810           0.745            1.79        0.4048            0.0051            0.0413          0.030           5.58             0.1084             0.2589    8.4972  12981.1736          -0.0051              0.0

逐事件（实录 ADC 域，按 |J| 归一化，%）
        rec     t0 arm    ded_pre  t_ded_half  ded_late  ded_late_pct  extra_pin  dip_extra_pct  jump_frame  dfrozen_late_pct
  切换负载-快相无责 249.61 raw     0.0000        0.00    0.0000        0.0000       0.00         0.0000  11137.8532            0.0000
  切换负载-快相无责 249.61 e3s  1211.8689        0.03    0.0000        0.0000       0.00         0.0011  10516.6855            0.0000
  切换负载-快相无责 249.61  v6  2614.4248        0.03    0.0000        0.0000       0.00         0.0011   9867.6865            0.0000
  切换负载-快相无责 249.61  v5  2318.0909        0.75  392.3343        0.0152       0.00         0.0883  11070.0321           -0.0147
      再切换负载  50.58 raw     0.0000        0.00    0.0000        0.0000       0.00         0.0000   5115.8704            0.0000
      再切换负载  50.58 e3s   125.1854        0.04    0.0000        0.0000       0.05         0.0009   5069.1826           -0.0000
      再切换负载  50.58  v6  -913.2167        0.78    0.0000        0.0000      -0.65         0.0000   5002.9486            0.0000
      再切换负载  50.58  v5   683.1010        1.79  189.9674        0.0084       0.09         0.0297   5115.8701           -0.0086
中途切换-1d9493  30.68 raw     0.0000        0.00    0.0000        0.0000       0.00         0.0000  13062.0516            0.0000
中途切换-1d9493  30.68 e3s  1708.0518        0.01    0.0000        0.0000       0.00         0.0012  12173.4824            0.0000
中途切换-1d9493  30.68  v6  5135.9690        0.01    0.0000        0.0000       0.00         0.0012  10423.7715            0.0000
中途切换-1d9493  30.68  v5  1708.0518        0.71   40.4690        0.0016       0.00         0.0641  12981.1736           -0.0015
中途切换-13ffca  68.90 raw     0.0000        0.00    0.0000        0.0000       0.00         0.0000   8446.1067            0.0000
中途切换-13ffca  68.90 e3s  1675.9979        0.04    0.0000        0.0000       0.00         0.0000   7636.9595            0.0000
中途切换-13ffca  68.90  v6  2752.5178        0.04    0.0000        0.0000       0.00         0.0000   7070.5688            0.0000
中途切换-13ffca  68.90  v5  1675.9979        0.72   79.4341        0.0033       0.00         0.0662   8425.5007           -0.0033
中途切换-13ffca 113.80 raw     0.0000        0.00    0.0000        0.0000       0.00         0.0000  11064.4302            0.0000
中途切换-13ffca 113.80 e3s  1865.4333        0.16    0.0000        0.0000       0.02         0.0011  10878.5767            0.0000
中途切换-13ffca 113.80  v6 -1109.0629        0.78    0.0000        0.0000      -0.61        -0.0007  11007.1748            0.0000
中途切换-13ffca 113.80  v5  2793.9719        0.75  295.6468        0.0091       0.04         0.0801  10958.0115           -0.0087

逐事件（恒载力域；ded/rel 用力的单位 N）
      rec     t0 arm  ded_pre  t_ded_half  ded_late  ded_late_pct  extra_pin  dip_extra_pct  jump_frame  dfrozen_late_pct
右拇指指尖/数据1 115.37 raw   0.0000        0.00    0.0000        0.0000       0.00         0.0000      6.8552            0.0000
右拇指指尖/数据1 115.37 e3s   5.0284        0.02    0.0000        0.0000       0.85         0.0338      5.5304            0.0000
右拇指指尖/数据1 115.37  v6   5.3999        0.02    0.0000        0.0000       0.29         0.0343      5.3970            0.0000
右拇指指尖/数据1 115.37  v5   5.0284        0.90    0.8048        0.0413       5.58         0.2589      6.8314           -0.0412
右拇指指尖/数据2 159.49 raw   0.0000        0.00    0.0000        0.0000       0.00         0.0000      8.8612            0.0000
右拇指指尖/数据2 159.49 e3s   4.4618        0.02    0.0000        0.0000       0.23         0.0144      7.4111            0.0000
右拇指指尖/数据2 159.49  v6   6.1889        0.02    0.0000        0.0000       0.31         0.0171      6.7346            0.0000
右拇指指尖/数据2 159.49  v5   4.4618        0.85    0.3001        0.0137       3.46         0.1927      8.8251           -0.0131
右拇指指尖/数据3 135.66 raw   0.0000        0.00    0.0000        0.0000       0.00         0.0000      9.3430            0.0000
右拇指指尖/数据3 135.66 e3s   3.7001        0.05    0.0000        0.0000       0.32         0.0096      7.7739            0.0000
右拇指指尖/数据3 135.66  v6   2.7343        0.05    0.0000        0.0000       0.22         0.0084      8.2341            0.0000
右拇指指尖/数据3 135.66  v5   3.7001        0.83    0.5096        0.0240       5.46         0.1698      9.3237           -0.0238
左拇指指尖/数据1 147.38 raw   0.0000        0.00    0.0000        0.0000       0.00         0.0000      4.5993            0.0000
左拇指指尖/数据1 147.38 e3s   2.1250        0.26    0.0000        0.0000       0.01         0.0000      3.8708            0.0000
左拇指指尖/数据1 147.38  v6   1.4331        0.26    0.0000        0.0000       0.01         0.0000      4.1217            0.0000
左拇指指尖/数据1 147.38  v5   2.1250        0.90    0.0000        0.0000       0.02         0.1137      4.5993            0.0000
左拇指指尖/数据2 140.91 raw   0.0000        0.00    0.0000        0.0000       0.00         0.0000      7.9525            0.0000
左拇指指尖/数据2 140.91 e3s   2.0426        0.02    0.0000        0.0000       0.00         0.0000      7.0636            0.0000
左拇指指尖/数据2 140.91  v6   2.0542        0.02    0.0000        0.0000       0.00         0.0000      7.0492            0.0000
左拇指指尖/数据2 140.91  v5   2.0426        0.70    0.0000        0.0000       0.01         0.1088      7.9525            0.0000
左拇指指尖/数据3 132.59 raw   0.0000        0.00    0.0000        0.0000       0.00         0.0000      6.8793            0.0000
左拇指指尖/数据3 132.59 e3s   1.5471        0.02    0.0000        0.0000       0.00         0.0000      6.4853            0.0000
左拇指指尖/数据3 132.59  v6   0.9202        0.02    0.0000        0.0000       0.00         0.0000      6.6284            0.0000
左拇指指尖/数据3 132.59  v5   1.5471        0.70    0.0000        0.0000       0.01         0.0776      6.8601            0.0000
 四指指尖/数据1 130.74 raw   0.0000        0.00    0.0000        0.0000       0.00         0.0000      8.2001            0.0000
 四指指尖/数据1 130.74 e3s   2.7518        0.02    0.0000        0.0000       0.00         0.0000      6.7829            0.0000
 四指指尖/数据1 130.74  v6   2.9271        0.02    0.0000        0.0000       0.00         0.0000      6.6948            0.0000
 四指指尖/数据1 130.74  v5   2.7518        0.71    0.0732        0.0045       0.00         0.1695      8.1694           -0.0045
 四指指尖/数据2 130.78 raw   0.0000        0.00    0.0000        0.0000       0.00         0.0000      7.8780            0.0000
 四指指尖/数据2 130.78 e3s   2.0532        0.02    0.0000        0.0000       0.00         0.0000      7.3217            0.0000
 四指指尖/数据2 130.78  v6   2.3354        0.02    0.0000        0.0000       0.01         0.0000      7.1903            0.0000
 四指指尖/数据2 130.78  v5   2.0532        0.70    0.0829        0.0049       4.38         0.1186      7.8504           -0.0049
 四指指尖/数据3 140.39 raw   0.0000        0.00    0.0000        0.0000       0.00         0.0000      2.5736            0.0000
 四指指尖/数据3 140.39 e3s   1.9656        0.11    0.0000        0.0000       0.01         0.0000      2.4502            0.0000
 四指指尖/数据3 140.39  v6   1.4683        0.11    0.0000        0.0000       0.01         0.0000      2.4651            0.0000
 四指指尖/数据3 140.39  v5   1.9656        0.74    0.0926        0.0053       2.23         0.1080      2.5433           -0.0053

【扣除轨迹是否'被当成新蠕变'】ded_late_pct 显著 > 0 且不随时衰减 ⇒ 扣除被冻结；≈0 ⇒ 已撤销。逐臂中位见上表 ded_late_pct_med。
