# run: python scripts/t7a_0_recon.py
======================================================================================================================
T7-A step0 盘点：13 份录制（恒载 9 = display/force 域；实录 4 = ADC 域）
口径：timestamp 列、100 Hz 均匀网格(dt=0.01s)、Z=Σch、Z̄=median(Z,0.5s)；卸载定义=减少量≥80%当前电平(unload)/20~80%(partial_unload)，且前后各 2 s 稳定
======================================================================================================================
录制                家族    nch     帧数  span/s    包间隔/ms   min(X)    X≤0占比        底         峰
右拇指指尖/数据1         恒载     31  16355   162.7     15.45    0.000   0.3923     0.64      20.1   严格集 卸载=1 部分=0 / 自适应集 卸载=1 (边沿候选 2)
右拇指指尖/数据2         恒载     31  23536   234.1     15.38    0.000   0.4239     0.23      22.1   严格集 卸载=1 部分=0 / 自适应集 卸载=1 (边沿候选 2)
右拇指指尖/数据3         恒载     31  19137   190.4     15.39    0.000   0.4098     0.05      21.3   严格集 卸载=1 部分=0 / 自适应集 卸载=1 (边沿候选 2)
左拇指指尖/数据1         恒载     31  19739   196.2     15.32    0.000   0.5564     0.00      18.2   严格集 卸载=1 部分=0 / 自适应集 卸载=1 (边沿候选 2)
左拇指指尖/数据2         恒载     31  19974   198.5     15.25    0.000   0.5908     0.00      18.6   严格集 卸载=1 部分=0 / 自适应集 卸载=1 (边沿候选 2)
左拇指指尖/数据3         恒载     31  19401   192.8     15.15    0.000   0.5725     0.00      19.3   严格集 卸载=1 部分=0 / 自适应集 卸载=1 (边沿候选 2)
四指指尖/数据1          恒载     21  19139   190.8     15.12    0.000   0.5643     0.07      16.4   严格集 卸载=1 部分=0 / 自适应集 卸载=1 (边沿候选 2)
四指指尖/数据2          恒载     21  19113   190.5     15.12    0.000   0.5390     0.07      17.1   严格集 卸载=1 部分=0 / 自适应集 卸载=1 (边沿候选 2)
四指指尖/数据3          恒载     21  20032   199.7     15.09    0.000   0.5283     0.07      17.5   严格集 卸载=1 部分=0 / 自适应集 卸载=1 (边沿候选 2)
切换负载-快相无责         实采     21  25692   255.7      0.01    0.000   0.4791    62.00   27999.6   严格集 卸载=1 部分=0 / 自适应集 卸载=1 (边沿候选 18)
再切换负载             实采     21   7128    70.9      0.01    0.000   0.5242    32.00   25900.8   严格集 卸载=1 部分=0 / 自适应集 卸载=1 (边沿候选 5)
中途切换-1d9493       实采     21   6420    63.9      0.01    0.000   0.5629    46.46   27736.2   严格集 卸载=1 部分=0 / 自适应集 卸载=1 (边沿候选 5)
中途切换-13ffca       实采     21  12120   120.6      0.01    0.000   0.5134    70.00   32470.4   严格集 卸载=2 部分=0 / 自适应集 卸载=2 (边沿候选 9)

======================================================================================================================
与既有事件表对齐（只比对时刻；本任务的 t0 = 卸载沿起点 = 最后一个仍在旧电平 10% 带内的帧）
======================================================================================================================
T4-A 冻结表：卸载 14 个 + 部分卸载 5 个
本任务（冻结定义 + 稳定判据）：卸载 14 个 + 部分卸载 0 个

T4-A rec           T4-A t_on      T4-A kind    本任务 t0    Δt/s       本任务 kind step_frac
中途切换-13ffca            45.28 partial_unload     45.28    0.00      too_small    0.1473
中途切换-13ffca            68.93         unload     68.90   -0.03         unload    0.9968
中途切换-13ffca           113.80         unload    113.80    0.00         unload    0.9975
中途切换-1d9493            30.68         unload     30.68    0.00         unload    0.9980
再切换负载                  50.61         unload     50.58   -0.03         unload    0.9983
切换负载-快相无责             129.37 partial_unload    129.38    0.01      too_small    0.0336
切换负载-快相无责             182.03 partial_unload    182.03    0.00      too_small    0.1283
切换负载-快相无责             202.65 partial_unload    202.61   -0.04      too_small    0.1502
切换负载-快相无责             212.40 partial_unload    212.40    0.00 partial_unload    0.7396
切换负载-快相无责             249.63         unload    249.61   -0.02         unload    0.9979
右拇指指尖/数据1             115.37         unload    115.37    0.00         unload    0.9528
右拇指指尖/数据2             159.49         unload    159.49    0.00         unload    0.9581
右拇指指尖/数据3             135.70         unload    135.66   -0.04         unload    0.9759
四指指尖/数据1              130.75         unload    130.74   -0.01         unload    0.9956
四指指尖/数据2              130.78         unload    130.78    0.00         unload    0.9947
四指指尖/数据3              140.40         unload    140.39   -0.01         unload    0.9678
左拇指指尖/数据1             147.52         unload    147.38   -0.14         unload    1.0000
左拇指指尖/数据2             140.92         unload    140.91   -0.01         unload    1.0000
左拇指指尖/数据3             132.59         unload    132.59    0.00         unload    1.0000

配对 n=19；|Δt0| 中位 0.01 s、最大 0.14 s（Δ = 本任务 t0 − T4-A t_on）
kind 一致率 79%（15/19）

======================================================================================================================
与第一轮 b_unload_raw.csv（21 处）对齐：第一轮 full=17 partial=4
======================================================================================================================
rec                  b t_dn  b class    本任务 t0    Δt/s       本任务 kind stable stab_pre stab_post
右拇指指尖/数据1            115.23     full    115.37    0.14         unload   True   0.0291    0.0022
右拇指指尖/数据2            159.87     full    159.49   -0.38         unload   True   0.0101    0.0101
右拇指指尖/数据3            135.02     full    135.66    0.64         unload   True   0.0166    0.0089
左拇指指尖/数据1            147.42     full    147.38   -0.04         unload   True   0.0006    0.0000
左拇指指尖/数据2            140.85     full    140.91    0.06         unload   True   0.0017    0.0000
左拇指指尖/数据3            132.52     full    132.59    0.07         unload   True   0.0054    0.0000
四指指尖/数据1             130.61     full    130.74    0.13         unload   True   0.0069    0.0005
四指指尖/数据2             130.13     full    130.78    0.65         unload   True   0.0016    0.0004
四指指尖/数据3             139.83     full    140.39    0.56         unload   True   0.0009    0.0093
切换负载-快相无责             72.26  partial     71.64   -0.62 partial_unload  False   0.0126    2.5247
切换负载-快相无责            129.59     full    129.38   -0.21      too_small  False   0.0015   29.5549
切换负载-快相无责            182.12     full    182.03   -0.09      too_small  False   0.0206    0.4693
切换负载-快相无责            202.91  partial    202.61   -0.30      too_small   True   0.0216    0.0289
切换负载-快相无责            212.58  partial    212.40   -0.18 partial_unload  False   0.0022    0.1270
切换负载-快相无责            249.83     full    249.61   -0.22         unload   True   0.0027    0.0002
再切换负载                 30.44     full     31.20    0.76      too_small  False   0.0048   18.4320
再切换负载                 51.42     full     50.58   -0.84         unload   True   0.0106    0.0003
中途切换-1d9493           30.98     full     30.68   -0.30         unload   True   0.0108    0.0001
中途切换-13ffca           46.11  partial     45.28   -0.83      too_small   True   0.0081    0.0197
中途切换-13ffca           68.60     full     68.90    0.30         unload   True   0.0093    0.0001
中途切换-13ffca          113.19     full    113.80    0.61         unload   True   0.0019    0.0003

配对 n=21；|Δt0| 中位 0.30 s、最大 0.84 s
full/unload 与 partial/partial_unload 一致：18/21
其中不满足「前后各 2 s 稳定」的：5/21（冻结定义会剔除）

======================================================================================================================
严格集 vs 自适应后窗集（post 窗被 6 s 内下一次变载污染时，严格判据剔除、自适应集保留）
======================================================================================================================
rec                     t0 step_frac stab_pre stab_post      kind(严格)   step_f(自适应)   stab_p(自适应)      kind(自适应)
右拇指指尖/数据1           115.37    0.9528   0.0291    0.0022        unload        0.9528        0.0022         unload
右拇指指尖/数据2           159.49    0.9581   0.0101    0.0101        unload        0.9581        0.0101         unload
右拇指指尖/数据3           135.66    0.9759   0.0166    0.0089        unload        0.9759        0.0089         unload
左拇指指尖/数据1           147.38    1.0000   0.0006    0.0000        unload        1.0000        0.0000         unload
左拇指指尖/数据2           140.91    1.0000   0.0017    0.0000        unload        1.0000        0.0000         unload
左拇指指尖/数据3           132.59    1.0000   0.0054    0.0000        unload        1.0000        0.0000         unload
四指指尖/数据1            130.74    0.9956   0.0069    0.0005        unload        0.9956        0.0005         unload
四指指尖/数据2            130.78    0.9947   0.0016    0.0004        unload        0.9947        0.0004         unload
四指指尖/数据3            140.39    0.9678   0.0009    0.0093        unload        0.9678        0.0093         unload
切换负载-快相无责            71.64    0.3160   0.0126    2.5247partial_unload        0.3817        1.0565 partial_unload
切换负载-快相无责           129.38    0.0336   0.0015   29.5549     too_small        0.9973        0.8039         unload
切换负载-快相无责           212.40    0.7396   0.0022    0.1270partial_unload        0.7397        0.0492 partial_unload
切换负载-快相无责           249.61    0.9979   0.0027    0.0002        unload        0.9979        0.0002         unload
再切换负载                31.20    0.0700   0.0048   18.4320     too_small        0.9976        1.0698         unload
再切换负载                50.58    0.9983   0.0106    0.0003        unload        0.9983        0.0003         unload
中途切换-1d9493          30.68    0.9980   0.0108    0.0001        unload        0.9980        0.0001         unload
中途切换-13ffca          68.90    0.9968   0.0093    0.0001        unload        0.9968        0.0001         unload
中途切换-13ffca         113.80    0.9975   0.0019    0.0003        unload        0.9975        0.0003         unload

被严格定义剔除、但自适应集可保留的事件（本任务的敏感性对照集）：
      rec    t0  step_frac  stab_pre  stab_post     kind_adapt
切换负载-快相无责 212.4     0.7396    0.0022      0.127 partial_unload

幅度不足 20%（不满足指标字典 partial_unload 定义，属 restep/小减重）：
        rec     t0  step_frac  stab_pre  stab_post
  切换负载-快相无责 129.38     0.0336    0.0015    29.5549
  切换负载-快相无责 182.03     0.1283    0.0206     0.4693
  切换负载-快相无责 202.61     0.1502    0.0216     0.0289
      再切换负载  31.20     0.0700    0.0048    18.4320
中途切换-13ffca  26.29     0.0506    0.3457     0.0520
中途切换-13ffca  45.28     0.1473    0.0081     0.0197

域检查结论（X = 逐通道原始读数）：
  右拇指指尖/数据1          min(X)=    0.000  X≤0 占比= 39.232%  （无负值→需判断是否为域钳位）
  右拇指指尖/数据2          min(X)=    0.000  X≤0 占比= 42.391%  （无负值→需判断是否为域钳位）
  右拇指指尖/数据3          min(X)=    0.000  X≤0 占比= 40.977%  （无负值→需判断是否为域钳位）
  左拇指指尖/数据1          min(X)=    0.000  X≤0 占比= 55.638%  （无负值→需判断是否为域钳位）
  左拇指指尖/数据2          min(X)=    0.000  X≤0 占比= 59.081%  （无负值→需判断是否为域钳位）
  左拇指指尖/数据3          min(X)=    0.000  X≤0 占比= 57.246%  （无负值→需判断是否为域钳位）
  四指指尖/数据1           min(X)=    0.000  X≤0 占比= 56.428%  （无负值→需判断是否为域钳位）
  四指指尖/数据2           min(X)=    0.000  X≤0 占比= 53.898%  （无负值→需判断是否为域钳位）
  四指指尖/数据3           min(X)=    0.000  X≤0 占比= 52.827%  （无负值→需判断是否为域钳位）
  切换负载-快相无责          min(X)=    0.000  X≤0 占比= 47.910%  （无负值→需判断是否为域钳位）
  再切换负载              min(X)=    0.000  X≤0 占比= 52.420%  （无负值→需判断是否为域钳位）
  中途切换-1d9493        min(X)=    0.000  X≤0 占比= 56.286%  （无负值→需判断是否为域钳位）
  中途切换-13ffca        min(X)=    0.000  X≤0 占比= 51.337%  （无负值→需判断是否为域钳位）
