# run: python scripts/t7a_4_zero.py
==================================================================================================================================
T7-A step4：零基线漂移 P3（T7-Q9）——原始读数 vs 补偿后读数**两条线**
口径：零点读数 = 空载平台内（跳过起始 0.5 s）最后 3 s 的 Z̄ 中位；Δ零点 = 本轮零点 − 首轮零点（同录制内）
==================================================================================================================================

──────────────────────────────────────────────────────────────────────────────────────────────────────────────────────────────────
【零点读数库存】逐空载平台（零点读数为 raw 柱；同录制的 '臂−raw' 用于区分传感器/算法）
──────────────────────────────────────────────────────────────────────────────────────────────────────────────────────────────────
        rec kind_rec  gap_idx     t0     t1  dur_s   z_raw   z_e3s    z_v6      z_v5  z_e3s_minus_raw  z_v6_minus_raw  z_v5_minus_raw   dz_raw  after_round  cum_load_t_s  cum_load_integ  n_prior_unloads
  右拇指指尖/数据1       恒载        0   0.00   8.27   8.27  0.5675  0.5675  0.5675    0.5675              0.0           0.000          0.0000   0.0000            0          0.00          0.0000                0
  右拇指指尖/数据1       恒载        1 115.41 162.69  47.28  0.8100  0.8100  0.8100    0.0099              0.0           0.000         -0.8001   0.2425            1        107.14       1838.7013                1
  右拇指指尖/数据2       恒载        0   0.00  12.33  12.33  0.2843  0.2843  0.2843    0.2843              0.0           0.000          0.0000   0.0000            0          0.00          0.0000                0
  右拇指指尖/数据2       恒载        1 159.52 234.13  74.61  0.3702  0.3702  0.3702   -0.0110              0.0           0.000         -0.3812   0.0859            1        147.19       2847.9880                1
  右拇指指尖/数据3       恒载        0   0.00  10.60  10.60  0.0430  0.0430  0.0430    0.0430              0.0           0.000          0.0000   0.0000            0          0.00          0.0000                0
  右拇指指尖/数据3       恒载        1 135.72 190.38  54.66  0.4725  0.4725  0.4725    0.0066             -0.0          -0.000         -0.4659   0.4295            1        125.12       2456.4043                1
  左拇指指尖/数据1       恒载        0   0.00  11.70  11.70  0.0000  0.0000  0.0000    0.0000              0.0           0.000          0.0000   0.0000            0          0.00          0.0000                0
  左拇指指尖/数据1       恒载        1 147.65 196.20  48.55  0.0000  0.0000  0.0000    0.0000              0.0           0.000          0.0000   0.0000            1        135.95       2368.6069                1
  左拇指指尖/数据2       恒载        0   0.00  14.92  14.92  0.0000  0.0000  0.0000    0.0000              0.0           0.000          0.0000   0.0000            0          0.00          0.0000                0
  左拇指指尖/数据2       恒载        1 140.94 198.50  57.56  0.0000  0.0000  0.0000    0.0000              0.0           0.000          0.0000   0.0000            1        126.02       2245.0782                1
  左拇指指尖/数据3       恒载        0   0.00  10.87  10.87  0.0000  0.0000  0.0000    0.0000              0.0           0.000          0.0000   0.0000            0          0.00          0.0000                0
  左拇指指尖/数据3       恒载        1 132.63 192.81  60.18  0.0000  0.0000  0.0000    0.0000              0.0           0.000          0.0000   0.0000            1        121.76       2283.0020                1
   四指指尖/数据1       恒载        0   0.00  10.94  10.94  0.0640  0.0640  0.0640    0.0640              0.0           0.000          0.0000   0.0000            0          0.00          0.0000                0
   四指指尖/数据1       恒载        1 130.77 190.78  60.01  0.0736  0.0736  0.0736    0.0002              0.0           0.000         -0.0733   0.0096            1        119.83       1856.2938                1
   四指指尖/数据2       恒载        0   0.00  11.04  11.04  0.0630  0.0630  0.0630    0.0630              0.0           0.000          0.0000   0.0000            0          0.00          0.0000                0
   四指指尖/数据2       恒载        1 130.81 190.54  59.73  0.0820  0.0820  0.0820   -0.0016              0.0           0.000         -0.0836   0.0190            1        119.77       1957.3217                1
   四指指尖/数据3       恒载        0   0.00  11.00  11.00  0.0680  0.0680  0.0680    0.0680              0.0           0.000          0.0000   0.0000            0          0.00          0.0000                0
   四指指尖/数据3       恒载        1 140.50 199.68  59.18  0.0922  0.0922  0.0922   -0.0001             -0.0          -0.000         -0.0923   0.0242            1        129.50       2173.1069                1
  切换负载-快相无责       实采        0   0.00  10.86  10.86 76.0330 76.0330 76.0330   76.0330             -0.0          -0.000         -0.0000   0.0000            0          0.00          0.0000                0
  切换负载-快相无责       实采        1 129.57 133.84   4.27 60.5875 60.5875 60.5875   22.7366              0.0           0.000        -37.8509 -15.4455            1        118.71    1746485.2562                1
  切换负载-快相无责       实采        2 182.05 185.98   3.93 52.0000 52.0000 52.0000 -365.6382              0.0           0.000       -417.6382 -24.0330            2        166.92    3069640.2884                2
  切换负载-快相无责       实采        3 249.65 255.70   6.05 60.0000 60.0000 60.0000 -152.2471              0.0           0.000       -212.2471 -16.0330            3        230.59    4273775.3069                3
      再切换负载       实采        0   0.00  11.77  11.77 63.0000 63.0000 63.0000   63.0000              0.0           0.000          0.0000   0.0000            0          0.00          0.0000                0
      再切换负载       实采        1  31.24  35.96   4.72 37.0000 37.0000 37.0000   11.7937              0.0           0.000        -25.2063 -26.0000            1         19.47     293902.7752                1
      再切换负载       实采        2  50.63  57.31   6.68 38.0000 38.0000 38.0000  -51.8426              0.0           0.000        -89.8426 -25.0000            2         34.14     611646.0514                2
中途切换-1d9493       实采        0   0.00  10.85  10.85 69.2670 69.2670 69.2670   69.2670              0.0           0.000          0.0000   0.0000            0          0.00          0.0000                0
中途切换-1d9493       实采        1  30.70  39.07   8.37 54.6376 54.6376 54.6376    5.2211             -0.0          -0.000        -49.4166 -14.6293            1         19.85     420029.7886                1
中途切换-1d9493       实采        2  60.80  63.85   3.05 51.0000 51.0000 51.1430 -501.1875              0.0           0.143       -552.1875 -18.2670            2         41.58    1002330.8790                2
中途切换-13ffca       实采        0   0.00   8.39   8.39 84.0000 84.0000 84.0000   84.0000              0.0           0.000          0.0000   0.0000            0          0.00          0.0000                0
中途切换-13ffca       实采        1  68.95  87.83  18.88 87.1809 87.1809 87.1809   -0.7894              0.0           0.000        -87.9703   3.1809            1         60.56    1295853.7608                1
中途切换-13ffca       实采        2 113.94 120.57   6.63 82.0075 82.0075 82.0075  -78.2968              0.0           0.000       -160.3044  -1.9925            2         86.67    2063696.4611                2

──────────────────────────────────────────────────────────────────────────────────────────────────────────────────────────────────
【两条线的差】每个空载平台上「补偿后 − 原始」的零点差（原语：算法到底有没有动零点）
──────────────────────────────────────────────────────────────────────────────────────────────────────────────────────────────────
   e3s  n= 31  中位    +0.0000  p10~p90    -0.0000 ~    +0.0000  max|·|     0.0000
   v6   n= 31  中位    +0.0000  p10~p90    -0.0000 ~    +0.0000  max|·|     0.1430
   v5   n= 31  中位    -0.0000  p10~p90  -160.3044 ~    +0.0000  max|·|   552.1875
   ⇒ 若某臂的中位≈0 且 max|·| ≈ 0，则该臂在空载段**完全不改读数**（零点原样透传）。

──────────────────────────────────────────────────────────────────────────────────────────────────────────────────────────────────
【逐轮】零点漂移与累计量的关系（dz = 本轮后零点 − 本轮前零点；两条线并报）
──────────────────────────────────────────────────────────────────────────────────────────────────────────────────────────────────
        rec kind_rec  round_idx  t_start  t_end  dur_s  plat_level  z_before_raw  z_after_raw   dz_raw   dz_e3s    dz_v6     dz_v5  cum_load_t_s  cum_load_integ
  右拇指指尖/数据1       恒载          1     8.27 115.41 107.14     17.6475        0.5675       0.8100   0.2425   0.2425   0.2425   -0.5576          0.00          0.0000
  右拇指指尖/数据2       恒载          1    12.33 159.52 147.19     19.9154        0.2843       0.3702   0.0859   0.0859   0.0859   -0.2953          0.00          0.0000
  右拇指指尖/数据3       恒载          1    10.60 135.72 125.12     20.5294        0.0430       0.4725   0.4295   0.4295   0.4295   -0.0364          0.00          0.0000
  左拇指指尖/数据1       恒载          1    11.70 147.65 135.95     17.7066        0.0000       0.0000   0.0000   0.0000   0.0000    0.0000          0.00          0.0000
  左拇指指尖/数据2       恒载          1    14.92 140.94 126.02     18.0017        0.0000       0.0000   0.0000   0.0000   0.0000    0.0000          0.00          0.0000
  左拇指指尖/数据3       恒载          1    10.87 132.63 121.76     18.8679        0.0000       0.0000   0.0000   0.0000   0.0000    0.0000          0.00          0.0000
   四指指尖/数据1       恒载          1    10.94 130.77 119.83     15.9518        0.0640       0.0736   0.0096   0.0096   0.0096   -0.0638          0.00          0.0000
   四指指尖/数据2       恒载          1    11.04 130.81 119.77     16.6404        0.0630       0.0820   0.0190   0.0190   0.0190   -0.0646          0.00          0.0000
   四指指尖/数据3       恒载          1    11.00 140.50 129.50     16.9860        0.0680       0.0922   0.0242   0.0242   0.0242   -0.0681          0.00          0.0000
  切换负载-快相无责       实采          1    10.86 129.57 118.71  12260.5239       76.0330      60.5875 -15.4455 -15.4455 -15.4455  -53.2964          0.00          0.0000
  切换负载-快相无责       实采          2   133.84 182.05  48.21  27691.3808       60.5875      52.0000  -8.5875  -8.5875  -8.5875 -388.3748        118.71    1746485.2562
  切换负载-快相无责       实采          3   185.98 249.65  63.67  22045.6925       52.0000      60.0000   8.0000   8.0000   8.0000  213.3911        166.92    3069640.2884
      再切换负载       实采          1    11.77  31.24  19.47  15471.6765       63.0000      37.0000 -26.0000 -26.0000 -26.0000  -51.2063          0.00          0.0000
      再切换负载       实采          2    35.96  50.63  14.67  22366.7634       37.0000      38.0000   1.0000   1.0000   1.0000  -63.6363         19.47     293902.7752
      再切换负载       实采          3    57.31  70.88  13.58  25494.2396       38.0000          NaN      NaN      NaN      NaN       NaN         34.14     611646.0514
中途切换-1d9493       实采          1    10.85  30.70  19.85  23774.4920       69.2670      54.6376 -14.6293 -14.6293 -14.6293  -64.0459          0.00          0.0000
中途切换-1d9493       实采          2    39.07  60.80  21.73  27345.2464       54.6376      51.0000  -3.6376  -3.6376  -3.4946 -506.4086         19.85     420029.7886
中途切换-13ffca       实采          1     8.39  68.95  60.56  22397.2615       84.0000      87.1809   3.1809   3.1809   3.1809  -84.7894          0.00          0.0000
中途切换-13ffca       实采          2    87.83 113.94  26.11  29421.8784       87.1809      82.0075  -5.1734  -5.1734  -5.1734  -77.5074         60.56    1295853.7608

──────────────────────────────────────────────────────────────────────────────────────────────────────────────────────────────────
【相关性】Δ零点 vs 累计加载时长 / 累计载荷 / 轮次 / 本轮时长 / 本轮幅度（只列 |ρ|>0.5 或 p<0.10）
──────────────────────────────────────────────────────────────────────────────────────────────────────────────────────────────────
subset     target        feature  n     rho  p_rho       r    p_r
    实录     dz_raw   cum_load_t_s  9  0.5048 0.1657  0.4966 0.1739
    实录     dz_raw cum_load_integ  9  0.5048 0.1657  0.5276 0.1443
    实录     dz_raw      round_idx  9  0.6208 0.0744  0.6744 0.0463
    全部 dz_raw_abs   cum_load_t_s 18  0.4175 0.0847  0.1548 0.5397
    全部 dz_raw_abs cum_load_integ 18  0.4175 0.0847  0.1480 0.5577
    全部 dz_raw_abs          dur_s 18 -0.7353 0.0005 -0.5381 0.0212
    全部 dz_raw_abs      plat_drop 18  0.7291 0.0006  0.4781 0.0448
    实录 dz_raw_rel   cum_load_t_s  9  0.5222 0.1492  0.5123 0.1585
    实录 dz_raw_rel cum_load_integ  9  0.5222 0.1492  0.5497 0.1252
    实录 dz_raw_rel      round_idx  9  0.6208 0.0744  0.6865 0.0411
    全部 dz_raw_rel          dur_s 15  0.7393 0.0016  0.3367 0.2198
    全部 dz_raw_rel      plat_drop 15 -0.6179 0.0141 -0.3644 0.1817
    恒载 dz_raw_rel      plat_drop  6  0.8286 0.0416  0.7277 0.1011
    恒载 dz_raw_rel        t_start  6 -0.5429 0.2657 -0.0480 0.9280
    实录     dz_e3s   cum_load_t_s  9  0.5048 0.1657  0.4966 0.1739
    实录     dz_e3s cum_load_integ  9  0.5048 0.1657  0.5276 0.1443
    实录     dz_e3s      round_idx  9  0.6208 0.0744  0.6744 0.0463
    实录      dz_v6   cum_load_t_s  9  0.5048 0.1657  0.4957 0.1748
    实录      dz_v6 cum_load_integ  9  0.5048 0.1657  0.5268 0.1451
    实录      dz_v6      round_idx  9  0.6208 0.0744  0.6748 0.0461
    全部      dz_v5          dur_s 18  0.6711 0.0023  0.4496 0.0612
    全部      dz_v5      plat_drop 18 -0.6836 0.0018 -0.5035 0.0331
    实录      dz_v5      plat_drop  9 -0.7333 0.0246 -0.4477 0.2269
    全部  dz_v5_abs   cum_load_t_s 18  0.7133 0.0009  0.5637 0.0148
    实录  dz_v5_abs   cum_load_t_s  9  0.6702 0.0482  0.4033 0.2818
    全部  dz_v5_abs cum_load_integ 18  0.7133 0.0009  0.5351 0.0221
    实录  dz_v5_abs cum_load_integ  9  0.6702 0.0482  0.3615 0.3391
    全部  dz_v5_abs      round_idx 18  0.7047 0.0011  0.6597 0.0029
    实录  dz_v5_abs      round_idx  9  0.6025 0.0860  0.4819 0.1890
    全部  dz_v5_abs          dur_s 18 -0.7394 0.0005 -0.5620 0.0152
    全部  dz_v5_abs      plat_drop 18  0.7952 0.0001  0.6989 0.0013
    实录  dz_v5_abs      plat_drop  9  0.5833 0.0992  0.5282 0.1438

★ 判据（区分「传感器零点漂移」与「算法伪零点」）——同一特征下的两条线对比：
   [全部] plat_drop        dz_raw(传感器): ρ=-0.262 (p=0.294, n=18)   |   dz_v5(算法伪零点): ρ=-0.684 (p=0.002)
   [实录] plat_drop        dz_raw(传感器): ρ=+0.167 (p=0.668, n=9)   |   dz_v5(算法伪零点): ρ=-0.733 (p=0.025)
   [全部] cum_load_integ   dz_raw(传感器): ρ=+0.041 (p=0.873, n=18)   |   dz_v5(算法伪零点): ρ=-0.323 (p=0.191)
   [实录] cum_load_integ   dz_raw(传感器): ρ=+0.505 (p=0.166, n=9)   |   dz_v5(算法伪零点): ρ=-0.113 (p=0.772)
   [全部] round_idx        dz_raw(传感器): ρ=+0.090 (p=0.723, n=18)   |   dz_v5(算法伪零点): ρ=-0.314 (p=0.204)
   [实录] round_idx        dz_raw(传感器): ρ=+0.621 (p=0.074, n=9)   |   dz_v5(算法伪零点): ρ=-0.037 (p=0.926)
   [全部] t_start          dz_raw(传感器): ρ=-0.123 (p=0.627, n=18)   |   dz_v5(算法伪零点): ρ=-0.067 (p=0.791)
   [实录] t_start          dz_raw(传感器): ρ=+0.300 (p=0.433, n=9)   |   dz_v5(算法伪零点): ρ=+0.033 (p=0.932)

【按录制看趋势】同一录制内零点随时间单调性（raw 柱，Spearman vs t0）：
   中途切换-13ffca        平台数  3  零点范围     82.008~    87.181  ρ(零点,时间)=  +nan (p=nan)  ρ(零点,累计载荷)=  +nan (p=nan)
   中途切换-1d9493        平台数  3  零点范围     51.000~    69.267  ρ(零点,时间)=  +nan (p=nan)  ρ(零点,累计载荷)=  +nan (p=nan)
   再切换负载              平台数  3  零点范围     37.000~    63.000  ρ(零点,时间)=  +nan (p=nan)  ρ(零点,累计载荷)=  +nan (p=nan)
   切换负载-快相无责          平台数  4  零点范围     52.000~    76.033  ρ(零点,时间)=-0.800 (p=0.200)  ρ(零点,累计载荷)=-0.800 (p=0.200)
   右拇指指尖/数据1          平台数  2  零点范围      0.567~     0.810  ρ(零点,时间)=  +nan (p=nan)  ρ(零点,累计载荷)=  +nan (p=nan)
   右拇指指尖/数据2          平台数  2  零点范围      0.284~     0.370  ρ(零点,时间)=  +nan (p=nan)  ρ(零点,累计载荷)=  +nan (p=nan)
   右拇指指尖/数据3          平台数  2  零点范围      0.043~     0.473  ρ(零点,时间)=  +nan (p=nan)  ρ(零点,累计载荷)=  +nan (p=nan)
   四指指尖/数据1           平台数  2  零点范围      0.064~     0.074  ρ(零点,时间)=  +nan (p=nan)  ρ(零点,累计载荷)=  +nan (p=nan)
   四指指尖/数据2           平台数  2  零点范围      0.063~     0.082  ρ(零点,时间)=  +nan (p=nan)  ρ(零点,累计载荷)=  +nan (p=nan)
   四指指尖/数据3           平台数  2  零点范围      0.068~     0.092  ρ(零点,时间)=  +nan (p=nan)  ρ(零点,累计载荷)=  +nan (p=nan)
   左拇指指尖/数据1          平台数  2  零点范围      0.000~     0.000  ρ(零点,时间)=  +nan (p=nan)  ρ(零点,累计载荷)=  +nan (p=nan)
   左拇指指尖/数据2          平台数  2  零点范围      0.000~     0.000  ρ(零点,时间)=  +nan (p=nan)  ρ(零点,累计载荷)=  +nan (p=nan)
   左拇指指尖/数据3          平台数  2  零点范围      0.000~     0.000  ρ(零点,时间)=  +nan (p=nan)  ρ(零点,累计载荷)=  +nan (p=nan)

【零点漂移的总量级】
  (a) 相对本轮载荷幅度 |Δ零点|/本轮幅度（跨域只能比相对量）：
   全部   n= 18  中位   +0.002%  p10~p90   -0.081% ~   +0.732%  max|·| 2.097%
   实录   n=  9  中位   -0.018%  p10~p90   -0.135% ~   +0.019%  max|·| 0.169%
   恒载   n=  9  中位   +0.115%  p10~p90   +0.000% ~   +1.555%  max|·| 2.097%
  (b) 相对零点自身（Δ零点/本轮前零点）——用户直接看到的就是这个量：
        rec  round_idx  z_before_raw  z_after_raw   dz_raw  dz_raw_rel
  右拇指指尖/数据1          1        0.5675       0.8100   0.2425      0.4273
  右拇指指尖/数据2          1        0.2843       0.3702   0.0859      0.3020
  右拇指指尖/数据3          1        0.0430       0.4725   0.4295      9.9895
  左拇指指尖/数据1          1        0.0000       0.0000   0.0000         NaN
  左拇指指尖/数据2          1        0.0000       0.0000   0.0000         NaN
  左拇指指尖/数据3          1        0.0000       0.0000   0.0000         NaN
   四指指尖/数据1          1        0.0640       0.0736   0.0096      0.1493
   四指指尖/数据2          1        0.0630       0.0820   0.0190      0.3016
   四指指尖/数据3          1        0.0680       0.0922   0.0242      0.3563
  切换负载-快相无责          1       76.0330      60.5875 -15.4455     -0.2031
  切换负载-快相无责          2       60.5875      52.0000  -8.5875     -0.1417
  切换负载-快相无责          3       52.0000      60.0000   8.0000      0.1538
      再切换负载          1       63.0000      37.0000 -26.0000     -0.4127
      再切换负载          2       37.0000      38.0000   1.0000      0.0270
      再切换负载          3       38.0000          NaN      NaN         NaN
中途切换-1d9493          1       69.2670      54.6376 -14.6293     -0.2112
中途切换-1d9493          2       54.6376      51.0000  -3.6376     -0.0666
中途切换-13ffca          1       84.0000      87.1809   3.1809      0.0379
中途切换-13ffca          2       87.1809      82.0075  -5.1734     -0.0593
   n=15  中位     +3.8%  p10~p90    -20.8% ~    +39.9%  max|·| 998.9%
