# run: python scripts/t7a_6_inject.py
==========================================================================================================================
T7-A step6：**注入补充实验（injected=True，非实测）**——卸载幅度 α 与卸载沿时长 T 的扫描
注入方式：真实录制上把加载段按 cos 半波在 T 秒内拉到 (1−α)·电平；同一条注入轨迹分别喂 raw / v5.1(e3s) / v6，比较三者响应。
==========================================================================================================================
  右拇指指尖/数据1        T=  20ms α=0.3  额外下冲 e3s +87.22% / v6 +95.89%   额外贴零 e3s +0.00s / v6 +0.00s   稳态偏差 e3s    -4.997 / v6    -5.534
  右拇指指尖/数据1        T=  20ms α=0.6  额外下冲 e3s +43.15% / v6 +45.58%   额外贴零 e3s +0.00s / v6 +0.00s   稳态偏差 e3s    -3.718 / v6    -3.328
  右拇指指尖/数据1        T=  20ms α=1.0  额外下冲 e3s  +3.38% / v6  +3.43%   额外贴零 e3s +0.00s / v6 +0.00s   稳态偏差 e3s    +0.509 / v6    +0.509
  右拇指指尖/数据1        T= 300ms α=0.3  额外下冲 e3s +86.29% / v6 +109.78%   额外贴零 e3s +0.00s / v6 +0.00s   稳态偏差 e3s    -4.978 / v6    -7.137
  右拇指指尖/数据1        T= 300ms α=0.6  额外下冲 e3s +42.38% / v6 +44.00%   额外贴零 e3s +0.00s / v6 +0.00s   稳态偏差 e3s    -3.311 / v6    -1.256
  右拇指指尖/数据1        T= 300ms α=1.0  额外下冲 e3s  +3.38% / v6  +3.43%   额外贴零 e3s +0.00s / v6 +0.00s   稳态偏差 e3s    +0.509 / v6    +0.509
  中途切换-13ffca      T=  20ms α=0.3  额外下冲 e3s +21.54% / v6 +38.48%   额外贴零 e3s +0.00s / v6 +0.00s   稳态偏差 e3s -1657.770 / v6 -2873.005
  中途切换-13ffca      T=  20ms α=0.6  额外下冲 e3s +10.89% / v6 +17.40%   额外贴零 e3s +0.00s / v6 +0.00s   稳态偏差 e3s -1653.606 / v6 -2611.530
  中途切换-13ffca      T=  20ms α=1.0  额外下冲 e3s  +0.00% / v6  +0.00%   额外贴零 e3s +0.00s / v6 +0.00s   稳态偏差 e3s   -10.000 / v6   -10.000
  中途切换-13ffca      T= 300ms α=0.3  额外下冲 e3s +22.12% / v6 +43.76%   额外贴零 e3s +0.00s / v6 +0.00s   稳态偏差 e3s -1705.662 / v6   -10.000
  中途切换-13ffca      T= 300ms α=0.6  额外下冲 e3s +11.05% / v6 +26.00%   额外贴零 e3s +0.00s / v6 +0.00s   稳态偏差 e3s -1679.169 / v6 -3907.599
  中途切换-13ffca      T= 300ms α=1.0  额外下冲 e3s  +0.00% / v6  +0.00%   额外贴零 e3s +0.00s / v6 +0.00s   稳态偏差 e3s   -10.000 / v6   -10.000
  左拇指指尖/数据1        T=  20ms α=0.3  额外下冲 e3s +42.74% / v6 +21.07%   额外贴零 e3s +0.00s / v6 +0.00s   稳态偏差 e3s    -2.380 / v6    +3.585
  左拇指指尖/数据1        T=  20ms α=0.6  额外下冲 e3s +19.21% / v6  +6.20%   额外贴零 e3s +0.00s / v6 +0.00s   稳态偏差 e3s    -2.045 / v6    -0.439
  左拇指指尖/数据1        T=  20ms α=1.0  额外下冲 e3s  +0.00% / v6  +0.00%   额外贴零 e3s +0.01s / v6 +0.01s   稳态偏差 e3s    +0.000 / v6    +0.000
  左拇指指尖/数据1        T= 300ms α=0.3  额外下冲 e3s +35.60% / v6 +25.32%   额外贴零 e3s +0.00s / v6 +0.00s   稳态偏差 e3s    -1.984 / v6    -0.732
  左拇指指尖/数据1        T= 300ms α=0.6  额外下冲 e3s +18.96% / v6  +7.46%   额外贴零 e3s +0.00s / v6 +0.00s   稳态偏差 e3s    -1.969 / v6    -0.430
  左拇指指尖/数据1        T= 300ms α=1.0  额外下冲 e3s  +0.00% / v6  +0.00%   额外贴零 e3s +0.01s / v6 +0.01s   稳态偏差 e3s    +0.000 / v6    +0.000

自洽性核对：α=1.0 的行注入量恒 0（等于原信号），应与 step3 的真实事件结论一致。
按卸载幅度 α 聚合（同 T 内取中位；n=2 录制 × 2 沿时长）：
  T=  20ms α=0.3  n=3  额外下冲中位 e3s +42.74% / v6 +38.48%   额外贴零中位 e3s +0.00s / v6 +0.00s
  T=  20ms α=0.6  n=3  额外下冲中位 e3s +19.21% / v6 +17.40%   额外贴零中位 e3s +0.00s / v6 +0.00s
  T=  20ms α=1.0  n=3  额外下冲中位 e3s  +0.00% / v6  +0.00%   额外贴零中位 e3s +0.00s / v6 +0.00s
  T= 300ms α=0.3  n=3  额外下冲中位 e3s +35.60% / v6 +43.76%   额外贴零中位 e3s +0.00s / v6 +0.00s
  T= 300ms α=0.6  n=3  额外下冲中位 e3s +18.96% / v6 +26.00%   额外贴零中位 e3s +0.00s / v6 +0.00s
  T= 300ms α=1.0  n=3  额外下冲中位 e3s  +0.00% / v6  +0.00%   额外贴零中位 e3s +0.00s / v6 +0.00s

沿速度影响（同 α 内 T=20ms vs 300ms 的中位差）：
  α=0.3  e3s 额外下冲 +42.74% → +35.60% ；额外贴零 +0.00s → +0.00s
  α=0.6  e3s 额外下冲 +19.21% → +18.96% ；额外贴零 +0.00s → +0.00s
  α=1.0  e3s 额外下冲  +0.00% →  +0.00% ；额外贴零 +0.00s → +0.00s
