CMD: python scripts/t7b_00_recon.py
==============================================================================
RT1  显示域     frames=16355  pkt=8684   frames/pkt=1.88 pkt_dt=0.0187 ch=31 span=162.7s Zmax=21
RT2  显示域     frames=23536  pkt=12452  frames/pkt=1.89 pkt_dt=0.0188 ch=31 span=234.1s Zmax=22
RT3  显示域     frames=19137  pkt=10104  frames/pkt=1.89 pkt_dt=0.0188 ch=31 span=190.4s Zmax=22
LT1  显示域     frames=19739  pkt=10433  frames/pkt=1.89 pkt_dt=0.0188 ch=31 span=196.2s Zmax=18
LT2  显示域     frames=19974  pkt=10622  frames/pkt=1.88 pkt_dt=0.0187 ch=31 span=198.5s Zmax=19
LT3  显示域     frames=19401  pkt=10273  frames/pkt=1.89 pkt_dt=0.0188 ch=31 span=192.8s Zmax=20
F41  显示域     frames=19139  pkt=10140  frames/pkt=1.89 pkt_dt=0.0188 ch=21 span=190.8s Zmax=17
F42  显示域     frames=19113  pkt=10114  frames/pkt=1.89 pkt_dt=0.0188 ch=21 span=190.5s Zmax=17
F43  显示域     frames=20032  pkt=10561  frames/pkt=1.90 pkt_dt=0.0189 ch=21 span=199.7s Zmax=18
SW1  ADC域    frames=25692  pkt=6381   frames/pkt=4.03 pkt_dt=0.0401 ch=21 span=255.7s Zmax=29553
SW2  ADC域    frames=7128   pkt=1770   frames/pkt=4.03 pkt_dt=0.0400 ch=21 span=70.9s Zmax=25929
SW3  ADC域    frames=6420   pkt=1588   frames/pkt=4.04 pkt_dt=0.0402 ch=21 span=63.9s Zmax=27939
SW4  ADC域    frames=12120  pkt=3009   frames/pkt=4.03 pkt_dt=0.0401 ch=21 span=120.6s Zmax=32714
==============================================================================
T4-A 冻结事件表：n=60，kind 分布：{'onset': np.int64(22), 'restep': np.int64(19), 'unload': np.int64(14), 'partial_unload': np.int64(5)}

--- kind=unload (n=14) ---
key   t_on          pre      post          jump  drop_frac_meas  t50  t90  step_frame_frac  top3_frame_frac  z_at_005  z_at_02  clean
RT1 115.37    20.037464  0.945259    -19.092205        0.952825 0.02 0.04         0.722718         0.949509  1.006958 1.008199   True
RT2 159.49    22.134822  0.926906    -21.207915        0.958124 0.02 0.03         0.607136         1.028810  1.012788 1.016303   True
RT3 135.70    21.255048  0.511307    -20.743742        0.975944 0.01 0.02         0.796781         0.963531  1.007130 1.010104   True
LT1 147.52    18.157391  0.000000    -18.157391        1.000000 0.12 0.13         0.338582         0.759846  0.303527 1.000000   True
LT2 140.92    18.604217  0.000000    -18.604217        1.000000 0.01 0.02         0.790561         0.910088  1.000000 1.000000   True
LT3 132.59    19.339834  0.000000    -19.339834        1.000000 0.02 0.04         0.366590         0.860619  1.000000 1.000000   True
F41 130.75    16.425030  0.072000    -16.353030        0.995616 0.01 0.02         0.735752         1.010710  1.004403 1.004403   True
F42 130.78    17.066537  0.091000    -16.975537        0.994668 0.02 0.03         0.856602         1.012319  1.005361 1.005361   True
F43 140.40    17.494114  0.563229    -16.930885        0.967805 0.03 0.10         0.197501         0.447171  0.511818 1.033266   True
SW1 249.63 25865.697662 55.000000 -25810.697662        0.997874 0.01 0.02         0.808021         0.863965  1.000698 1.001063   True
SW2  50.61 22655.000031 39.000000 -22616.000031        0.998279 0.00 0.02         0.241975         0.467446  0.992810 0.997804  False
SW3  30.68 25977.773438 52.000000 -25925.773438        0.997998 0.02 0.02         1.015617         1.016981  1.000524 1.000849   True
SW4  68.93 24442.592194 79.000000 -24363.592194        0.996768 0.01 0.02         0.587156         0.694947  1.002099 1.003243   True
SW4 113.80 32454.754547 82.000000 -32372.754547        0.997473 0.02 0.14         0.681227         0.869678  0.701926 1.001395   True

--- kind=partial_unload (n=5) ---
key   t_on          pre         post          jump  drop_frac_meas  t50  t90  step_frame_frac  top3_frame_frac  z_at_005   z_at_02  clean
SW1 129.37 26331.780930 25431.602936   -900.177994        0.034186 0.01 0.01         6.493507        16.630190  6.228037 26.150866  False
SW1 182.03 28000.273712 24407.990509  -3592.283203        0.128295 0.01 0.01         6.927659         7.206646  7.762289  7.779251  False
SW1 202.65 26084.207306 22169.334732  -3914.872574        0.150086 0.00 0.02         1.728689         2.566760  1.062960  1.098410   True
SW1 212.40 22144.949585  5765.769966 -16379.179619        0.739635 0.06 0.20         0.380056         0.653322  0.479157  0.901030  False
SW4  45.28 24630.142288 21001.914932  -3628.227356        0.147308 0.08 0.17         0.482247         1.017246  0.392695  0.981895   True

partial_unload 按实测减重比例分档：
band
5-20%     3
<5%       1
20-80%    1
>=80%     0

WROTE results/t7b_recon.csv, results/t7b_frozen_events_t7b.csv
