CMD: python scripts/t7b_01_shape.py
==============================================================================
[SKIP] SW3 t=60.78（窗越界/退化的截断事件）

[1] 冻结事件统一口径指标（中位；含 60 事件中 1 个截断事件的剔除）
                   absJ   t50   t90  f_02  step_frame_frac  top3_frame_frac
kind                                                                       
onset          9720.050 0.010 0.490 0.821            0.391            0.534
partial_unload 3629.791 0.010 0.010 1.308            1.728            2.566
restep         3078.606 0.150 1.060 0.471            0.673            1.522
unload           20.037 0.010 0.015 1.002            0.728            0.858
  口径交叉核对（T4-A t90 vs T7-B t90）：n=59，|差| 中位 0.010 s，最大 4.440 s
    分域最大 |Δ|：{'ADC域': 4.44, '显示域': 0.1299999999999999}
    分歧 >0.05 s 的 17 个（全部落在 ADC 域的加载侧）

[2] 自建减重扫描：n=17（drop_frac≥0.8 的 14、0.2~0.8 的 1、<0.2 的 2）
    对冻结表减重事件的召回：17/19（漏检：['SW1@129.37', 'SW1@182.03']）
      漏检诊断 SW1@129.37：pre MAD=15 / post MAD=843，稳定门限 tol=527 ⇒ 被稳定门限剔除
      漏检诊断 SW1@182.03：pre MAD=18 / post MAD=257，稳定门限 tol=560 ⇒ 其它原因

[3] 减重事件实测重新分档（00_共享/指标字典 §2.1：<20% / 20~80% / ≥80%）
kind_eff        decrement_small  partial_unload  unload
kind_t4a                                               
partial_unload                2               1       2
unload                        0               0      14
    ⚠ 重分类：T4-A 标 SW1@129.37 为 partial_unload，实测幅度 99.8% 电平 ⇒ unload（冻结 post 窗被后续事件压到：窗= 污染，自适应窗= [t0+1.5,t0+3.5]）
    ⚠ 重分类：T4-A 标 SW1@182.03 为 partial_unload，实测幅度 99.8% 电平 ⇒ unload（冻结 post 窗被后续事件压到：窗= 污染，自适应窗= [t0+1.0,t0+2.9]）
    ⚠ 重分类：T4-A 标 SW1@202.65 为 partial_unload，实测幅度 15.0% 电平 ⇒ decrement_small（冻结 post 窗被后续事件压到：窗= 干净，自适应窗= [t0+4.0,t0+6.0]）
    ⚠ 重分类：T4-A 标 SW4@45.28 为 partial_unload，实测幅度 14.7% 电平 ⇒ decrement_small（冻结 post 窗被后续事件压到：窗= 干净，自适应窗= [t0+4.0,t0+6.0]）

    分档计数：{'unload': 16, 'decrement_small': 2, 'partial_unload': 1}

[4] 减重幅度 → 回复速度（Q6；含 ±1 包敏感性）
  event_id        kind_eff  drop_frac_eff   absJ_ad        post_win  t50_ad  t90_ad  t90_ad_m1  t90_ad_p1  f_02_ad  rebound_02_pct  step_frame_frac
RT1@115.37          unload          0.953    19.095 [t0+4.0,t0+6.0]   0.010   0.040      0.060      0.020    1.040           4.046            0.723
RT2@159.49          unload          0.959    21.214 [t0+4.0,t0+6.0]   0.010   0.030      0.050      0.010    1.042           4.227            0.607
RT3@135.70          unload          0.975    20.727 [t0+4.0,t0+6.0]   0.010   0.010      0.030      0.000    1.012           1.164            0.797
LT1@147.52          unload          1.000    18.157 [t0+4.0,t0+6.0]   0.110   0.130      0.150      0.110    1.000           0.000            0.339
LT2@140.92          unload          1.000    18.604 [t0+4.0,t0+6.0]   0.010   0.010      0.030      0.000    1.000           0.000            0.791
LT3@132.59          unload          1.000    19.347 [t0+4.0,t0+6.0]   0.020   0.030      0.050      0.010    1.000           0.000            0.366
F41@130.75          unload          0.996    16.343 [t0+4.0,t0+6.0]   0.010   0.010      0.030      0.000    1.004           0.442            0.736
F42@130.78          unload          0.995    16.976 [t0+4.0,t0+6.0]   0.010   0.020      0.040      0.000    1.005           0.537            0.857
F43@140.40          unload          0.968    16.930 [t0+4.0,t0+6.0]   0.030   0.090      0.110      0.070    1.033           3.312            0.198
SW1@129.37          unload          0.998 26273.212 [t0+1.5,t0+3.5]   0.120   0.200      0.240      0.160    0.921          -7.859            0.510
SW1@182.03          unload          0.998 27956.462 [t0+1.0,t0+2.9]   0.010   0.010      0.050      0.000    1.000           0.030            0.890
SW1@202.65 decrement_small          0.150  3915.483 [t0+4.0,t0+6.0]   0.000   0.010      0.050      0.000    1.308          30.781            1.728
SW1@212.40  partial_unload          0.744 16468.834 [t0+2.3,t0+4.3]   0.050   0.200      0.240      0.160    0.908          -9.241            0.378
SW1@249.63          unload          0.998 25812.984 [t0+4.0,t0+6.0]   0.010   0.010      0.050      0.000    1.002           0.209            0.808
 SW2@50.61          unload          0.998 22617.207 [t0+3.7,t0+5.7]   0.000   0.010      0.050      0.000    0.995          -0.534            0.733
 SW3@30.68          unload          0.998 25927.021 [t0+4.0,t0+6.0]   0.010   0.010      0.050      0.000    1.002           0.153            1.016
 SW4@45.28 decrement_small          0.147  3629.791 [t0+4.0,t0+6.0]   0.010   0.170      0.210      0.130    0.988          -1.173            0.482
 SW4@68.93          unload          0.997 24363.387 [t0+4.0,t0+6.0]   0.010   0.010      0.050      0.000    1.003           0.268            0.587
SW4@113.80          unload          0.998 32381.551 [t0+4.0,t0+6.0]   0.010   0.130      0.170      0.090    1.002           0.189            0.681
  Spearman(drop_frac_eff, t90_ad) = -0.289 (n=19)
  仅全卸载（n=16）：t90 中位 0.015 s，f_02 中位 1.002
  非全卸载（n=3）：t90 中位 0.170 s，f_02 中位 0.988（仅作定性参考）

[5] 分组轮廓（f 中位 @ τ）
                             n  0.05   0.1   0.2   0.5   1.0   3.0   5.0
group           src                                                     
decrement_small t4a_frozen   2 0.959 0.803 1.148 1.039 1.035 1.018 1.000
onset           t4a_frozen  22 0.721 0.753 0.821 0.886 0.922 0.977 1.000
partial_unload  t4a_frozen   1 0.509 0.690 0.908 1.035 1.065 1.001 0.995
restep          t4a_frozen  18 0.229 0.278 0.471 0.691 0.782 0.905 1.000
unload          t4a_frozen  16 1.001 1.002 1.002 1.001 1.000 1.000 1.000

WROTE results/t7b_events_metrics.csv, t7b_shape_long.csv, t7b_shape_summary.csv,
      results/t7b_decrement_inventory.csv, t7b_partial_amp_response.csv,
      results/t7b_partial_shape.csv
