CMD: python scripts/t7b_02_asymmetry.py
==============================================================================
[0] 分组指标（方向统一 f(τ) 口径；中位）
                  n  absJ_med  t50_med  t90_med  f_005  f_01  f_02  f_05  f_10  step_frac  top3_frac
kind_u                                                                                              
decrement_small   2  3772.637    0.005    0.090  0.959 0.803 1.148 1.039 1.035      1.105      1.792
onset            22  9720.050    0.010    0.490  0.721 0.753 0.821 0.886 0.922      0.391      0.534
partial_unload    1 16468.834    0.050    0.200  0.509 0.690 0.908 1.035 1.065      0.380      0.765
restep           18  3078.606    0.150    1.060  0.229 0.278 0.471 0.691 0.782      0.673      1.522
unload           16    20.970    0.010    0.015  1.001 1.002 1.002 1.001 1.000      0.735      0.865

[2] 加载侧按 T_ramp 分层
  T_ramp<=0.05s(近阶跃)         n=22  kind={'onset': np.int64(17), 'restep': np.int64(5)}  t90 中位 0.685  f_02 中位 0.829
  0.05<T_ramp<=0.30s         n=8  kind={'restep': np.int64(6), 'onset': np.int64(2)}  t90 中位 0.725  f_02 中位 0.608
  T_ramp>0.30s(人工慢压)         n=10  kind={'restep': np.int64(7), 'onset': np.int64(3)}  t90 中位 0.670  f_02 中位 0.431

[3] 同录制、|J| 相差 ≤15% 的加载/卸载配对
key load_event unload_event  absJ_load  absJ_unload  T_ramp_load  t90_load  t90_unload  t90_ratio  t90_ratio_lo  f02_load  f02_unload  strict
F42  F42@11.03   F42@130.78     14.685       16.976        0.020     1.370       0.020     68.500        34.788     0.783       1.005    True
F43  F43@11.00   F43@140.40     15.245       16.930        0.010     0.870       0.090      9.667         7.815     0.818       1.033    True
LT2  LT2@14.92   LT2@140.92     16.121       18.604        0.000     0.650       0.010     65.000        22.006     0.859       1.000    True
LT3  LT3@10.87   LT3@132.59     17.514       19.347        0.000     0.720       0.030     24.000        14.378     0.837       1.000    True
SW1 SW1@133.83   SW1@129.37  27102.123    26273.212        0.390     0.400       0.200      2.000         1.499     0.652       0.921   False
SW1 SW1@133.83   SW1@182.03  27102.123    27956.462        0.390     0.400       0.010     40.000         7.188     0.652       1.000   False
SW1 SW1@133.83   SW1@249.63  27102.123    25812.984        0.390     0.400       0.010     40.000         7.188     0.652       1.002    True
SW1 SW1@185.97   SW1@129.37  25195.191    26273.212        0.010     0.160       0.200      0.800         0.500     0.911       0.921   False
SW1 SW1@185.97   SW1@182.03  25195.191    27956.462        0.010     0.160       0.010     16.000         2.395     0.911       1.000   False
SW1 SW1@185.97   SW1@249.63  25195.191    25812.984        0.010     0.160       0.010     16.000         2.395     0.911       1.002    True
SW2  SW2@35.96    SW2@50.61  21606.072    22617.207        0.190     0.450       0.010     45.000         8.191     0.792       0.995   False
SW2  SW2@57.30    SW2@50.61  25171.316    22617.207        0.010     0.340       0.010     34.000         5.993     0.835       0.995   False
SW3  SW3@39.08    SW3@30.68  26582.572    25927.021        0.200     0.360       0.010     36.000         6.369     0.854       1.002   False
SW4  SW4@88.00    SW4@68.93  27820.918    24363.387        0.000     0.210       0.010     21.000         3.394     0.897       1.003    True
SW4  SW4@88.00   SW4@113.80  27820.918    32381.551        0.000     0.210       0.130      1.615         0.999     0.897       1.002    True
  配对 t90 比值：中位 24.0（p10~p90 1.8~57.0）；保守下界中位 6.37
  严格配对 n=8：比值中位 22.5，保守下界中位 7.50
  分域：{'ADC域': 21.0, '显示域': 44.5}

[4] 幅度档 × 方向（drop_frac = |J|/pre）
  drop_frac <20%      restep          n=9   t90 中位 1.120  f_02 中位 0.400
  drop_frac <20%      decrement_small n=2   t90 中位 0.090  f_02 中位 1.148
  drop_frac 20-80%    restep          n=8   t90 中位 1.550  f_02 中位 0.487
  drop_frac 20-80%    partial_unload  n=1   t90 中位 0.200  f_02 中位 0.908
  drop_frac >=80%     onset           n=1   t90 中位 0.000  f_02 中位 0.880
  drop_frac >=80%     restep          n=1   t90 中位 0.690  f_02 中位 0.335
  drop_frac >=80%     unload          n=16  t90 中位 0.015  f_02 中位 1.002

[5] 统计检验（Mann-Whitney U, two-sided）与保守边界
  unload vs onset  t90: p=1.30e-05
  unload vs restep t90: p=8.92e-05
  unload vs load   f_02: p=1.84e-07
  保守边界（加载 t90−1包 vs 卸载 t90+1包）：加载中位 0.641 s、卸载上界中位 0.050 s、比值下界 12.79
  f(0.2 s)（≥5 包，不受 ±1 包影响）：加载中位 0.785、卸载中位 1.002

[6] 严格子样本（amp_ok & post_win_clean）
  n=41  kind={'onset': np.int64(19), 'unload': np.int64(12), 'restep': np.int64(8), 'partial_unload': np.int64(2)}
                  t90  f_005  f_01  f_02  f_05
kind_u                                        
decrement_small 0.090  0.959 0.803 1.148 1.039
onset           0.450  0.729 0.756 0.824 0.890
restep          0.890  0.265 0.224 0.471 0.695
unload          0.025  1.002 1.003 1.004 1.001
  被剔除：低信噪比 4 个、post 窗被后续事件污染 14 个

[7] 加载侧改用 T4-A 自报 t90 复核：加载中位 0.905 s、卸载中位 0.015 s、比值 60.3
  t90 口径差（T7-B vs T4-A，最大 |Δ|）：
domain  kind          
ADC域    onset             3.21
        partial_unload    0.19
        restep            4.44
        unload            0.01
显示域     onset             0.08
        restep            0.13
        unload            0.01

[8] 最严子样本（amp_ok & post_win_clean & |T7-B t90 − T4-A t90| ≤ 0.5 s）
  n=38（加载 24 / 卸载 12 / 部分卸载 0）
  加载 t90 中位 0.685 s、卸载 t90 中位 0.025 s、f_02 0.795 vs 1.004
  保守边界（加载−1包 vs 卸载+1包）比值 13.48

WROTE results/t7b_asymmetry.csv (n=65), results/t7b_asymmetry_pairs.csv (15 对)
