# cmd   : python scripts/t2a_phases.py
# when  : 2026-09-19T00:37:37
# env   : python 3.14.4 | numpy 2.4.6 | pandas 3.0.3
# 口径  : timestamp 列 / 100 Hz 网格 / Z=Σch / 形状用原始读数 / 禁用 τ=2 s 平滑

== T2-A 三阶段边界与时长 ==
事件表：60 行（{'onset': 22, 'restep': 19, 'unload': 14, 'partial_unload': 5}）

[自检 1] 网格/J 对齐（对 T4-A）：max|Δpre| = 7.02e-04，max|ΔJ| = 6.71e-04（相对 7.77e-07）
  -> results/t2_phase_times.csv  (60 行 × 139 列)
  -> results/t2_phase_durations.csv
  -> results/t2_phase_boundary_rules.csv

== Q2 阶段时长（主口径：t25 / t90 / t_end）==
[onset] n=22
   S1 阶跃(dur_s1)  0.010 [0.000, 0.010] (n=22) s
   S2 快相(dur_s2)  0.610 [0.343, 1.485] (n=22) s
   S3 慢相(dur_s3)  20.640 [6.520, 59.350] (n=21) s
   整段 t_span      19.245 [5.064, 60.000] (n=22) s
   f(0.05)=0.723 f(0.2)=0.821 f(1s)=0.922
   原始 Z 口径：dur_s1=0.010 dur_s2=0.440 dur_s3=20.840 s；f(0.05)=0.721
   字面口径(首次穿越)：dur_s1=0.010 dur_s2=0.495 dur_s3=20.840 s
   帧数：frames_to_50 Z3 中位 11.0 / 原始 7.5 帧；包数中位 10.0 包；单帧最大跃变占比中位 0.391；跃变帧数中位 1.0（跃变结束 0.010 s）；撞击瞬态 flag 1/22（fmax_early 中位 0.753，0.1 s 回落中位 0.00）
[restep] n=19
   S1 阶跃(dur_s1)  0.115 [0.000, 4.410] (n=18) s
   S2 快相(dur_s2)  0.780 [0.077, 2.837] (n=18) s
   S3 慢相(dur_s3)  8.150 [4.456, 45.143] (n=14) s
   整段 t_span      8.410 [1.660, 26.736] (n=19) s
   f(0.05)=0.239 f(0.2)=0.475 f(1s)=0.774
   原始 Z 口径：dur_s1=0.115 dur_s2=0.520 dur_s3=8.375 s；f(0.05)=0.229
   字面口径(首次穿越)：dur_s1=0.010 dur_s2=0.580 dur_s3=8.375 s
   帧数：frames_to_50 Z3 中位 14.5 / 原始 14.5 帧；包数中位 7.0 包；单帧最大跃变占比中位 0.515；跃变帧数中位 3.0（跃变结束 0.240 s）；撞击瞬态 flag 4/19（fmax_early 中位 0.393，0.1 s 回落中位 0.07）
[unload] n=14
   S1 阶跃(dur_s1)  0.010 [0.000, 0.010] (n=14) s
   S2 快相(dur_s2)  0.010 [0.000, 0.065] (n=14) s
   S3 慢相(dur_s3)  51.110 [6.152, 59.639] (n=14) s
   整段 t_span      51.180 [6.214, 59.663] (n=14) s
   f(0.05)=1.001 f(0.2)=1.002 f(1s)=1.000
   原始 Z 口径：dur_s1=0.010 dur_s2=0.010 dur_s3=51.110 s；f(0.05)=1.001
   字面口径(首次穿越)：dur_s1=0.010 dur_s2=0.010 dur_s3=51.110 s
   帧数：frames_to_50 Z3 中位 1.0 / 原始 1.0 帧；包数中位 1.0 包；单帧最大跃变占比中位 0.702；跃变帧数中位 1.0（跃变结束 0.010 s）；撞击瞬态 flag 0/14（fmax_early 中位 1.003，0.1 s 回落中位 0.00）
[partial_unload] n=5
   S1 阶跃(dur_s1)  0.010 [0.000, 0.010] (n=5) s
   S2 快相(dur_s2)  0.010 [0.004, 0.178] (n=5) s
   S3 慢相(dur_s3)  4.640 [3.638, 12.948] (n=5) s
   整段 t_span      4.840 [3.648, 13.054] (n=5) s
   f(0.05)=1.480 f(0.2)=1.308 f(1s)=1.071
   原始 Z 口径：dur_s1=0.010 dur_s2=0.010 dur_s3=4.640 s；f(0.05)=1.480
   字面口径(首次穿越)：dur_s1=0.010 dur_s2=0.010 dur_s3=4.640 s
   帧数：frames_to_50 Z3 中位 1.0 / 原始 1.0 帧；包数中位 2.0 包；单帧最大跃变占比中位 1.729；跃变帧数中位 4.0（跃变结束 0.210 s）；撞击瞬态 flag 2/5（fmax_early 中位 2.247，0.1 s 回落中位 0.00）

== Q5 阶跃成立判据（主判：持续穿越 t25_sus ≤ 0.05 s；对照：字面首次穿越）==
   onset           主判 20/22 成立 (t25_sus 中位 0.010 [0.000, 0.010] (n=22) s) | 字面 21/22 (t25 中位 0.010 [0.000, 0.010] (n=22) s)
   restep          主判  8/19 成立 (t25_sus 中位 0.115 [0.000, 4.410] (n=18) s) | 字面 14/19 (t25 中位 0.010 [0.000, 3.409] (n=18) s)
   unload          主判 13/14 成立 (t25_sus 中位 0.010 [0.000, 0.010] (n=14) s) | 字面 14/14 (t25 中位 0.010 [0.000, 0.010] (n=14) s)
   partial_unload  主判  5/ 5 成立 (t25_sus 中位 0.010 [0.000, 0.010] (n=5) s) | 字面  5/ 5 (t25 中位 0.010 [0.000, 0.010] (n=5) s)

完成。
