# cmd   : python scripts/t2b_profile.py
# when  : 2026-09-19T00:38:07
# env   : python 3.14.4 | numpy 2.4.6 | pandas 3.0.3
# 口径  : timestamp 列 / 100 Hz 网格 / Z=Σch / 形状用原始读数 / 禁用 τ=2 s 平滑

== T2-B 形状剖面（τ 网格）与时间轴口径 ==
  -> results/t2_shape_profile.csv (1808 行；逐事件 960 + 池化 848)
  -> results/t2_shape_profile_variants.csv (800 行，10 个变体)
  -> results/t2_timeaxis_compare.csv (360 行)
  -> results/t2_timeaxis_summary.csv

== 池化形状剖面 f(τ)（原始读数，事件级中位 [p10,p90]）==
kind                         τ=0.05s                τ=0.2s                  τ=1s                  τ=5s                 τ=30s
onset            0.723 [0.412,0.853]   0.821 [0.662,0.879]   0.922 [0.873,0.960]   1.000 [0.998,1.001]   1.112 [0.861,1.517]  (n=22)
restep          0.239 [-1.611,0.792]  0.475 [-2.334,0.905]  0.774 [-2.113,0.949]   1.000 [0.996,1.033]  1.729 [-1.083,6.489]  (n=18)
unload           1.001 [0.574,1.038]   1.002 [1.000,1.038]   1.000 [0.996,1.003]   1.000 [0.999,1.001]  1.000 [-0.053,1.028]  (n=14)
partial_unload   1.480 [0.485,6.783]  1.308 [0.942,19.248]  1.071 [1.031,20.620]   1.000 [0.948,1.000]  1.625 [-0.988,6.202]  (n=5)

== Q6 时间轴口径差异（median |Δ|，s）==
   onset          n=22  Δt90=0.015  Δt95=0.010  Δf(0.05)=0.003  Δf(0.2)=0.002  Δf(1)=0.001
   restep         n=18  Δt90=0.020  Δt95=0.035  Δf(0.05)=0.031  Δf(0.2)=0.017  Δf(1)=0.005
   unload         n=14  Δt90=0.005  Δt95=0.005  Δf(0.05)=0.000  Δf(0.2)=0.000  Δf(1)=0.000
   ALL            n=59  Δt90=0.010  Δt95=0.010  Δf(0.05)=0.010  Δf(0.2)=0.003  Δf(1)=0.001

完成。
