# cmd   : python scripts/t2d_crosscheck.py
# when  : 2026-09-19T01:01:36
# env   : python 3.14.4 | numpy 2.4.6 | pandas 3.0.3
# 口径  : timestamp 列 / 100 Hz 网格 / Z=Σch / 形状用原始读数 / 禁用 τ=2 s 平滑

== T2-D 反驳性检查 / 分族一致性 / 交接件 ==

[反驳检查①] f(1 s) vs 07-v6 §2.1 = 0.912
   复现 07-v6 管线（包轴 + post[4.5,5.5]）：与 v6_onset_profile9.csv 的 9 组画像最大逐点差 = 0.0000
   τ(s)        :    0.00    0.02    0.04    0.06    0.08    0.10    0.15    0.20    0.30    0.40    0.50    0.75    1.00    1.50    2.00    3.00    4.00    5.00
   07-v6 中位  :   0.000   0.429   0.687   0.747   0.775   0.769   0.805   0.802   0.847   0.858   0.857   0.891   0.912   0.932   0.949   0.969   0.990   1.000
   本任务复现  :   0.000   0.429   0.687   0.747   0.775   0.769   0.805   0.802   0.847   0.858   0.857   0.891   0.912   0.932   0.949   0.969   0.990   1.000
   C 本任务主口径（100 Hz 网格 / 原始 Z / J=[4,6]）                 f(1s) 中位 = 0.912  范围 0.873~0.926
   D 本任务（包轴 / 原始 Z / J=[4,6]）                           f(1s) 中位 = 0.912  范围 0.873~0.926
   E 本任务主口径但沿用 07-v6 的 t0                               f(1s) 中位 = 0.912  范围 0.872~0.926
   F 本任务（包轴 / Z̄(3 帧) / J=[4.5,5.5]，仅差轴与窗）              f(1s) 中位 = 0.912  范围 0.871~0.926
   -> results/t2_v6pipeline_profiles9.csv, t2_vs_v6_profile_check.csv

[反驳检查②] t90 与 07-v6/results/v6_rise_times.csv 逐行比对
   同管线复现（包轴同口径）：24/24 行对上（|Δt| 最大 0.0000 s）
      复现 vs 发布：t50 最大|差| = 1.11e-16 s（应≈0；不为 0 说明读取/口径有偏）
      复现 vs 发布：t90 最大|差| = 1.11e-16 s（应≈0；不为 0 说明读取/口径有偏）
      复现 vs 发布：t95 最大|差| = 4.44e-16 s（应≈0；不为 0 说明读取/口径有偏）
   -> results/t2_vs_v6rise_compare.csv (24 行；其中 T4-A 冻结事件集命中 15 行，其余用 07-v6 原管线 t 回定位 9 行)
      grid   vs 07-v6  t50      中位差   -0.013  |中位| 0.075  p90|Δ| 0.353  n=24
      pkt    vs 07-v6  t50      中位差   -0.032  |中位| 0.052  p90|Δ| 0.202  n=24
      grid   vs 07-v6  t90      中位差   -0.079  |中位| 0.144  p90|Δ| 0.963  n=24
      pkt    vs 07-v6  t90      中位差   -0.039  |中位| 0.139  p90|Δ| 1.102  n=24
      grid   vs 07-v6  t95      中位差   -0.053  |中位| 0.150  p90|Δ| 0.952  n=24
      pkt    vs 07-v6  t95      中位差   -0.023  |中位| 0.134  p90|Δ| 0.923  n=24
      grid   vs 07-v6  z_at_02  中位差   +0.033  |中位| 0.054  p90|Δ| 0.213  n=24
      pkt    vs 07-v6  z_at_02  中位差   +0.042  |中位| 0.059  p90|Δ| 0.262  n=24
      grid   vs 07-v6  z_at_10  中位差   +0.015  |中位| 0.024  p90|Δ| 0.082  n=24
      pkt    vs 07-v6  z_at_10  中位差   +0.024  |中位| 0.025  p90|Δ| 0.089  n=24

[对照] 与第一轮 13-v6-assessment/results/phases.csv（段级口径）
   -> results/t2_vs_firstround.csv, t2_slowtau_natural.csv
                         scope  step_frac_pct  fast_frac_pct  slow_frac_pct  slow_tau_med  slow_tau_p10  slow_tau_p90
           T2 事件级 onset (n=22)          82.10          17.90          16.59           NaN           NaN           NaN
          T2 事件级 restep (n=19)          47.46          52.54          16.62           NaN           NaN           NaN
    13-v6 段级 phases.csv (n=22)          89.20          10.80          10.55           NaN           NaN           NaN
       13-v6 段级 phases.csv p10          79.95           4.45           0.56           NaN           NaN           NaN
       13-v6 段级 phases.csv p90          95.55          20.05          43.98           NaN           NaN           NaN
         T2 慢相 τ（自然窗单指数, n=12）            NaN            NaN            NaN         13.23          2.87         28.75
13-v6 phases.csv slow_tau (段级)            NaN            NaN            NaN         24.80          5.62        627.83

[Q7 分族一致性]
   -> results/t2_family_summary.csv
   家族       kind       n | f(0.05)                f(0.2)                 t90 (s)               
   右拇指      onset      3 |   0.677 [0.661,0.729]    0.788 [0.787,0.841]     0.85 [0.55,1.34]
   右拇指      restep     2 |   0.095 [-0.485,0.674]   -0.330 [-1.073,0.412]     3.13 [2.91,3.35]
   左拇指      onset      3 |   0.802 [0.788,0.812]    0.848 [0.839,0.856]     0.65 [0.55,0.71]
   四指       onset      3 |   0.726 [0.681,0.748]    0.799 [0.786,0.814]     1.26 [0.95,1.34]
   四指       restep     1 |   0.470 [0.470,0.470]    0.495 [0.495,0.495]     2.84 [2.84,2.84]
   实录       onset     13 |   0.705 [0.190,0.860]    0.824 [0.396,0.894]     0.40 [0.04,1.27]
   实录       restep    16 |   0.213 [-2.358,0.724]    0.468 [-2.632,0.965]     0.78 [0.05,3.99]

  -> results/conclusions.json
完成。
