======================================================================================================================
右拇指_1  负载段 8.3~115.4s  A_peak(v6)=1.211  事件=4
      v6 事件 @   8.23s onset
      v6 事件 @ 114.67s decrease
      v6 事件 @ 115.13s decrease
      v6 事件 @ 115.37s restep
   t(s)       raw     v5-3s        v6    v6显示-raw     A.sum         g  loaded   state
    0.0     5.913     5.913     5.913      -0.000     0.597    0.0000       0    idle
    0.5    12.657    12.657    14.082       1.425     0.597    0.0000       0    idle
    1.0    13.634    13.634    14.462       0.828     0.597    0.0000       0    idle
    2.0    14.062    14.062    14.462       0.400     0.597    0.0000       0    idle
    3.0    14.228    14.228    14.462       0.234     0.597    0.0000       0    idle
    5.0    14.682    14.682    14.455      -0.227     0.597    0.0000       0    idle
    8.0    15.662    15.053    14.888      -0.774     0.597    0.0000       0    idle
   12.0    15.903    14.895    14.778      -1.125     0.597    0.0000       0    idle
   20.0    16.403    14.911    14.812      -1.591     0.597    0.0000       0    idle
   40.0    17.319    14.835    14.730      -2.589     0.597    0.0000       0    idle
   60.0    18.094    15.027    14.908      -3.186     0.597    0.0000       0    idle
   90.0    19.685    15.128    14.998      -4.687     0.597    0.0000       0    idle
  107.1     3.338     1.232     3.252      -0.087     0.597    0.0000       0    idle
======================================================================================================================
左拇指_1  负载段 11.7~147.6s  A_peak(v6)=1.222  事件=5
      v6 事件 @   2.10s onset
      v6 事件 @  11.69s onset
      v6 事件 @ 147.27s decrease
      v6 事件 @ 147.27s decrease
      v6 事件 @ 147.44s decrease
   t(s)       raw     v5-3s        v6    v6显示-raw     A.sum         g  loaded   state
    0.0    12.920    12.920    12.920      -0.000     0.044    0.0000       0    idle
    0.5    13.606    13.606    15.343       1.737     0.044    0.0000       0    idle
    1.0    14.056    14.056    15.944       1.888     0.044    0.0000       0    idle
    2.0    14.518    14.518    15.944       1.426     0.044    0.0000       0    idle
    3.0    14.784    14.784    15.944       1.160     0.044    0.0000       0    idle
    5.0    15.289    15.289    15.942       0.653     0.044    0.0000       0    idle
    8.0    15.641    15.553    15.788       0.147     0.044    0.0000       0    idle
   12.0    16.323    15.857    16.065      -0.258     0.044    0.0000       0    idle
   20.0    16.825    16.265    16.258      -0.567     0.044    0.0000       0    idle
   40.0    17.358    16.274    16.297      -1.061     0.044    0.0000       0    idle
   60.0    17.595    16.363    16.376      -1.219     0.044    0.0000       0    idle
   90.0    17.897    16.012    16.144      -1.754     0.044    0.0000       0    idle
  120.0    18.044    16.030    16.134      -1.911     0.044    0.0000       0    idle
======================================================================================================================
四指_1  负载段 10.9~130.8s  A_peak(v6)=1.556  事件=6
      v6 事件 @   0.32s onset
      v6 事件 @   6.93s onset
      v6 事件 @   9.64s onset
      v6 事件 @  10.93s onset
      v6 事件 @ 130.73s decrease
      v6 事件 @ 130.73s decrease
   t(s)       raw     v5-3s        v6    v6显示-raw     A.sum         g  loaded   state
    0.0     2.756     2.756     2.756      -0.000     0.000    0.0000       0    idle
    0.5    11.317    11.317    12.730       1.413     0.000    0.0000       0    idle
    1.0    11.678    11.678    13.214       1.535     0.000    0.0000       0    idle
    2.0    12.573    12.573    13.214       0.641     0.000    0.0000       0    idle
    3.0    13.058    13.058    13.214       0.156     0.000    0.0000       0    idle
    5.0    13.381    13.381    13.214      -0.168     0.000    0.0000       0    idle
    8.0    13.768    13.655    13.590      -0.179     0.000    0.0000       0    idle
   12.0    14.189    13.492    13.472      -0.716     0.000    0.0000       0    idle
   20.0    15.073    13.525    13.517      -1.556     0.000    0.0000       0    idle
   40.0    15.589    13.516    13.528      -2.061     0.000    0.0000       0    idle
   60.0    15.957    13.530    13.528      -2.429     0.000    0.0000       0    idle
   90.0    16.117    13.488    13.495      -2.622     0.000    0.0000       0    idle
  119.8    10.389     7.758     7.741      -2.648     0.000    0.0000       0    idle
