============================================================================================================================
右拇指指尖/数据2  事件 5
      @   12.33s restep
      @  146.59s decrease
      @  159.26s decrease
      @  159.50s decrease
      @  159.71s restep
      DBG    12.33 NEW       restep               0.2819        0.2877        0.2891
      DBG    17.33 HANDOFF   onset                 16.01        -0.426       0.02661
      DBG   146.59 NEW       decrease               20.8         20.83         16.12
      DBG   159.26 NEW       decrease               21.6         22.12         16.53
      DBG   159.50 NEW       decrease              21.85         21.76         16.16
      DBG   159.71 NEW       restep              0.02454         8.158         6.656
      DBG   160.35 UNLOAD    onset                0.6367             0             0

--- 过冲段：140~165s（每 0.5s）---
     t(s)        raw         v6    v6-raw   state    τ_ev          kind     A.sum         g   ld     c_app
   140.00      20.72      16.02     -4.70    slow     nan                   16.30    0.2618   23      0.00
   140.50      20.74      16.03     -4.71    slow     nan                   16.30    0.2622   23      0.00
   141.00      20.70      15.99     -4.71    slow     nan                   16.30    0.2625   23      0.00
   141.50      20.69      15.98     -4.71    slow     nan                   16.30    0.2628   23      0.00
   141.99      20.73      16.02     -4.72    slow     nan                   16.30    0.2632   23      0.00
   142.49      20.72      16.00     -4.72    slow     nan                   16.30    0.2635   23      0.00
   142.99      20.79      16.06     -4.73    slow     nan                   16.30    0.2641   23      0.00
   143.49      20.75      16.01     -4.74    slow     nan                   16.30    0.2645   23      0.00
   143.98      20.80      16.06     -4.74    slow     nan                   16.30    0.2647   23      0.00
   144.48      20.74      16.00     -4.74    slow     nan                   16.30    0.2649   23      0.00
   144.98      20.78      16.04     -4.74    slow     nan                   16.30    0.2651   23      0.00
   145.48      20.60      15.87     -4.73    slow     nan                   16.30    0.2643   23      0.00
   145.97      20.73      16.05     -4.68    slow     nan                   16.30    0.2620   23      0.00
   146.47      21.09      16.37     -4.72    slow     nan                   16.30    0.2641   23      0.00
   146.97      21.17      16.40     -4.77    slow     nan                   16.30    0.2669   23      0.00
   147.47      20.49      15.77     -4.72    slow     nan                   16.46    0.2593   23      0.00
   147.96      21.32      16.59     -4.73    slow     nan                   16.46    0.2596   23      0.00
   148.46      21.76      16.94     -4.82    slow     nan                   16.46    0.2645   23      0.00
   148.96      21.74      16.83     -4.90    slow     nan                   16.46    0.2689   23      0.00
   149.46      21.76      16.82     -4.94    slow     nan                   16.46    0.2710   23      0.00
   149.95      21.83      16.82     -5.01    slow     nan                   16.46    0.2745   23      0.00
   150.45      21.89      16.81     -5.07    slow     nan                   16.46    0.2777   23      0.00
   150.95      21.95      16.82     -5.13    slow     nan                   16.46    0.2809   23      0.00
   151.45      21.98      16.78     -5.20    slow     nan                   16.46    0.2843   23      0.00
   151.94      22.02      16.76     -5.26    slow     nan                   16.46    0.2876   23      0.00
   152.44      22.00      16.69     -5.31    slow     nan                   16.46    0.2904   23      0.00
   152.94      22.05      16.69     -5.36    slow     nan                   16.46    0.2930   23      0.00
   153.44      22.09      16.68     -5.41    slow     nan                   16.46    0.2953   23      0.00
   153.93      22.07      16.62     -5.45    slow     nan                   16.46    0.2978   23      0.00
   154.43      22.12      16.64     -5.48    slow     nan                   16.46    0.2991   23      0.00
   154.93      22.13      16.63     -5.50    slow     nan                   16.46    0.3002   23      0.00
   155.42      22.12      16.60     -5.52    slow     nan                   16.46    0.3012   23      0.00
   155.92      22.15      16.62     -5.53    slow     nan                   16.46    0.3017   23      0.00
   156.42      22.10      16.56     -5.54    slow     nan                   16.46    0.3021   23      0.00
   156.92      22.14      16.59     -5.55    slow     nan                   16.46    0.3027   23      0.00
   157.41      22.15      16.58     -5.57    slow     nan                   16.46    0.3039   23      0.00
   157.91      22.09      16.51     -5.58    slow     nan                   16.46    0.3044   23      0.00
   158.41      22.15      16.55     -5.60    slow     nan                   16.46    0.3050   23      0.00
   158.91      22.14      16.53     -5.61    slow     nan                   16.46    0.3056   23      0.00
   159.40      22.05      16.47     -5.58    slow     nan                   16.46    0.3042   23      0.00
   159.90       0.56       0.57      0.00    slow     nan                    0.78   -0.0023   10      0.00
   160.40       1.05       1.05      0.00    idle     nan                    0.78    0.0000    0      0.00
   160.90       0.74       0.74     -0.00    idle     nan                    0.78    0.0000    0      0.00
   161.39       0.78       0.78      0.00    idle     nan                    0.78    0.0000    0      0.00
   161.89       0.69       0.69      0.00    idle     nan                    0.78    0.0000    0      0.00
   162.39       0.41       0.41      0.00    idle     nan                    0.78    0.0000    0      0.00
   162.89       0.62       0.62      0.00    idle     nan                    0.78    0.0000    0      0.00
   163.38       0.56       0.56      0.00    idle     nan                    0.78    0.0000    0      0.00
   163.88       0.86       0.86      0.00    idle     nan                    0.78    0.0000    0      0.00
   164.38       0.92       0.92      0.00    idle     nan                    0.78    0.0000    0      0.00
   164.88       0.95       0.95      0.00    idle     nan                    0.78    0.0000    0      0.00
============================================================================================================================
切换负载-快相无责  事件 29
      @   10.81s onset
      @   13.72s restep_reload
      @   13.87s restep_reload
      @   28.45s restep
      @   71.57s decrease
      @   71.57s decrease
      @   75.04s restep
      @   75.59s restep_reload
      @  110.42s restep
      @  110.42s restep_reload
      @  129.38s decrease
      @  129.38s decrease
      @  133.84s onset
      @  181.95s decrease
      @  181.95s decrease
      @  185.98s onset
      @  202.62s decrease
      @  212.40s decrease
      @  212.42s decrease
      @  213.03s restep
      @  217.72s restep_reload
      @  217.89s restep
      @  230.03s decrease
      @  230.54s decrease
      @  232.64s decrease
      @  233.28s restep
      @  240.54s restep
      @  249.61s decrease
      @  249.61s decrease
      DBG    10.81 NEW       onset                 72.81         78.41         77.95
      DBG    11.86 STALL     onset                 1.055          3481       0.01199
      DBG    13.72 NEW       restep_reload          3584          3597          3598
      DBG    13.87 NEW       restep_reload          3590          3644          3642
      DBG    18.88 HANDOFF   restep_reload         622.5        -280.3       0.05302
      DBG    28.45 NEW       restep                 4846          4826          4378
      DBG    29.50 STALL     onset                 1.055          6183       0.06685
      DBG    33.45 HANDOFF   onset                  6750        -473.4       0.03404
      DBG    71.57 NEW       decrease          1.341e+04     1.235e+04     1.117e+04
      DBG    71.57 NEW       decrease          1.341e+04     1.235e+04     1.117e+04
      DBG    75.04 NEW       restep                 5492          5446          4298
      DBG    75.59 NEW       restep_reload          5595          5603          4461
      DBG    80.60 HANDOFF   restep_reload     1.055e+04         -3039        0.1813
      DBG   110.42 NEW       restep            1.942e+04      1.94e+04       1.5e+04
      DBG   110.42 NEW       restep_reload     1.942e+04      1.94e+04       1.5e+04
      DBG   115.42 HANDOFF   restep_reload          6121         -4743        0.2279
      DBG   129.38 NEW       decrease          2.676e+04     2.638e+04     2.093e+04
      DBG   129.38 NEW       decrease          2.676e+04     2.638e+04     2.093e+04
      DBG   133.84 NEW       onset                    70         65.33         64.97
      DBG   138.84 HANDOFF   onset             2.843e+04          1328      -0.04672
      DBG   181.95 NEW       decrease          2.907e+04     2.805e+04     2.874e+04
      DBG   181.95 NEW       decrease          2.907e+04     2.805e+04     2.874e+04
      DBG   185.98 NEW       onset                 63.83         55.12         53.94
      DBG   188.94 STALL     onset                 2.956     2.489e+04        0.1079
      DBG   190.99 HANDOFF   onset             2.518e+04        -2.985     0.0001185
      DBG   202.62 NEW       decrease          2.661e+04     2.615e+04     2.559e+04
      DBG   212.40 NEW       decrease          2.248e+04     2.218e+04      2.09e+04
      DBG   212.42 NEW       decrease          2.211e+04     2.221e+04     2.092e+04
      DBG   213.03 NEW       restep                 4969          5133          4193
      DBG   217.72 NEW       restep_reload          5773          5769          4795
      DBG   218.10 REVOKE    restep_reload        0.3782         984.7          2372
      DBG   217.89 NEW       restep                 6833          6064          5237
      DBG   222.90 HANDOFF   restep                 4209         -2398        0.2624
      DBG   230.03 NEW       decrease          1.214e+04     1.221e+04          9823
      DBG   230.54 NEW       decrease          1.283e+04     1.237e+04          9888
      DBG   232.64 NEW       decrease               5165          5195          3878
      DBG   233.28 NEW       restep                 4117          3718          2945
      DBG   238.28 HANDOFF   onset             1.611e+04         -1236        0.0668
      DBG   240.54 NEW       restep            2.051e+04     2.049e+04     1.909e+04
      DBG   245.55 HANDOFF   restep                 4476         -2071       0.07161
      DBG   249.61 NEW       decrease          2.586e+04     2.597e+04     2.348e+04
      DBG   249.61 NEW       decrease          2.586e+04     2.597e+04     2.348e+04

--- 首个加载段：10.4~22.0s（每 0.25s）---
     t(s)        raw         v6    v6-raw   state    τ_ev          kind     A.sum         g   ld     c_app
    10.40      72.00      72.00      0.00    idle     nan                    0.00    0.0000    0      0.00
    10.65      76.00      76.00      0.00    idle     nan                    0.00    0.0000    0      0.00
    10.90    3739.25    3739.25     -0.00   event    0.09         onset      0.00    0.0000    0      5.14
    11.15    3497.59    3603.80    106.21   event    0.34         onset      0.00    0.0000    0    106.21
    11.40    3408.27    4113.12    704.84   event    0.59         onset      0.00    0.0000    0    704.84
    11.64    3556.67    4082.26    525.59   event    0.84         onset      0.00    0.0000    0    525.59
    11.89    3561.30    4011.91    450.61   event    1.08         onset      0.00    0.0000    0    450.61
    12.14    3556.20    3556.71      0.51   event    1.33         onset      0.00    0.0000    0      0.51
    12.39    3537.70    3525.84    -11.87   event    1.58         onset      0.00    0.0000    0    -11.87
    12.64    3572.28    3580.86      8.58   event    1.83         onset      0.00    0.0000    0      8.58
    12.89    3557.57    3564.12      6.55   event    2.08         onset      0.00    0.0000    0      6.55
    13.14    3569.92    3575.15      5.23   event    2.33         onset      0.00    0.0000    0      5.23
    13.39    3583.00    3588.80      5.80   event    2.58         onset      0.00    0.0000    0      5.80
    13.64    3593.00    3602.81      9.81   event    2.83         onset      0.00    0.0000    0      9.81
    13.88    4059.02    4015.48    -43.54   event    3.08         onset      0.00    0.0000    0    -43.54
    14.13    3593.84    3631.71     37.87   event    3.32         onset      0.00    0.0000    0     37.87
    14.38    4079.30    4093.64     14.34   event    0.67 restep_reload      0.00    0.0000    0     14.34
    14.63    4138.14    4190.14     51.99   event    0.76 restep_reload      0.00    0.0000    0     51.99
    14.88    4208.97    4264.91     55.94   event    1.01 restep_reload      0.00    0.0000    0     55.94
    15.13    4207.20    4262.32     55.12   event    1.25 restep_reload      0.00    0.0000    0     55.12
    15.38    4203.53    4264.91     61.38   event    1.50 restep_reload      0.00    0.0000    0     61.38
    15.63    4242.46    4272.93     30.47   event    1.75 restep_reload      0.00    0.0000    0     30.47
    15.87    4271.82    4303.53     31.71   event    2.00 restep_reload      0.00    0.0000    0     31.71
    16.12    4276.90    4264.91    -11.99   event    2.25 restep_reload      0.00    0.0000    0    -11.99
    16.37    4313.12    4286.49    -26.63   event    2.50 restep_reload      0.00    0.0000    0    -26.63
    16.62    4318.90    4279.66    -39.23   event    2.75 restep_reload      0.00    0.0000    0    -39.23
    16.87    4423.91    4264.91   -159.00   event    3.00 restep_reload      0.00    0.0000    0   -159.00
    17.12    4450.32    4264.91   -185.41   event    3.24 restep_reload      0.00    0.0000    0   -185.41
    17.37    4479.83    4264.91   -214.92   event    3.49 restep_reload      0.00    0.0000    0   -214.92
    17.62    4471.00    4253.45   -217.55   event    3.74 restep_reload      0.00    0.0000    0   -217.55
    17.87    4495.00    4260.97   -234.03   event    3.99 restep_reload      0.00    0.0000    0   -234.03
    18.11    4531.40    4264.91   -266.49   event    4.24 restep_reload      0.00    0.0000    0   -266.49
    18.36    4500.90    4261.45   -239.45   event    4.49 restep_reload      0.00    0.0000    0   -239.45
    18.61    4517.37    4270.39   -246.99   event    4.74 restep_reload      0.00    0.0000    0   -246.99
    18.86    4539.05    4268.63   -270.42   event    4.99 restep_reload      0.00    0.0000    0   -270.42
    19.11    4539.99    4305.52   -234.47    slow     nan                 4264.91    0.0531   10      0.00
    19.36    4546.05    4319.93   -226.11    slow     nan                 4264.91    0.0530   10      0.00
    19.61    4553.93    4327.26   -226.67    slow     nan                 4264.91    0.0529   10      0.00
    19.86    4478.32    4260.57   -217.75    slow     nan                 4264.91    0.0526   10      0.00
    20.11    4640.59    4414.32   -226.27    slow     nan                 4264.91    0.0530   10      0.00
    20.35    4625.60    4381.66   -243.94    slow     nan                 4264.91    0.0543   10      0.00
    20.60    4660.28    4405.69   -254.59    slow     nan                 4264.91    0.0553   10      0.00
    20.85    4657.27    4391.41   -265.86    slow     nan                 4264.91    0.0563   10      0.00
    21.10    4658.01    4382.04   -275.97    slow     nan                 4264.91    0.0572   10      0.00
    21.35    4655.07    4370.46   -284.60    slow     nan                 4264.91    0.0579   10      0.00
    21.60    4631.85    4340.91   -290.94    slow     nan                 4264.91    0.0586   10      0.00
    21.85    4620.45    4326.49   -293.96    slow     nan                 4264.91    0.0591   10      0.00

--- 第二段：26.0~40.0s（每 0.5s）---
     t(s)        raw         v6    v6-raw   state    τ_ev          kind     A.sum         g   ld     c_app
    26.01    4682.53    4337.78   -344.75    slow     nan                 4264.91    0.0677   10      0.00
    26.50    4717.49    4367.30   -350.19    slow     nan                 4264.91    0.0687   10      0.00
    27.00    4784.00    4417.92   -366.08    slow     nan                 4264.91    0.0710   10      0.00
    27.50    4826.42    4426.53   -399.89    slow     nan                 4264.91    0.0762   10      0.00
    28.00    4822.10    4388.18   -433.92    slow     nan                 4264.91    0.0816   10      0.00
    28.50    6784.85    6784.85      0.00   event    0.05        restep   4264.91    0.0899   10   -467.74
    28.99   10711.20   10914.78    203.58   event    0.55         onset   4264.91    0.0899   10    203.58
    29.49   11035.74   11167.67    131.93   event    1.05         onset   4264.91    0.0899   10    131.93
    29.99   11203.81   10733.80   -470.00   event    1.54         onset   4264.91    0.0899   10   -470.00
    30.49   11259.16   10784.06   -475.11   event    2.04         onset   4264.91    0.0899   10   -475.11
    30.98   11290.09   10825.86   -464.22   event    2.54         onset   4264.91    0.0899   10   -464.22
    31.48   11391.79   10904.00   -487.79   event    3.04         onset   4264.91    0.0899   10   -487.79
    31.98   11427.26   10959.39   -467.88   event    3.53         onset   4264.91    0.0899   10   -467.88
    32.48   11520.59   11028.16   -492.43   event    4.03         onset   4264.91    0.0899   10   -492.43
    32.97   11581.71   11101.19   -480.53   event    4.53         onset   4264.91    0.0899   10   -480.53
    33.47   11590.88   11117.56   -473.32    slow     nan                11127.58    0.0341   12      0.00
    33.97   11627.60   11140.49   -487.11    slow     nan                11127.58    0.0350   12      0.00
    34.47   11659.99   11161.00   -498.99    slow     nan                11127.58    0.0358   12      0.00
    34.96   11675.86   11162.73   -513.14    slow     nan                11127.58    0.0367   12      0.00
    35.46   11707.68   11176.65   -531.04    slow     nan                11127.58    0.0380   12      0.00
    35.96   11742.01   11193.11   -548.90    slow     nan                11127.58    0.0392   12      0.00
    36.46   11778.72   11205.93   -572.79    slow     nan                11127.58    0.0408   12      0.00
    36.96   11796.24   11187.35   -608.89    slow     nan                11127.58    0.0433   12      0.00
    37.45   11815.06   11168.76   -646.30    slow     nan                11127.58    0.0458   12      0.00
    37.95   11821.14   11141.39   -679.75    slow     nan                11127.58    0.0481   12      0.00
    38.45   11864.18   11152.62   -711.55    slow     nan                11127.58    0.0502   12      0.00
    38.95   11887.73   11135.55   -752.18    slow     nan                11127.58    0.0529   12      0.00
    39.44   11890.59   11100.06   -790.53    slow     nan                11127.58    0.0555   12      0.00
    39.94   11907.86   11083.97   -823.90    slow     nan                11127.58    0.0577   12      0.00
