================================================================================================================
右拇指_1  时长 162.7s  ch=31  dt=9.95ms  峰值 20
  v6: sig_d=0.023  事件=5  撤销=0  C5=0  A.max=0.170  g=+0.0000  state=idle
       @   8.21s  onset
       @   8.63s  restep
       @ 115.09s  decrease
       @ 115.37s  decrease
       @ 115.24s  restep
  v5-1s: 事件=2 A.max=1.194 g=+0.3635
  v5-3s: 事件=2 A.max=1.241 g=+0.3005
  首事件 t=8.207s 起（每 0.25 s：t, raw, v5-1s, v5-3s, v6）
    + 0.00s        0.46        0.46        0.46        0.46
    + 0.25s       11.69       11.69       11.69       12.12
    + 0.50s       12.49       12.49       12.49       15.07
    + 0.75s       12.86       12.86       12.86       15.65
    + 0.99s       13.56       13.56       13.56       15.66
    + 1.24s       13.70       13.70       13.70       14.01
    + 1.49s       13.91       13.91       13.91       14.59
    + 1.74s       13.87       13.87       13.87       14.95
    + 1.99s       14.03       14.03       14.03       15.26
    + 2.24s       14.06       14.06       14.06       15.49
    + 2.49s       14.11       14.11       14.11       15.71
    + 2.74s       14.06       14.06       14.06       15.82
    + 2.98s       14.23       14.23       14.23       16.12
    + 3.23s       14.30       14.30       14.30       16.32
    + 3.48s       14.28       14.28       14.28       16.40
    + 3.73s       14.40       14.40       14.40       16.63
    + 3.98s       14.47       14.46       14.47       16.78
    + 4.23s       14.56       14.54       14.56       16.94
    + 4.48s       14.69       14.65       14.69       17.13
    + 4.73s       14.69       14.64       14.69       17.18
    + 4.97s       14.72       14.65       14.72       17.26
    + 5.22s       14.69       14.60       14.69       17.27
    + 5.47s       14.89       14.77       14.89       17.49
    + 5.72s       15.38       15.22       15.36       17.98
    + 5.97s       15.36       15.14       15.31       17.94
================================================================================================================
中途13ffca  时长 120.6s  ch=21  dt=9.95ms  峰值 32707
  v6: sig_d=3.557  事件=16  撤销=1  C5=0  A.max=0.000  g=+0.0000  state=idle
       @   8.30s  restep
       @   8.06s  onset
       @  18.68s  restep
       @  26.31s  decrease
       @  26.42s  decrease
       @  27.56s  restep
       @  45.26s  decrease
       @  45.06s  decrease
       @  61.13s  restep
       @  68.89s  decrease
       @  68.92s  decrease
       @  87.80s  onset
       @  99.18s  restep
       @ 100.04s  decrease
       @ 113.80s  decrease
       @ 113.52s  decrease
  v5-1s: 事件=8 A.max=3305.867 g=+0.1191
  v5-3s: 事件=8 A.max=3520.933 g=+0.0433
  首事件 t=8.298s 起（每 0.25 s：t, raw, v5-1s, v5-3s, v6）
    + 0.00s       73.98       73.98       73.98       73.98
    + 0.25s    11885.20    11885.20    11885.20    11885.20
    + 0.50s    12589.81    12589.81    12589.81    13782.78
    + 0.75s    13291.83    13291.83    13291.83    17837.93
    + 0.99s    13628.92    13628.92    13628.92    21638.71
    + 1.24s    13761.47    13761.47    13761.47    24117.35
    + 1.49s    13841.93    13841.93    13841.93    24674.34
    + 1.74s    13979.21    13979.21    13979.21    25245.16
    + 1.99s    14148.30    14148.30    14148.30    25796.18
    + 2.24s    14247.10    14247.10    14247.10    26237.55
    + 2.49s    14298.14    14298.14    14298.14    26597.21
    + 2.74s    14450.51    14450.51    14450.51    27022.57
    + 2.98s    14522.82    14522.82    14522.82    27335.34
    + 3.23s    14597.90    14597.90    14597.90    27617.11
    + 3.48s    15073.29    15073.29    15073.29    28271.66
    + 3.73s    15109.99    15103.69    15109.99    28460.83
    + 3.98s    15234.67    15216.07    15234.67    28717.91
    + 4.23s    15406.80    15364.81    15406.80    28999.81
    + 4.48s    15362.61    15296.27    15362.61    29051.25
    + 4.73s    15353.68    15269.31    15353.68    29131.78
    + 4.97s    15412.10    15304.49    15412.10    29269.05
    + 5.22s    15444.55    15310.44    15444.55    29370.25
    + 5.47s    15505.83    15345.69    15505.83    29493.27
    + 5.72s    15534.83    15349.01    15530.24    29577.25
    + 5.97s    15545.95    15334.12    15533.31    29636.38
