========================================================================================================
A. 各录制帧间隔质量（决定时间轴可信度）
========================================================================================================
录制               帧数   中位dt(ms)  p95(ms)  max(ms)     >2×中位占比
右拇指_1         16355      15.45    31.17     61.6        5.2%
右拇指_2         23536      15.38    31.25     62.9        5.4%
右拇指_3         19137      15.39    31.30     64.0        5.4%
左拇指_1         19739      15.32    31.02     61.5        5.2%
左拇指_2         19974      15.25    29.93     66.2        4.9%
左拇指_3         19401      15.15    30.59     78.7        5.1%
四指_1          19139      15.12    30.72     63.4        5.2%
四指_2          19113      15.12    30.64     52.6        5.2%
四指_3          20032      15.09    30.97     67.9        5.5%
切换负载          25692       0.01    44.40    204.0       34.0%
再切换            7128       0.01    43.16     68.5       32.7%
中途1d9493       6420       0.01    43.87    210.0       32.4%
中途13ffca      12120       0.01    44.33     66.1       31.6%

========================================================================================================
B. 加载沿的原始形状（相对 5s 增量归一化）
========================================================================================================

[右拇指_1] 加载沿 t=8.25s  空载基线=0.550  5s 增量=14.125
  τ(s)   :   0.02   0.04   0.06   0.08   0.10   0.15   0.20   0.30   0.40   0.50   0.75   1.00   1.50   2.00   3.00   4.00   5.00
  原始   :  0.170  0.575  0.647  0.666  0.680  0.757  0.785  0.805  0.809  0.840  0.875  0.922  0.941  0.955  0.967  0.987  1.000
  τ=2s   :  0.000  0.005  0.011  0.017  0.024  0.042  0.060  0.095  0.130  0.164  0.246  0.326  0.460  0.568  0.723  0.822  0.892

[右拇指_2] 加载沿 t=12.33s  空载基线=0.292  5s 增量=16.432
  τ(s)   :   0.02   0.04   0.06   0.08   0.10   0.15   0.20   0.30   0.40   0.50   0.75   1.00   1.50   2.00   3.00   4.00   5.00
  原始   :  0.613  0.678  0.676  0.675  0.696  0.764  0.789  0.792  0.813  0.842  0.857  0.879  0.903  0.932  0.945  0.981  1.000
  τ=2s   :  0.008  0.014  0.021  0.027  0.034  0.052  0.070  0.105  0.139  0.172  0.252  0.327  0.452  0.556  0.708  0.810  0.883

[右拇指_3] 加载沿 t=10.61s  空载基线=0.043  5s 增量=16.504
  τ(s)   :   0.02   0.04   0.06   0.08   0.10   0.15   0.20   0.30   0.40   0.50   0.75   1.00   1.50   2.00   3.00   4.00   5.00
  原始   :  0.726  0.754  0.771  0.788  0.809  0.830  0.864  0.829  0.897  0.900  0.918  0.927  0.937  0.962  0.979  0.996  1.000
  τ=2s   :  0.011  0.018  0.025  0.033  0.041  0.060  0.079  0.117  0.154  0.190  0.274  0.353  0.481  0.585  0.736  0.836  0.901

[左拇指_1] 加载沿 t=11.70s  空载基线=0.000  5s 增量=15.289
  τ(s)   :   0.02   0.04   0.06   0.08   0.10   0.15   0.20   0.30   0.40   0.50   0.75   1.00   1.50   2.00   3.00   4.00   5.00
  原始   :  0.792  0.785  0.796  0.816  0.819  0.846  0.847  0.868  0.868  0.890  0.907  0.920  0.936  0.950  0.969  0.987  1.000
  τ=2s   :  0.012  0.020  0.027  0.035  0.043  0.062  0.082  0.119  0.156  0.191  0.275  0.352  0.480  0.582  0.732  0.828  0.894

[左拇指_2] 加载沿 t=14.92s  空载基线=0.000  5s 增量=16.125
  τ(s)   :   0.02   0.04   0.06   0.08   0.10   0.15   0.20   0.30   0.40   0.50   0.75   1.00   1.50   2.00   3.00   4.00   5.00
  原始   :  0.782  0.809  0.818  0.827  0.835  0.847  0.858  0.871  0.879  0.890  0.902  0.915  0.943  0.964  0.979  0.991  1.000
  τ=2s   :  0.010  0.018  0.026  0.033  0.041  0.061  0.080  0.119  0.155  0.191  0.273  0.351  0.478  0.583  0.737  0.834  0.898

[左拇指_3] 加载沿 t=10.87s  空载基线=0.000  5s 增量=17.530
  τ(s)   :   0.02   0.04   0.06   0.08   0.10   0.15   0.20   0.30   0.40   0.50   0.75   1.00   1.50   2.00   3.00   4.00   5.00
  原始   :  0.800  0.801  0.817  0.821  0.822  0.833  0.836  0.848  0.869  0.878  0.901  0.911  0.932  0.949  0.978  0.987  1.000
  τ=2s   :  0.010  0.018  0.026  0.034  0.042  0.061  0.080  0.117  0.153  0.188  0.271  0.348  0.474  0.577  0.731  0.830  0.895

[四指_1] 加载沿 t=10.94s  空载基线=0.064  5s 增量=13.319
  τ(s)   :   0.02   0.04   0.06   0.08   0.10   0.15   0.20   0.30   0.40   0.50   0.75   1.00   1.50   2.00   3.00   4.00   5.00
  原始   :  0.741  0.750  0.754  0.786  0.795  0.800  0.800  0.815  0.833  0.845  0.862  0.872  0.923  0.939  0.977  0.992  1.000
  τ=2s   :  0.008  0.015  0.023  0.030  0.038  0.057  0.075  0.111  0.145  0.179  0.259  0.330  0.455  0.562  0.717  0.823  0.892

[四指_2] 加载沿 t=11.04s  空载基线=0.063  5s 增量=14.687
  τ(s)   :   0.02   0.04   0.06   0.08   0.10   0.15   0.20   0.30   0.40   0.50   0.75   1.00   1.50   2.00   3.00   4.00   5.00
  原始   :  0.579  0.667  0.676  0.679  0.695  0.777  0.786  0.810  0.814  0.837  0.862  0.879  0.905  0.922  0.940  0.955  1.000
  τ=2s   :  0.006  0.013  0.019  0.026  0.033  0.050  0.068  0.104  0.138  0.172  0.251  0.324  0.450  0.554  0.703  0.799  0.870

[四指_3] 加载沿 t=11.00s  空载基线=0.068  5s 增量=15.248
  τ(s)   :   0.02   0.04   0.06   0.08   0.10   0.15   0.20   0.30   0.40   0.50   0.75   1.00   1.50   2.00   3.00   4.00   5.00
  原始   :  0.623  0.704  0.727  0.749  0.752  0.797  0.816  0.870  0.876  0.880  0.892  0.909  0.926  0.938  0.960  0.990  1.000
  τ=2s   :  0.006  0.012  0.019  0.027  0.034  0.052  0.071  0.109  0.146  0.181  0.264  0.339  0.467  0.572  0.720  0.821  0.891

[切换负载] 加载沿 t=16.78s  空载基线=4236.459  5s 增量=411.222
  τ(s)   :   0.02   0.04   0.06   0.08   0.10   0.15   0.20   0.30   0.40   0.50   0.75   1.00   1.50   2.00   3.00   4.00   5.00
  原始   :  0.468  0.452  0.449  0.455  0.457  0.527  0.490  0.501  0.532  0.540  0.568  0.590  0.664  0.679  0.476  1.018  1.000
  τ=2s   :  0.654  0.667  0.680  0.692  0.704  0.736  0.767  0.826  0.883  0.938  1.068  1.186  1.400  1.568  1.823  2.049  2.222

[再切换] 加载沿 t=11.77s  空载基线=62.000  5s 增量=14372.583
  τ(s)   :   0.02   0.04   0.06   0.08   0.10   0.15   0.20   0.30   0.40   0.50   0.75   1.00   1.50   2.00   3.00   4.00   5.00
  原始   :  0.405  0.817  0.816  0.823  0.823  0.835  0.865  0.881  0.898  0.902  0.920  0.934  0.967  1.036  1.061  0.994  1.000
  τ=2s   :  0.004  0.011  0.019  0.027  0.035  0.054  0.074  0.113  0.151  0.187  0.272  0.352  0.484  0.595  0.779  0.863  0.916

[中途1d9493] 加载沿 t=39.05s  空载基线=55.637  5s 增量=26572.407
  τ(s)   :   0.02   0.04   0.06   0.08   0.10   0.15   0.20   0.30   0.40   0.50   0.75   1.00   1.50   2.00   3.00   4.00   5.00
  原始   :  0.140  0.301  0.308  0.403  0.423  0.788  0.840  0.869  0.905  0.891  0.917  0.934  0.958  0.964  0.982  0.987  1.000
  τ=2s   : -0.007 -0.005 -0.002  0.002  0.005  0.020  0.039  0.077  0.116  0.152  0.238  0.319  0.452  0.559  0.714  0.812  0.875

[中途13ffca] 加载沿 t=8.31s  空载基线=84.000  5s 增量=15329.563
  τ(s)   :   0.02   0.04   0.06   0.08   0.10   0.15   0.20   0.30   0.40   0.50   0.75   1.00   1.50   2.00   3.00   4.00   5.00
  原始   :  0.093 -0.001 -0.002  0.253  0.333  0.646  0.750  0.782  0.811  0.816  0.862  0.883  0.898  0.920  0.943  0.992  1.000
  τ=2s   :  0.001  0.002  0.002  0.003  0.006  0.020  0.038  0.073  0.109  0.143  0.225  0.304  0.434  0.539  0.694  0.803  0.880

========================================================================================================
C. 汇总（9 组恒载 onset）
========================================================================================================
raw   中位:  0.726  0.750  0.754  0.786  0.795  0.800  0.816  0.829  0.868  0.878  0.892  0.911  0.932  0.949  0.969  0.987  1.000
sm2   中位:  0.008  0.015  0.023  0.030  0.038  0.057  0.075  0.111  0.146  0.181  0.264  0.339  0.467  0.572  0.723  0.823  0.892
τ(s)     :   0.02   0.04   0.06   0.08   0.10   0.15   0.20   0.30   0.40   0.50   0.75   1.00   1.50   2.00   3.00   4.00   5.00

4 份实录 onset:
raw   中位:  0.273  0.377  0.378  0.429  0.440  0.717  0.795  0.825  0.854  0.853  0.889  0.909  0.928  0.942  0.962  0.993  1.000
sm2   中位:  0.003  0.006  0.010  0.015  0.020  0.037  0.056  0.095  0.133  0.170  0.255  0.335  0.468  0.577  0.747  0.838  0.898

saved: results/v6_raw_vs_smoothed_profile.csv
