载入 13 份数据 ...
           右拇指指尖/数据1   162.7s  ch=31
           右拇指指尖/数据2   234.1s  ch=31
           右拇指指尖/数据3   190.4s  ch=31
           左拇指指尖/数据1   196.2s  ch=31
           左拇指指尖/数据2   198.5s  ch=31
           左拇指指尖/数据3   192.8s  ch=31
            四指指尖/数据1   190.8s  ch=21
            四指指尖/数据2   190.5s  ch=21
            四指指尖/数据3   199.7s  ch=21
           切换负载-快相无责   255.7s  ch=21
               再切换负载    70.9s  ch=21
         中途切换-1d9493    63.9s  ch=21
         中途切换-13ffca   120.6s  ch=21

=== v5-3s（参照）  span=- ===
  完成

=== S1 现值 0.10/0.15/0.20  span=0.45 ===
  完成

=== S2 0.15/0.15/0.25  span=0.55 ===
  完成

=== S3 0.20/0.15/0.30  span=0.6499999999999999 ===
  完成

=== S4 0.25/0.20/0.35  span=0.8 ===
  完成

=== S5 0.30/0.20/0.45  span=0.95 ===
  完成

==================================================================================================================================
检测窗长度扫描汇总（只改检测窗，其余参数不动）
==================================================================================================================================
                      span  恒载全段时漂  恒载慢相段时漂  T_stable中位  T_stable达标组数  epoch恒载  实录全程偏差中位  实录变载窗偏差中位  捕获比中位  捕获比最小  epoch实录
v5-3s（参照）              NaN    1.85     1.57        3.82             0       16   1889.42    1560.29   0.96   0.80       29
S1 现值 0.10/0.15/0.20  0.45    1.46     1.29        0.55             5       44   4571.15    3099.30   0.88   0.24       57
S2 0.15/0.15/0.25     0.55    1.15     1.32        0.55             5       38   4576.90    3234.00   0.90   0.24       64
S3 0.20/0.15/0.30     0.65    1.11     1.27        0.55             5       40   4582.65    2219.64   0.90   0.24       65
S4 0.25/0.20/0.35     0.80    1.22     1.40        0.55             5       43   4585.99    3280.89   0.91   0.24       74
S5 0.30/0.20/0.45     0.95    1.82     1.67        0.55             5       38   4574.73    2200.00   0.91   0.24       71

图已保存：D:\workshop\Processing\multi-device-cascade-host-cpp\temp\v4.1flash\figures\J1_v6_detwin_sweep.png
