================================================================================================================
A. 显示帧网格与加载沿分解（t0 = 阶跃前最后一帧；τ_ref = 0.20s）
================================================================================================================

[右拇指_1] 显示帧 9571 帧，包周期 16.67ms  (60.0 Hz)  时长 162.7s  峰值 20
   onset  t=   8.23s  前级=       0.5  5s级=      14.7  阶跃=      14.2  瞬时占比=0.787  尾巴占比=0.213

[右拇指_2] 显示帧 13777 帧，包周期 16.67ms  (60.0 Hz)  时长 234.1s  峰值 22
   onset  t=  12.32s  前级=       0.3  5s级=      16.7  阶跃=      16.5  瞬时占比=0.789  尾巴占比=0.211

[右拇指_3] 显示帧 11171 帧，包周期 16.68ms  (60.0 Hz)  时长 190.4s  峰值 21
   onset  t=  10.58s  前级=       0.0  5s级=      16.5  阶跃=      16.5  瞬时占比=0.835  尾巴占比=0.165
   restep t=  67.36s  前级=      19.7  5s级=      20.6  阶跃=       0.9  瞬时占比=0.117  尾巴占比=0.883

[左拇指_1] 显示帧 11481 帧，包周期 16.69ms  (59.9 Hz)  时长 196.2s  峰值 18
   onset  t=  11.68s  前级=       0.0  5s级=      15.3  阶跃=      15.3  瞬时占比=0.849  尾巴占比=0.151

[左拇指_2] 显示帧 11561 帧，包周期 16.74ms  (59.7 Hz)  时长 198.5s  峰值 19
   onset  t=  14.90s  前级=       0.0  5s级=      16.1  阶跃=      16.1  瞬时占比=0.853  尾巴占比=0.147
   restep t=  23.58s  前级=      16.4  5s级=      16.9  阶跃=       0.5  瞬时占比=0.132  尾巴占比=0.868

[左拇指_3] 显示帧 11263 帧，包周期 16.74ms  (59.7 Hz)  时长 192.8s  峰值 19
   onset  t=  10.86s  前级=       0.0  5s级=      17.5  阶跃=      17.5  瞬时占比=0.836  尾巴占比=0.164

[四指_1] 显示帧 11133 帧，包周期 16.72ms  (59.8 Hz)  时长 190.8s  峰值 16
   onset  t=  10.93s  前级=       0.1  5s级=      13.4  阶跃=      13.3  瞬时占比=0.796  尾巴占比=0.204
   restep t=  25.89s  前级=      14.2  5s级=      15.1  阶跃=       0.8  瞬时占比=0.181  尾巴占比=0.819

[四指_2] 显示帧 11139 帧，包周期 16.72ms  (59.8 Hz)  时长 190.5s  峰值 17
   onset  t=  11.03s  前级=       0.1  5s级=      14.8  阶跃=      14.7  瞬时占比=0.778  尾巴占比=0.222
   restep t=  15.08s  前级=      13.9  5s级=      15.4  阶跃=       1.4  瞬时占比=0.228  尾巴占比=0.772

[四指_3] 显示帧 11675 帧，包周期 16.71ms  (59.8 Hz)  时长 199.7s  峰值 18
   onset  t=  10.98s  前级=       0.1  5s级=      15.3  阶跃=      15.3  瞬时占比=0.802  尾巴占比=0.198

[切换负载] 显示帧 6416 帧，包周期 39.97ms  (25.0 Hz)  时长 255.7s  峰值 27,999
   onset  t=  10.80s  前级=      76.0  5s级=    4241.2  阶跃=    4165.2  瞬时占比=0.835  尾巴占比=0.165
   onset  t=  13.99s  前级=    3581.8  5s级=    4544.5  阶跃=     962.8  瞬时占比=0.520  尾巴占比=0.480
   restep t=  26.77s  前级=    4680.0  5s级=   11402.2  阶跃=    6722.2  瞬时占比=0.014  尾巴占比=0.986
   restep t=  28.44s  前级=    4819.2  5s级=   11600.6  阶跃=    6781.4  瞬时占比=0.515  尾巴占比=0.485
   restep t=  60.73s  前级=   12132.0  5s级=   12257.9  阶跃=     125.9  瞬时占比=0.516  尾巴占比=0.484
   restep t=  71.62s  前级=   12295.8  5s级=   16217.5  阶跃=    3921.8  瞬时占比=-1.195  尾巴占比=2.195
   restep t=  98.43s  前级=   19102.8  5s级=   19302.0  阶跃=     199.2  瞬时占比=0.322  尾巴占比=0.678
   restep t= 108.07s  前级=   19347.8  5s级=   25761.6  阶跃=    6413.9  瞬时占比=0.004  尾巴占比=0.996
   restep t= 110.57s  前级=   19387.0  5s级=   25864.8  阶跃=    6477.8  瞬时占比=0.528  尾巴占比=0.472
   restep t= 118.22s  前级=   25950.0  5s级=   26235.1  阶跃=     285.1  瞬时占比=0.459  尾巴占比=0.541
   onset  t= 133.79s  前级=      61.0  5s级=   27168.2  阶跃=   27107.2  瞬时占比=0.570  尾巴占比=0.430
   restep t= 164.07s  前级=   27745.8  5s级=   27916.6  阶跃=     170.9  瞬时占比=1.011  尾巴占比=-0.011
   onset  t= 185.93s  前级=      52.0  5s级=   25263.5  阶跃=   25211.5  瞬时占比=0.906  尾巴占比=0.094
   restep t= 192.82s  前级=   25360.2  5s级=   25949.5  阶跃=     589.2  瞬时占比=0.090  尾巴占比=0.910
   restep t= 217.71s  前级=    5764.0  5s级=   11871.0  阶跃=    6107.0  瞬时占比=0.323  尾巴占比=0.677
   restep t= 230.45s  前级=   12092.2  5s级=   19821.0  阶跃=    7728.8  瞬时占比=-0.556  尾巴占比=1.556
   restep t= 233.28s  前级=    5200.0  5s级=   20299.4  阶跃=   15099.4  瞬时占比=0.492  尾巴占比=0.508
   restep t= 235.43s  前级=   19598.0  5s级=   22531.2  阶跃=    2933.2  瞬时占比=0.092  尾巴占比=0.908
   restep t= 240.68s  前级=   20411.2  5s级=   25667.8  阶跃=    5256.5  瞬时占比=0.589  尾巴占比=0.411

[再切换] 显示帧 1782 帧，包周期 39.99ms  (25.0 Hz)  时长 70.9s  峰值 25,903
   onset  t=  11.76s  前级=      62.8  5s级=   14445.2  阶跃=   14382.5  瞬时占比=0.857  尾巴占比=0.143
   restep t=  19.04s  前级=   14838.2  5s级=   15543.1  阶跃=     704.9  瞬时占比=0.520  尾巴占比=0.480
   restep t=  31.19s  前级=   16011.5  5s级=   17169.6  阶跃=    1158.1  瞬时占比=-13.771  尾巴占比=14.771
   onset  t=  35.93s  前级=      37.2  5s级=   21639.0  阶跃=   21601.8  瞬时占比=0.752  尾巴占比=0.248
   restep t=  43.61s  前级=   21715.8  5s级=   22578.5  阶跃=     862.8  瞬时占比=0.176  尾巴占比=0.824
   onset  t=  57.26s  前级=      38.0  5s级=   25214.1  阶跃=   25176.1  瞬时占比=0.799  尾巴占比=0.201

[中途1d9493] 显示帧 1601 帧，包周期 39.99ms  (25.0 Hz)  时长 63.9s  峰值 27,745
   onset  t=  10.77s  前级=      69.0  5s级=   17728.6  阶跃=   17659.6  瞬时占比=0.658  尾巴占比=0.342
   onset  t=  39.01s  前级=      56.0  5s级=   26656.8  阶跃=   26600.8  瞬时占比=0.705  尾巴占比=0.295

[中途13ffca] 显示帧 3030 帧，包周期 39.95ms  (25.0 Hz)  时长 120.6s  峰值 32,483
   onset  t=   8.30s  前级=      84.0  5s级=   15451.4  阶跃=   15367.4  瞬时占比=0.737  尾巴占比=0.263
   restep t=  15.54s  前级=   15595.8  5s级=   22259.2  阶跃=    6663.5  瞬时占比=0.031  尾巴占比=0.969
   restep t=  16.70s  前级=   15779.0  5s级=   22383.5  阶跃=    6604.5  瞬时占比=0.028  尾巴占比=0.972
   restep t=  18.65s  前级=   16086.5  5s级=   22502.6  阶跃=    6416.1  瞬时占比=0.601  尾巴占比=0.399
   restep t=  35.61s  前级=   24164.0  5s级=   24402.4  阶跃=     238.4  瞬时占比=0.668  尾巴占比=0.332
   restep t=  58.54s  前级=   20940.5  5s级=   24197.9  阶跃=    3257.4  瞬时占比=0.013  尾巴占比=0.987
   restep t=  61.13s  前级=   20984.2  5s级=   24427.2  阶跃=    3443.0  瞬时占比=0.728  尾巴占比=0.272
   onset  t=  87.80s  前级=      74.8  5s级=   27892.8  阶跃=   27818.0  瞬时占比=0.723  尾巴占比=0.277
   restep t=  95.25s  前级=   28036.8  5s级=   29355.0  阶跃=    1318.2  瞬时占比=0.080  尾巴占比=0.920
   restep t=  96.56s  前级=   28176.5  5s级=   29388.5  阶跃=    1212.0  瞬时占比=0.084  尾巴占比=0.916

================================================================================================================
B. 尾巴形状（相对 τ_ref=0.2s 归一化，1.0 = 5s 电平）
================================================================================================================

onset（空载→负载）（n=20）
τ(s)   :   0.20   0.25   0.30   0.40   0.50   0.65   0.80   1.00   1.25   1.50   2.00   2.50   3.00   4.00   5.00
中位   :  0.000  0.082  0.160  0.263  0.306  0.395  0.456  0.544  0.589  0.630  0.719  0.791  0.859  0.947  1.000
p10    :  0.000  0.003  0.010  0.055  0.203  0.257  0.310  0.353  0.428  0.516  0.615  0.669  0.744  0.894  0.989
p90    :  0.000  0.242  0.478  0.600  0.639  0.740  0.790  0.815  0.805  0.840  0.919  0.945  0.960  0.978  1.004
半极差 :  0.000  0.120  0.234  0.272  0.218  0.241  0.240  0.231  0.188  0.162  0.152  0.138  0.108  0.042  0.008

restep（负载内加重）（n=30）
τ(s)   :   0.20   0.25   0.30   0.40   0.50   0.65   0.80   1.00   1.25   1.50   2.00   2.50   3.00   4.00   5.00
中位   :  0.000  0.001  0.012  0.079  0.104  0.098  0.125  0.378  0.374  0.450  0.613  0.666  0.740  0.960  0.995
p10    :  0.000 -0.163 -0.218 -0.113 -0.084 -0.191 -0.218 -0.002 -0.023 -0.000  0.001 -0.003  0.053  0.511  0.900
p90    :  0.000  0.148  0.537  0.675  0.720  0.799  0.813  0.833  0.866  0.904  0.919  0.944  0.961  1.000  1.020
半极差 :  0.000  0.156  0.378  0.394  0.402  0.495  0.516  0.418  0.444  0.452  0.459  0.473  0.454  0.244  0.060

restep 且台阶/前级 > 0.15（n=14）
τ(s)   :   0.20   0.25   0.30   0.40   0.50   0.65   0.80   1.00   1.25   1.50   2.00   2.50   3.00   4.00   5.00
中位   :  0.000  0.001  0.002  0.000  0.006  0.153  0.180  0.190  0.247  0.226  0.709  0.899  0.926  0.976  0.999
p10    :  0.000 -0.210 -0.235 -0.250 -0.171 -0.150 -0.150 -0.150 -0.149 -0.150 -0.152 -0.157  0.153  0.932  0.985
p90    :  0.000  0.128  0.551  0.702  0.715  0.813  0.855  0.871  0.892  0.900  0.926  0.948  0.966  0.986  1.002
半极差 :  0.000  0.169  0.393  0.476  0.443  0.482  0.503  0.511  0.520  0.525  0.539  0.553  0.406  0.027  0.008

onset 与 restep 尾巴之差（中位曲线）：
          0.000 -0.082 -0.149 -0.184 -0.202 -0.297 -0.331 -0.166 -0.215 -0.180 -0.106 -0.125 -0.118  0.013 -0.005

================================================================================================================
C. 在 τ_d 处的反演误差（留一法：用「其余事件」的中位尾巴形状反演自身 5s 电平）
================================================================================================================
口径：Â = Z(0.2s) + Σ_{τ∈[τ_d,τ_d+0.6]}(Z(τ)−Z(0.2s))·f(τ) / Σ f(τ)² ，f 归一到 τ=5s 处为 1
误差 = Â / Z(5s) − 1

[onset] n=20   （单位 %）
τ_d(s)                   0.30            0.50            0.75            1.00            1.50            2.00
中位                      1.59            0.63            0.52           -0.01           -0.02            0.16
|误差|中位                  6.12            5.10            4.37            3.77            2.84            2.25
p10                    -7.23           -6.12           -5.91           -4.18           -3.08           -3.23
p90                    28.57           20.03           14.47           11.47            8.34            6.82
max|误差|                54.26           41.86           29.20           23.27           16.63           15.72

[restep] n=30   （单位 %）
τ_d(s)                   0.30            0.50            0.75            1.00            1.50            2.00
中位                     -0.03           -0.21           -0.41           -0.37           -0.12           -0.07
|误差|中位                 16.93            6.87            6.70            5.80            3.89            3.54
p10                   -59.95          -60.00          -60.61          -60.73          -32.71          -31.91
p90                    60.93           53.13           40.80           23.56           11.23           14.04
max|误差|               242.64          187.45          119.47          100.17          100.02           99.96

================================================================================================================
D. 从 5s 电平到段末的蠕变增量（决定「1s 稳住」之后还会不会被慢相拉走）
================================================================================================================
右拇指_1        负载段     8.3~  115.4s  5s级=      14.7  段末=      20.1  5s→段末 蠕变 + 36.3%  （时长 104.8s）
右拇指_2        负载段    12.4~  159.5s  5s级=      16.7  段末=      22.1  5s→段末 蠕变 + 32.2%  （时长 143.9s）
右拇指_3        负载段    10.6~  135.7s  5s级=      16.5  段末=      21.2  5s→段末 蠕变 + 28.4%  （时长 122.7s）
左拇指_1        负载段    11.7~  147.6s  5s级=      15.3  段末=      18.2  5s→段末 蠕变 + 18.8%  （时长 133.4s）
左拇指_2        负载段    14.9~  140.9s  5s级=      16.1  段末=      18.6  5s→段末 蠕变 + 15.3%  （时长 123.8s）
左拇指_3        负载段    10.9~  132.6s  5s级=      17.5  段末=      19.3  5s→段末 蠕变 + 10.4%  （时长 120.1s）
四指_1         负载段    10.9~  130.8s  5s级=      13.4  段末=      16.4  5s→段末 蠕变 + 22.7%  （时长 117.1s）
四指_2         负载段    11.1~  130.8s  5s级=      14.8  段末=      17.1  5s→段末 蠕变 + 15.5%  （时长 117.4s）
四指_3         负载段    11.0~  140.4s  5s级=      15.3  段末=      17.5  5s→段末 蠕变 + 14.2%  （时长 126.5s）
切换负载         负载段    76.3~  129.5s  5s级=   18149.4  段末=   26324.6  5s→段末 蠕变 + 45.0%  （时长  53.4s）
中途1d9493     负载段    39.2~   60.8s  5s级=   26656.8  段末=   27682.4  5s→段末 蠕变 +  3.8%  （时长  21.7s）
中途13ffca     负载段    18.7~   68.9s  5s级=   22492.8  段末=   24436.1  5s→段末 蠕变 +  8.6%  （时长  50.4s）

saved: D:\workshop\Processing\multi-device-cascade-host-cpp\temp\v4.1flash\results\v6_tail_events.csv
