======================================================================================================================
右拇指/数据2 —— 长保压（每 5 s）
      @    0.17s onset
      @   12.33s restep
      @  146.69s decrease
      @  159.26s decrease
       t        raw         v6       扣除     A.sum        g  ld      A加载和     隐含A·g
   20.01      17.25      16.47     0.78     16.30   0.0346  23      0.00      0.00
   25.00      17.70      16.29     1.41     16.30   0.0628  23      0.00      0.00
   29.99      18.18      16.27     1.91     16.30   0.0857  23      0.00      0.00
   34.99      18.50      16.18     2.32     16.30   0.1080  23      0.00      0.00
   39.98      18.47      16.12     2.36     16.30   0.1144  23      0.00      0.00
   44.98      18.60      16.17     2.43     16.30   0.1206  23      0.00      0.00
   49.97      18.69      16.14     2.55     16.30   0.1286  23      0.00      0.00
   54.97      18.90      16.24     2.66     16.30   0.1352  23      0.00      0.00
   59.96      19.09      16.24     2.85     16.30   0.1453  23      0.00      0.00
   64.95      19.33      16.24     3.10     16.30   0.1584  23      0.00      0.00
   69.95      19.67      16.25     3.43     16.30   0.1759  23      0.00      0.00
   74.94      19.70      15.96     3.74     16.30   0.1940  23      0.00      0.00
   79.94      19.76      15.96     3.80     16.30   0.2003  23      0.00      0.00
   84.93      19.94      16.19     3.75     16.30   0.2000  23      0.00      0.00
   89.92      20.03      16.29     3.74     16.30   0.2001  23      0.00      0.00
   94.92      20.07      16.25     3.83     16.30   0.2050  23      0.00      0.00
   99.91      20.16      16.15     4.01     16.30   0.2156  23      0.00      0.00
  104.91      20.20      16.12     4.08     16.30   0.2204  23      0.00      0.00
  109.90      20.37      16.20     4.17     16.30   0.2254  23      0.00      0.00
  114.89      20.51      16.08     4.43     16.30   0.2398  23      0.00      0.00
  119.89      20.70      16.09     4.61     16.30   0.2504  23      0.00      0.00
  124.88      20.64      15.94     4.70     16.30   0.2572  23      0.00      0.00
  129.88      20.71      15.99     4.72     16.30   0.2599  23      0.00      0.00
  134.87      20.72      15.99     4.73     16.30   0.2620  23      0.00      0.00
  139.87      20.70      16.00     4.70     16.30   0.2617  23      0.00      0.00
  144.86      20.79      16.05     4.74     16.30   0.2650  23      0.00      0.00
  149.85      21.82      16.57     5.25     16.17   0.2950  23      0.00      0.00
  154.85      22.12      16.12     6.01     16.17   0.3368  23      0.00      0.00
======================================================================================================================
切换负载 —— 133~186 s（每 2 s）
      @   10.81s onset
      @   13.72s restep_reload
      @   13.87s restep_reload
      @   28.45s restep
      @   71.57s decrease
      @   75.04s restep
      @   75.59s restep_reload
      @  110.42s restep
      @  110.42s restep_reload
      @  129.38s decrease
      @  133.84s onset
      @  181.95s decrease
      @  185.98s onset
      @  202.62s decrease
      @  212.40s decrease
      @  213.13s restep
      @  217.51s restep_reload
      @  217.73s restep_reload
      @  233.28s restep
      @  240.72s restep
      @  249.61s decrease
       t        raw         v6       扣除     A.sum        g  ld      A加载和     隐含A·g
  133.00      61.10      61.10     0.00   1456.90   0.0000   0      0.00      0.00
  134.99   26140.46   28496.41 -2355.94   1456.90   0.0000   0      0.00      0.00
  136.98   26975.39   28496.41 -1521.01   1456.90   0.0000   0      0.00      0.00
  138.97   27167.83   28397.39 -1229.56  28496.41  -0.0535  12      0.00     -0.00
  140.96   27243.66   28385.59 -1141.93  28496.41  -0.0497  12      0.00     -0.00
  142.95   27329.25   28409.58 -1080.33  28496.41  -0.0470  12      0.00     -0.00
  144.95   27393.45   28417.07 -1023.62  28496.41  -0.0445  12      0.00     -0.00
  146.94   27418.50   28410.07  -991.57  28496.41  -0.0431  12      0.00     -0.00
  148.93   27476.66   28447.51  -970.85  28496.41  -0.0422  12      0.00     -0.00
  150.92   27505.47   28458.53  -953.06  28496.41  -0.0415  12      0.00     -0.00
  152.91   27566.95   28508.90  -941.95  28496.41  -0.0410  12      0.00     -0.00
  154.90   27612.72   28545.90  -933.18  28496.41  -0.0406  12      0.00     -0.00
  156.89   27658.46   28579.77  -921.30  28496.41  -0.0401  12      0.00     -0.00
  158.88   27688.61   28597.35  -908.74  28496.41  -0.0395  12      0.00     -0.00
  160.87   27736.11   28627.87  -891.76  28496.41  -0.0388  12      0.00     -0.00
  162.86   27740.75   28611.21  -870.47  28496.41  -0.0379  12      0.00     -0.00
  164.85   27940.07   28746.94  -806.87  28496.41  -0.0351  12      0.00     -0.00
  166.84   27906.04   28653.02  -746.98  28496.41  -0.0325  12      0.00     -0.00
  168.83   27919.53   28627.01  -707.48  28496.41  -0.0308  12      0.00     -0.00
  170.82   27918.89   28594.27  -675.38  28496.41  -0.0294  12      0.00     -0.00
  172.81   27945.15   28597.99  -652.83  28496.41  -0.0284  12      0.00     -0.00
  174.80   27939.92   28575.22  -635.30  28496.41  -0.0276  12      0.00     -0.00
  176.79   27958.54   28585.74  -627.20  28496.41  -0.0273  12      0.00     -0.00
  178.79   27976.67   28593.46  -616.79  28496.41  -0.0268  12      0.00     -0.00
  180.78   27997.51   28599.71  -602.21  28496.41  -0.0262  12      0.00     -0.00
  182.77      54.52      54.52     0.00    811.59   0.0000   0      0.00      0.00
  184.76      52.43      52.43     0.00    811.59   0.0000   0      0.00      0.00
