[ok] 右拇指_1        frames= 16270 sigma_tot=    0.00 events=2
[ok] 右拇指_2        frames= 23414 sigma_tot=    0.01 events=2
[ok] 右拇指_3        frames= 19039 sigma_tot=    0.01 events=4
[ok] 左拇指_1        frames= 19621 sigma_tot=    0.00 events=2
[ok] 左拇指_2        frames= 19851 sigma_tot=    0.00 events=2
[ok] 左拇指_3        frames= 19282 sigma_tot=    0.00 events=2
[ok] 四指_1         frames= 19079 sigma_tot=    0.00 events=2
[ok] 四指_2         frames= 19055 sigma_tot=    0.00 events=5
[ok] 四指_3         frames= 19969 sigma_tot=    0.00 events=2
[ok] 切换负载         frames= 25571 sigma_tot=    3.62 events=16
[ok] 再切换          frames=  7089 sigma_tot=    2.62 events=7
[ok] 中途1d9493     frames=  6386 sigma_tot=    2.04 events=6
[ok] 中途13ffca     frames= 12058 sigma_tot=    3.13 events=13

================ 事件台账 ================
      ds       t   kind        pre        jump              ratio           ratio_new
   右拇指_1   8.230  onset      0.553      14.148             25.583               0.920
   右拇指_1 115.370 unload     20.049     -19.117             -0.953             -19.151
   右拇指_2  12.320  onset      0.298      16.435             55.181               0.978
   右拇指_2 159.490 unload     22.134     -21.203             -0.958             -21.579
   右拇指_3  10.590  onset      0.043      16.493            383.549               0.985
   右拇指_3  17.960 restep     16.738       1.016              0.061               0.057
   右拇指_3  67.540 restep     19.719       0.857              0.043               0.042
   右拇指_3 135.570 unload     21.252     -20.779             -0.978             -61.373
   左拇指_1  11.690  onset     -0.000      15.286 15,286,042,129.330               0.994
   左拇指_1 147.300 unload     18.157     -18.157             -1.000 -18,157,396,505.458
   左拇指_2  14.890  onset      0.000      16.124 16,124,291,667.593               0.994
   左拇指_2 140.900 unload     18.607     -18.607             -1.000 -18,607,096,133.735
   左拇指_3  10.860  onset      0.000      17.518 17,517,961,998.546               0.994
   左拇指_3 132.580 unload     19.346     -19.346             -1.000 -19,346,285,984.556
    四指_1  10.930  onset      0.064      13.324            208.182               0.987
    四指_1 130.740 unload     16.413     -16.335             -0.995            -245.374
    四指_2   9.140  onset      0.064      13.833            215.197               0.978
    四指_2  11.030  onset      0.063      14.690            233.174               0.982
    四指_2  14.940 restep     13.941       1.424              0.102               0.092
    四指_2 129.020 unload     17.065     -16.983             -0.995            -165.555
    四指_2 130.780 unload     17.065     -16.975             -0.995            -182.532
    四指_3  10.990  onset      0.068      15.247            223.896               0.985
    四指_3 140.380 unload     17.492     -16.882             -0.965             -38.135
    切换负载  10.800  onset     76.000   4,167.322             54.833               0.941
    切换负载  13.940  onset  3,568.220     973.906              0.273               0.213
    切换负载  28.430 restep  4,809.275   6,794.362              1.413               0.584
    切换负载  71.680 restep 12,296.557   3,916.483              0.319               0.229
    切换负载  76.010 restep  5,445.827  12,681.377              2.329               0.696
    切换负载 110.580 restep 19,385.186   6,483.798              0.334               0.250
    切换负载 129.300 unload 26,333.508    -706.282             -0.027              -0.027
    切换负载 133.830  onset     60.772  27,107.609            446.053               0.996
    切换负载 185.970  onset     52.000  25,202.238            484.658               0.994
    切换负载 193.410 restep 25,399.537     594.862              0.023               0.023
    切换负载 202.570 unload 26,083.211  -3,911.458             -0.150              -0.176
    切换负载 212.400 unload 22,149.334 -16,383.039             -0.740              -1.575
    切换负载 225.440 restep 11,948.857     371.865              0.031               0.071
    切换负载 230.560 restep 12,110.882   7,785.581              0.643               0.388
    切换负载 232.970 restep  5,207.857  15,089.873              2.898               0.740
    切换负载 240.720 restep 20,407.953   5,266.047              0.258               0.204
     再切换  11.750  onset     61.917  14,391.164            232.428               0.970
     再切换  19.070 restep 14,823.884     713.016              0.048               0.046
     再切换  31.160 restep 16,005.957   1,617.564              0.101               0.078
     再切换  35.930  onset     37.534  21,590.717            575.226               0.996
     再切换  43.490 restep 21,698.439     882.072              0.041               0.039
     再切换  50.580 unload 22,625.849 -22,588.352             -0.998            -607.809
     再切换  57.300  onset     38.000  25,172.858            662.444               0.995
中途1d9493  10.770  onset     69.359  17,711.307            255.358               0.981
中途1d9493  15.370 restep 17,116.421   5,311.662              0.310               0.221
中途1d9493  20.690 restep 18,543.530   7,079.625              0.382               0.275
中途1d9493  27.520 unload 25,710.736 -25,662.736             -0.998            -583.244
中途1d9493  30.680 unload 25,969.963 -25,917.963             -0.998            -489.018
中途1d9493  39.050  onset     56.000  26,614.713            475.263               0.995
中途13ffca   8.370  onset     84.000  15,373.863            183.022               0.987
中途13ffca  18.680 restep 16,052.162   6,433.783              0.401               0.280
中途13ffca  23.780 restep 22,411.167   1,492.029              0.067               0.062
中途13ffca  35.640 restep 24,163.564     248.040              0.010               0.010
中途13ffca  41.970 unload 24,420.395  -3,499.990             -0.143              -0.167
中途13ffca  45.270 unload 24,631.547  -3,625.418             -0.147              -0.172
中途13ffca  58.620 restep 20,942.028   3,266.816              0.156               0.135
中途13ffca  61.130 restep 20,982.384   3,444.499              0.164               0.141
中途13ffca  68.890 unload 24,444.423 -24,367.560             -0.997            -280.087
中途13ffca  87.810  onset     74.776  27,822.081            372.073               0.994
中途13ffca 103.950 restep 29,458.379   2,718.036              0.092               0.084
中途13ffca 110.380 unload 32,158.815 -32,094.815             -0.998            -465.142
中途13ffca 113.800 unload 32,465.074 -32,382.074             -0.997            -392.369

================ 归一化快相形状 f(τ) ================

---- onset（空载→负载）（n=21）----
tau(s)      :    0.05    0.10    0.15    0.20    0.30    0.40    0.50    0.65    0.80    1.00    1.25    1.50    2.00    2.50    3.00    4.00    5.00
f(τ) 中位   :   0.632   0.706   0.773   0.797   0.822   0.869   0.878   0.895   0.904   0.915   0.926   0.935   0.950   0.960   0.976   0.990   1.000
p10~p90     :0.11~0.800.23~0.820.33~0.840.62~0.850.76~0.880.80~0.900.82~0.930.80~0.940.82~0.940.83~0.960.84~0.960.82~0.960.84~0.980.89~0.990.93~0.990.98~1.001.00~1.00
反演相对误差:    26.8%   16.5%    8.1%    6.7%    6.8%    3.8%    5.7%    4.5%    4.1%    4.6%    3.3%    3.1%    3.1%    2.6%    1.2%    0.6%    0.1%

---- restep（负载内变重）（n=23）----
tau(s)      :    0.05    0.10    0.15    0.20    0.30    0.40    0.50    0.65    0.80    1.00    1.25    1.50    2.00    2.50    3.00    4.00    5.00
f(τ) 中位   :   0.221   0.225   0.188   0.256   0.342   0.373   0.386   0.743   0.661   0.731   0.809   0.827   0.865   0.825   0.917   0.953   0.995
p10~p90     :-0.32~0.35-0.62~0.37-0.70~0.59-0.74~0.69-0.72~0.78-0.71~0.83-0.71~0.85-0.71~0.89-0.71~0.91-0.71~0.93-0.70~0.94-0.76~0.95-0.71~0.96-0.89~0.97-1.36~0.980.23~0.990.89~1.00
反演相对误差:    60.0%   66.3%  214.3%  170.9%  129.1%  122.8%  121.3%   19.4%   37.3%   27.0%   16.0%   14.5%   10.7%   17.1%    6.9%    4.1%    0.8%

---- 分位置 onset 形状（跨位置离散度）----
右拇指 (n=3):    0.669   0.686   0.760   0.783   0.802   0.815   0.838   0.867   0.878   0.919   0.928   0.938   0.954   0.957   0.964   0.985   0.999
左拇指 (n=3):    0.801   0.818   0.833   0.848   0.866   0.869   0.886   0.896   0.904   0.915   0.926   0.935   0.950   0.961   0.978   0.988   1.000
四指 (n=4):    0.676   0.717   0.785   0.789   0.807   0.819   0.838   0.849   0.863   0.875   0.889   0.914   0.929   0.938   0.950   0.986   1.000
跨位置极差/均值:   18.4%   17.9%    9.2%    8.0%    7.7%    6.6%    5.7%    5.4%    4.7%    5.0%    4.2%    2.6%    2.6%    2.4%    2.9%    0.3%    0.1%

================ 反演精度（用上述中位形状）=================

[onset]  单点反演 / 窗内最小二乘反演  相对误差（%）
窗口(s)                 [0.1,0.3]         [0.1,0.5]        [0.15,1.0]         [0.2,1.0]         [0.3,1.0]        [0.15,1.5]         [0.3,1.5]         [0.5,2.0]        [0.15,5.0]         [0.1,5.0]
单点        p10/中位/p90  -100.0/-100.0/-93.1-100.0/-100.0/-93.4-100.0/-100.0/-93.4-100.0/-100.0/-93.4-100.0/-100.0/-93.4-100.0/-100.0/-93.4-100.0/-100.0/-93.4-100.0/-99.9/-93.4-100.0/-99.9/-92.9-100.0/-99.9/-92.9
最小二乘      p10/中位/p90  -100.0/-100.0/-93.2-100.0/-100.0/-93.2-100.0/-100.0/-93.3-100.0/-100.0/-93.3-100.0/-100.0/-93.4-100.0/-100.0/-93.3-100.0/-100.0/-93.4-100.0/-99.9/-93.4-100.0/-99.9/-93.4-100.0/-99.9/-93.3

[restep]  单点反演 / 窗内最小二乘反演  相对误差（%）
窗口(s)                 [0.1,0.3]         [0.1,0.5]        [0.15,1.0]         [0.2,1.0]         [0.3,1.0]        [0.15,1.5]         [0.3,1.5]         [0.5,2.0]        [0.15,5.0]         [0.1,5.0]
单点        p10/中位/p90  -100.0/-100.0/-65.8-100.0/-100.0/-59.0-100.0/-100.0/-58.3-100.0/-100.0/-58.3-100.0/-100.0/-58.3-100.0/-100.0/-67.3-100.0/-100.0/-67.3-100.0/-100.0/-59.8-100.0/-100.0/-46.8-100.0/-100.0/-46.8
最小二乘      p10/中位/p90  -100.0/-100.0/-73.7-100.0/-100.0/-66.1-100.0/-100.0/-64.2-100.0/-100.0/-64.3-100.0/-100.0/-64.1-100.0/-100.0/-63.5-100.0/-100.0/-63.0-100.0/-100.0/-62.4-100.0/-100.0/-55.7-100.0/-100.0/-55.9

================ restep 等效已走过时间 δ ================
模型：Z(τ) = L_pre + A·[f(τ+δ) − f(δ)]  （f 在 τ>5s 后取 1）
      ds     t      jump   ratio  delta  res_fit  res_delta0      A_fit         A0
   右拇指_3 17.96     1.016 0.06073   0.15  0.05126     0.08729      2.238     0.3509
   右拇指_3 67.54    0.8571 0.04347   0.05  0.04929     0.09085      2.381     0.7254
    四指_2 14.94     1.424  0.1021   0.55  0.03756      0.2227      13.26     0.7613
    切换负载 28.43     6,794   1.413   0.05    591.2       508.6  2.186e+04      6,715
    切换负载 71.68     3,916  0.3185   0.05    860.4       432.6 -2.436e+04     -7,519
    切换负载 76.01 1.268e+04   2.329   0.05    633.4       1,101  3.904e+04  1.194e+04
    切换负载 110.6     6,484  0.3345    0.1    572.2       865.1  2.766e+04      6,318
    切换负载 193.4     594.9 0.02342   0.05    48.83       53.72      1,023      312.8
    切换负载 225.4     371.9 0.03112   0.05    60.42       60.03      131.9       41.2
    切换负载 230.6     7,786  0.6429   0.05    993.6       416.4 -2.451e+04     -7,585
    切换负载   233 1.509e+04   2.898    0.4    2,508       4,945  1.886e+05  1.229e+04
    切换负载 240.7     5,266   0.258   0.05    294.6       338.1  1.641e+04      5,031
     再切换 19.07       713  0.0481   0.05       66       85.04      2,063        630
     再切换 31.16     1,618  0.1011   0.05    2,547       1,242  -5.69e+04 -1.763e+04
     再切换 43.49     882.1 0.04065    0.4    98.83       215.7  1.046e+04      698.5
中途1d9493 15.37     5,312  0.3103    0.3    56.57       171.6      7,791      886.7
中途1d9493 20.69     7,080  0.3818    0.1      410       900.3  2.598e+04      5,906
中途13ffca 18.68     6,434  0.4008   0.05      297       568.1  2.084e+04      6,371
中途13ffca 23.78     1,492 0.06658   0.05    65.41       47.39      1,890        582
中途13ffca 35.64       248 0.01027   0.05    24.65       25.11      587.4      180.1
中途13ffca 58.62     3,267   0.156   0.05    11.12       10.44      134.3      41.42
中途13ffca 61.13     3,444  0.1642   0.05    190.9       257.8  1.008e+04      3,085
中途13ffca   104     2,718 0.09227   0.35    327.6       601.8  2.492e+04      2,246

================ 检测时延（因果短滞后电平差判据）=================

k=3.0σ  （σ_d 由各录制噪声在线估计）  命中 59/65
      ds   kind       jump     sig_d  lat3.0
   右拇指_1  onset      14.15  0.001882    0.05
   右拇指_1 unload     -19.12  0.001882    0.32
   右拇指_2  onset      16.43  0.003121    0.05
   右拇指_2 unload      -21.2  0.003121    0.32
   右拇指_3  onset      16.49  0.002806    0.05
   右拇指_3 restep      1.016  0.002806    0.05
   右拇指_3 restep     0.8571  0.002806    0.06
   右拇指_3 unload     -20.78  0.002806    0.44
   左拇指_1  onset      15.29   0.00131    0.05
   左拇指_2  onset      16.12 0.0009252    0.05
   左拇指_3  onset      17.52  0.001247    0.05
    四指_1  onset      13.32  0.001339    0.05
    四指_1 unload     -16.33  0.001339    0.88
    四指_2  onset      13.83  0.001597    0.05
    四指_2  onset      14.69  0.001597    0.05
    四指_2 restep      1.424  0.001597    0.05
    四指_2 unload     -16.98  0.001597    0.05
    四指_2 unload     -16.98  0.001597    0.46
    四指_3  onset      15.25  0.001816    0.05
    四指_3 unload     -16.88  0.001816    0.84
    切换负载  onset      4,167     1.403    0.05
    切换负载  onset      973.9     1.403    0.13
    切换负载 restep      6,794     1.403    0.05
    切换负载 restep      3,916     1.403    0.53
    切换负载 restep  1.268e+04     1.403    0.08
    切换负载 restep      6,484     1.403    0.05
    切换负载 unload     -706.3     1.403    0.05
    切换负载  onset  2.711e+04     1.403    0.05
    切换负载  onset   2.52e+04     1.403    0.05
    切换负载 restep      594.9     1.403    0.05
    切换负载 unload     -3,911     1.403    0.05
    切换负载 unload -1.638e+04     1.403    1.11
    切换负载 restep      371.9     1.403    0.11
    切换负载 restep      7,786     1.403    0.47
    切换负载 restep  1.509e+04     1.403    0.22
    切换负载 restep      5,266     1.403    0.05
     再切换  onset  1.439e+04     1.014    0.05
     再切换 restep        713     1.014    0.05
     再切换  onset  2.159e+04     1.014    0.05
     再切换 restep      882.1     1.014    0.05
     再切换  onset  2.517e+04     1.014    0.05
中途1d9493  onset  1.771e+04    0.7901    0.05
中途1d9493 restep      5,312    0.7901    0.05
中途1d9493 restep      7,080    0.7901    0.05
中途1d9493 unload -2.566e+04    0.7901    0.05
中途1d9493 unload -2.592e+04    0.7901    0.31
中途1d9493  onset  2.661e+04    0.7901    0.05
中途13ffca  onset  1.537e+04     1.214    0.05
中途13ffca restep      6,434     1.214    0.05
中途13ffca restep      1,492     1.214    0.05
中途13ffca restep        248     1.214    0.05
中途13ffca unload     -3,500     1.214    0.05
中途13ffca unload     -3,625     1.214     0.9
中途13ffca restep      3,267     1.214    0.06
中途13ffca restep      3,444     1.214    0.05
中途13ffca  onset  2.782e+04     1.214    0.05
中途13ffca restep      2,718     1.214    0.05
中途13ffca unload -3.209e+04     1.214    0.06
中途13ffca unload -3.238e+04     1.214    0.47

k=5.0σ  （σ_d 由各录制噪声在线估计）  命中 59/65
      ds   kind       jump     sig_d  lat5.0
   右拇指_1  onset      14.15  0.001882    0.05
   右拇指_1 unload     -19.12  0.001882    0.32
   右拇指_2  onset      16.43  0.003121    0.05
   右拇指_2 unload      -21.2  0.003121    0.32
   右拇指_3  onset      16.49  0.002806    0.05
   右拇指_3 restep      1.016  0.002806    0.05
   右拇指_3 restep     0.8571  0.002806    0.07
   右拇指_3 unload     -20.78  0.002806    0.44
   左拇指_1  onset      15.29   0.00131    0.05
   左拇指_2  onset      16.12 0.0009252    0.05
   左拇指_3  onset      17.52  0.001247    0.05
    四指_1  onset      13.32  0.001339    0.05
    四指_1 unload     -16.33  0.001339     0.9
    四指_2  onset      13.83  0.001597    0.05
    四指_2  onset      14.69  0.001597    0.05
    四指_2 restep      1.424  0.001597    0.05
    四指_2 unload     -16.98  0.001597    0.05
    四指_2 unload     -16.98  0.001597    0.67
    四指_3  onset      15.25  0.001816    0.05
    四指_3 unload     -16.88  0.001816    0.85
    切换负载  onset      4,167     1.403    0.05
    切换负载  onset      973.9     1.403    0.13
    切换负载 restep      6,794     1.403    0.05
    切换负载 restep      3,916     1.403    0.53
    切换负载 restep  1.268e+04     1.403    0.08
    切换负载 restep      6,484     1.403    0.05
    切换负载 unload     -706.3     1.403    0.05
    切换负载  onset  2.711e+04     1.403    0.05
    切换负载  onset   2.52e+04     1.403    0.05
    切换负载 restep      594.9     1.403    0.05
    切换负载 unload     -3,911     1.403    0.05
    切换负载 unload -1.638e+04     1.403    1.11
    切换负载 restep      371.9     1.403    0.11
    切换负载 restep      7,786     1.403    0.47
    切换负载 restep  1.509e+04     1.403    0.22
    切换负载 restep      5,266     1.403    0.05
     再切换  onset  1.439e+04     1.014    0.05
     再切换 restep        713     1.014    0.05
     再切换  onset  2.159e+04     1.014    0.05
     再切换 restep      882.1     1.014    0.05
     再切换  onset  2.517e+04     1.014    0.05
中途1d9493  onset  1.771e+04    0.7901    0.05
中途1d9493 restep      5,312    0.7901    0.05
中途1d9493 restep      7,080    0.7901    0.05
中途1d9493 unload -2.566e+04    0.7901    0.05
中途1d9493 unload -2.592e+04    0.7901    0.31
中途1d9493  onset  2.661e+04    0.7901    0.05
中途13ffca  onset  1.537e+04     1.214    0.05
中途13ffca restep      6,434     1.214    0.05
中途13ffca restep      1,492     1.214    0.05
中途13ffca restep        248     1.214    0.05
中途13ffca unload     -3,500     1.214    0.05
中途13ffca unload     -3,625     1.214    0.91
中途13ffca restep      3,267     1.214    0.06
中途13ffca restep      3,444     1.214    0.05
中途13ffca  onset  2.782e+04     1.214    0.05
中途13ffca restep      2,718     1.214    0.05
中途13ffca unload -3.209e+04     1.214    0.06
中途13ffca unload -3.238e+04     1.214    0.47

k=8.0σ  （σ_d 由各录制噪声在线估计）  命中 59/65
      ds   kind       jump     sig_d  lat8.0
   右拇指_1  onset      14.15  0.001882    0.05
   右拇指_1 unload     -19.12  0.001882    0.32
   右拇指_2  onset      16.43  0.003121    0.05
   右拇指_2 unload      -21.2  0.003121    0.32
   右拇指_3  onset      16.49  0.002806    0.05
   右拇指_3 restep      1.016  0.002806    0.06
   右拇指_3 restep     0.8571  0.002806    0.08
   右拇指_3 unload     -20.78  0.002806    0.44
   左拇指_1  onset      15.29   0.00131    0.05
   左拇指_2  onset      16.12 0.0009252    0.05
   左拇指_3  onset      17.52  0.001247    0.05
    四指_1  onset      13.32  0.001339    0.05
    四指_1 unload     -16.33  0.001339    0.91
    四指_2  onset      13.83  0.001597    0.05
    四指_2  onset      14.69  0.001597    0.05
    四指_2 restep      1.424  0.001597    0.05
    四指_2 unload     -16.98  0.001597    0.05
    四指_2 unload     -16.98  0.001597    0.69
    四指_3  onset      15.25  0.001816    0.05
    四指_3 unload     -16.88  0.001816    0.87
    切换负载  onset      4,167     1.403    0.05
    切换负载  onset      973.9     1.403    0.13
    切换负载 restep      6,794     1.403    0.05
    切换负载 restep      3,916     1.403    0.53
    切换负载 restep  1.268e+04     1.403    0.08
    切换负载 restep      6,484     1.403    0.05
    切换负载 unload     -706.3     1.403    0.05
    切换负载  onset  2.711e+04     1.403    0.05
    切换负载  onset   2.52e+04     1.403    0.05
    切换负载 restep      594.9     1.403    0.05
    切换负载 unload     -3,911     1.403    0.05
    切换负载 unload -1.638e+04     1.403    1.11
    切换负载 restep      371.9     1.403    0.11
    切换负载 restep      7,786     1.403    0.47
    切换负载 restep  1.509e+04     1.403    0.23
    切换负载 restep      5,266     1.403    0.05
     再切换  onset  1.439e+04     1.014    0.05
     再切换 restep        713     1.014    0.05
     再切换  onset  2.159e+04     1.014    0.05
     再切换 restep      882.1     1.014    0.05
     再切换  onset  2.517e+04     1.014    0.05
中途1d9493  onset  1.771e+04    0.7901    0.05
中途1d9493 restep      5,312    0.7901    0.05
中途1d9493 restep      7,080    0.7901    0.05
中途1d9493 unload -2.566e+04    0.7901    0.05
中途1d9493 unload -2.592e+04    0.7901    0.31
中途1d9493  onset  2.661e+04    0.7901    0.05
中途13ffca  onset  1.537e+04     1.214    0.05
中途13ffca restep      6,434     1.214    0.05
中途13ffca restep      1,492     1.214    0.05
中途13ffca restep        248     1.214    0.05
中途13ffca unload     -3,500     1.214    0.05
中途13ffca unload     -3,625     1.214    0.92
中途13ffca restep      3,267     1.214    0.06
中途13ffca restep      3,444     1.214    0.05
中途13ffca  onset  2.782e+04     1.214    0.05
中途13ffca restep      2,718     1.214    0.05
中途13ffca unload -3.209e+04     1.214    0.06
中途13ffca unload -3.238e+04     1.214    0.47

产物写入 D:\workshop\Processing\multi-device-cascade-host-cpp\temp\v4.1flash\results
