==========================================================================================================================
三路对比 · 免责 1 s / 免责 3 s / v6（raw 为下界）
==========================================================================================================================
         右拇指指尖/数据1 [恒载] 162.7s ch=31  | 全段/慢相段: 1s -3.03/-3.37%  3s -0.53/-2.93%  v6 -3.40/-2.96%
         右拇指指尖/数据2 [恒载] 234.1s ch=31  | 全段/慢相段: 1s +5.54/+4.54%  3s +7.20/+4.45%  v6 +2.35/+0.86%
         右拇指指尖/数据3 [恒载] 190.4s ch=31  | 全段/慢相段: 1s -0.60/-3.35%  3s +1.91/-2.51%  v6 +1.20/-2.91%
         左拇指指尖/数据1 [恒载] 196.2s ch=31  | 全段/慢相段: 1s -0.77/-1.56%  3s -0.97/-2.01%  v6 -1.90/-1.75%
         左拇指指尖/数据2 [恒载] 198.5s ch=31  | 全段/慢相段: 1s -0.25/-0.50%  3s +0.26/-0.62%  v6 -0.42/-0.56%
         左拇指指尖/数据3 [恒载] 192.8s ch=31  | 全段/慢相段: 1s -1.09/-1.45%  3s -0.19/-1.21%  v6 -0.99/-0.67%
          四指指尖/数据1 [恒载] 190.8s ch=21  | 全段/慢相段: 1s +0.98/+0.39%  3s +0.89/+0.19%  v6 -0.79/+0.42%
          四指指尖/数据2 [恒载] 190.5s ch=21  | 全段/慢相段: 1s +0.28/-0.55%  3s +2.78/+0.07%  v6 +0.72/+0.50%
          四指指尖/数据3 [恒载] 199.7s ch=21  | 全段/慢相段: 1s +0.96/-0.08%  3s +1.87/-0.18%  v6 +0.58/-0.14%
         切换负载-快相无责 [实采] 255.7s ch=21  | 全程偏差: 1s 2831  3s 2672  v6 5445  | 捕获中位: 1s 0.99  3s 1.00  v6 0.93
             再切换负载 [实采]  70.9s ch=21  | 全程偏差: 1s 1790  3s 1292  v6 3538  | 捕获中位: 1s nan  3s nan  v6 nan
       中途切换-1d9493 [实采]  63.9s ch=21  | 全程偏差: 1s 3686  3s 1827  v6 5407  | 捕获中位: 1s 0.80  3s 0.92  v6 0.77
       中途切换-13ffca [实采] 120.6s ch=21  | 全程偏差: 1s 4754  3s 1952  v6 3759  | 捕获中位: 1s 0.90  3s 0.96  v6 1.04

----- 恒载 9 组（|·| 均值 / 均值）-----
      时漂残余_全段  时漂残余_慢相段  受载中位   噪声比   平坦度  阶跃保真  首扣时延  A占幅度   g末端  epoch数
algo                                                                     
1s       1.50      1.75  0.52  0.66  1.71  1.00  4.24  1.41  0.19      16
3s       1.85      1.57  0.91  0.71  1.85  1.00  6.42  1.45  0.16      16
v6       1.37      1.20  0.38  0.68  1.66  1.08  9.82  1.43  0.00      26

----- 实采 4 份 -----
       全程偏差中位  占峰值中位  变载窗偏差中位  捕获比中位  捕获比最小  有效事件  epoch数
algo                                                     
1s    3258.10  11.39  2753.71   0.90   0.76    10      31
3s    1889.42   6.26  1560.29   0.96   0.80    10      29
v6    4582.65  16.04  2126.42   0.91   0.19    10      44

每份实录的全程最大偏差（ADC）
algo             1s      3s      v6
dataset                            
中途切换-13ffca  4754.0  1952.0  3759.0
中途切换-1d9493  3686.0  1827.0  5407.0
再切换负载        1790.0  1292.0  3538.0
切换负载-快相无责    2831.0  2672.0  5445.0

每份实录的台阶捕获比（中位）
algo           1s    3s    v6
dataset                      
中途切换-13ffca  0.90  0.96  1.04
中途切换-1d9493  0.80  0.92  0.77
切换负载-快相无责    0.99  1.00  0.93

----- 首次加载稳定时刻 T_band（进入 ±5%×阶跃带并保持 30 s，秒）-----
algo          1s    3s     v6
dataset                      
右拇指指尖/数据1   5.43  5.43   5.42
右拇指指尖/数据2    NaN  3.10  13.15
右拇指指尖/数据3   1.73   NaN    NaN
四指指尖/数据1    2.60  2.60   0.50
四指指尖/数据2   62.26  3.89   0.57
四指指尖/数据3    2.65  2.65  32.91
左拇指指尖/数据2   2.02  2.02   1.80
左拇指指尖/数据3   2.04  2.04    NaN

各组中位：
algo   1s    3s    v6
kind                 
实采    NaN   NaN   NaN
恒载    2.6  2.65  3.61

----- T_stable（显示首次停下：此后 30 s 相对该时刻自身漂移 ≤5%×阶跃，秒）-----
      该指标与绝对精度无关，量的就是平稳滑行本身
algo         1s    3s     v6
dataset                     
切换负载-快相无责  3.24  4.25   1.00
右拇指指尖/数据1  7.07  5.43   5.43
右拇指指尖/数据2  1.99  3.82   0.54
右拇指指尖/数据3  3.26  6.71   6.71
四指指尖/数据1   2.73  3.20   0.53
四指指尖/数据2   3.73  4.47   0.51
四指指尖/数据3   2.98  3.57   0.55
左拇指指尖/数据1  9.11  9.28  10.17
左拇指指尖/数据2  1.64  1.78   2.76
左拇指指尖/数据3  2.33  2.56   0.55

各组中位：
algo    1s    3s    v6
kind                  
实采    3.24  4.25  1.00
恒载    2.98  3.82  0.55

加载沿 +5 s 的相对误差（显示/真值−1，%）
algo          1s   3s    v6
dataset                    
中途切换-13ffca -7.8 -4.1  -5.2
中途切换-1d9493 -1.0 -0.0 -12.6
再切换负载       -0.1 -0.1   5.6
切换负载-快相无责   -3.4 -4.8 -16.4
右拇指指尖/数据1   -0.6 -0.1  -1.5
右拇指指尖/数据2   -0.9 -0.1  -2.6
右拇指指尖/数据3   -0.8 -0.0  -0.0
四指指尖/数据1    -0.3 -0.0  -1.1
四指指尖/数据2    -0.6  0.1  -2.3
四指指尖/数据3    -0.5  0.0   2.7
左拇指指尖/数据1   -0.3  0.0   4.5
左拇指指尖/数据2   -0.2  0.1  -0.1
左拇指指尖/数据3   -0.1  0.1   3.2

各组 |误差| 中位：
algo    1s    3s    v6
kind                  
实采    2.23  2.10  9.09
恒载    0.54  0.06  2.28

注：'首扣时延' 对 v6 语义不同 —— v6 前 5 s 显示在原始之上（前置），该列对 v6 指的是'首次变成向下扣除'的时刻，不是'首次修正'。
注：'T5%' = 显示首次进入 ±5%×阶跃带、且此后 30 s 不再离开的时刻；v5 两档在带内先停留（原始透传）再被蠕变推出，故 T5% 偏大。

==========================================================================================================================
附加对照：v6(trim) —— 交接后把 A 以 0.2%/s 朝「交接时刻实测电平」拉，消掉形状先验造成的平台静态偏置
==========================================================================================================================
恒载 9 组：
drift_main       1.65
drift_slow       1.41
drift_loaded     0.56
noise_ratio      0.68
flat             1.66
step_ratio       1.08
epoch           26.00
实采 4 份：
max_gap    3879.29
pct          13.59
gap_med    1955.42
cap_med       0.90
cap_min       0.03
epoch        44.00

两份关注录制的逐份对照（全程最大偏差 ADC）：
           切换负载-快相无责  v6(trim关) 5445   v6(trim 0.2%/s) 4000
           右拇指指尖/数据2  v6(trim关) nan   v6(trim 0.2%/s) nan

实录逐份（v6trim，ADC）：
    dataset  max_gap  gap_med  cap_med  epoch
  切换负载-快相无责  3,999.8  1,955.4      0.9     21
      再切换负载  3,537.7      NaN      NaN      6
中途切换-1d9493  5,034.7  5,034.7      0.8      6
中途切换-13ffca  3,758.8  1,661.1      1.0     11

[figcheck] I1_v6_overview_all.png  canvas=2100x1080px  axes=16
  ax 0  lines= 4 patches=  0 texts= 0 有内容=True 越界=0 文本重叠=0
  ax 1  lines= 4 patches=  0 texts= 0 有内容=True 越界=0 文本重叠=0
  ax 2  lines= 4 patches=  0 texts= 0 有内容=True 越界=0 文本重叠=0
  ax 3  lines= 4 patches=  0 texts= 0 有内容=True 越界=0 文本重叠=0
  ax 4  lines= 4 patches=  0 texts= 0 有内容=True 越界=0 文本重叠=0
  ax 5  lines= 4 patches=  0 texts= 0 有内容=True 越界=0 文本重叠=0
  ax 6  lines= 4 patches=  0 texts= 0 有内容=True 越界=0 文本重叠=0
  ax 7  lines= 4 patches=  0 texts= 0 有内容=True 越界=0 文本重叠=0
  ax 8  lines= 4 patches=  0 texts= 0 有内容=True 越界=0 文本重叠=0
  ax 9  lines= 4 patches=  0 texts= 0 有内容=True 越界=0 文本重叠=0
  ax10  lines= 4 patches=  0 texts= 0 有内容=True 越界=0 文本重叠=0
  ax11  lines= 4 patches=  0 texts= 0 有内容=True 越界=0 文本重叠=0
  ax12  lines= 4 patches=  0 texts= 0 有内容=True 越界=0 文本重叠=0
  ax13  lines= 0 patches=  0 texts= 0 有内容=False 越界=0 文本重叠=0
  ax14  lines= 0 patches=  0 texts= 0 有内容=False 越界=0 文本重叠=0
  ax15  lines= 0 patches=  0 texts= 0 有内容=False 越界=0 文本重叠=0
  -> 空白面板 [13, 14, 15]；artist 越界合计 0；文本重叠合计 0

图已保存：D:\workshop\Processing\multi-device-cascade-host-cpp\temp\v4.1flash\figures\I1_v6_overview_all.png

[figcheck] I2_v6_metrics_all.png  canvas=1950x1100px  axes=5
  ax 0  lines= 2 patches=  6 texts= 8 有内容=True 越界=0 文本重叠=0
  ax 1  lines= 0 patches= 12 texts=12 有内容=True 越界=0 文本重叠=0
  ax 2  lines= 2 patches=  9 texts=10 有内容=True 越界=0 文本重叠=0
  ax 3  lines= 1 patches= 30 texts=31 有内容=True 越界=0 文本重叠=0
  ax 4  lines= 3 patches=  0 texts= 0 有内容=True 越界=0 文本重叠=0
  -> 空白面板 无；artist 越界合计 0；文本重叠合计 0
图已保存：D:\workshop\Processing\multi-device-cascade-host-cpp\temp\v4.1flash\figures\I2_v6_metrics_all.png
