============================================================================================================
E1 恒载 9 组 onset 的原始形状（相对 5s 电平归一化）
============================================================================================================
[右拇指_1   ] t=  8.23s  空载=  0.54  5s= 14.71   0.035 0.089 0.092 0.615 0.651 0.668 0.755 0.787 0.793 0.800 0.852 0.878 0.929 0.940 0.954 0.966 0.985 1.000
[右拇指_2   ] t= 12.32s  空载=  0.31  5s= 16.74   0.010 0.606 0.641 0.672 0.685 0.695 0.763 0.788 0.791 0.812 0.842 0.850 0.877 0.903 0.929 0.946 0.980 0.999
[右拇指_3   ] t= 10.58s  空载=  0.04  5s= 16.55   0.003 0.409 0.687 0.747 0.775 0.769 0.822 0.834 0.852 0.892 0.901 0.913 0.925 0.937 0.960 0.978 0.995 1.003
[左拇指_1   ] t= 11.68s  空载=  0.00  5s= 15.29   0.000 0.429 0.796 0.785 0.808 0.816 0.832 0.849 0.870 0.858 0.889 0.907 0.919 0.934 0.949 0.969 0.990 0.999
[左拇指_2   ] t= 14.90s  空载=  0.00  5s= 16.14   0.054 0.027 0.858 0.816 0.815 0.826 0.833 0.853 0.868 0.863 0.886 0.901 0.915 0.942 0.952 0.978 0.991 1.000
[左拇指_3   ] t= 10.86s  空载=  0.00  5s= 17.52   0.000 0.801 0.801 0.808 0.823 0.822 0.834 0.836 0.847 0.870 0.880 0.903 0.912 0.932 0.949 0.979 0.986 1.000
[四指_1    ] t= 10.93s  空载=  0.06  5s= 13.40  -0.005 0.631 0.741 0.769 0.782 0.790 0.805 0.796 0.814 0.839 0.845 0.861 0.870 0.921 0.938 0.976 0.991 1.000
[四指_2    ] t= 11.03s  空载=  0.06  5s= 14.78   0.000 0.451 0.625 0.674 0.674 0.680 0.774 0.778 0.801 0.806 0.830 0.845 0.877 0.903 0.920 0.939 0.956 1.000
[四指_3    ] t= 10.98s  空载=  0.07  5s= 15.32  -0.000 0.097 0.657 0.717 0.725 0.747 0.793 0.802 0.873 0.868 0.857 0.891 0.909 0.928 0.937 0.959 0.992 1.000

τ(s)   :  0.00  0.02  0.04  0.06  0.08  0.10  0.15  0.20  0.30  0.40  0.50  0.75  1.00  1.50  2.00  3.00  4.00  5.00
中位   : 0.000 0.429 0.687 0.747 0.775 0.769 0.805 0.802 0.847 0.858 0.857 0.891 0.912 0.932 0.949 0.969 0.990 1.000
极差   : 0.059 0.774 0.766 0.201 0.172 0.158 0.079 0.075 0.082 0.092 0.071 0.069 0.058 0.039 0.040 0.040 0.039 0.004
半极差 : 0.029 0.387 0.383 0.100 0.086 0.079 0.039 0.038 0.041 0.046 0.035 0.034 0.029 0.020 0.020 0.020 0.020 0.002

============================================================================================================
E2 爬升时间常数：t50/t80/t90/t95（干净事件；t0 后 8s、前 3s 内无其它事件）
============================================================================================================

[onset] n=9
   t50 中位 0.03s   t80 0.24s   t90 0.48s   t95 1.62s
   Z(0.2s)/阶跃 中位 0.796   Z(1s)/阶跃 中位 0.925
      ds       t  dt_ms  kind    pre       jump              ratio  z_at_02  z_at_10   t50   t80   t90   t95
   右拇指_2  12.317 16.672 onset  0.313     16.432             52.455    0.788    0.877 0.017 0.367 1.434 3.068
   右拇指_3  10.579 16.677 onset  0.044     16.507            377.309    0.834    0.925 0.033 0.117 0.434 1.768
   左拇指_2  14.896 16.741 onset  0.000     16.138 16,137,500,000.000    0.853    0.915 0.033 0.033 0.703 1.624
   左拇指_3  10.864 16.737 onset  0.000     17.523 17,523,000,000.000    0.836    0.912 0.017 0.017 0.720 2.075
    四指_1  10.930 16.724 onset  0.064     13.336            208.375    0.796    0.870 0.017 0.134 1.288 2.609
    切换负载 133.793 39.971 onset 60.750 27,107.500            446.214    0.570    0.953 0.080 0.360 0.480 0.799
     再切换  57.265 39.986 onset 38.000 25,178.750            662.599    0.799    0.943 0.080 0.240 0.480 1.360
中途1d9493  39.015 39.992 onset 56.000 26,600.000            475.000    0.705    0.930 0.200 0.240 0.480 1.440
中途13ffca  87.803 39.945 onset 74.000 27,818.500            375.926    0.723    0.948 0.160 0.240 0.399 1.158

[restep] n=15
   t50 中位 0.33s   t80 1.33s   t90 2.87s   t95 3.60s
   Z(0.2s)/阶跃 中位 0.212   Z(1s)/阶跃 中位 0.641
      ds       t  dt_ms   kind        pre       jump  ratio  z_at_02  z_at_10   t50   t80   t90   t95
   右拇指_1  13.562 16.670 restep     14.683      1.164  0.079    0.507    0.696 0.050 0.050 2.767 3.367
   右拇指_1  92.868 16.670 restep     19.181      0.522  0.027    0.129    0.490 0.967 1.334 1.400 1.400
   右拇指_2  25.492 16.672 restep     17.652      0.585  0.033    0.333    0.489 0.067 3.485 3.918 4.201
   右拇指_2 147.366 16.672 restep     20.993      1.041  0.050   -0.099    0.641 0.017 2.167 3.201 3.601
   右拇指_3  22.391 16.677 restep     17.443      0.781  0.045    0.107    0.530 0.384 2.385 4.853 4.937
   右拇指_3  67.392 16.677 restep     19.730      0.868  0.044    0.212    0.780 0.334 1.234 2.869 3.769
   左拇指_1  20.843 16.692 restep     15.774      0.667  0.042    0.363    0.661 0.150 0.150 0.150 0.150
   左拇指_2  23.609 16.741 restep     16.391      0.527  0.032    0.101    0.545 0.469 3.097 4.838 5.190
    四指_1  26.809 16.724 restep     14.444      0.705  0.049    0.076    0.471 0.619 3.378 3.997 4.616
    四指_2  15.111 16.724 restep     13.957      1.427  0.102    0.240    0.587 0.719 3.161 4.047 4.867
    切换负载  75.737 39.971 restep  5,449.500 12,627.750  2.317    0.119    0.853 0.440 0.719 1.199 1.239
    切换负载 192.822 39.971 restep 25,366.750    582.750  0.023    0.080    0.444 1.199 3.677 4.157 4.477
    切换负载 218.150 39.971 restep  5,766.000  6,131.500  1.063    0.702    0.890 0.120 0.280 0.320 2.198
    切换负载 240.682 39.971 restep 20,429.500  5,240.750  0.257    0.587    0.870 0.200 0.320 1.079 2.438
中途13ffca 104.189 39.945 restep 29,465.750  2,709.000  0.092    0.615    0.879 0.120 0.399 0.919 1.798

============================================================================================================
E3 反演估计器误差（留一法，用其余恒载组的形状）
============================================================================================================

[恒载 9 组 onset]  误差 = Â / Z(5s) − 1（%）
估计器                                0.20             0.30             0.50             0.75             1.00             1.50
单参数(尾巴LSQ)                3.5/    5.4      3.0/    5.3      1.9/    4.6      1.1/    4.1      1.0/    3.8      1.3/    3.5     ← 中位|误差|/最大|误差|
双参数(A,δ) 全形状              7.2/   10.6      6.1/    8.1      5.3/    6.4      4.1/    5.8      3.0/    5.4      2.3/    4.8     ← 中位|误差|/最大|误差|
