==============================================================================================================
右拇指_1   事件 4  撤销 0  A_peak 1.197
      8.237  NEW      onset                  0.4639        0.4817        0.4829
      8.486  TRK      onset                  0.2487         14.02         2.814
      8.595  TRK      onset                  0.3581         13.84         2.621
      8.705  TRK      onset                  0.4676         13.86         1.859
      8.814  TRK      onset                   0.577         13.93         1.762
      8.924  TRK      onset                  0.6864         13.98         1.598
      9.033  TRK      onset                  0.7959         14.01          1.53
      9.142  TRK      onset                  0.9053         14.01         1.061
      9.252  TRK      onset                   1.015         14.01        0.9188
      9.361  TRK      onset                   1.124         14.01        0.7114
      9.471  TRK      onset                   1.234         14.01        0.8047
      9.580  TRK      onset                   1.343         14.01        0.7511
      9.690  TRK      onset                   1.452         14.01         0.589
      9.799  TRK      onset                   1.562         14.01        0.6685
      9.908  TRK      onset                   1.671         14.01        0.6234
     10.018  TRK      onset                   1.781         14.01         0.511
     10.127  TRK      onset                    1.89         14.01        0.4629
     10.237  TRK      onset                       2         14.01        0.4439
     10.346  TRK      onset                   2.109         14.01        0.4336
     10.456  TRK      onset                   2.218         14.01        0.4271
     10.565  TRK      onset                   2.328         14.01        0.3927
     10.674  TRK      onset                   2.437         14.01         0.396
     10.784  TRK      onset                   2.547         14.01        0.3736
     10.893  TRK      onset                   2.656         14.01        0.3714
     11.003  TRK      onset                   2.766         14.01        0.4179
     11.112  TRK      onset                   2.875         14.01        0.2942
     11.222  TRK      onset                   2.984         14.01        0.2935
     11.331  TRK      onset                   3.094         14.01        0.2567
     11.440  TRK      onset                   3.203         14.01        0.1876
     11.550  TRK      onset                   3.313         14.01        0.1755
     11.659  TRK      onset                   3.422         14.01        0.2161
     11.769  TRK      onset                   3.532         14.01        0.1849
     11.878  TRK      onset                   3.641         14.01        0.1306
     11.988  TRK      onset                    3.75         14.01       0.07317
     12.097  TRK      onset                    3.86         14.01       0.04374
     12.206  TRK      onset                   3.969         14.01      0.005803
     12.316  TRK      onset                   4.079         14.01      0.003847
     12.425  TRK      onset                   4.188         14.01      -0.05883
     12.535  TRK      onset                   4.298         14.01       -0.1186
     12.644  TRK      onset                   4.407         14.01       -0.1999
     12.754  TRK      onset                   4.517         14.01       -0.2041
     12.863  TRK      onset                   4.626         14.01       -0.2216
     12.973  TRK      onset                   4.735         14.01       -0.1891
     13.082  TRK      onset                   4.845         14.01       -0.2257
     13.191  TRK      onset                   4.954         14.01        -0.219
     13.241  HANDOFF  onset                   14.01       -0.1824       0.01303
     13.241  HO2      1.197                      23         14.49        0.1887
    115.131  NEW      decrease                20.15          20.1         14.63
    115.191  NEW      decrease                19.32         20.11         14.65
    115.569  NEW      restep                  0.014         9.082         6.926
    116.066  TRK      onset                  0.4974          1.17         7.073
    116.176  TRK      onset                  0.6068         1.167         7.089
    116.275  UNLOAD   onset                  0.7063             0             0
   真实 5s 电平 = 14.704（事件前级 0.548）
   +t(s)     原始      v6
     0.00      0.457      0.457
     0.10      9.688      9.688
     0.20     11.243     11.243
     0.30     11.811     11.849
     0.40     12.100     12.592
     0.50     12.489     13.557
     0.60     12.622     14.214
     0.70     12.855     14.452
     0.80     12.962     14.481
     0.90     13.071     14.489
     0.99     13.557     14.489
     1.09     13.651     14.489
     1.19     13.790     14.489
     1.29     13.760     14.489
     1.39     13.684     14.489
     1.49     13.906     14.489
     1.59     13.821     14.489
     1.69     13.878     14.489
     1.79     13.955     14.489
     1.89     14.024     14.489
     1.99     14.026     14.489
     2.09     14.077     14.489
     2.19     14.069     14.489
     2.29     14.094     14.489
     2.39     14.112     14.489
     2.49     14.113     14.489
     2.59     14.126     14.489
     2.69     14.118     14.489
     2.79     14.053     14.489
     2.88     14.155     14.489
     2.98     14.227     14.489
==============================================================================================================
中途13ffca   事件 15  撤销 0  A_peak 3864.368
      8.308  NEW      onset                   75.63         82.47         82.75
      8.556  TRK      onset                  0.2487     1.457e+04          2750
      8.666  TRK      onset                  0.3582     1.463e+04          2336
      8.775  TRK      onset                  0.4676     1.469e+04          2280
      8.885  TRK      onset                   0.577     1.473e+04          1879
      8.994  TRK      onset                  0.6865     1.479e+04          1638
      9.103  TRK      onset                  0.7959     1.483e+04          1592
      9.213  TRK      onset                  0.9054     1.483e+04          1305
      9.322  TRK      onset                   1.015     1.483e+04          1288
      9.432  TRK      onset                   1.124     1.483e+04          1219
      9.541  TRK      onset                   1.234     1.483e+04          1151
      9.651  TRK      onset                   1.343     1.483e+04          1115
      9.760  TRK      onset                   1.453     1.483e+04          1074
      9.870  TRK      onset                   1.562     1.483e+04          1059
      9.979  TRK      onset                   1.671     1.483e+04          1011
     10.088  TRK      onset                   1.781     1.483e+04         783.9
     10.198  TRK      onset                    1.89     1.483e+04         822.1
     10.307  TRK      onset                       2     1.483e+04         717.7
     10.417  TRK      onset                   2.109     1.483e+04         691.5
     10.526  TRK      onset                   2.219     1.483e+04         701.3
     10.636  TRK      onset                   2.328     1.483e+04         583.9
     10.745  TRK      onset                   2.438     1.483e+04         652.1
     10.855  TRK      onset                   2.547     1.483e+04         581.3
     10.964  TRK      onset                   2.656     1.483e+04         497.2
     11.073  TRK      onset                   2.766     1.483e+04         460.4
     11.183  TRK      onset                   2.875     1.483e+04         432.3
     11.292  TRK      onset                   2.985     1.483e+04         387.7
     11.402  TRK      onset                   3.094     1.483e+04         289.5
     11.511  TRK      onset                   3.204     1.483e+04         324.2
     11.621  TRK      onset                   3.313     1.483e+04         216.3
     11.730  TRK      onset                   3.423     1.483e+04        -121.7
     11.839  TRK      onset                   3.532     1.483e+04        -210.3
     11.949  TRK      onset                   3.641     1.483e+04        -214.4
     12.058  TRK      onset                   3.751     1.483e+04        -207.8
     12.168  TRK      onset                    3.86     1.483e+04        -272.6
     12.277  TRK      onset                    3.97     1.483e+04        -322.4
     12.387  TRK      onset                   4.079     1.483e+04        -427.9
     12.496  TRK      onset                   4.189     1.483e+04        -452.9
     12.606  TRK      onset                   4.298     1.483e+04          -450
     12.715  TRK      onset                   4.407     1.483e+04        -479.1
     12.824  TRK      onset                   4.517     1.483e+04          -444
     12.934  TRK      onset                   4.626     1.483e+04        -384.7
     13.043  TRK      onset                   4.736     1.483e+04        -463.3
     13.153  TRK      onset                   4.845     1.483e+04        -487.8
     13.262  TRK      onset                   4.955     1.483e+04        -501.1
     13.312  HANDOFF  onset               1.483e+04        -501.2        0.0338
     13.312  HO2      1877                       13     1.491e+04           504
     18.694  NEW      restep              1.621e+04     1.619e+04     1.499e+04
     18.943  TRK      restep                 0.2487          4539        -727.3
     19.053  TRK      restep                 0.3582          5503        -623.9
     19.162  TRK      restep                 0.4676          5843        -843.8
     19.271  TRK      restep                  0.577          6107        -935.4
     19.381  TRK      restep                 0.6865          6243        -788.8
     19.490  TRK      restep                 0.7959          6321        -771.6
     19.600  TRK      restep                 0.9054          6321        -722.7
     19.709  TRK      restep                  1.015          6321        -757.7
     19.819  TRK      restep                  1.124          6321          -784
     19.928  TRK      restep                  1.234          6321        -838.5
     20.038  TRK      restep                  1.343          6321        -865.9
     20.147  TRK      restep                  1.453          6321        -878.1
     20.256  TRK      restep                  1.562          6321          -905
     20.366  TRK      restep                  1.671          6321        -915.8
     20.475  TRK      restep                  1.781          6321        -942.7
     20.585  TRK      restep                   1.89          6321          -947
     20.694  TRK      restep                      2          6321        -946.2
     20.804  TRK      restep                  2.109          6321        -959.7
     20.913  TRK      restep                  2.219          6321        -939.8
     21.023  TRK      restep                  2.328          6321         -1017
     21.132  TRK      restep                  2.438          6321        -993.2
     21.241  TRK      restep                  2.547          6321         -1045
     21.351  TRK      restep                  2.656          6321         -1007
     21.460  TRK      restep                  2.766          6321         -1093
     21.570  TRK      restep                  2.875          6321         -1059
     21.679  TRK      restep                  2.985          6321         -1067
     21.789  TRK      restep                  3.094          6321         -1065
     21.898  TRK      restep                  3.204          6321         -1078
     22.007  TRK      restep                  3.313          6321         -1057
     22.117  TRK      restep                  3.423          6321         -1082
     22.226  TRK      restep                  3.532          6321         -1080
     22.336  TRK      restep                  3.641          6321         -1082
     22.445  TRK      restep                  3.751          6321         -1082
     22.555  TRK      restep                   3.86          6321         -1094
     22.664  TRK      restep                   3.97          6321         -1080
     22.774  TRK      restep                  4.079          6321         -1114
     22.883  TRK      restep                  4.189          6321         -1105
     22.992  TRK      restep                  4.298          6321         -1135
     23.102  TRK      restep                  4.407          6321         -1151
     23.211  TRK      restep                  4.517          6321         -1158
     23.321  TRK      restep                  4.626          6321         -1154
     23.430  TRK      restep                  4.736          6321         -1200
     23.540  TRK      restep                  4.845          6321         -1172
     23.649  TRK      restep                  4.955          6321         -1169
     23.699  HANDOFF  restep                   6321         -1159       0.04028
     23.699  HO2      2531                       13     2.131e+04          1273
     26.325  NEW      decrease            2.259e+04     2.264e+04     2.078e+04
     27.619  NEW      restep              1.946e+04     1.944e+04     1.777e+04
     27.868  TRK      restep                 0.2487          4557         -1206
     27.977  TRK      restep                 0.3582          4812         -1179
     28.086  TRK      restep                 0.4676          4883         -1171
     28.196  TRK      restep                  0.577          4934         -1166
     28.305  TRK      restep                 0.6865          4956         -1163
     28.415  TRK      restep                 0.7959          4960         -1163
     28.524  TRK      restep                 0.9054          4930         -1166
     28.634  TRK      restep                  1.015          4960         -1177
     28.743  TRK      restep                  1.124          4960         -1160
     28.852  TRK      restep                  1.234          4960         -1174
     28.962  TRK      restep                  1.343          4960         -1174
     29.071  TRK      restep                  1.453          4960         -1207
     29.181  TRK      restep                  1.562          4960         -1182
     29.290  TRK      restep                  1.671          4960         -1248
     29.400  TRK      restep                  1.781          4960         -1265
     29.509  TRK      restep                   1.89          4960         -1370
     29.619  TRK      restep                      2          4960         -1275
     29.728  TRK      restep                  2.109          4960         -1279
     29.837  TRK      restep                  2.219          4960         -1330
     29.947  TRK      restep                  2.328          4960         -1314
     30.056  TRK      restep                  2.438          4960         -1304
     30.166  TRK      restep                  2.547          4960         -1312
     30.275  TRK      restep                  2.656          4960         -1319
     30.385  TRK      restep                  2.766          4960         -1320
     30.494  TRK      restep                  2.875          4960         -1325
     30.604  TRK      restep                  2.985          4960         -1346
     30.713  TRK      restep                  3.094          4960         -1347
     30.822  TRK      restep                  3.204          4960         -1343
     30.932  TRK      restep                  3.313          4960         -1350
     31.041  TRK      restep                  3.423          4960         -1365
     31.151  TRK      restep                  3.532          4960         -1370
     31.260  TRK      restep                  3.641          4960         -1347
     31.370  TRK      restep                  3.751          4960         -1340
     31.479  TRK      restep                   3.86          4960         -1372
     31.588  TRK      restep                   3.97          4960         -1397
     31.698  TRK      restep                  4.079          4960         -1380
     31.807  TRK      restep                  4.189          4960         -1385
     31.917  TRK      restep                  4.298          4960         -1383
     32.026  TRK      restep                  4.407          4960         -1398
     32.136  TRK      restep                  4.517          4960         -1393
     32.245  TRK      restep                  4.626          4960         -1398
     32.355  TRK      restep                  4.736          4960         -1395
     32.464  TRK      restep                  4.845          4960         -1402
     32.573  TRK      restep                  4.955          4960         -1408
     32.623  HANDOFF  restep                   4960         -1406       0.03772
     32.623  HO2      2727                       13     2.273e+04          1281
     45.269  NEW      decrease             2.47e+04     2.466e+04     2.238e+04
     45.269  NEW      decrease             2.47e+04     2.466e+04     2.238e+04
     61.018  NEW      restep                2.1e+04       2.1e+04     1.859e+04
     61.336  TRK      restep                 0.3184          2462         -2410
     61.446  TRK      restep                 0.4278          2428         -2347
     61.018  NEW      restep_reload         2.1e+04       2.1e+04     1.859e+04
     61.486  TRK      restep_reload          0.4676          2527         -2410
     61.595  TRK      restep_reload           0.577          2794         -2410
     61.705  TRK      restep_reload          0.6865          2813         -2403
     61.814  TRK      restep_reload          0.7959          2875         -2337
     61.923  TRK      restep_reload          0.9054          2875         -2343
     62.033  TRK      restep_reload           1.015          2875         -2353
     62.142  TRK      restep_reload           1.124          2875         -2367
     62.252  TRK      restep_reload           1.234          2875         -2417
     62.361  TRK      restep_reload           1.343          2875         -2428
     62.471  TRK      restep_reload           1.453          2875         -2417
     62.580  TRK      restep_reload           1.562          2875         -2494
     62.689  TRK      restep_reload           1.671          2875         -2561
     62.799  TRK      restep_reload           1.781          2875         -2557
     62.908  TRK      restep_reload            1.89          2875         -2481
     63.018  TRK      restep_reload               2          2875         -2467
     63.127  TRK      restep_reload           2.109          2875         -2512
     63.237  TRK      restep_reload           2.219          2875         -2491
     63.346  TRK      restep_reload           2.328          2875         -2724
     63.456  TRK      restep_reload           2.438          2875         -2778
     63.565  TRK      restep_reload           2.547          2875         -2850
     63.674  TRK      restep_reload           2.656          2875         -2736
     63.784  TRK      restep_reload           2.766          2875         -2799
     63.893  TRK      restep_reload           2.875          2875         -2732
     64.003  TRK      restep_reload           2.985          2875         -2826
     64.112  TRK      restep_reload           3.094          2875         -2763
     64.222  TRK      restep_reload           3.204          2875         -2780
     64.331  TRK      restep_reload           3.313          2875         -2734
     64.441  TRK      restep_reload           3.423          2875         -2625
     64.550  TRK      restep_reload           3.532          2875         -2875
     64.659  TRK      restep_reload           3.641          2875         -2901
     64.769  TRK      restep_reload           3.751          2875         -2913
     64.878  TRK      restep_reload            3.86          2875         -2949
     64.988  TRK      restep_reload            3.97          2875         -2923
     65.097  TRK      restep_reload           4.079          2875         -2944
     65.207  TRK      restep_reload           4.189          2875         -2937
     65.316  TRK      restep_reload           4.298          2875         -2964
     65.425  TRK      restep_reload           4.407          2875         -2947
     65.535  TRK      restep_reload           4.517          2875         -2955
     65.644  TRK      restep_reload           4.626          2875         -2935
     65.754  TRK      restep_reload           4.736          2875         -2959
     65.863  TRK      restep_reload           4.845          2875         -2956
     65.973  TRK      restep_reload           4.955          2875         -2953
     66.022  HANDOFF  restep_reload            2875         -2955         0.109
     66.022  HO2      2595                       13     2.147e+04          2651
     68.898  NEW      decrease            2.426e+04     2.428e+04     2.121e+04
     68.898  NEW      decrease            2.426e+04     2.428e+04     2.121e+04
     87.811  NEW      onset                   85.62         76.32         75.82
     88.060  TRK      onset                  0.2487      2.87e+04          4848
     88.169  TRK      onset                  0.3582     2.918e+04          4346
     88.279  TRK      onset                  0.4676     2.955e+04          3803
     88.388  TRK      onset                   0.577     2.973e+04          3812
     88.498  TRK      onset                  0.6865     2.975e+04          3709
     88.607  TRK      onset                  0.7959     2.973e+04          3556
     88.716  TRK      onset                  0.9054     2.973e+04          3444
     88.826  TRK      onset                   1.015     2.973e+04          3371
     88.935  TRK      onset                   1.124     2.973e+04          3296
     89.045  TRK      onset                   1.234     2.973e+04          3219
     89.154  TRK      onset                   1.343     2.973e+04          3182
     89.264  TRK      onset                   1.453     2.973e+04          3149
     89.373  TRK      onset                   1.562     2.973e+04          3133
     89.482  TRK      onset                   1.671     2.973e+04          2887
     89.592  TRK      onset                   1.781     2.973e+04          2885
     89.701  TRK      onset                    1.89     2.973e+04          2927
     89.811  TRK      onset                       2     2.973e+04          2555
     89.920  TRK      onset                   2.109     2.973e+04          2535
     90.030  TRK      onset                   2.219     2.973e+04          2446
     90.139  TRK      onset                   2.328     2.973e+04          2499
     90.249  TRK      onset                   2.438     2.973e+04          2387
     90.358  TRK      onset                   2.547     2.973e+04          2354
     90.467  TRK      onset                   2.656     2.973e+04          2348
     90.577  TRK      onset                   2.766     2.973e+04          2305
     90.686  TRK      onset                   2.875     2.973e+04          2256
     90.796  TRK      onset                   2.985     2.973e+04          2255
     90.905  TRK      onset                   3.094     2.973e+04          2237
     91.015  TRK      onset                   3.204     2.973e+04          2214
     91.124  TRK      onset                   3.313     2.973e+04          2196
     91.234  TRK      onset                   3.423     2.973e+04          2158
     91.343  TRK      onset                   3.532     2.973e+04          2169
     91.452  TRK      onset                   3.641     2.973e+04          2119
     91.562  TRK      onset                   3.751     2.973e+04          2090
     91.671  TRK      onset                    3.86     2.973e+04          2097
     91.781  TRK      onset                    3.97     2.973e+04          2087
     91.890  TRK      onset                   4.079     2.973e+04          2079
     92.000  TRK      onset                   4.189     2.973e+04          2070
     92.109  TRK      onset                   4.298     2.973e+04          2022
     92.218  TRK      onset                   4.407     2.973e+04          2005
     92.328  TRK      onset                   4.517     2.973e+04          1989
     92.437  TRK      onset                   4.626     2.973e+04          1990
     92.547  TRK      onset                   4.736     2.973e+04          1956
     92.656  TRK      onset                   4.845     2.973e+04          1950
     92.766  TRK      onset                   4.955     2.973e+04          1926
     92.815  HANDOFF  onset               2.973e+04          1929      -0.06487
     92.815  HO2      3396                       13     2.981e+04         -1674
     98.884  NEW      restep              2.846e+04     2.836e+04     2.986e+04
     99.481  TRK      restep                 0.5969          2106          1395
     99.591  TRK      restep                 0.7064          2768          1395
     99.700  TRK      restep                 0.8158          2882          1395
     99.810  TRK      restep                 0.9253          2695          1395
     99.919  TRK      restep                  1.035          2908          1310
    100.029  TRK      restep                  1.144          2908         746.3
    100.138  TRK      restep                  1.254          2908          3071
    100.247  TRK      restep                  1.363          2908          3433
    100.357  TRK      restep                  1.472          2908          3477
    100.466  TRK      restep                  1.582          2908          3442
    100.576  TRK      restep                  1.691          2908          3466
    100.685  TRK      restep                  1.801          2908          3375
    100.795  TRK      restep                   1.91          2908          3494
    100.904  TRK      restep                   2.02          2908          3364
    101.014  TRK      restep                  2.129          2908          3406
    101.123  TRK      restep                  2.239          2908          3324
    101.232  TRK      restep                  2.348          2908          3441
    101.342  TRK      restep                  2.457          2908          3287
    101.451  TRK      restep                  2.567          2908          3439
    101.561  TRK      restep                  2.676          2908          3439
    101.670  TRK      restep                  2.786          2908          3344
    101.780  TRK      restep                  2.895          2908          3397
    101.889  TRK      restep                  3.005          2908          3421
    101.998  TRK      restep                  3.114          2908          3372
    102.108  TRK      restep                  3.224          2908          3379
    102.217  TRK      restep                  3.333          2908          3354
    102.327  TRK      restep                  3.442          2908          3401
    102.436  TRK      restep                  3.552          2908          3355
    102.546  TRK      restep                  3.661          2908          3347
    102.655  TRK      restep                  3.771          2908          3326
    102.765  TRK      restep                   3.88          2908          3308
    102.874  TRK      restep                   3.99          2908          3308
    102.983  TRK      restep                  4.099          2908          3339
    103.093  TRK      restep                  4.208          2908          3314
    103.202  TRK      restep                  4.318          2908          3317
    103.312  TRK      restep                  4.427          2908          3308
    103.421  TRK      restep                  4.537          2908          3336
    103.531  TRK      restep                  4.646          2908          3294
    103.640  TRK      restep                  4.756          2908          3299
    103.750  TRK      restep                  4.865          2908          3278
    103.859  TRK      restep                  4.975          2908          3292
    103.889  HANDOFF  restep                   2908          3309      -0.08026
    103.889  HO2      3864                       13     3.277e+04         -2292
    113.808  NEW      decrease            3.234e+04     3.244e+04      3.35e+04
    113.808  NEW      decrease            3.234e+04     3.244e+04      3.35e+04
    113.937  NEW      decrease                 7673     2.515e+04     2.719e+04
   真实 5s 电平 = 15414.128（事件前级 84.000）
   +t(s)     原始      v6
     0.00   1395.183   1395.183
     0.10   5192.370   5192.370
     0.20  11585.172  11585.172
     0.30  12073.462  12190.758
     0.40  12509.183  13216.578
     0.50  12588.291  14071.918
     0.60  13054.555  14748.628
     0.70  13231.983  14876.692
     0.80  13320.307  14912.316
     0.90  13606.268  14912.316
     0.99  13630.088  14912.316
     1.09  13648.642  14912.316
     1.19  13735.000  14912.316
     1.29  13796.133  14912.316
     1.39  13816.023  14912.316
     1.49  13846.079  14912.316
     1.59  13860.714  14912.316
     1.69  13891.759  14912.316
     1.79  14086.347  14912.316
     1.89  14090.167  14912.316
     1.99  14206.444  14912.316
     2.09  14180.055  14912.316
     2.19  14262.990  14912.316
     2.29  14277.451  14912.316
     2.39  14301.677  14912.316
     2.49  14286.524  14912.316
     2.59  14344.316  14912.316
     2.69  14439.860  14912.316
     2.79  14458.810  14912.316
     2.89  14493.324  14912.316
     2.98  14524.601  14912.316
==============================================================================================================
中途13ffca-变载   事件 15  撤销 0  A_peak 3864.368
      8.308  NEW      onset                   75.63         82.47         82.75
      8.556  TRK      onset                  0.2487     1.457e+04          2750
      8.666  TRK      onset                  0.3582     1.463e+04          2336
      8.775  TRK      onset                  0.4676     1.469e+04          2280
      8.885  TRK      onset                   0.577     1.473e+04          1879
      8.994  TRK      onset                  0.6865     1.479e+04          1638
      9.103  TRK      onset                  0.7959     1.483e+04          1592
      9.213  TRK      onset                  0.9054     1.483e+04          1305
      9.322  TRK      onset                   1.015     1.483e+04          1288
      9.432  TRK      onset                   1.124     1.483e+04          1219
      9.541  TRK      onset                   1.234     1.483e+04          1151
      9.651  TRK      onset                   1.343     1.483e+04          1115
      9.760  TRK      onset                   1.453     1.483e+04          1074
      9.870  TRK      onset                   1.562     1.483e+04          1059
      9.979  TRK      onset                   1.671     1.483e+04          1011
     10.088  TRK      onset                   1.781     1.483e+04         783.9
     10.198  TRK      onset                    1.89     1.483e+04         822.1
     10.307  TRK      onset                       2     1.483e+04         717.7
     10.417  TRK      onset                   2.109     1.483e+04         691.5
     10.526  TRK      onset                   2.219     1.483e+04         701.3
     10.636  TRK      onset                   2.328     1.483e+04         583.9
     10.745  TRK      onset                   2.438     1.483e+04         652.1
     10.855  TRK      onset                   2.547     1.483e+04         581.3
     10.964  TRK      onset                   2.656     1.483e+04         497.2
     11.073  TRK      onset                   2.766     1.483e+04         460.4
     11.183  TRK      onset                   2.875     1.483e+04         432.3
     11.292  TRK      onset                   2.985     1.483e+04         387.7
     11.402  TRK      onset                   3.094     1.483e+04         289.5
     11.511  TRK      onset                   3.204     1.483e+04         324.2
     11.621  TRK      onset                   3.313     1.483e+04         216.3
     11.730  TRK      onset                   3.423     1.483e+04        -121.7
     11.839  TRK      onset                   3.532     1.483e+04        -210.3
     11.949  TRK      onset                   3.641     1.483e+04        -214.4
     12.058  TRK      onset                   3.751     1.483e+04        -207.8
     12.168  TRK      onset                    3.86     1.483e+04        -272.6
     12.277  TRK      onset                    3.97     1.483e+04        -322.4
     12.387  TRK      onset                   4.079     1.483e+04        -427.9
     12.496  TRK      onset                   4.189     1.483e+04        -452.9
     12.606  TRK      onset                   4.298     1.483e+04          -450
     12.715  TRK      onset                   4.407     1.483e+04        -479.1
     12.824  TRK      onset                   4.517     1.483e+04          -444
     12.934  TRK      onset                   4.626     1.483e+04        -384.7
     13.043  TRK      onset                   4.736     1.483e+04        -463.3
     13.153  TRK      onset                   4.845     1.483e+04        -487.8
     13.262  TRK      onset                   4.955     1.483e+04        -501.1
     13.312  HANDOFF  onset               1.483e+04        -501.2        0.0338
     13.312  HO2      1877                       13     1.491e+04           504
     18.694  NEW      restep              1.621e+04     1.619e+04     1.499e+04
     18.943  TRK      restep                 0.2487          4539        -727.3
     19.053  TRK      restep                 0.3582          5503        -623.9
     19.162  TRK      restep                 0.4676          5843        -843.8
     19.271  TRK      restep                  0.577          6107        -935.4
     19.381  TRK      restep                 0.6865          6243        -788.8
     19.490  TRK      restep                 0.7959          6321        -771.6
     19.600  TRK      restep                 0.9054          6321        -722.7
     19.709  TRK      restep                  1.015          6321        -757.7
     19.819  TRK      restep                  1.124          6321          -784
     19.928  TRK      restep                  1.234          6321        -838.5
     20.038  TRK      restep                  1.343          6321        -865.9
     20.147  TRK      restep                  1.453          6321        -878.1
     20.256  TRK      restep                  1.562          6321          -905
     20.366  TRK      restep                  1.671          6321        -915.8
     20.475  TRK      restep                  1.781          6321        -942.7
     20.585  TRK      restep                   1.89          6321          -947
     20.694  TRK      restep                      2          6321        -946.2
     20.804  TRK      restep                  2.109          6321        -959.7
     20.913  TRK      restep                  2.219          6321        -939.8
     21.023  TRK      restep                  2.328          6321         -1017
     21.132  TRK      restep                  2.438          6321        -993.2
     21.241  TRK      restep                  2.547          6321         -1045
     21.351  TRK      restep                  2.656          6321         -1007
     21.460  TRK      restep                  2.766          6321         -1093
     21.570  TRK      restep                  2.875          6321         -1059
     21.679  TRK      restep                  2.985          6321         -1067
     21.789  TRK      restep                  3.094          6321         -1065
     21.898  TRK      restep                  3.204          6321         -1078
     22.007  TRK      restep                  3.313          6321         -1057
     22.117  TRK      restep                  3.423          6321         -1082
     22.226  TRK      restep                  3.532          6321         -1080
     22.336  TRK      restep                  3.641          6321         -1082
     22.445  TRK      restep                  3.751          6321         -1082
     22.555  TRK      restep                   3.86          6321         -1094
     22.664  TRK      restep                   3.97          6321         -1080
     22.774  TRK      restep                  4.079          6321         -1114
     22.883  TRK      restep                  4.189          6321         -1105
     22.992  TRK      restep                  4.298          6321         -1135
     23.102  TRK      restep                  4.407          6321         -1151
     23.211  TRK      restep                  4.517          6321         -1158
     23.321  TRK      restep                  4.626          6321         -1154
     23.430  TRK      restep                  4.736          6321         -1200
     23.540  TRK      restep                  4.845          6321         -1172
     23.649  TRK      restep                  4.955          6321         -1169
     23.699  HANDOFF  restep                   6321         -1159       0.04028
     23.699  HO2      2531                       13     2.131e+04          1273
     26.325  NEW      decrease            2.259e+04     2.264e+04     2.078e+04
     27.619  NEW      restep              1.946e+04     1.944e+04     1.777e+04
     27.868  TRK      restep                 0.2487          4557         -1206
     27.977  TRK      restep                 0.3582          4812         -1179
     28.086  TRK      restep                 0.4676          4883         -1171
     28.196  TRK      restep                  0.577          4934         -1166
     28.305  TRK      restep                 0.6865          4956         -1163
     28.415  TRK      restep                 0.7959          4960         -1163
     28.524  TRK      restep                 0.9054          4930         -1166
     28.634  TRK      restep                  1.015          4960         -1177
     28.743  TRK      restep                  1.124          4960         -1160
     28.852  TRK      restep                  1.234          4960         -1174
     28.962  TRK      restep                  1.343          4960         -1174
     29.071  TRK      restep                  1.453          4960         -1207
     29.181  TRK      restep                  1.562          4960         -1182
     29.290  TRK      restep                  1.671          4960         -1248
     29.400  TRK      restep                  1.781          4960         -1265
     29.509  TRK      restep                   1.89          4960         -1370
     29.619  TRK      restep                      2          4960         -1275
     29.728  TRK      restep                  2.109          4960         -1279
     29.837  TRK      restep                  2.219          4960         -1330
     29.947  TRK      restep                  2.328          4960         -1314
     30.056  TRK      restep                  2.438          4960         -1304
     30.166  TRK      restep                  2.547          4960         -1312
     30.275  TRK      restep                  2.656          4960         -1319
     30.385  TRK      restep                  2.766          4960         -1320
     30.494  TRK      restep                  2.875          4960         -1325
     30.604  TRK      restep                  2.985          4960         -1346
     30.713  TRK      restep                  3.094          4960         -1347
     30.822  TRK      restep                  3.204          4960         -1343
     30.932  TRK      restep                  3.313          4960         -1350
     31.041  TRK      restep                  3.423          4960         -1365
     31.151  TRK      restep                  3.532          4960         -1370
     31.260  TRK      restep                  3.641          4960         -1347
     31.370  TRK      restep                  3.751          4960         -1340
     31.479  TRK      restep                   3.86          4960         -1372
     31.588  TRK      restep                   3.97          4960         -1397
     31.698  TRK      restep                  4.079          4960         -1380
     31.807  TRK      restep                  4.189          4960         -1385
     31.917  TRK      restep                  4.298          4960         -1383
     32.026  TRK      restep                  4.407          4960         -1398
     32.136  TRK      restep                  4.517          4960         -1393
     32.245  TRK      restep                  4.626          4960         -1398
     32.355  TRK      restep                  4.736          4960         -1395
     32.464  TRK      restep                  4.845          4960         -1402
     32.573  TRK      restep                  4.955          4960         -1408
     32.623  HANDOFF  restep                   4960         -1406       0.03772
     32.623  HO2      2727                       13     2.273e+04          1281
     45.269  NEW      decrease             2.47e+04     2.466e+04     2.238e+04
     45.269  NEW      decrease             2.47e+04     2.466e+04     2.238e+04
     61.018  NEW      restep                2.1e+04       2.1e+04     1.859e+04
     61.336  TRK      restep                 0.3184          2462         -2410
     61.446  TRK      restep                 0.4278          2428         -2347
     61.018  NEW      restep_reload         2.1e+04       2.1e+04     1.859e+04
     61.486  TRK      restep_reload          0.4676          2527         -2410
     61.595  TRK      restep_reload           0.577          2794         -2410
     61.705  TRK      restep_reload          0.6865          2813         -2403
     61.814  TRK      restep_reload          0.7959          2875         -2337
     61.923  TRK      restep_reload          0.9054          2875         -2343
     62.033  TRK      restep_reload           1.015          2875         -2353
     62.142  TRK      restep_reload           1.124          2875         -2367
     62.252  TRK      restep_reload           1.234          2875         -2417
     62.361  TRK      restep_reload           1.343          2875         -2428
     62.471  TRK      restep_reload           1.453          2875         -2417
     62.580  TRK      restep_reload           1.562          2875         -2494
     62.689  TRK      restep_reload           1.671          2875         -2561
     62.799  TRK      restep_reload           1.781          2875         -2557
     62.908  TRK      restep_reload            1.89          2875         -2481
     63.018  TRK      restep_reload               2          2875         -2467
     63.127  TRK      restep_reload           2.109          2875         -2512
     63.237  TRK      restep_reload           2.219          2875         -2491
     63.346  TRK      restep_reload           2.328          2875         -2724
     63.456  TRK      restep_reload           2.438          2875         -2778
     63.565  TRK      restep_reload           2.547          2875         -2850
     63.674  TRK      restep_reload           2.656          2875         -2736
     63.784  TRK      restep_reload           2.766          2875         -2799
     63.893  TRK      restep_reload           2.875          2875         -2732
     64.003  TRK      restep_reload           2.985          2875         -2826
     64.112  TRK      restep_reload           3.094          2875         -2763
     64.222  TRK      restep_reload           3.204          2875         -2780
     64.331  TRK      restep_reload           3.313          2875         -2734
     64.441  TRK      restep_reload           3.423          2875         -2625
     64.550  TRK      restep_reload           3.532          2875         -2875
     64.659  TRK      restep_reload           3.641          2875         -2901
     64.769  TRK      restep_reload           3.751          2875         -2913
     64.878  TRK      restep_reload            3.86          2875         -2949
     64.988  TRK      restep_reload            3.97          2875         -2923
     65.097  TRK      restep_reload           4.079          2875         -2944
     65.207  TRK      restep_reload           4.189          2875         -2937
     65.316  TRK      restep_reload           4.298          2875         -2964
     65.425  TRK      restep_reload           4.407          2875         -2947
     65.535  TRK      restep_reload           4.517          2875         -2955
     65.644  TRK      restep_reload           4.626          2875         -2935
     65.754  TRK      restep_reload           4.736          2875         -2959
     65.863  TRK      restep_reload           4.845          2875         -2956
     65.973  TRK      restep_reload           4.955          2875         -2953
     66.022  HANDOFF  restep_reload            2875         -2955         0.109
     66.022  HO2      2595                       13     2.147e+04          2651
     68.898  NEW      decrease            2.426e+04     2.428e+04     2.121e+04
     68.898  NEW      decrease            2.426e+04     2.428e+04     2.121e+04
     87.811  NEW      onset                   85.62         76.32         75.82
     88.060  TRK      onset                  0.2487      2.87e+04          4848
     88.169  TRK      onset                  0.3582     2.918e+04          4346
     88.279  TRK      onset                  0.4676     2.955e+04          3803
     88.388  TRK      onset                   0.577     2.973e+04          3812
     88.498  TRK      onset                  0.6865     2.975e+04          3709
     88.607  TRK      onset                  0.7959     2.973e+04          3556
     88.716  TRK      onset                  0.9054     2.973e+04          3444
     88.826  TRK      onset                   1.015     2.973e+04          3371
     88.935  TRK      onset                   1.124     2.973e+04          3296
     89.045  TRK      onset                   1.234     2.973e+04          3219
     89.154  TRK      onset                   1.343     2.973e+04          3182
     89.264  TRK      onset                   1.453     2.973e+04          3149
     89.373  TRK      onset                   1.562     2.973e+04          3133
     89.482  TRK      onset                   1.671     2.973e+04          2887
     89.592  TRK      onset                   1.781     2.973e+04          2885
     89.701  TRK      onset                    1.89     2.973e+04          2927
     89.811  TRK      onset                       2     2.973e+04          2555
     89.920  TRK      onset                   2.109     2.973e+04          2535
     90.030  TRK      onset                   2.219     2.973e+04          2446
     90.139  TRK      onset                   2.328     2.973e+04          2499
     90.249  TRK      onset                   2.438     2.973e+04          2387
     90.358  TRK      onset                   2.547     2.973e+04          2354
     90.467  TRK      onset                   2.656     2.973e+04          2348
     90.577  TRK      onset                   2.766     2.973e+04          2305
     90.686  TRK      onset                   2.875     2.973e+04          2256
     90.796  TRK      onset                   2.985     2.973e+04          2255
     90.905  TRK      onset                   3.094     2.973e+04          2237
     91.015  TRK      onset                   3.204     2.973e+04          2214
     91.124  TRK      onset                   3.313     2.973e+04          2196
     91.234  TRK      onset                   3.423     2.973e+04          2158
     91.343  TRK      onset                   3.532     2.973e+04          2169
     91.452  TRK      onset                   3.641     2.973e+04          2119
     91.562  TRK      onset                   3.751     2.973e+04          2090
     91.671  TRK      onset                    3.86     2.973e+04          2097
     91.781  TRK      onset                    3.97     2.973e+04          2087
     91.890  TRK      onset                   4.079     2.973e+04          2079
     92.000  TRK      onset                   4.189     2.973e+04          2070
     92.109  TRK      onset                   4.298     2.973e+04          2022
     92.218  TRK      onset                   4.407     2.973e+04          2005
     92.328  TRK      onset                   4.517     2.973e+04          1989
     92.437  TRK      onset                   4.626     2.973e+04          1990
     92.547  TRK      onset                   4.736     2.973e+04          1956
     92.656  TRK      onset                   4.845     2.973e+04          1950
     92.766  TRK      onset                   4.955     2.973e+04          1926
     92.815  HANDOFF  onset               2.973e+04          1929      -0.06487
     92.815  HO2      3396                       13     2.981e+04         -1674
     98.884  NEW      restep              2.846e+04     2.836e+04     2.986e+04
     99.481  TRK      restep                 0.5969          2106          1395
     99.591  TRK      restep                 0.7064          2768          1395
     99.700  TRK      restep                 0.8158          2882          1395
     99.810  TRK      restep                 0.9253          2695          1395
     99.919  TRK      restep                  1.035          2908          1310
    100.029  TRK      restep                  1.144          2908         746.3
    100.138  TRK      restep                  1.254          2908          3071
    100.247  TRK      restep                  1.363          2908          3433
    100.357  TRK      restep                  1.472          2908          3477
    100.466  TRK      restep                  1.582          2908          3442
    100.576  TRK      restep                  1.691          2908          3466
    100.685  TRK      restep                  1.801          2908          3375
    100.795  TRK      restep                   1.91          2908          3494
    100.904  TRK      restep                   2.02          2908          3364
    101.014  TRK      restep                  2.129          2908          3406
    101.123  TRK      restep                  2.239          2908          3324
    101.232  TRK      restep                  2.348          2908          3441
    101.342  TRK      restep                  2.457          2908          3287
    101.451  TRK      restep                  2.567          2908          3439
    101.561  TRK      restep                  2.676          2908          3439
    101.670  TRK      restep                  2.786          2908          3344
    101.780  TRK      restep                  2.895          2908          3397
    101.889  TRK      restep                  3.005          2908          3421
    101.998  TRK      restep                  3.114          2908          3372
    102.108  TRK      restep                  3.224          2908          3379
    102.217  TRK      restep                  3.333          2908          3354
    102.327  TRK      restep                  3.442          2908          3401
    102.436  TRK      restep                  3.552          2908          3355
    102.546  TRK      restep                  3.661          2908          3347
    102.655  TRK      restep                  3.771          2908          3326
    102.765  TRK      restep                   3.88          2908          3308
    102.874  TRK      restep                   3.99          2908          3308
    102.983  TRK      restep                  4.099          2908          3339
    103.093  TRK      restep                  4.208          2908          3314
    103.202  TRK      restep                  4.318          2908          3317
    103.312  TRK      restep                  4.427          2908          3308
    103.421  TRK      restep                  4.537          2908          3336
    103.531  TRK      restep                  4.646          2908          3294
    103.640  TRK      restep                  4.756          2908          3299
    103.750  TRK      restep                  4.865          2908          3278
    103.859  TRK      restep                  4.975          2908          3292
    103.889  HANDOFF  restep                   2908          3309      -0.08026
    103.889  HO2      3864                       13     3.277e+04         -2292
    113.808  NEW      decrease            3.234e+04     3.244e+04      3.35e+04
    113.808  NEW      decrease            3.234e+04     3.244e+04      3.35e+04
    113.937  NEW      decrease                 7673     2.515e+04     2.719e+04
   真实 5s 电平 = 22498.306（事件前级 16103.703）
   +t(s)     原始      v6
     0.00  17665.842  16416.650
     0.10  19366.875  17967.322
     0.20  20242.793  20242.793
     0.30  20974.882  19794.123
     0.40  21410.994  20363.944
     0.50  21901.552  20870.433
     0.60  22034.966  21139.999
     0.70  22032.921  21253.338
     0.80  22083.298  21314.960
     0.90  22037.618  21314.960
     0.99  22069.691  21314.960
     1.09  22082.718  21314.960
     1.19  22101.376  21314.960
     1.29  22178.891  21314.960
     1.39  22187.905  21314.960
     1.49  22213.112  21314.960
     1.59  22211.816  21314.960
     1.69  22240.677  21314.960
     1.79  22266.046  21314.960
     1.89  22267.201  21314.960
     1.99  22261.208  21314.960
     2.09  22280.153  21314.960
     2.19  22245.114  21314.960
     2.29  22328.667  21314.960
     2.39  22347.526  21314.960
     2.49  22313.000  21314.960
     2.59  22353.721  21314.960
     2.69  22330.333  21314.960
     2.79  22433.475  21314.960
     2.89  22389.976  21314.960
     2.98  22382.000  21314.960
