================================================================================================================================
右拇指指尖/数据2 —— 卸载段   事件 4  撤销 0
      @    0.17s onset
      @   12.33s restep
      @  146.69s decrease
      @  159.26s decrease
      DBG     0.69 UNLOAD   onset                0.5173             0             0
      DBG    17.33 HANDOFF  onset                 16.01        -0.426       0.02661

--- 卸载前后：157.0~164.0s（每 0.1s）---
     t(s)        raw      v5-3s         v6    v6-raw   state      τ         kind     A.sum         g    c_app
   157.01      22.14      17.68      15.26     -6.88    slow    nan                  15.37    0.4026     0.00
   157.11      22.16      17.70      15.28     -6.89    slow    nan                  15.37    0.4029     0.00
   157.21      22.14      17.67      15.25     -6.89    slow    nan                  15.37    0.4031     0.00
   157.31      22.15      17.69      15.26     -6.89    slow    nan                  15.37    0.4035     0.00
   157.40      22.14      17.68      15.24     -6.90    slow    nan                  15.37    0.4037     0.00
   157.50      22.12      17.66      15.22     -6.90    slow    nan                  15.37    0.4039     0.00
   157.60      22.14      17.68      15.24     -6.91    slow    nan                  15.37    0.4042     0.00
   157.70      22.14      17.67      15.23     -6.91    slow    nan                  15.37    0.4044     0.00
   157.80      22.14      17.68      15.23     -6.91    slow    nan                  15.37    0.4047     0.00
   157.90      22.09      17.62      15.18     -6.92    slow    nan                  15.37    0.4048     0.00
   158.00      22.12      17.66      15.21     -6.92    slow    nan                  15.37    0.4050     0.00
   158.10      22.13      17.66      15.21     -6.92    slow    nan                  15.37    0.4052     0.00
   158.20      22.13      17.66      15.21     -6.92    slow    nan                  15.37    0.4054     0.00
   158.30      22.15      17.68      15.22     -6.93    slow    nan                  15.37    0.4056     0.00
   158.40      22.14      17.67      15.21     -6.93    slow    nan                  15.37    0.4058     0.00
   158.50      22.13      17.66      15.20     -6.93    slow    nan                  15.37    0.4060     0.00
   158.60      22.13      17.65      15.19     -6.94    slow    nan                  15.37    0.4061     0.00
   158.70      22.11      17.63      15.17     -6.94    slow    nan                  15.37    0.4063     0.00
   158.80      22.14      17.66      15.20     -6.94    slow    nan                  15.37    0.4065     0.00
   158.90      22.14      17.66      15.20     -6.94    slow    nan                  15.37    0.4067     0.00
   159.00      22.13      17.64      15.18     -6.95    slow    nan                  15.37    0.4068     0.00
   159.10      22.16      17.67      15.21     -6.95    slow    nan                  15.37    0.4069     0.00
   159.20      21.70      17.21      14.75     -6.95    slow    nan                  15.37    0.4071     0.00
   159.29      21.55      17.09      14.62     -6.93    slow    nan                  15.37    0.4060     0.00
   159.39      21.88      17.44      14.96     -6.92    slow    nan                  15.37    0.4056     0.00
   159.49      21.82      17.39      14.92     -6.91    slow    nan                  15.37    0.4050     0.00
   159.59       0.00       0.00       0.00      0.00    slow    nan                   0.00    0.0000     0.00
   159.69       0.02       0.00       0.02      0.00    slow    nan                   0.00    0.0000     0.00
   159.79       0.61       0.12       0.61      0.00    slow    nan                   0.00    0.0000     0.00
   159.89       0.53       0.08       0.53     -0.00    slow    nan                   0.00    0.0000     0.00
   159.99       0.88       0.13       0.88      0.00    slow    nan                   0.00    0.0000     0.00
   160.09       0.92       0.14       0.92     -0.00    slow    nan                   0.00    0.0000     0.00
   160.19       0.97       0.19       0.97      0.00    slow    nan                   0.00    0.0000     0.00
   160.29       1.00       0.18       1.00      0.00    slow    nan                   0.00    0.0000     0.00
   160.39       1.01       1.01       1.01      0.00    idle    nan                   0.00    0.0000     0.00
   160.49       0.99       0.99       0.99      0.00    idle    nan                   0.00    0.0000     0.00
   160.59       0.89       0.89       0.89     -0.00    idle    nan                   0.00    0.0000     0.00
   160.69       0.82       0.82       0.82      0.00    idle    nan                   0.00    0.0000     0.00
   160.79       0.74       0.74       0.74      0.00    idle    nan                   0.00    0.0000     0.00
   160.89       0.83       0.83       0.83     -0.00    idle    nan                   0.00    0.0000     0.00
   160.99       0.78       0.78       0.78     -0.00    idle    nan                   0.00    0.0000     0.00
   161.09       0.80       0.80       0.80      0.00    idle    nan                   0.00    0.0000     0.00
   161.19       0.81       0.81       0.81      0.00    idle    nan                   0.00    0.0000     0.00
   161.28       0.80       0.80       0.80      0.00    idle    nan                   0.00    0.0000     0.00
   161.38       0.80       0.80       0.80      0.00    idle    nan                   0.00    0.0000     0.00
   161.48       0.83       0.83       0.83     -0.00    idle    nan                   0.00    0.0000     0.00
   161.58       0.88       0.88       0.88      0.00    idle    nan                   0.00    0.0000     0.00
   161.68       0.92       0.92       0.92      0.00    idle    nan                   0.00    0.0000     0.00
   161.78       0.84       0.84       0.84      0.00    idle    nan                   0.00    0.0000     0.00
   161.88       0.83       0.83       0.83      0.00    idle    nan                   0.00    0.0000     0.00
   161.98       0.56       0.56       0.56      0.00    idle    nan                   0.00    0.0000     0.00
   162.08       0.40       0.40       0.40      0.00    idle    nan                   0.00    0.0000     0.00
   162.18       0.40       0.40       0.40      0.00    idle    nan                   0.00    0.0000     0.00
   162.28       0.43       0.43       0.43      0.00    idle    nan                   0.00    0.0000     0.00
   162.38       0.42       0.42       0.42      0.00    idle    nan                   0.00    0.0000     0.00
   162.48       0.44       0.44       0.44     -0.00    idle    nan                   0.00    0.0000     0.00
   162.58       0.51       0.51       0.51     -0.00    idle    nan                   0.00    0.0000     0.00
   162.68       0.57       0.57       0.57     -0.00    idle    nan                   0.00    0.0000     0.00
   162.78       0.72       0.72       0.72      0.00    idle    nan                   0.00    0.0000     0.00
   162.88       0.71       0.71       0.71      0.00    idle    nan                   0.00    0.0000     0.00
   162.98       0.59       0.59       0.59      0.00    idle    nan                   0.00    0.0000     0.00
   163.08       0.50       0.50       0.50      0.00    idle    nan                   0.00    0.0000     0.00
   163.17       0.64       0.64       0.64     -0.00    idle    nan                   0.00    0.0000     0.00
   163.27       0.62       0.62       0.62      0.00    idle    nan                   0.00    0.0000     0.00
   163.37       0.53       0.53       0.53      0.00    idle    nan                   0.00    0.0000     0.00
   163.47       0.59       0.59       0.59     -0.00    idle    nan                   0.00    0.0000     0.00
   163.57       0.69       0.69       0.69      0.00    idle    nan                   0.00    0.0000     0.00
   163.67       0.78       0.78       0.78      0.00    idle    nan                   0.00    0.0000     0.00
   163.77       0.80       0.80       0.80      0.00    idle    nan                   0.00    0.0000     0.00
   163.87       0.76       0.76       0.76      0.00    idle    nan                   0.00    0.0000     0.00
   163.97       0.93       0.93       0.93      0.00    idle    nan                   0.00    0.0000     0.00
================================================================================================================================
切换负载-快相无责 —— 175~185s   事件 21  撤销 1
      @   10.81s onset
      @   13.72s restep_reload
      @   13.87s restep_reload
      @   28.45s restep
      @   71.57s decrease
      @   75.04s restep
      @   75.59s restep_reload
      @  110.42s restep
      @  110.42s restep_reload
      @  129.38s decrease
      @  133.84s onset
      @  181.95s decrease
      @  185.98s onset
      @  202.62s decrease
      @  212.40s decrease
      @  213.13s restep
      @  217.51s restep_reload
      @  217.73s restep_reload
      @  233.28s restep
      @  240.72s restep
      @  249.61s decrease
      DBG    11.86 STALL    onset                 1.055          3481       0.01199
      DBG    18.88 HANDOFF  restep_reload         622.5        -280.3       0.05302
      DBG    29.50 STALL    onset                 1.055          6183       0.06685
      DBG    33.45 HANDOFF  onset                  6750        -473.4       0.03387
      DBG    80.60 HANDOFF  restep_reload     1.055e+04         -3044        0.1545
      DBG   115.42 HANDOFF  restep_reload          6121         -4776        0.2297
      DBG   138.84 HANDOFF  onset             2.843e+04          1328      -0.04284
      DBG   188.94 STALL    onset                 2.956     2.489e+04        0.1079
      DBG   190.99 HANDOFF  onset             2.518e+04        -2.985     0.0001087
      DBG   218.10 REVOKE   restep_reload        0.3683         982.7          2370
      DBG   238.28 HANDOFF  onset             1.611e+04          -458       0.02174
      DBG   245.73 HANDOFF  restep                 4996        -701.3       0.02576

--- 过充段：172.0~188.0s（每 0.25s）---
     t(s)        raw      v5-3s         v6    v6-raw   state      τ         kind     A.sum         g    c_app
   172.01   27926.55   27403.55   28810.59    884.04    slow    nan               28496.41   -0.0288     0.00
   172.26   27924.81   27398.25   28804.96    880.15    slow    nan               28496.41   -0.0287     0.00
   172.50   27930.00   27399.61   28805.97    875.97    slow    nan               28496.41   -0.0286     0.00
   172.75   27928.66   27394.39   28800.41    871.75    slow    nan               28496.41   -0.0284     0.00
   173.00   27935.28   27397.37   28803.06    867.78    slow    nan               28496.41   -0.0283     0.00
   173.25   27934.28   27393.94   28799.40    865.13    slow    nan               28496.41   -0.0282     0.00
   173.50   27932.83   27390.71   28796.00    863.17    slow    nan               28496.41   -0.0282     0.00
   173.75   27935.89   27330.91   28795.80    859.91    slow    nan               28496.41   -0.0280     0.00
   174.00   27938.75   27332.03   28795.86    857.11    slow    nan               28496.41   -0.0280     0.00
   174.25   27950.62   27341.18   28804.28    853.66    slow    nan               28496.41   -0.0278     0.00
   174.50   27955.20   27345.25   28806.76    851.57    slow    nan               28496.41   -0.0278     0.00
   174.74   27953.83   27341.36   28802.36    848.53    slow    nan               28496.41   -0.0277     0.00
   174.99   27962.87   27348.62   28808.64    845.76    slow    nan               28496.41   -0.0276     0.00
   175.24   27946.20   27329.82   28789.25    843.05    slow    nan               28496.41   -0.0275     0.00
   175.49   27950.34   27333.29   28791.96    841.63    slow    nan               28496.41   -0.0274     0.00
   175.74   27926.76   27309.27   28766.79    840.02    slow    nan               28496.41   -0.0274     0.00
   175.99   27949.49   27331.48   28788.26    838.77    slow    nan               28496.41   -0.0274     0.00
   176.24   27943.89   27325.87   28781.91    838.02    slow    nan               28496.41   -0.0273     0.00
   176.49   27947.64   27329.14   28784.68    837.04    slow    nan               28496.41   -0.0273     0.00
   176.73   27943.51   27325.22   28780.27    836.76    slow    nan               28496.41   -0.0273     0.00
   176.98   27957.70   27338.45   28793.37    835.68    slow    nan               28496.41   -0.0273     0.00
   177.23   27964.38   27342.80   28797.86    833.48    slow    nan               28496.41   -0.0272     0.00
   177.48   27963.91   27340.48   28795.60    831.69    slow    nan               28496.41   -0.0271     0.00
   177.73   27990.63   27363.97   28819.35    828.72    slow    nan               28496.41   -0.0270     0.00
   177.98   27973.55   27345.31   28800.56    827.01    slow    nan               28496.41   -0.0270     0.00
   178.23   27981.96   27353.34   28808.42    826.46    slow    nan               28496.41   -0.0270     0.00
   178.48   27986.91   27356.64   28811.72    824.81    slow    nan               28496.41   -0.0269     0.00
   178.73   27976.04   27344.54   28799.39    823.35    slow    nan               28496.41   -0.0269     0.00
   178.97   27994.46   27360.94   28815.57    821.11    slow    nan               28496.41   -0.0268     0.00
   179.22   27990.36   27355.40   28810.00    819.64    slow    nan               28496.41   -0.0267     0.00
   179.47   27995.50   27358.22   28812.78    817.27    slow    nan               28496.41   -0.0267     0.00
   179.72   27974.39   27334.98   28789.34    814.95    slow    nan               28496.41   -0.0266     0.00
   179.97   28007.19   27365.19   28819.43    812.24    slow    nan               28496.41   -0.0265     0.00
   180.22   28004.79   27360.31   28814.49    809.70    slow    nan               28496.41   -0.0264     0.00
   180.47   27997.00   27351.12   28805.05    808.05    slow    nan               28496.41   -0.0264     0.00
   180.72   28000.54   27350.72   28804.61    804.07    slow    nan               28496.41   -0.0262     0.00
   180.96   28070.44   27413.22   28867.88    797.44    slow    nan               28496.41   -0.0260     0.00
   181.21   28015.49   27356.86   28811.46    795.97    slow    nan               28496.41   -0.0260     0.00
   181.46   27412.50   26757.37   28210.29    797.79    slow    nan               28496.41   -0.0260     0.00
   181.71   28105.88   27437.89   28887.79    781.91    slow    nan               28496.41   -0.0255     0.00
   181.96   26744.16   25999.30   27467.23    723.07    slow    nan               28496.41   -0.0236     0.00
   182.21       0.00       0.00    1042.65   1042.65   event   0.26     decrease  28496.41   -0.0340  -307.61
   182.46      60.00       9.23     587.44    527.44    slow    nan                1075.78   -0.5337     0.00
   182.71      54.00       2.24     585.38    531.38    slow    nan                1075.78   -0.5709     0.00
   182.96      40.00      40.00      40.00      0.00    idle    nan                1075.78    0.0000     0.00
   183.20      48.00      48.00      48.00      0.00    idle    nan                1075.78    0.0000     0.00
   183.45      46.27      46.27      46.27      0.00    idle    nan                1075.78    0.0000     0.00
   183.70      49.01      49.01      49.01      0.00    idle    nan                1075.78    0.0000     0.00
   183.95      55.00      55.00      55.00      0.00    idle    nan                1075.78    0.0000     0.00
   184.20      56.00      56.00      56.00      0.00    idle    nan                1075.78    0.0000     0.00
   184.45      52.74      52.74      52.74      0.00    idle    nan                1075.78    0.0000     0.00
   184.70      50.18      50.18      50.18      0.00    idle    nan                1075.78    0.0000     0.00
   184.95      44.23      44.23      44.23      0.00    idle    nan                1075.78    0.0000     0.00
   185.19      59.04      59.04      59.04      0.00    idle    nan                1075.78    0.0000     0.00
   185.44      62.00      62.00      62.00      0.00    idle    nan                1075.78    0.0000     0.00
   185.69      46.04      46.04      46.04      0.00    idle    nan                1075.78    0.0000     0.00
   185.94      66.33      66.33      66.33      0.00    idle    nan                1075.78    0.0000     0.00
   186.19   21995.61   21995.61   21995.61      0.00   event   0.21        onset   1075.78    0.0000    -9.89
   186.44   24008.80   24008.80   26317.92   2309.11   event   0.46        onset   1075.78    0.0000  2309.11
   186.69   24173.33   24173.33   28096.78   3923.45   event   0.71        onset   1075.78    0.0000  3923.45
   186.94   24330.03   24330.03   27987.95   3657.91   event   0.96        onset   1075.78    0.0000  3657.91
   187.19   24530.28   24530.28   27987.95   3457.66   event   1.20        onset   1075.78    0.0000  3457.66
   187.43   24609.85   24609.85   27987.95   3378.09   event   1.45        onset   1075.78    0.0000  3378.09
   187.68   24681.63   24681.63   27987.95   3306.32   event   1.70        onset   1075.78    0.0000  3306.32
   187.93   24738.90   24738.90   27987.95   3249.05   event   1.95        onset   1075.78    0.0000  3249.05
