========================================================================================================
自识别单参数形状族（τc 由窗内数据自己定） + 窗内最小二乘定 A
误差 = Â / Z(5s) − 1（%）   格式：中位|误差| / p90|误差| / 最大|误差|
========================================================================================================

[onset] n=20
τ_d(s)                  0.30              0.50              0.75              1.00              1.50              2.00              5.00
中位|误差|                  14.4              12.0               7.4               6.7               5.2               3.8               1.1
p90|误差|                 62.0              22.0              13.9              11.5               9.4              10.4               3.4
最大|误差|                 137.0              25.2              19.5              17.4              16.0              15.5               5.6
τc 中位                   0.25              0.27              0.34              0.32              0.52              0.64              1.25
τc p10~p90    0.25~3.00         0.25~3.00         0.25~1.12         0.25~0.85         0.25~1.23         0.25~3.00         0.31~1.93     

[restep] n=32
τ_d(s)                  0.30              0.50              0.75              1.00              1.50              2.00              5.00
中位|误差|                   5.9               4.3               3.1               2.4               1.5               1.3               0.6
p90|误差|                125.3              82.6              70.7              45.4              12.7              12.8               6.8
最大|误差|                 279.9             250.9             261.6              99.9              99.8              99.8              92.1
τc 中位                   0.29              3.00              0.30              0.27              0.34              0.48              1.27
τc p10~p90    0.25~3.00         0.25~3.00         0.25~3.00         0.25~3.00         0.25~1.63         0.25~1.54         0.25~3.00     

逐事件（onset，τd=1.0s）：
      ds pos      t      jump  e_0.50  e_1.00  e_2.00  e_5.00  tc_1.00  tc_5.00
   右拇指_1 右拇指   8.23     14.16  -13.91    7.85   -2.95   -1.72     1.28     0.80
   右拇指_2 右拇指  12.34     16.43    7.47   10.35   -3.55   -1.16     3.00     1.81
   右拇指_3 右拇指  10.60     16.50   15.06   -2.83   -3.65    0.02     0.80     1.55
   左拇指_1 左拇指  11.69     15.28   20.65   -6.78   -4.96   -0.94     0.43     1.41
   左拇指_2 左拇指  14.89     16.13  -10.40   -6.42   -0.28   -0.55     0.58     1.37
   左拇指_3 左拇指  10.86     17.52   20.49   -6.42   -4.74   -0.54     0.53     1.41
    四指_1  四指  10.94     13.32   23.88  -12.24   -0.39    0.01     0.33     1.65
    四指_2  四指  11.02     14.70  -15.15   -8.83   -7.03   -3.24     0.60     1.32
    四指_3  四指  10.98     15.25   -7.57   -8.98   -7.00   -1.39     0.25     1.17
    切换负载  变化  10.85  4,166.00  -18.17  -17.42  -15.48   -5.60     0.25     3.00
    切换负载  变化  13.73    957.50  -21.83  -11.12   -3.84   -0.87     0.25     3.00
    切换负载  变化 133.84 27,106.00   13.61    1.56   -1.48   -0.96     0.25     0.25
    切换负载  变化 185.98 25,208.50   25.16   -3.09   -2.23   -0.70     0.31     0.80
     再切换  变化  11.79 14,391.00   -7.99   -5.34   10.41    1.45     0.48     0.85
     再切换  变化  35.93 21,608.00    0.04   -2.94   -3.75   -1.74     0.25     0.31
     再切换  变化  57.28 25,174.00   -4.00   -5.16   -4.51   -1.01     0.25     0.71
中途1d9493  变化  10.80 17,719.00   -6.44  -11.41  -10.40   -5.18     0.25     0.58
中途1d9493  变化  39.04 26,613.00   -6.97   -6.80   -3.63   -1.19     0.29     0.85
中途13ffca  变化   8.41 15,383.00   -9.31   -6.64   -8.46   -1.05     0.64     1.65
中途13ffca  变化  87.80 27,823.00    4.40   -2.16   -3.38   -1.74     0.25     0.25

逐事件（restep，τd=1.0s）：
      ds pos      t       pre      jump  e_1.00  e_2.00  tc_1.00
   右拇指_1 右拇指  13.56     14.68      1.16   -2.23   -1.02     0.40
   右拇指_1 右拇指  65.00     17.68      0.49    0.62   -0.09     3.00
   右拇指_1 右拇指  93.36     19.19      0.51    2.17   -0.12     3.00
   右拇指_2 右拇指  15.77     15.80      1.54   -4.83   -1.80     0.29
   右拇指_2 右拇指  25.49     17.66      0.57   -1.30   -1.09     0.25
   右拇指_2 右拇指 146.72     20.91      1.11   -6.73   -0.72     0.25
   右拇指_3 右拇指  22.38     17.44      0.77   -1.32   -1.00     0.55
   右拇指_3 右拇指  67.70     19.73      0.83   -0.76   -0.46     0.25
   左拇指_1 左拇指  15.13     14.77      1.02   -2.64   -3.03     0.64
   左拇指_1 左拇指  20.83     15.78      0.67   -0.87   -0.23     0.85
   左拇指_2 左拇指  23.60     16.39      0.52   -1.29   -1.31     0.25
    四指_1  四指  16.59     13.40      0.67   -0.49   -1.91     2.65
    四指_1  四指  25.91     14.24      0.84   -3.03   -0.48     3.00
    四指_2  四指  15.12     13.97      1.40    4.15   -2.13     3.00
    四指_3  四指  14.01     14.48      1.36   -3.19   -3.17     0.57
    切换负载  变化  28.48  4,824.50  6,795.50    5.00   -0.68     0.25
    切换负载  变化  71.61 12,310.00  3,910.50  -71.36  -68.30     0.25
    切换负载  变化  75.80  5,488.00 12,630.50    1.34   -4.65     0.40
    切换负载  变化 110.53 19,387.50  6,464.50   -0.02   -0.50     0.25
    切换负载  变化 218.16  5,767.00  6,135.00   -5.58   -3.15     0.25
    切换负载  变化 230.43 12,150.00  7,749.00  -78.24  -75.29     0.25
    切换负载  变化 232.96  5,195.00 15,101.00   49.04   -0.24     0.78
    切换负载  变化 240.70 20,427.00  5,257.00   -1.89   -1.74     0.25
     再切换  变化  31.20 15,997.00  2,363.00  -99.86  -99.85     0.25
     再切换  变化  43.61 21,715.00    867.00   -0.48   -0.40     0.25
中途1d9493  变化  20.71 18,579.00  7,044.00   -5.70   -4.44     0.25
中途13ffca  变化  18.72 16,107.50  6,409.50   -0.90   -1.21     0.25
中途13ffca  变化  27.62 19,388.50  4,748.50   -0.82   -0.86     0.25
中途13ffca  变化  58.25 20,940.00  3,265.00  -13.01  -13.32     3.00
中途13ffca  变化  61.13 20,982.00  3,445.00    0.00   -1.41     1.65
中途13ffca  变化  99.73 29,458.00  2,398.00   -9.01   -8.24     0.25
中途13ffca  变化 104.14 29,465.00  2,719.00    4.29    0.05     3.00
