样本：恒载 onset 9 组，实录 onset 11 个

τ(s)      :   0.05   0.10   0.15   0.20   0.30   0.40   0.50   0.75   1.00   1.50   2.00   3.00   5.00
恒载 逐组 :
   #1     :  0.435  0.666  0.737  0.764  0.802  0.814  0.846  0.870  0.919  0.940  0.953  0.963  0.998
   #2     :  0.674  0.714  0.763  0.792  0.791  0.812  0.835  0.855  0.879  0.903  0.930  0.945  0.999
   #3     :  0.743  0.796  0.824  0.858  0.848  0.880  0.901  0.915  0.927  0.937  0.962  0.978  1.000
   #4     :  0.785  0.816  0.833  0.847  0.869  0.861  0.890  0.907  0.919  0.935  0.949  0.967  1.000
   #5     :  0.778  0.821  0.833  0.851  0.865  0.881  0.886  0.903  0.914  0.942  0.963  0.978  1.000
   #6     :  0.802  0.822  0.832  0.837  0.849  0.869  0.878  0.901  0.912  0.933  0.949  0.979  1.001
   #7     :  0.751  0.794  0.800  0.797  0.814  0.833  0.845  0.861  0.871  0.922  0.939  0.976  1.000
   #8     :  0.668  0.681  0.776  0.780  0.802  0.809  0.832  0.846  0.878  0.904  0.922  0.939  0.999
   #9     :  0.704  0.748  0.797  0.804  0.870  0.878  0.875  0.891  0.909  0.926  0.937  0.960  1.000
恒载 中位 :  0.743  0.794  0.800  0.804  0.848  0.861  0.875  0.891  0.912  0.933  0.949  0.967  1.000
恒载 极差 :  0.367  0.155  0.096  0.094  0.079  0.072  0.070  0.069  0.056  0.039  0.042  0.039  0.003
实录 中位 :  0.604  0.594  0.649  0.774  0.821  0.888  0.901  0.919  0.933  0.953  0.964  0.983  0.999
实录 极差 :  0.808  0.861  0.878  0.404  0.938  0.888  0.424  0.415  0.364  0.321  0.355  0.216  0.011

====================================================================================================
单点反演 Â = Z(τ_d)/f̄(τ_d)（f̄ 用恒载 9 组中位形状）  误差 = Â/Z(5s) − 1（%）
====================================================================================================

[恒载 onset（形状库自域，含自身→乐观上界）] n=9
τ_d(s)       0.15     0.20     0.30     0.40     0.50     0.75     1.00     1.50     2.00
中位            0.0      0.0      0.0      0.0      0.0      0.0      0.0      0.0      0.0
p10          -5.3     -3.3     -5.7     -5.8     -4.7     -4.2     -3.9     -3.1     -2.2
p90           4.1      6.1      2.5      2.2      1.9      2.0      1.0      0.8      1.4
max|·|        7.9      6.8      6.8      6.1      5.0      5.0      4.4      3.2      2.9

[实录 onset（跨域）] n=11
τ_d(s)       0.15     0.20     0.30     0.40     0.50     0.75     1.00     1.50     2.00
中位          -18.9     -3.7     -3.2      3.2      2.9      3.1      2.4      2.2      1.6
p10         -49.5    -27.6    -14.3     -6.0     -6.3     -6.9     -9.1    -11.7    -11.6
p90           8.4      7.3      5.0      5.2      6.7      6.6      5.5      3.7      3.2
max|·|       96.9     36.6     99.9     93.1     40.1     39.1     34.2     30.0     28.3

[恒载 onset 留一] n=9
τ_d(s)       0.15     0.20     0.30     0.40     0.50     0.75     1.00     1.50     2.00
中位           -1.3     -1.6      2.0      1.1      1.6      0.7      0.0      0.2      0.6
p10          -6.7     -5.3     -5.7     -6.2     -4.8     -4.7     -4.0     -3.2     -2.2
p90           4.2      6.6      4.6      3.9      3.7      3.2      1.2      1.2      1.9
max|·|        9.2      7.2      6.8      6.6      5.1      5.5      4.6      3.4      2.9
