================================================================================================================
切换负载-快相无责  峰值 29537  v6 事件 29  A_peak 3462
      @  10.80s onset
      @  13.71s restep_reload
      @  13.82s restep_reload
      @  28.44s restep
      @  71.56s decrease
      @  71.56s decrease
      @  75.10s restep
      @  75.58s restep_reload
      @ 110.41s restep
      @ 110.41s restep_reload
      @ 129.37s decrease
      @ 129.37s decrease
      @ 133.83s onset
      @ 181.94s decrease
      @ 181.94s decrease
      @ 185.97s onset
      @ 202.61s decrease
      @ 212.39s decrease
      @ 212.41s decrease
      @ 213.02s restep
      @ 217.71s restep_reload
      @ 217.88s restep
      @ 230.02s decrease
      @ 230.53s decrease
      @ 232.63s decrease
      @ 233.27s restep
      @ 240.53s restep
      @ 249.60s decrease
      @ 249.60s decrease
   v5-3s 最大偏差 2672 @ t=129.33s  (raw 26440 / 显示 23628)
   v6 最大偏差 3834 @ t=186.57s  (raw 24110 / 显示 27943)
   t(s)      raw     v5-3s       v6   |  v6事件
       8.0        78        77        77   | 
      12.0      3566      3550      4082   | 11:onset 14:restep 14:restep
      16.0      4254      4265      4695   | 
      20.0      4610      4330      4686   | 
      24.0      4683      4278      4647   | 
      28.0      4802      4326      4634   | 28:restep
      32.0     11433     10847     11416   | 
      36.0     11749     11080     11654   | 
      40.0     11902     10983     11653   | 
      44.0     11966     10919     11542   | 
      48.0     12030     10948     11620   | 
      52.0     12088     10905     11612   | 
      56.0     12095     10851     11625   | 
      60.0     12138     10879     11663   | 
      64.0     12241     11022     11808   | 
      68.0     12265     11052     11904   | 
      72.0      5339      4226      5380   | 72:decrea 72:decrea
      76.0      5274      8586      9620   | 75:restep 76:restep
      80.0     17909     16943     16094   | 
      84.0     18411     17480     17670   | 
      88.0     18661     17405     18160   | 
      92.0     18842     17260     18199   | 
      96.0     19043     17163     18250   | 
     100.0     19237     17219     18383   | 
     104.0     19288     17108     18371   | 
     108.0     19358     17078     18346   | 
     112.0     25619     23224     24498   | 110:restep 110:restep
     116.0     25916     23595     24526   | 
     120.0     26158     23642     25739   | 
     124.0     26235     23623     25993   | 
     128.0     26336     23710     26067   | 129:decrea 129:decrea
     132.0        61        61        61   | 134:onset
================================================================================================================
中途切换-1d9493  峰值 27918  v6 事件 8  A_peak 3250
      @  10.63s onset
      @  20.36s restep
      @  20.68s restep_reload
      @  30.68s decrease
      @  30.68s decrease
      @  39.04s onset
      @  60.78s decrease
      @  60.78s decrease
   v5-3s 最大偏差 1827 @ t=30.61s  (raw 26254 / 显示 24340)
   v6 最大偏差 3731 @ t=39.65s  (raw 24229 / 显示 27952)
   t(s)      raw     v5-3s       v6   |  v6事件
       8.0        67        67        67   | 
      12.0     15769     15772     15356   | 11:onset
      16.0     17875     17875     17293   | 
      20.0     18593     17945     18192   | 20:restep 21:restep
      24.0     25190     24181     23845   | 
      28.0     25932     24432     25240   | 
      32.0        43        45        45   | 31:decrea 31:decrea
      36.0        52        52        52   | 
      40.0     24811     24799     27966   | 39:onset
      44.0     26619     26615     27966   | 
      48.0     27120     26946     27251   | 
      52.0     27386     27022     27148   | 
      56.0     27571     26842     27383   | 
      60.0     27721     26698     27447   | 61:decrea 61:decrea
