============================================================================================================
样本：恒载 onset 6，实录 onset 6，恒载 restep 9，实录 restep 7
口径：Â = Z(0.2s) + Σ_{τ∈[τ_d,τ_d+0.6]}(Z(τ)−Z(0.2s))·f(τ)/Σf(τ)²，误差 = Â/Z(5s)−1 (%)
格式：中位|误差| / 最大|误差|
============================================================================================================
实验                                          0.30          0.50          0.75          1.00          1.50
F1a 恒载库→恒载 onset(留一)                  1.9/   6.9    1.5/   5.4    1.0/   3.6    0.5/   2.1    0.8/   1.8
F1b 恒载库→实录 onset(跨域)                 31.4/  73.9   23.7/  56.3   18.4/  42.7   13.0/  30.9    7.6/  18.0
F1c 实录库→实录 onset(自域)                  5.0/  12.1    4.1/  10.9    3.1/   8.5    1.9/   7.2    1.3/   4.4

F2 留出右拇指（训练其余 4 组→测试 2 组）             4.7/   7.0    3.3/   5.6    2.3/   3.7    1.8/   2.1    1.0/   1.2
F2 留出左拇指（训练其余 4 组→测试 2 组）             1.7/   2.7    1.2/   2.0    0.6/   1.1    0.3/   0.5    0.5/   1.0
F2 留出四指（训练其余 4 组→测试 2 组）              1.8/   2.4    2.0/   3.2    1.5/   2.6    0.7/   0.9    1.2/   2.2

F3a onset 库→onset（同域基准）               7.4/  41.4    6.3/  33.3    5.4/  25.9    3.8/  19.6    2.3/  12.2
F3b onset 库→restep（跨工况）               1.9/  85.3    1.5/  80.3    1.1/  77.0    0.8/  74.6    0.6/  71.4
F3c restep 库→restep（同工况）              1.8/  84.4    1.6/  81.1    1.1/  77.4    0.8/  74.9    0.6/  72.4

形状库（尾巴，相对 Z(0.2s)，末端=1）：
τ(s)     :    0.00    0.17    0.33    0.50    0.67    0.83    1.00    1.17    1.33    1.50    1.67    1.83    2.00    2.17    2.33    2.50    2.67    2.83    3.00    3.17    3.33    3.50    3.67    3.83    4.00    4.17    4.33    4.50    4.67    4.83    5.00
onset(恒):  -4.460  -0.037   0.106   0.248   0.308   0.390   0.437   0.463   0.535   0.594   0.633   0.667   0.691   0.747   0.733   0.750   0.796   0.825   0.856   0.862   0.878   0.897   0.908   0.918   0.927   0.924   0.947   0.951   0.976   0.992   1.000
onset(实):  -2.478  -0.336   0.479   0.616   0.671   0.707   0.743   0.770   0.788   0.802   0.829   0.836   0.900   0.909   0.913   0.931   0.936   0.948   0.953   0.956   0.950   0.955   0.967   0.970   0.974   0.976   0.978   0.986   0.991   0.996   1.000
restep   :  -0.336  -0.001   0.212   0.386   0.516   0.526   0.502   0.549   0.657   0.622   0.719   0.706   0.741   0.811   0.783   0.827   0.793   0.821   0.855   0.869   0.888   0.910   0.923   0.913   0.958   0.960   0.958   0.965   0.988   0.984   1.000
