=== 右拇指/数据2 全程（每 5 s）===
      t      raw    v5-3s       v6   v5-raw   v6-raw
   12.0     0.33     0.33     0.33     0.00     0.00
   17.0    16.66    16.66    16.30    -0.00    -0.36
   22.0    17.52    16.92    16.41    -0.60    -1.11
   27.0    18.06    16.82    16.38    -1.25    -1.68
   32.0    18.31    16.66    16.19    -1.65    -2.12
   37.0    18.44    16.48    16.06    -1.96    -2.38
   42.0    18.56    16.67    16.20    -1.89    -2.36
   47.0    18.64    16.64    16.17    -2.00    -2.47
   52.0    18.77    16.59    16.18    -2.17    -2.59
   57.0    18.93    16.64    16.20    -2.28    -2.72
   62.0    19.18    16.72    16.25    -2.46    -2.93
   67.0    19.31    16.64    16.13    -2.67    -3.18
   72.0    19.69    16.56    16.06    -3.14    -3.63
   77.0    19.78    16.48    16.01    -3.30    -3.77
   82.0    19.76    16.44    15.97    -3.32    -3.79
   87.0    19.94    16.63    16.22    -3.31    -3.72
   92.0    19.83    16.45    16.05    -3.38    -3.78
   97.0    20.06    16.52    16.14    -3.54    -3.92
  102.0    20.11    16.54    16.08    -3.57    -4.03
  107.0    20.33    16.73    16.22    -3.60    -4.10
  112.0    20.50    16.69    16.23    -3.81    -4.27
  117.0    20.55    16.43    16.05    -4.12    -4.50
  122.0    20.61    16.30    15.93    -4.32    -4.69
  127.0    20.65    16.32    15.95    -4.32    -4.69
  132.0    20.70    16.35    15.98    -4.35    -4.72
  137.0    20.74    16.40    16.03    -4.34    -4.72
  142.0    20.76    16.43    16.04    -4.33    -4.72
  147.0    21.25    16.90    16.48    -4.36    -4.77
  152.0    22.02    17.74    15.69    -4.28    -6.33
  157.0    22.14    17.68    15.26    -4.46    -6.88

=== 卸载逐帧 159.25~160.05（每帧）===
        t      raw    v5-3s       v6
  159.255   21.942   17.470   15.002
  159.265   21.298   16.829   14.361
  159.275   21.155   16.691   14.222
  159.285   21.363   16.902   14.434
  159.295   21.552   17.094   14.624
  159.305   21.740   17.285   14.814
  159.315   22.005   17.551   15.079
  159.325   21.924   17.472   14.998
  159.335   21.814   17.363   14.888
  159.345   21.808   17.360   14.884
  159.354   21.803   17.357   14.880
  159.364   21.937   17.492   15.014
  159.374   21.928   17.483   15.006
  159.384   21.909   17.465   14.987
  159.394   21.884   17.441   14.964
  159.404   22.046   17.603   15.126
  159.414   21.972   17.530   15.053
  159.424   21.969   17.526   15.050
  159.434   21.986   17.544   15.068
  159.444   22.025   17.585   15.108
  159.454   21.685   17.246   14.769
  159.464   21.863   17.426   14.948
  159.474   21.850   17.415   14.937
  159.484   21.837   17.404   14.926
  159.494   21.824   17.392   14.915
  159.504    6.877    3.579    2.454
  159.514    0.010    0.000    0.000
  159.524    0.010    0.000    0.000
  159.534    0.011    0.000    0.000
  159.544    0.011    0.000    0.000
  159.553    0.000    0.000    0.000
  159.563    0.000    0.000    0.000
  159.573    0.000    0.000    0.000
  159.583    0.000    0.000    0.000
  159.593    0.000    0.000    0.000
  159.603    0.006    0.000    0.006
  159.613    0.012    0.000    0.012
  159.623    0.005    0.000    0.005
  159.633    0.000    0.000    0.000
  159.643    0.000    0.000    0.000
  159.653    0.005    0.000    0.005
  159.663    0.026    0.000    0.026
  159.673    0.035    0.000    0.035
  159.683    0.027    0.000    0.027
  159.693    0.018    0.000    0.018
  159.703    0.023    0.000    0.023
  159.713    0.307    0.000    0.307
  159.723    0.460    0.047    0.460
  159.733    0.574    0.109    0.574
  159.742    0.603    0.126    0.603
  159.752    0.643    0.094    0.643
  159.762    0.692    0.117    0.692
  159.772    0.773    0.157    0.773
  159.782    0.608    0.118    0.608
  159.792    0.607    0.117    0.607
  159.802    0.719    0.147    0.719
  159.812    0.670    0.104    0.670
  159.822    0.754    0.133    0.754
  159.832    0.778    0.132    0.778
  159.842    0.777    0.141    0.777
  159.852    0.756    0.125    0.756
  159.862    0.708    0.101    0.708
  159.872    0.690    0.097    0.690
  159.882    0.556    0.089    0.556
  159.892    0.535    0.078    0.535
  159.902    0.565    0.075    0.565
  159.912    0.553    0.087    0.553
  159.922    0.685    0.100    0.685
  159.931    0.801    0.126    0.801
  159.941    0.778    0.112    0.778
  159.951    0.767    0.102    0.767
  159.961    0.756    0.093    0.756
  159.971    0.715    0.089    0.715
  159.981    0.814    0.112    0.814
  159.991    0.875    0.132    0.875
  160.001    0.866    0.135    0.866
  160.011    0.818    0.127    0.818
  160.021    0.896    0.172    0.896
  160.031    0.934    0.183    0.934
  160.041    0.918    0.180    0.918

=== v6 相对原始的单帧变化最大处（全程 top10，|Δv6−Δraw|）===
  t= 159.50  raw      6.88->     0.01  v6      2.45->     0.00  超额     4.41
  t= 159.49  raw     21.82->     6.88  v6     14.92->     2.45  超额     2.49
  t=  12.95  raw     14.34->    14.21  v6     16.30->    16.29  超额     0.13
  t=  12.93  raw     14.27->    14.48  v6     16.24->    16.32  超额     0.13
  t=  13.05  raw     14.22->    14.37  v6     16.30->    16.32  超额     0.13
  t=  12.82  raw     14.13->    14.01  v6     15.59->    15.60  超额     0.13
  t=  13.11  raw     14.38->    14.52  v6     16.30->    16.31  超额     0.13
  t=  13.91  raw     14.98->    15.26  v6     16.19->    16.35  超额     0.13
  t=  14.05  raw     15.44->    15.65  v6     16.30->    16.38  超额     0.13
  t=  13.98  raw     15.29->    15.49  v6     16.30->    16.37  超额     0.13
