
====================================================================================================
### 四指指腹   现役默认 score=341.0  →  最优 score=26.82
    最优参数偏离默认的项：r_fast=0.01、r_slow_max=0.35、slope_gate_frac=0.5、slope_cap_frac=0.04、tau_slope_s=0.5、edge_slope_thres=60、slow_confirm_s=5、soft_unfreeze_s=2、tau_c_fast_s=20、tau_r_slow_idle_s=0.5、tau_r_fast_s=2、hold_eps=2、idle_frac=0.02、ramp_slope_min=2

  会话           参数           残漂%     过扣%    末30s%     扣除%     末残ADC    蠕变ADC │   raw残漂%    raw扣除%
  d1/6a679f    现役         -75.6    86.1    -0.39   175.6    -398.7      527 │    -75.5     175.5
  d1/6a679f    最优          13.7    -2.9    -0.30    86.3      72.4      527 │     13.7      86.3
  d1/5ce2c4    现役        -188.3   221.8     0.35   288.3    -485.0      258 │   -188.2     288.2
  d1/5ce2c4    最优          -2.2    34.1    -0.01   102.2      -5.6      258 │     -2.3     102.3
  d2/857759    现役        -107.6   118.8    -0.95   207.6   -1549.4     1440 │   -107.8     207.8
  d2/857759    最优          -1.1    14.4    -0.01   101.1     -16.4     1440 │     -1.4     101.4
  d2/8e127e    现役         -67.9    74.3    -0.55   167.9   -1195.4     1761 │    -68.2     168.2
  d2/8e127e    最优          32.4   -24.7    -0.66    67.6     569.8     1761 │     32.1      67.9
  （残漂/过扣/末30s 均以「本该扣掉的蠕变」为分母；扣除% = 实际扣掉 / 真实蠕变）

  一维扫描里最有效的单参数改动（top6，score 越小越好；现役 341.0）：
    r_fast=0                               score=   69.75  （相对现役  -271.22）
    r_fast=0.02                            score=  141.24  （相对现役  -199.73）
    r_fast=0.04                            score=  242.15  （相对现役   -98.82）
    slow_confirm_s=10                      score=  247.61  （相对现役   -93.36）
    r_slow_max=0.02                        score=  258.27  （相对现役   -82.70）
    slope_cap_frac=0.002                   score=  259.17  （相对现役   -81.80）

====================================================================================================
### 右拇指指腹   现役默认 score=138.6  →  最优 score=90.93
    最优参数偏离默认的项：r_fast=0.1、r_slow_max=0.6、slope_gate_frac=0.2、slope_cap_frac=0.04、tau_slope_s=3、edge_slope_thres=150、slow_confirm_s=0、soft_unfreeze_s=4、tau_c_fast_s=4、tau_r_slow_idle_s=30、tau_r_fast_s=2、hold_eps=8、idle_frac=0.1、ramp_slope_min=2

  会话           参数           残漂%     过扣%    末30s%     扣除%     末残ADC    蠕变ADC │   raw残漂%    raw扣除%
  d1           现役          84.3   -34.3     2.37    15.7    1902.4     2258 │     84.6      15.4
  d1           最优          55.3   -26.8     2.73    44.7    1248.6     2258 │     55.0      45.0
  d2           现役          93.7   -29.4    96.92     6.3     891.7      951 │     93.9       6.1
  d2           最优          64.5   -26.1    59.31    35.5     613.8      951 │     63.7      36.3
  （残漂/过扣/末30s 均以「本该扣掉的蠕变」为分母；扣除% = 实际扣掉 / 真实蠕变）

  一维扫描里最有效的单参数改动（top6，score 越小越好；现役 138.6）：
    tau_slope_s=3                          score=  126.87  （相对现役   -11.78）
    r_fast=0.16                            score=  127.58  （相对现役   -11.07）
    slope_cap_frac=0.04                    score=  129.06  （相对现役    -9.59）
    tau_slope_s=2                          score=  131.53  （相对现役    -7.12）
    slope_gate_frac=0.2                    score=  133.13  （相对现役    -5.52）
    slope_cap_frac=0.02                    score=  133.21  （相对现役    -5.44）

====================================================================================================
### 左拇指指腹   现役默认 score=83.6  →  最优 score=63.77
    最优参数偏离默认的项：r_fast=0.1、r_slow_max=0.6、slope_gate_frac=5、slope_cap_frac=0.04、tau_slope_s=0.5、slow_confirm_s=0、soft_unfreeze_s=2、tau_c_fast_s=2、tau_r_slow_idle_s=30、tau_r_fast_s=2、hold_eps=0、idle_frac=0.1

  会话           参数           残漂%     过扣%    末30s%     扣除%     末残ADC    蠕变ADC │   raw残漂%    raw扣除%
  d1           现役          82.2   -22.6     1.81    17.8    1882.8     2290 │     82.2      17.8
  d1           最优          63.2   -18.0     1.81    36.8    1446.3     2290 │     63.4      36.6
  d2           现役          81.0   -26.7     2.04    19.0    1314.8     1622 │     81.1      18.9
  d2           最优          62.0   -21.3     0.53    38.0    1006.4     1622 │     61.4      38.6
  （残漂/过扣/末30s 均以「本该扣掉的蠕变」为分母；扣除% = 实际扣掉 / 真实蠕变）

  一维扫描里最有效的单参数改动（top6，score 越小越好；现役 83.6）：
    r_fast=0.16                            score=   77.04  （相对现役    -6.52）
    tau_slope_s=3                          score=   77.09  （相对现役    -6.47）
    slope_cap_frac=0.04                    score=   77.59  （相对现役    -5.97）
    tau_slope_s=2                          score=   78.10  （相对现役    -5.46）
    slope_cap_frac=0.02                    score=   79.02  （相对现役    -4.54）
    slope_gate_frac=0.2                    score=   79.88  （相对现役    -3.68）

====================================================================================================
### 右手掌   现役默认 score=91.8  →  最优 score=67.12
    最优参数偏离默认的项：r_fast=0.1、r_slow_max=0.6、slope_gate_frac=5、slope_cap_frac=0.04、tau_slope_s=1、edge_slope_thres=20、slow_confirm_s=0、soft_unfreeze_s=2、tau_c_fast_s=2、tau_r_slow_idle_s=30、tau_r_fast_s=2、hold_eps=0、idle_frac=0.1、ramp_slope_min=0

  会话           参数           残漂%     过扣%    末30s%     扣除%     末残ADC    蠕变ADC │   raw残漂%    raw扣除%
  d1/A         现役          85.7   -13.0     4.34    14.3    1307.7     1525 │     85.7      14.3
  d1/A         最优          60.8    -7.3     2.34    39.2     928.0     1525 │     60.4      39.6
  d1/B         现役          86.4   -12.9     8.89    13.6     976.0     1130 │     86.2      13.8
  d1/B         最优          60.3    -7.1     7.37    39.7     681.6     1130 │     59.5      40.5
  d2/A         现役          85.9   -14.4     4.80    14.1     813.8      948 │     85.6      14.4
  d2/A         最优          61.6    -8.7     3.87    38.4     584.3      948 │     61.4      38.6
  d2/B         现役          87.7   -23.1     3.70    12.3    1452.8     1657 │     87.6      12.4
  d2/B         最优          67.6   -18.3     4.56    32.4    1119.9     1657 │     66.8      33.2
  （残漂/过扣/末30s 均以「本该扣掉的蠕变」为分母；扣除% = 实际扣掉 / 真实蠕变）

  一维扫描里最有效的单参数改动（top6，score 越小越好；现役 91.8）：
    tau_slope_s=3                          score=   81.54  （相对现役   -10.29）
    tau_slope_s=2                          score=   83.59  （相对现役    -8.25）
    slope_cap_frac=0.04                    score=   83.93  （相对现役    -7.91）
    r_fast=0.16                            score=   84.81  （相对现役    -7.03）
    slope_gate_frac=0.2                    score=   85.51  （相对现役    -6.33）
    slope_cap_frac=0.02                    score=   86.07  （相对现役    -5.77）

====================================================================================================
### 左手掌   现役默认 score=94.0  →  最优 score=66.67
    最优参数偏离默认的项：r_fast=0.1、r_slow_max=0.6、slope_gate_frac=5、slope_cap_frac=0.04、tau_slope_s=2、edge_slope_thres=10、slow_confirm_s=0、soft_unfreeze_s=2、tau_c_fast_s=2、tau_r_slow_idle_s=30、tau_r_fast_s=2、hold_eps=0.5、idle_frac=0.1、ramp_slope_min=2

  会话           参数           残漂%     过扣%    末30s%     扣除%     末残ADC    蠕变ADC │   raw残漂%    raw扣除%
  d1/A         现役          91.1   -29.6    13.72     8.9    1035.1     1136 │     91.0       9.0
  d1/A         最优          62.9   -22.5     7.96    37.1     714.5     1136 │     61.8      38.2
  d1/B         现役          87.6   -21.4    -1.43    12.4     345.0      394 │     87.8      12.2
  d1/B         最优          61.9   -14.0    -0.07    38.1     244.1      394 │     61.5      38.5
  d2/A         现役          88.7   -17.3     2.48    11.3     792.9      894 │     88.5      11.5
  d2/A         最优          66.8   -11.3     0.47    33.2     597.4      894 │     65.5      34.5
  d2/B         现役          88.8   -24.4     2.26    11.2     536.0      603 │     88.5      11.5
  d2/B         最优          65.4   -17.6     1.15    34.6     394.6      603 │     65.8      34.2
  （残漂/过扣/末30s 均以「本该扣掉的蠕变」为分母；扣除% = 实际扣掉 / 真实蠕变）

  一维扫描里最有效的单参数改动（top6，score 越小越好；现役 94.0）：
    tau_slope_s=3                          score=   83.05  （相对现役   -10.96）
    slope_cap_frac=0.04                    score=   85.61  （相对现役    -8.41）
    r_fast=0.16                            score=   86.30  （相对现役    -7.71）
    tau_slope_s=2                          score=   87.20  （相对现役    -6.82）
    slope_gate_frac=0.2                    score=   89.01  （相对现役    -5.01）
    slope_cap_frac=0.02                    score=   89.39  （相对现役    -4.63）

写出 D:\workshop\文档\v2.7 - 抗蠕变补偿算法\v3.4\sensor_tune\out\05_report.json / 05_report.txt
