等价性检查（e_floor=1）：max|Δ| = 0.000e+00 ADC

传感器          变体                                     扣除%     残漂%     过扣%
四指指腹         现役默认                                 209.9  -109.9   125.5
四指指腹         e_floor=1 + 放宽 r_slow_max=5 (旧口径)    209.9  -109.9   125.5
四指指腹         仅 e_floor=20 (r 仍 0.35)              210.0  -110.0   125.5
四指指腹         仅 e_floor=100                        209.9  -109.9   126.0
四指指腹         e_floor=100 + r_slow_max=1           209.9  -109.9   126.0
四指指腹         e_floor=100 + r_slow_max=3           209.9  -109.9   126.0
四指指腹         e_floor=50 + r_slow_max=3 + cap=0.05   222.1  -122.1   138.0

右拇指指腹        现役默认                                  10.8    89.2   -31.8
右拇指指腹        e_floor=1 + 放宽 r_slow_max=5 (旧口径)     10.8    89.2   -31.8
右拇指指腹        仅 e_floor=20 (r 仍 0.35)               10.9    89.1   -31.7
右拇指指腹        仅 e_floor=100                         21.4    78.6   -30.8
右拇指指腹        e_floor=100 + r_slow_max=1            21.4    78.6   -30.8
右拇指指腹        e_floor=100 + r_slow_max=3            21.4    78.6   -30.8
右拇指指腹        e_floor=50 + r_slow_max=3 + cap=0.05    26.9    73.1   -30.5

左拇指指腹        现役默认                                  18.4    81.6   -24.6
左拇指指腹        e_floor=1 + 放宽 r_slow_max=5 (旧口径)     18.4    81.6   -24.6
左拇指指腹        仅 e_floor=20 (r 仍 0.35)               18.6    81.4   -24.6
左拇指指腹        仅 e_floor=100                         32.6    67.4   -24.1
左拇指指腹        e_floor=100 + r_slow_max=1            32.7    67.3   -24.1
左拇指指腹        e_floor=100 + r_slow_max=3            32.7    67.3   -24.1
左拇指指腹        e_floor=50 + r_slow_max=3 + cap=0.05    48.0    52.0   -24.0

右手掌          现役默认                                  13.7    86.3   -15.9
右手掌          e_floor=1 + 放宽 r_slow_max=5 (旧口径)     14.0    86.0   -15.9
右手掌          仅 e_floor=20 (r 仍 0.35)               14.8    85.2   -15.8
右手掌          仅 e_floor=100                         43.3    56.7   -14.3
右手掌          e_floor=100 + r_slow_max=1            43.3    56.7   -14.3
右手掌          e_floor=100 + r_slow_max=3            43.3    56.7   -14.3
右手掌          e_floor=50 + r_slow_max=3 + cap=0.05    69.4    30.6   -11.0

左手掌          现役默认                                  11.0    89.0   -23.2
左手掌          e_floor=1 + 放宽 r_slow_max=5 (旧口径)     11.4    88.6   -23.2
左手掌          仅 e_floor=20 (r 仍 0.35)               14.8    85.2   -22.8
左手掌          仅 e_floor=100                         35.9    64.1   -21.3
左手掌          e_floor=100 + r_slow_max=1            35.9    64.1   -21.3
左手掌          e_floor=100 + r_slow_max=3            35.9    64.1   -21.3
左手掌          e_floor=50 + r_slow_max=3 + cap=0.05    64.7    35.3    -9.9

写出 D:\workshop\文档\v2.7 - 抗蠕变补偿算法\v3.4\sensor_tune\out\07_variant.json
