
##########################################################################################
### 04_search.json

===== 四指指腹  best={"r_fast": 0.01, "tau_c_fast_s": 20.0, "r_slow_max": 0.35, "slope_cap_frac": 0.04, "slope_gate_frac": 0.5, "slow_confirm_s": 5.0, "soft_unfreeze_s": 2.0, "edge_slope_thres": 60.0, "tau_slope_s": 0.5, "tau_r_slow_idle_s": 0.5, "tau_r_fast_s": 2.0, "hold_eps": 2.0, "idle_frac": 0.02, "ramp_slope_min": 2.0}
  会话           参数          残漂%      过扣%      欠扣%    末30s%     抖动%     扣除%   score     末残ADC
  d1/6a679f    现役        -75.5     86.0    -54.5    -0.35    1.35   175.5  227.86    -398.0
  d1/6a679f    最优         13.7     -2.7     29.8    -0.23    1.23    86.3   13.89      72.0
  d1/5ce2c4    现役       -188.2    222.2   -142.2     0.31    2.79   288.2  612.89    -484.6
  d1/5ce2c4    最优         -2.3     34.6     39.8    -0.07    2.67   102.3   51.51      -5.9
  d2/857759    现役       -107.8    118.9    -91.8    -0.81    3.42   207.8  326.38   -1552.1
  d2/857759    最优         -1.4     14.5      9.2    -0.04    3.10   101.4   10.46     -20.3
  d2/8e127e    现役        -68.2     74.8    -49.8    -0.61    2.51   168.2  198.39   -1201.7
  d2/8e127e    最优         32.1    -24.4     50.6    -0.80    2.60    67.9   32.87     564.7
  → 平均 score：现役 341.38  最优 27.18
===== 右拇指指腹  best={"r_fast": 0.1, "tau_c_fast_s": 4.0, "r_slow_max": 0.6, "slope_cap_frac": 0.04, "slope_gate_frac": 0.2, "slow_confirm_s": 0.0, "soft_unfreeze_s": 4.0, "edge_slope_thres": 150.0, "tau_slope_s": 3.0, "tau_r_slow_idle_s": 30.0, "tau_r_fast_s": 2.0, "hold_eps": 8.0, "idle_frac": 0.1, "ramp_slope_min": 2.0}
  会话           参数          残漂%      过扣%      欠扣%    末30s%     抖动%     扣除%   score     末残ADC
  d1           现役         84.6    -34.2     91.3     2.46    5.29    15.4   87.02    1909.1
  d1           最优         55.0    -26.8     61.7     2.78    4.96    45.0   57.76    1241.2
  d2           现役         93.9    -29.4    111.1    97.04    0.00     6.1  190.91     892.9
  d2           最优         63.7    -26.1     80.2    58.33    0.00    36.3  122.04     606.1
  → 平均 score：现役 138.97  最优 89.90
===== 左拇指指腹  best={"r_fast": 0.1, "slope_gate_frac": 5.0, "slope_cap_frac": 0.04, "tau_slope_s": 0.5, "slow_confirm_s": 0.0, "soft_unfreeze_s": 2.0, "tau_c_fast_s": 2.0, "tau_r_slow_idle_s": 30.0, "tau_r_fast_s": 2.0, "hold_eps": 0.0, "idle_frac": 0.1, "r_slow_max": 0.6}
  会话           参数          残漂%      过扣%      欠扣%    末30s%     抖动%     扣除%   score     末残ADC
  d1           现役         82.2    -22.6     84.2     1.90    5.74    17.8   84.08    1881.5
  d1           最优         63.4    -18.0     64.8     2.01    4.10    36.6   65.42    1451.9
  d2           现役         81.1    -26.6     90.7     2.17    7.71    18.9   83.24    1315.2
  d2           最优         61.4    -21.3     70.9     0.57    5.90    38.6   61.95     995.9
  → 平均 score：现役 83.66  最优 63.69
===== 右手掌  best={"r_fast": 0.1, "tau_c_fast_s": 2.0, "r_slow_max": 0.6, "slope_cap_frac": 0.04, "slope_gate_frac": 5.0, "slow_confirm_s": 0.0, "soft_unfreeze_s": 2.0, "edge_slope_thres": 20.0, "tau_slope_s": 1.0, "tau_r_slow_idle_s": 30.0, "tau_r_fast_s": 2.0, "hold_eps": 0.0, "idle_frac": 0.1, "ramp_slope_min": 0.0}
  会话           参数          残漂%      过扣%      欠扣%    末30s%     抖动%     扣除%   score     末残ADC
  d1/A         现役         85.7    -13.0     89.2     4.20   10.23    14.3   89.86    1306.6
  d1/A         最优         60.4     -7.3     63.8     2.25    8.42    39.6   62.65     921.2
  d1/B         现役         86.2    -12.9     91.4     8.76    9.90    13.8   94.96     974.3
  d1/B         最优         59.5     -6.8     65.7     6.63    7.76    40.5   66.15     672.8
  d2/A         现役         85.6    -14.4     89.2     4.81    7.90    14.4   90.39     811.1
  d2/A         最优         61.4     -8.7     64.6     3.77    6.16    38.6   65.21     582.4
  d2/B         现役         87.6    -23.1     87.9     3.53    7.44    12.4   91.17    1452.3
  d2/B         最优         66.8    -18.3     68.3     4.29    5.44    33.2   71.13    1107.8
  → 平均 score：现役 91.59  最优 66.29
===== 左手掌  best={"r_fast": 0.1, "tau_c_fast_s": 2.0, "r_slow_max": 0.6, "slope_cap_frac": 0.04, "slope_gate_frac": 5.0, "slow_confirm_s": 0.0, "soft_unfreeze_s": 2.0, "edge_slope_thres": 10.0, "tau_slope_s": 2.0, "tau_r_slow_idle_s": 30.0, "tau_r_fast_s": 2.0, "hold_eps": 0.5, "idle_frac": 0.1, "ramp_slope_min": 2.0}
  会话           参数          残漂%      过扣%      欠扣%    末30s%     抖动%     扣除%   score     末残ADC
  d1/A         现役         91.0    -29.8     95.2    13.73    6.77     9.0  104.77    1034.4
  d1/A         最优         61.8    -22.4     66.2     7.97    5.87    38.2   69.79     702.4
  d1/B         现役         87.8    -21.4     94.7    -1.33    8.20    12.2   89.14     346.0
  d1/B         最优         61.5    -14.0     67.6    -0.19    6.85    38.5   61.66     242.2
  d2/A         现役         88.5    -17.3     93.4     2.65    8.51    11.5   91.17     791.4
  d2/A         最优         65.5    -11.2     69.1     1.40    7.06    34.5   66.87     585.3
  d2/B         现役         88.5    -24.4     92.2     2.40   11.55    11.5   90.89     533.9
  d2/B         最优         65.8    -17.6     69.4     1.32   10.90    34.2   67.08     396.8
  → 平均 score：现役 93.99  最优 66.35

##########################################################################################
### 04_search_ext.json

===== 四指指腹  best={"r_fast": 0.0, "tau_c_fast_s": 2.0, "r_slow_max": 30.0, "slope_cap_frac": 0.08, "slope_gate_frac": 20.0, "slow_confirm_s": 5.0, "soft_unfreeze_s": 4.0, "edge_slope_thres": 400.0, "tau_slope_s": 0.5, "tau_r_slow_idle_s": 8.0, "tau_r_fast_s": 0.2, "hold_eps": 0.0, "idle_frac": 0.02, "ramp_slope_min": 2.0}
  会话           参数          残漂%      过扣%      欠扣%    末30s%     抖动%     扣除%   score     末残ADC
  d1/6a679f    现役        -75.5     86.0    -54.5    -0.35    1.35   175.5  227.86    -398.0
  d1/6a679f    最优         20.2     -7.8     34.6     0.02    1.04    79.8   20.23     106.6
  d1/5ce2c4    现役       -188.2    222.2   -142.2     0.31    2.79   288.2  612.89    -484.6
  d1/5ce2c4    最优         19.2     15.2     60.9     0.44    2.54    80.8   30.09      49.4
  d2/857759    现役       -107.8    118.9    -91.8    -0.81    3.42   207.8  326.38   -1552.1
  d2/857759    最优         -0.4     10.6     21.7    -1.67    4.44   100.4    3.23      -5.4
  d2/8e127e    现役        -68.2     74.8    -49.8    -0.61    2.51   168.2  198.39   -1201.7
  d2/8e127e    最优         36.5    -30.2     54.8    -1.48    2.70    63.5   38.03     643.5
  → 平均 score：现役 341.38  最优 22.89
===== 右拇指指腹  best={"r_fast": 0.02, "tau_c_fast_s": 4.0, "r_slow_max": 30.0, "slope_cap_frac": 0.3, "slope_gate_frac": 1.0, "slow_confirm_s": 0.0, "soft_unfreeze_s": 0.5, "edge_slope_thres": 10.0, "tau_slope_s": 3.0, "tau_r_slow_idle_s": 0.5, "tau_r_fast_s": 1.0, "hold_eps": 2.0, "idle_frac": 0.02, "ramp_slope_min": 0.5}
  会话           参数          残漂%      过扣%      欠扣%    末30s%     抖动%     扣除%   score     末残ADC
  d1           现役         84.6    -34.2     91.3     2.46    5.29    15.4   87.02    1909.1
  d1           最优          5.7      9.2     15.5     4.25    2.82    94.3    9.97     129.2
  d2           现役         93.9    -29.4    111.1    97.04    0.00     6.1  190.91     892.9
  d2           最优         -0.3      3.8     33.2    -5.60    0.00   100.3    5.95      -3.3
  → 平均 score：现役 138.97  最优 7.96
===== 左拇指指腹  best={"r_fast": 0.04, "slope_gate_frac": 2.0, "slope_cap_frac": 0.3, "tau_slope_s": 2.0, "slow_confirm_s": 0.5, "soft_unfreeze_s": 4.0, "tau_c_fast_s": 20.0, "tau_r_slow_idle_s": 30.0, "tau_r_fast_s": 2.0, "hold_eps": 0.5, "idle_frac": 0.02, "r_slow_max": 30.0, "ramp_slope_min": 0.5}
  会话           参数          残漂%      过扣%      欠扣%    末30s%     抖动%     扣除%   score     末残ADC
  d1           现役         82.2    -22.6     84.2     1.90    5.74    17.8   84.08    1881.5
  d1           最优         11.8      6.9     14.8     2.41    3.42    88.2   14.19     269.7
  d2           现役         81.1    -26.6     90.7     2.17    7.71    18.9   83.24    1315.2
  d2           最优         12.9      9.2     23.0     0.07    4.89    87.1   12.93     208.6
  → 平均 score：现役 83.66  最优 13.56
