
===== 20260919_193935_single_d  周期数=3
  live     峰/台阶=3821.08±5118.53  2s末=  11459± 1158  周期末=  11220± 1276  空隙基线= 11501±1040 (逐周期斜率=+1104.7ADC/周期)
      周期 1: 台阶=     27 峰=  10790 2s末=  10762 周期末=  10775 空隙基线= 10763
      周期 2: 台阶=   2086 峰=  13110 2s末=  13090 周期末=   9928 空隙基线= 10768
      周期 3: 台阶=  -2554 峰=  11056 2s末=  10524 周期末=  12957 空隙基线= 12972
  k11_015  峰/台阶=637.89±899.87  2s末=   1084± 1511  周期末=   -802± 1095  空隙基线=   -28±  14 (逐周期斜率=-17.3ADC/周期)
      周期 1: 台阶=     27 峰=     43 2s末=     -1 周期末=    -30 空隙基线=   -12
      周期 2: 台阶=   2086 峰=   3309 2s末=   3220 周期末=  -2351 空隙基线=   -25
      周期 3: 台阶=  -2554 峰=   1910 2s末=     32 周期末=    -26 空隙基线=   -47
  k11_030  峰/台阶=689.69±973.23  2s末=   1104± 1521  周期末=   -860± 1181  空隙基线=   -33±  20 (逐周期斜率=-24.5ADC/周期)
      周期 1: 台阶=     27 峰=     38 2s末=      2 周期末=    -29 空隙基线=   -10
      周期 2: 台阶=   2086 峰=   3362 2s末=   3255 周期末=  -2530 空隙基线=   -29
      周期 3: 台阶=  -2554 峰=   2066 2s末=     54 周期末=    -21 空隙基线=   -59

===== 20260919_192141_single_d  周期数=2
  live     峰/台阶=1.54±0.27  2s末=   8791±  117  周期末=   6606± 2769  空隙基线=  1813±1786 (逐周期斜率=+0.0ADC/周期)
      周期 1: 台阶=   8616 峰=  11003 2s末=   8673 周期末=   3837 空隙基线=    27
      周期 2: 台阶=   4944 峰=   8946 2s末=   8908 周期末=   9375 空隙基线=  3599
  k11_015  峰/台阶=1.37±0.10  2s末=   8053±  808  周期末=    875±  517  空隙基线=   817± 813 (逐周期斜率=+0.0ADC/周期)
      周期 1: 台阶=   8616 峰=  10980 2s末=   8861 周期末=    358 空隙基线=     4
      周期 2: 台阶=   4944 峰=   7250 2s末=   7245 周期末=   1392 空隙基线=  1631
  k11_030  峰/台阶=1.39±0.12  2s末=   8163±  694  周期末=    891±  502  空隙基线=   810± 804 (逐周期斜率=+0.0ADC/周期)
      周期 1: 台阶=   8616 峰=  10979 2s末=   8857 周期末=    389 空隙基线=     6
      周期 2: 台阶=   4944 峰=   7493 2s末=   7469 周期末=   1393 空隙基线=  1614

===== 20260920_171953_single_d  周期数=3
  live     峰/台阶=1.23±0.19  2s末=   8873±  384  周期末=   7035± 4500  空隙基线=    58±  47 (逐周期斜率=+32.5ADC/周期)
      周期 1: 台阶=   8354 峰=  12435 2s末=   8460 周期末=   5717 空隙基线=    -2
      周期 2: 台阶=   8533 峰=   8801 2s末=   8774 周期末=   2302 空隙基线=   114
      周期 3: 台阶=   9185 峰=  10728 2s末=   9386 周期末=  13085 空隙基线=    62
  k11_015  峰/台阶=1.25±0.19  2s末=   8996±  423  周期末=   -739± 1489  空隙基线=    77±  51 (逐周期斜率=+31.1ADC/周期)
      周期 1: 台阶=   8354 峰=  12448 2s末=   8562 周期末=  -2833 空隙基线=    15
      周期 2: 台阶=   8533 峰=   8878 2s末=   8855 周期末=    118 空隙基线=   140
      周期 3: 台阶=   9185 峰=  11164 2s末=   9570 周期末=    498 空隙基线=    77
  k11_030  峰/台阶=1.24±0.19  2s末=   8984±  380  周期末=   -501± 1785  空隙基线=    81±  53 (逐周期斜率=+34.1ADC/周期)
      周期 1: 台阶=   8354 峰=  12456 2s末=   8578 周期末=  -2885 空隙基线=    15
      周期 2: 台阶=   8533 峰=   8905 2s末=   8882 周期末=    -26 空隙基线=   145
      周期 3: 台阶=   9185 峰=  10954 2s末=   9492 周期末=   1409 空隙基线=    84

===== 20260919_192655_single_d  周期数=5
  live     峰/台阶=6984.90±5708.99  2s末=  11137±  691  周期末=   7919± 1882  空隙基线=  9769±6303 (逐周期斜率=+663.3ADC/周期)
      周期 1: 台阶=   9591 峰=   9877 2s末=   9830 周期末=   6710 空隙基线=   140
      周期 2: 台阶=  -4980 峰=  11155 2s末=  11134 周期末=   7873 空隙基线= 15975
      周期 3: 台阶=  -2749 峰=  11737 2s末=  11714 周期末=   6345 空隙基线= 14250
      周期 4: 台阶=  -2704 峰=  12030 2s末=  11698 周期末=   7122 空隙基线= 14076
      周期 5: 台阶=   6616 峰=  11322 2s末=  11311 周期末=  11542 空隙基线=  4406
  k11_015  峰/台阶=6735.64±5609.06  2s末=   7413± 2570  周期末=   3709± 2442  空隙基线=  6316±4533 (逐周期斜率=+368.8ADC/周期)
      周期 1: 台阶=   9591 峰=   9990 2s末=   9964 周期末=   5131 空隙基线=   173
      周期 2: 台阶=  -4980 峰=   9535 2s末=   4015 周期末=   6534 空隙基线=  9733
      周期 3: 台阶=  -2749 峰=  11109 2s末=   4565 周期末=   5164 空隙基线=  9374
      周期 4: 台阶=  -2704 峰=  13032 2s末=   9394 周期末=   1708 空隙基线= 10837
      周期 5: 台阶=   6616 峰=   9136 2s末=   9124 周期末=     10 空隙基线=  1465
  k11_030  峰/台阶=6726.87±5607.07  2s末=   8619± 1735  周期末=   3721± 2386  空隙基线=  6320±4475 (逐周期斜率=+406.1ADC/周期)
      周期 1: 台阶=   9591 峰=  10023 2s末=   9993 周期末=   5049 空隙基线=   174
      周期 2: 台阶=  -4980 峰=   9484 2s末=   6100 周期末=   6483 空隙基线=  9667
      周期 3: 台阶=  -2749 峰=  11089 2s末=   7033 周期末=   5149 空隙基线=  9313
      周期 4: 台阶=  -2704 峰=  13059 2s末=  10524 周期末=   1911 空隙基线= 10817
      周期 5: 台阶=   6616 峰=   9455 2s末=   9445 周期末=     13 空隙基线=  1630
