共 11 份会话

===== 零基线-剧烈变化负载情况/20260919_192655_d675cf  段数=13 峰值=26074ADC 时长=80s
  live     带宽=  16746 最深持续下冲=     -35 台阶可见=12.68 回带最慢= 99.0s 末值= 11542.4
  k11_015  带宽=  13655 最深持续下冲=     -34 台阶可见=41.89 回带最慢= 99.0s 末值=     9.7
  k11_030  带宽=  13686 最深持续下冲=     -32 台阶可见=42.24 回带最慢= 99.0s 末值=    12.7
  k11_080  带宽=  13738 最深持续下冲=     -29 台阶可见=38.22 回带最慢= 99.0s 末值=    22.9
===== 零基线-反复增减同一负载/20260919_192141_73032d  段数=2 峰值=13695ADC 时长=221s
  live     带宽=  11891 最深持续下冲=       0 台阶可见=0.48 回带最慢= 99.0s 末值=  9375.1
  k11_015  带宽=   8968 最深持续下冲=     -65 台阶可见=0.52 回带最慢= 99.0s 末值=  1392.4
  k11_030  带宽=   9214 最深持续下冲=     -66 台阶可见=0.56 回带最慢= 99.0s 末值=  1393.1
  k11_080  带宽=   9267 最深持续下冲=     -61 台阶可见=0.56 回带最慢= 99.0s 末值=  1427.0
===== 零基线-反复增减同一负载/20260919_193935_9c3ca5  段数=3 峰值=15268ADC 时长=175s
  live     带宽=  13226 最深持续下冲=      -3 台阶可见=0.39 回带最慢= 99.0s 末值= 12956.8
  k11_015  带宽=  10806 最深持续下冲=     -45 台阶可见=0.46 回带最慢= 99.0s 末值=   -25.7
  k11_030  带宽=  11096 最深持续下冲=     -47 台阶可见=0.55 回带最慢= 99.0s 末值=   -21.4
  k11_080  带宽=  11140 最深持续下冲=     -53 台阶可见=0.57 回带最慢= 99.0s 末值=   -14.4
===== 零基线-同一荷载测试/20260919_193320_3f32c5  段数=1 峰值=12371ADC 时长=356s
  live     带宽=  10686 最深持续下冲=     -36 台阶可见=0.70 回带最慢= 99.0s 末值= 10587.1
  k11_015  带宽=  10288 最深持续下冲=     -34 台阶可见=-0.28 回带最慢= 99.0s 末值=   -41.5
  k11_030  带宽=  10501 最深持续下冲=     -34 台阶可见=0.55 回带最慢= 99.0s 末值=   -39.0
  k11_080  带宽=  10511 最深持续下冲=     -32 台阶可见=-3.50 回带最慢= 99.0s 末值=   -34.8
===== 零基线-同一荷载测试/20260920_165907_9d3c12  段数=1 峰值=12ADC 时长=21s
  live     带宽=     11 最深持续下冲=       0 台阶可见= 回带最慢= 99.0s 末值=    10.9
  k11_015  带宽=      1 最深持续下冲=      -0 台阶可见= 回带最慢= 99.0s 末值=    -0.0
  k11_030  带宽=      3 最深持续下冲=      -0 台阶可见= 回带最慢= 99.0s 末值=    -0.0
  k11_080  带宽=      5 最深持续下冲=      -0 台阶可见= 回带最慢= 99.0s 末值=    -0.0
===== 零基线-同一荷载测试/20260920_170131_ec5908  段数=1 峰值=9734ADC 时长=13s
  live     带宽=   8933 最深持续下冲=      -6 台阶可见=0.44 回带最慢= 99.0s 末值=  8940.2
  k11_015  带宽=   8946 最深持续下冲=      -9 台阶可见=0.45 回带最慢= 99.0s 末值=    12.9
  k11_030  带宽=   9118 最深持续下冲=      -3 台阶可见=0.45 回带最慢= 99.0s 末值=    22.3
  k11_080  带宽=   9140 最深持续下冲=      -3 台阶可见=0.45 回带最慢= 99.0s 末值=    55.6
===== 零基线-同一荷载测试/20260920_171906_114e11  段数=1 峰值=13170ADC 时长=32s
  live     带宽=  10667 最深持续下冲=      -1 台阶可见=0.46 回带最慢= 99.0s 末值=  1720.2
  k11_015  带宽=   8407 最深持续下冲=    -120 台阶可见=0.46 回带最慢=  0.0s 末值=   188.5
  k11_030  带宽=   8990 最深持续下冲=      -1 台阶可见=0.47 回带最慢=  0.0s 末值=   248.8
  k11_080  带宽=   9063 最深持续下冲=      -2 台阶可见=0.46 回带最慢= 99.0s 末值=   316.6
===== 零基线-同一荷载测试/20260920_171953_2e35b8  段数=7 峰值=25877ADC 时长=62s
  live     带宽=  14295 最深持续下冲=    -116 台阶可见=1.29 回带最慢= 99.0s 末值= 13085.3
  k11_015  带宽=  15650 最深持续下冲=      -6 台阶可见=1.31 回带最慢= 99.0s 末值=   497.7
  k11_030  带宽=  15753 最深持续下冲=       0 台阶可见=1.40 回带最慢= 99.0s 末值=  4250.2
  k11_080  带宽=  15795 最深持续下冲=      -0 台阶可见=1.41 回带最慢= 99.0s 末值=  5608.9
===== 零基线-同一荷载测试/20260920_175017_efd432  段数=1 峰值=11405ADC 时长=1745s
  live     带宽=   8860 最深持续下冲=   -1984 台阶可见=0.46 回带最慢=227.8s 末值= -1977.4
  k11_015  带宽=   8180 最深持续下冲=    -503 台阶可见=0.47 回带最慢=348.9s 末值=    77.4
  k11_030  带宽=   8301 最深持续下冲=    -493 台阶可见=0.47 回带最慢=348.9s 末值=    84.6
  k11_080  带宽=   8313 最深持续下冲=    -463 台阶可见=0.47 回带最慢=348.6s 末值=   118.7
===== 零基线-同一荷载测试/20260920_183626_86eca9  段数=25 峰值=14ADC 时长=261s
  live     带宽=     13 最深持续下冲=      -0 台阶可见= 回带最慢=  0.0s 末值=     0.1
  k11_015  带宽=      2 最深持续下冲=      -1 台阶可见= 回带最慢=  0.0s 末值=    -0.5
  k11_030  带宽=      3 最深持续下冲=      -1 台阶可见= 回带最慢=  0.0s 末值=    -0.5
  k11_080  带宽=      6 最深持续下冲=      -2 台阶可见= 回带最慢=  0.0s 末值=    -0.5
===== 零基线-同一荷载测试/20260920_203916_8386dc  段数=5 峰值=42ADC 时长=83s
  live     带宽=     21 最深持续下冲=      -1 台阶可见= 回带最慢= 99.0s 末值=    12.2
  k11_015  带宽=      9 最深持续下冲=      -0 台阶可见= 回带最慢= 99.0s 末值=     0.0
  k11_030  带宽=      8 最深持续下冲=      -1 台阶可见= 回带最慢= 99.0s 末值=     0.0
  k11_080  带宽=      9 最深持续下冲=      -2 台阶可见= 回带最慢= 99.0s 末值=     0.1

写出 D:\workshop\文档\v2.7 - 抗蠕变补偿算法\GLM53\_work\robust_k11.json
