== 四指指腹：K10/K11 关闭（默认）下 v1 最优参数复算（应与 05_report 一致）==
  live score=38054.6（历史 341.0 口径不同，仅看逐会话 err_end）
  （结构默认关闭，逐帧等价已由右拇指 live err_end=1909.1 与历史完全一致证明）

== lock 预设逐会话明细（raw 时间轴）==
----- 右拇指指腹  tau=0.15
  d1       持续过减=   44 带宽=   95 入带=  0.0s 末漂= -248.5 扣除= 111.0%
  d2       持续过减=   26 带宽=   86 入带=  0.0s 末漂=   -2.8 扣除= 100.3%
----- 左拇指指腹  tau=0.15
  d1       持续过减=   76 带宽=  211 入带=  3.0s 末漂=  -69.2 扣除= 103.0%
  d2       持续过减=    0 带宽=   92 入带=  0.0s 末漂= -129.8 扣除= 108.0%
----- 右手掌  tau=0.8
  d1/A     持续过减=   16 带宽=  138 入带=  0.0s 末漂=  -18.4 扣除= 101.2%
  d1/B     持续过减=    0 带宽=  149 入带=  0.0s 末漂=  -69.7 扣除= 106.2%
  d2/A     持续过减=    3 带宽=  112 入带=  0.0s 末漂=  -36.2 扣除= 103.8%
  d2/B     持续过减=   38 带宽=  147 入带=  0.0s 末漂=   28.0 扣除=  98.3%
----- 左手掌  tau=0.8
  d1/A     持续过减=   21 带宽=  135 入带=  0.0s 末漂=  -81.8 扣除= 107.2%
  d1/B     持续过减=    0 带宽=   60 入带=  0.0s 末漂=  -14.3 扣除= 103.6%
  d2/A     持续过减=    0 带宽=   82 入带=  0.0s 末漂=  -12.8 扣除= 101.4%
  d2/B     持续过减=   10 带宽=   70 入带=  0.0s 末漂=   -6.6 扣除= 101.1%
