# cmd      : python scripts/t3a_01_shape.py
# cwd      : D:\workshop\Processing\multi-device-cascade-host-cpp\temp\v4.1flash\plan\v1.0\T3_快相爬升可重复性与处理必要性
# argv     : scripts\t3a_01_shape.py
# when     : 2026-09-19T01:00:10
# env      : python 3.14.4 | numpy 2.4.6 | pandas 3.0.3
# 口径     : timestamp 列 / 100 Hz 网格 / Z=Σch / 无 τ=2 s 平滑 / 中位滤波 0.5 s /
#            f(τ) 基准 = T4-A 的 pre 窗中位 / 主 τ 网格 = T4-A 的 z_at_* 采样点

装载类事件 n=41（onset 22 / restep 19）
  样本 all     n=41 （onset 22 / restep 19）
  样本 J_ok    n=39 （onset 22 / restep 17）
  样本 usable  n=24 （onset 18 / restep 6）
  （usable = |J|≥2%%峰值 & clean & f(τ)∈[0,1.5]；判据冻结在 results/t3a_inlier_audit.csv）
主 τ 网格 = T4-A 的 z_at_* 采样点；base = T4-A 的 pre 窗中位

══ Q1 归一化快相形状的同类稳定性（CV / CQV / p10~p90）══
  onset / all（n=22）:
    τ(s)           0.05      0.10      0.20      0.30      0.50      1.00      2.00      5.00
    中位          0.723     0.751     0.818     0.845     0.885     0.921     0.952     1.000
    p10~p90  0.371~0.8190.528~0.8340.632~0.8650.793~0.8910.821~0.9320.873~0.9560.920~0.9801.000~1.000
    spread        0.448     0.306     0.233     0.098     0.110     0.083     0.060     0.000
    CQV           0.105     0.091     0.041     0.039     0.034     0.028     0.018     0.000
    CV            0.351     0.307     0.279     0.172     0.098     0.038     0.038     0.000
    极差          0.903     0.934     0.958     0.619     0.411     0.129     0.193     0.001
  onset / J_ok（n=22）:
    τ(s)           0.05      0.10      0.20      0.30      0.50      1.00      2.00      5.00
    中位          0.723     0.751     0.818     0.845     0.885     0.921     0.952     1.000
    p10~p90  0.371~0.8190.528~0.8340.632~0.8650.793~0.8910.821~0.9320.873~0.9560.920~0.9801.000~1.000
    spread        0.448     0.306     0.233     0.098     0.110     0.083     0.060     0.000
    CQV           0.105     0.091     0.041     0.039     0.034     0.028     0.018     0.000
    CV            0.351     0.307     0.279     0.172     0.098     0.038     0.038     0.000
    极差          0.903     0.934     0.958     0.619     0.411     0.129     0.193     0.001
  onset / usable（n=18）:
    τ(s)           0.05      0.10      0.20      0.30      0.50      1.00      2.00      5.00
    中位          0.723     0.751     0.828     0.854     0.890     0.918     0.950     1.000
    p10~p90  0.470~0.8170.562~0.8430.721~0.8700.795~0.9030.826~0.9350.871~0.9570.919~0.9791.000~1.000
    spread        0.348     0.281     0.149     0.108     0.109     0.086     0.060     0.000
    CQV           0.104     0.091     0.041     0.034     0.034     0.031     0.019     0.000
    CV            0.259     0.191     0.147     0.112     0.054     0.040     0.036     0.000
    极差          0.650     0.532     0.497     0.442     0.185     0.129     0.142     0.001
  restep / all（n=18）:
    τ(s)           0.05      0.10      0.20      0.30      0.50      1.00      2.00      5.00
    中位          0.240     0.305     0.478     0.581     0.657     0.738     0.834     1.000
    p10~p90  -1.484~0.734-1.633~0.792-2.063~0.897-2.148~0.951-2.146~1.026-2.117~0.949-1.197~0.9670.995~1.004
    spread        2.219     2.425     2.960     3.099     3.172     3.067     2.165     0.009
    CQV           4.027    -9.124   -16.333    16.335     5.430     4.296     0.339     0.000
    CV           -4.590    -4.623    -4.685    -5.219    -6.301    -7.172   -14.592     0.015
    极差         12.898    12.922    13.061    13.080    13.238    13.320    12.884     0.079
  restep / J_ok（n=17）:
    τ(s)           0.05      0.10      0.20      0.30      0.50      1.00      2.00      5.00
    中位          0.261     0.325     0.492     0.606     0.692     0.765     0.843     1.000
    p10~p90  -1.703~0.743-1.796~0.803-2.201~0.921-2.273~0.970-2.270~1.057-2.236~0.950-1.244~0.9680.998~1.005
    spread        2.447     2.598     3.121     3.243     3.327     3.186     2.212     0.006
    CQV           0.963     0.633     1.967     1.220     0.466     0.385     0.214     0.000
    CV           -4.602    -4.942    -5.294    -5.997    -7.335    -8.242   -19.031     0.014
    极差         12.898    12.922    13.061    13.080    13.238    13.320    12.884     0.065
  restep / usable（n=6）:
    τ(s)           0.05      0.10      0.20      0.30      0.50      1.00      2.00      5.00
    中位          0.267     0.369     0.529     0.621     0.715     0.873     0.938     1.000
    p10~p90  0.024~0.3630.120~0.4890.224~0.6160.394~0.7350.489~0.8500.738~0.9310.840~0.9660.996~1.000
    spread        0.339     0.369     0.392     0.341     0.361     0.193     0.126     0.004
    CQV           0.614     0.471     0.263     0.115     0.122     0.069     0.028     0.000
    CV            0.745     0.544     0.432     0.300     0.269     0.108     0.074     0.003
    极差          0.379     0.404     0.490     0.506     0.501     0.241     0.184     0.008

  写加密网格分位曲线（onset/restep × 样本）…
  -> results/t3a_shape_spread.csv (48 行)、t3a_shape_curves.csv (3000 行)

══ Q2 形状参数化的参数 CV 与推荐参数 ══
  onset / usable 样本（按 CQV 升序；n=18）:
    f(1.00s)         分布型(非拟合)         CQV=0.031   CV=0.040    中位=0.9176    p10~p90=0.871~0.957  n=18
    w_fast           拟合参数             CQV=0.033   CV=0.060    中位=0.8520    p10~p90=0.791~0.919  n=18
    f(0.30s)         分布型(非拟合)         CQV=0.034   CV=0.112    中位=0.8542    p10~p90=0.795~0.903  n=18
    f(0.50s)         分布型(非拟合)         CQV=0.034   CV=0.054    中位=0.8904    p10~p90=0.826~0.935  n=18
    beta             拟合参数             CQV=0.062   CV=0.666    中位=0.2558    p10~p90=0.228~0.532  n=18
    tau_b            拟合参数             CQV=0.136   CV=0.314    中位=1.6874    p10~p90=1.404~2.309  n=18
    tau1             拟合参数             CQV=0.152   CV=0.449    中位=0.1370    p10~p90=0.114~0.181  n=18
    tau_a            拟合参数             CQV=0.168   CV=0.909    中位=0.0636    p10~p90=0.034~0.124  n=18
    p_pow            拟合参数             CQV=0.184   CV=1.546    中位=0.0563    p10~p90=0.050~0.272  n=18
    exp_rms          拟合RMS(模型选择用)     CQV=0.287   CV=0.699    中位=0.0123    p10~p90=0.007~0.027  n=18
    tau1_rms         拟合RMS(模型选择用)     CQV=0.288   CV=0.437    中位=0.0566    p10~p90=0.032~0.086  n=18
    tau_pow          拟合参数             CQV=0.354   CV=0.796    中位=4.7890    p10~p90=1.115~5.880  n=18
    pow_rms          拟合RMS(模型选择用)     CQV=0.396   CV=1.202    中位=0.0086    p10~p90=0.004~0.036  n=18
    two_tau_rms      拟合RMS(模型选择用)     CQV=0.397   CV=0.966    中位=0.0063    p10~p90=0.003~0.018  n=18
    tau_e            拟合参数             CQV=0.530   CV=1.709    中位=0.0235    p10~p90=0.009~0.104  n=18
  restep / usable 样本（按 CQV 升序；n=6）:
    f(1.00s)         分布型(非拟合)         CQV=0.069   CV=0.108    中位=0.8728    p10~p90=0.738~0.931  n=6
    f(0.30s)         分布型(非拟合)         CQV=0.115   CV=0.300    中位=0.6215    p10~p90=0.394~0.735  n=6
    f(0.50s)         分布型(非拟合)         CQV=0.122   CV=0.269    中位=0.7151    p10~p90=0.489~0.850  n=6
    w_fast           拟合参数             CQV=0.160   CV=0.291    中位=0.6586    p10~p90=0.434~0.822  n=6
    two_tau_rms      拟合RMS(模型选择用)     CQV=0.185   CV=0.747    中位=0.0271    p10~p90=0.018~0.061  n=6
    tau_e            拟合参数             CQV=0.215   CV=0.470    中位=0.3804    p10~p90=0.199~0.543  n=6
    tau1             拟合参数             CQV=0.227   CV=0.412    中位=0.4048    p10~p90=0.248~0.603  n=6
    pow_rms          拟合RMS(模型选择用)     CQV=0.239   CV=0.614    中位=0.0580    p10~p90=0.037~0.115  n=6
    tau_pow          拟合参数             CQV=0.301   CV=1.298    中位=0.7859    p10~p90=0.452~3.263  n=6
    tau1_rms         拟合RMS(模型选择用)     CQV=0.323   CV=0.545    中位=0.0740    p10~p90=0.037~0.124  n=6
    exp_rms          拟合RMS(模型选择用)     CQV=0.326   CV=0.432    中位=0.0347    p10~p90=0.021~0.054  n=6
    p_pow            拟合参数             CQV=0.341   CV=0.517    中位=0.6736    p10~p90=0.297~1.030  n=6
    tau_b            拟合参数             CQV=0.364   CV=0.486    中位=1.6029    p10~p90=0.562~1.934  n=6
    beta             拟合参数             CQV=0.407   CV=0.666    中位=0.5449    p10~p90=0.412~1.462  n=6
    tau_a            拟合参数             CQV=0.436   CV=0.945    中位=0.1675    p10~p90=0.073~0.562  n=6
  -> results/t3a_param_cv.csv (90 行)、t3a_param_events.csv (41 行)

══ Q4 形状库泛化：乐观（自身标定）vs 悲观（留一 / 跨族）══
  【all 样本】单点反演 @τ_d=0.20 s，参考 = post 窗（T4-A 口径）:
   onset:
     own         n=22  中位   +0.00%  |误差|中位   3.10%  p90  23.52%  最大   107.51%  >5%占比  36%
     loo_event   n=22  中位   +0.65%  |误差|中位   5.18%  p90  24.06%  最大   107.51%  >5%占比  55%
     loo_rec     n=22  中位   +0.44%  |误差|中位   4.63%  p90  22.54%  最大   107.64%  >5%占比  50%
     cross_fam   n=22  中位   -1.80%  |误差|中位   5.12%  p90  24.24%  最大   107.43%  >5%占比  50%
     cross_kind  n=22  中位  +54.59%  |误差|中位  56.39%  p90  68.47%  最大   111.70%  >5%占比 100%
   restep:
     own         n=17  中位   +0.00%  |误差|中位  77.42%  p90 573.48%  最大  2659.03%  >5%占比  88%
     loo_event   n=16  中位  -19.05%  |误差|中位 103.26%  p90 603.09%  最大  2659.03%  >5%占比  94%
     loo_rec     n=16  中位  -19.05%  |误差|中位 120.18%  p90 664.43%  最大  2659.03%  >5%占比  94%
     cross_fam   n=18  中位  -15.43%  |误差|中位  61.42%  p90 438.39%  最大  2050.87%  >5%占比  83%
     cross_kind  n=18  中位  -42.22%  |误差|中位  42.50%  p90 349.28%  最大  1537.14%  >5%占比  94%
  【usable 样本】单点反演 @τ_d=0.20 s，参考 = post 窗（T4-A 口径）:
   onset:
     own         n=18  中位   +0.00%  |误差|中位   3.10%  p90  13.72%  最大    51.56%  >5%占比  33%
     loo_event   n=18  中位   +0.84%  |误差|中位   5.52%  p90  15.47%  最大    51.78%  >5%占比  56%
     loo_rec     n=18  中位   +0.44%  |误差|中位   4.76%  p90  14.45%  最大    50.74%  >5%占比  50%
     cross_fam   n=18  中位   -0.72%  |误差|中位   5.33%  p90  13.52%  最大    52.12%  >5%占比  56%
     cross_kind  n=18  中位  +56.39%  |误差|中位  56.39%  p90  64.47%  最大    69.43%  >5%占比 100%
   restep:
     own         n=6   中位   +0.00%  |误差|中位  29.88%  p90  52.67%  最大    71.56%  >5%占比  67%
     loo_event   n=5   中位   +2.20%  |误差|中位  52.07%  p90  68.73%  最大    75.02%  >5%占比  80%
     loo_rec     n=5   中位   +2.20%  |误差|中位  40.30%  p90  65.84%  最大    75.02%  >5%占比  80%
     cross_fam   n=6   中位  -13.20%  |误差|中位  27.47%  p90  63.25%  最大    78.32%  >5%占比  67%
     cross_kind  n=6   中位  -36.06%  |误差|中位  36.06%  p90  72.93%  最大    84.03%  >5%占比 100%
  -> results/t3a_generalization.csv (756 行)、t3a_generalization_raw.csv (3276 行)

  -> results/t3a_shape_trajectory.csv (287 行)

完成。下一步：python scripts/t3a_02_strata.py
