# cmd      : python scripts/t3a_02_strata.py
# cwd      : D:\workshop\Processing\multi-device-cascade-host-cpp\temp\v4.1flash\plan\v1.0\T3_快相爬升可重复性与处理必要性
# argv     : scripts\t3a_02_strata.py
# when     : 2026-09-19T01:00:36
# env      : python 3.14.4 | numpy 2.4.6 | pandas 3.0.3
# 口径     : timestamp 列 / 100 Hz 网格 / Z=Σch / 无 τ=2 s 平滑 / 中位滤波 0.5 s /
#            f(τ) 基准 = T4-A 的 pre 窗中位 / 主 τ 网格 = T4-A 的 z_at_* 采样点

══ Q3 分层稳定性 ══
装载事件 n=41（usable 24）；绝对载荷量级**无标定数据**，只用相对量 |J|/记录峰值（缺口 G1）

  ── 维度 fam（usable 样本，n 为各层事件数）──
    右拇指              n=3   f(0.3s)中位=0.795   p10~p90=0.644~0.850 | f(1.0s)中位=0.878   p10~p90=0.744~0.916 CQV=nan （n≤3 仅定性参考）
    四指               n=2   f(0.3s)中位=0.832   p10~p90=0.809~0.855 | f(1.0s)中位=0.894   p10~p90=0.882~0.907 CQV=nan （n≤3 仅定性参考）
    实录               n=16  f(0.3s)中位=0.815   p10~p90=0.504~0.910 | f(1.0s)中位=0.919   p10~p90=0.846~0.957 CQV=0.041 
    左拇指              n=3   f(0.3s)中位=0.864   p10~p90=0.851~0.868 | f(1.0s)中位=0.916   p10~p90=0.913~0.919 CQV=nan （n≤3 仅定性参考）

  ── 维度 magbin（usable 样本，n 为各层事件数）──
    5~15%            n=3   f(0.3s)中位=0.636   p10~p90=0.612~0.786 | f(1.0s)中位=0.836   p10~p90=0.736~0.896 CQV=nan （n≤3 仅定性参考）
    15~40%           n=5   f(0.3s)中位=0.687   p10~p90=0.371~0.834 | f(1.0s)中位=0.890   p10~p90=0.801~0.942 CQV=0.040 
    >=40%            n=16  f(0.3s)中位=0.854   p10~p90=0.795~0.910 | f(1.0s)中位=0.918   p10~p90=0.878~0.957 CQV=0.032 

  ── 维度 batch（usable 样本，n 为各层事件数）──
    数据1              n=10  f(0.3s)中位=0.789   p10~p90=0.474~0.875 | f(1.0s)中位=0.905   p10~p90=0.824~0.958 CQV=0.050 
    数据2              n=5   f(0.3s)中位=0.843   p10~p90=0.798~0.883 | f(1.0s)中位=0.916   p10~p90=0.878~0.951 CQV=0.036 
    数据3              n=6   f(0.3s)中位=0.854   p10~p90=0.755~0.872 | f(1.0s)中位=0.911   p10~p90=0.826~0.930 CQV=0.016 
    数据4              n=3   f(0.3s)中位=0.808   p10~p90=0.671~0.903 | f(1.0s)中位=0.910   p10~p90=0.889~0.944 CQV=nan （n≤3 仅定性参考）

  ── 维度 otype（usable 样本，n 为各层事件数）──
    onset 快速阶跃       n=14  f(0.3s)中位=0.862   p10~p90=0.805~0.917 | f(1.0s)中位=0.914   p10~p90=0.878~0.949 CQV=0.023 
    onset 慢压         n=4   f(0.3s)中位=0.819   p10~p90=0.586~0.869 | f(1.0s)中位=0.945   p10~p90=0.879~0.957 CQV=0.022 
    restep           n=6   f(0.3s)中位=0.621   p10~p90=0.394~0.735 | f(1.0s)中位=0.873   p10~p90=0.738~0.931 CQV=0.069 

  -> results/t3a_strata.csv (210 行)、t3a_strata_events.csv

  ── 层间差异检验（Kruskal-Wallis，H 与 p；对 f(1.0s) 与 tau1）──
    fam      f(1.00s)  k=4 H=  2.388 p=0.4959  (各层 n = 3,2,16,3)
    fam      f(0.30s)  k=4 H=  2.088 p=0.5544  (各层 n = 3,2,16,3)
    fam      tau1      k=4 H=  2.985 p=0.3940  (各层 n = 3,2,16,3)
    magbin   f(1.00s)  k=3 H=  4.496 p=0.1056  (各层 n = 3,5,16)
    magbin   f(0.30s)  k=3 H=  6.935 p=0.0312  (各层 n = 3,5,16)
    magbin   tau1      k=3 H=  6.935 p=0.0312  (各层 n = 3,5,16)
    batch    f(1.00s)  k=4 H=  0.341 p=0.9522  (各层 n = 10,5,6,3)
    batch    f(0.30s)  k=4 H=  2.661 p=0.4468  (各层 n = 10,5,6,3)
    batch    tau1      k=4 H=  2.224 p=0.5272  (各层 n = 10,5,6,3)
    otype    f(1.00s)  k=3 H=  3.620 p=0.1637  (各层 n = 14,4,6)
    otype    f(0.30s)  k=3 H= 12.294 p=0.0021  (各层 n = 14,4,6)
    otype    tau1      k=3 H= 12.881 p=0.0016  (各层 n = 14,4,6)
    fam 对照 右拇指(n=3) vs 四指(n=2): Δ中位=-0.017 p=0.8000
    fam 对照 右拇指(n=3) vs 左拇指(n=3): Δ中位=-0.038 p=0.7000
    fam 对照 四指(n=2) vs 左拇指(n=3): Δ中位=-0.022 p=0.2000

══ Q5 形状的时不变性（同一录制内早/中/晚 + 加载历史）══
  ── pos_bin(全部可用事件) ──
    早期(前1/3)       n=14  f(0.3s)=0.823  f(1.0s)中位=0.885  p10~p90=0.787~0.924 
    中期(中1/3)       n=4   f(0.3s)=0.819  f(1.0s)中位=0.954  p10~p90=0.940~0.957 
    晚期(后1/3)       n=6   f(0.3s)=0.838  f(1.0s)中位=0.927  p10~p90=0.873~0.959 

  ── pos_bin(onset) ──
    早期             n=12  f(0.3s)=0.836  f(1.0s)中位=0.899  p10~p90=0.858~0.925 
    中期             n=3   f(0.3s)=0.843  f(1.0s)中位=0.956  p10~p90=0.939~0.957 （n≤3 仅定性参考）
    晚期             n=3   f(0.3s)=0.927  f(1.0s)中位=0.952  p10~p90=0.945~0.962 （n≤3 仅定性参考）

  ── gap_prev(距上一事件) ──
    ≤5s            n=5   f(0.3s)=0.794  f(1.0s)中位=0.956  p10~p90=0.877~0.962 
    5~30s          n=8   f(0.3s)=0.826  f(1.0s)中位=0.908  p10~p90=0.749~0.946 
    >30s           n=1   f(0.3s)=0.511  f(1.0s)中位=0.952  p10~p90=0.952~0.952 （n≤3 仅定性参考）
    nan            n=10  f(0.3s)=0.836  f(1.0s)中位=0.899  p10~p90=0.874~0.920 

  ── 组内趋势（同录制内 ≥2 个同 kind 事件：Spearman ρ(f(1.0s), t_on)）──
    f(1.00s) 组内 ρ：n=5 组，中位 ρ=+0.900，|ρ|≥0.8 的组 4 个，p<0.05 的组 1 个
      SW1  onset  n=5 时间跨度 175.1s ρ=+0.900 p=0.037 ←显著
      SW1  restep n=3 时间跨度 130.3s ρ=-0.500 p=0.667 
      SW2  onset  n=2 时间跨度  21.3s ρ=-1.000 p=nan 
      SW3  onset  n=2 时间跨度  28.2s ρ=+1.000 p=nan 
      SW4  onset  n=2 时间跨度  79.6s ρ=+1.000 p=nan 
  -> results/t3a_time_stability.csv (91 行)、t3a_time_trend.csv (15 行)

══ 与第一轮 13-v6-assessment 的逐条对照（写入 t3a_vs_round1.csv 的补充行）══
   本任务 onset 中位形状（usable / all）对 τ:
     usable_onset  n=18  0.05s=0.723 0.10s=0.751 0.20s=0.828 0.30s=0.854 0.50s=0.890 1.00s=0.918 2.00s=0.950 5.00s=1.000
     all_onset     n=22  0.05s=0.723 0.10s=0.751 0.20s=0.818 0.30s=0.845 0.50s=0.885 1.00s=0.921 2.00s=0.952 5.00s=1.000
   -> results/t3a_shape_vs_round1.csv

完成。下一步：python scripts/t3a_03_figures.py
