==== T3-B 04_verdict ==== 2026-09-19 01:51:54
cmd : C:\Python314\python.exe D:\workshop\Processing\multi-device-cascade-host-cpp\temp\v4.1flash\plan\v1.0\T3_快相爬升可重复性与处理必要性\scripts\t3b_04_verdict.py
cwd : D:\workshop\Processing\multi-device-cascade-host-cpp
====================================================================================================
== 事实 1：13 份录制的 T_stable 分布（n = 录制数；每录制先取事件中位）==
====================================================================================================
         arm      col  n    med    p10    p90  worst  frac
         raw 总通道D1-ev 12 15.495  7.479 28.007 69.865 0.000
         raw 主通道D1-ev 11  7.645  2.340 14.650 16.320 0.091
         raw    总通道D1 10 17.440 10.924 36.524 53.570 0.000
      v51_f1 总通道D1-ev 13  2.900  1.674  7.394  8.440 0.231
      v51_f1 主通道D1-ev 13  2.380  0.468  6.928  8.920 0.462
      v51_f1    总通道D1 10  2.517  1.717  4.210  8.440 0.300
      v51_f3 总通道D1-ev 13  3.810  2.582  7.884  9.120 0.077
      v51_f3 主通道D1-ev 12  2.362  0.628  7.311  8.920 0.500
      v51_f3    总通道D1 10  3.270  2.483  4.854  9.120 0.000
      v51_f5 总通道D1-ev 12  4.192  3.533  9.105 70.220 0.000
      v51_f5 主通道D1-ev 12  2.845  0.899  7.367  8.920 0.417
      v51_f5    总通道D1 10  3.820  2.742  5.157  9.180 0.000
          v6 总通道D1-ev 13  0.540  0.370  6.970  9.240 0.769
          v6 主通道D1-ev 13  0.770  0.442  6.797  8.920 0.615
          v6    总通道D1 10  0.535  0.345  4.425  9.240 0.800
   v61_rs106 总通道D1-ev 13  0.510  0.368  7.104  9.250 0.692
   v61_rs106 主通道D1-ev 13  0.390  0.358  6.640  8.920 0.692
   v61_rs106    总通道D1 10  0.480  0.386  4.376  9.250 0.700
  onset_only 总通道D1-ev 13  0.540  0.354  6.970  9.240 0.769
  onset_only 主通道D1-ev 13  0.770  0.442  6.797  8.920 0.615
  onset_only    总通道D1 10  0.535  0.343  4.425  9.240 0.800
rt_filter030 总通道D1-ev 13  1.240  0.946  7.944  9.520 0.692
rt_filter030 主通道D1-ev 13  1.050  0.792  5.876  8.295 0.615
rt_filter030    总通道D1 10  1.200  1.002  5.011  9.520 0.700
 rt_onesided 总通道D1-ev 13  0.720  0.451  7.727  9.815 0.615
 rt_onesided 主通道D1-ev 13  0.490  0.078  6.584  8.920 0.769
 rt_onesided    总通道D1 10  0.590  0.455  3.503  8.300 0.600

== 事实 2：onset / restep 分开（总通道 D1-ev）+ 删失率 ==
  raw          onset   n_ev=23  中位  14.800  p10~p90  2.256~25.072  删失 8/23
  raw          restep  n_ev=12  中位  44.550  p10~p90  9.163~121.622  删失 8/12
  v51_f1       onset   n_ev=23  中位   2.965  p10~p90  1.748~10.306  删失 5/23
  v51_f1       restep  n_ev=12  中位  10.310  p10~p90  9.198~65.782  删失 9/12
  v51_f3       onset   n_ev=23  中位   3.645  p10~p90  1.961~10.782  删失 5/23
  v51_f3       restep  n_ev=12  中位  10.300  p10~p90  9.196~65.548  删失 9/12
  v51_f5       onset   n_ev=23  中位   3.865  p10~p90  2.120~11.920  删失 7/23
  v51_f5       restep  n_ev=12  中位  44.580  p10~p90  9.163~121.654  删失 8/12
  v6           onset   n_ev=23  中位   0.545  p10~p90  0.464~10.962  删失 5/23
  v6           restep  n_ev=12  中位   9.630  p10~p90  9.062~10.198  删失 10/12
  v61_rs106    onset   n_ev=23  中位   0.530  p10~p90  0.456~11.414  删失 6/23
  v61_rs106    restep  n_ev=12  中位   9.560  p10~p90  9.048~10.072  删失 10/12
  注：v6 的 restep 可测样本 n=2 ⇒ 仅定性参考；实录上 restep 的窗被下一事件截断。

== 事实 3：配对相对差（逐录制取中位后配对；负 = 前者更快）==
  v6             − raw            n=12 中位差 -12.565 s（前者更快的录制 12/12，最坏  -0.760）
  v6             − v51_f5         n=12 中位差  -3.130 s（前者更快的录制 11/12，最坏  +0.060）
  v6             − v51_f3         n=13 中位差  -2.550 s（前者更快的录制 12/13，最坏  +0.120）
  v6             − v51_f1         n=13 中位差  -2.130 s（前者更快的录制 11/13，最坏  +2.245）
  v6             − rt_filter030   n=13 中位差  -0.650 s（前者更快的录制 12/13，最坏  +0.170）
  v6             − rt_onesided    n=13 中位差  -0.110 s（前者更快的录制  8/13，最坏  +0.940）
  v6             − v61_rs106      n=13 中位差  +0.020 s（前者更快的录制  5/13，最坏  +0.590）
  v6             − onset_only     n=13 中位差  +0.000 s（前者更快的录制  0/13，最坏  +0.020）

== 事实 4：ROI 拐点（Kneedle，见 results/t3b_roi_knee.csv）==
                                     dim  n_arms strength_range  knee_Tstable  knee_MD  knee_OS  Tstab_at_knee  MD_at_knee  OS_at_knee
    ① 形状库快慢缩放（rom_scale，>1 = 更早到位 = 更保守）       5    1.000~1.120          1.06     1.08     1.06           0.52    1215.476       3.016
 ② κ 单侧上限（强度 = 1.30 − κ_onset；越大 = 封顶越紧）       5    0.000~0.350          0.15     0.30     0.15           0.56    1440.286       8.868
③ 滑行器速率上限（强度 = −RATE_MAX；越大 = 摊得越平、到位越慢）       5  -3.000~-0.300         -0.50    -0.50    -0.50           0.54    1440.286       8.999
   ④ 只对 onset 生效（0 = 全部事件反演，1 = 仅 onset）       2    0.000~1.000           NaN      NaN      NaN            NaN         NaN         NaN

== 事实 5：κ 触发率与四联指标（C-4 的关键量）==
   arm  kappa_onset  inv_calls   n_cap  trigger_rate  Tstab_tot_ev_med  Tstab_ch_ev_med  OS_ch_med  err1_ch_med  MD_tot_med  G_med
    v6         1.30    14965.0   617.0        0.0412             0.540            1.120     8.9994      -3.7033   1440.2860 1.0325
kap125         1.25    14965.0  1078.0        0.0720             0.540            1.120     8.9994      -3.7033   1440.2860 1.0325
kap115         1.15    14965.0  6134.0        0.4099             0.560            0.770     8.8682      -3.7485   1440.2860 1.0325
kap100         1.00    14965.0 11338.0        0.7576             0.780            0.570    -0.3050     -10.9686   1101.3066 0.9458
kap095         0.95    14965.0 14965.0        1.0000             0.775            0.925    -3.1943     -15.4216   1876.6091 0.8873

== 事实 6：闸门/维度有效性审计（相对 v6 的逐事件配对差；0 ⇒ 该维不可观测）==
  onset_only     n=40  |ΔT|>0.01 s 的事件  2/23   ΔT 中位  +0.000  ΔOS 中位  +0.000 pt  ΔMD 中位     +0.0 ADC
  gl050          n=40  |ΔT|>0.01 s 的事件  3/23   ΔT 中位  +0.000  ΔOS 中位  +0.000 pt  ΔMD 中位     +0.0 ADC
  gl030          n=40  |ΔT|>0.01 s 的事件 11/23   ΔT 中位  +0.000  ΔOS 中位  +0.000 pt  ΔMD 中位     -0.2 ADC
  gl160          n=40  |ΔT|>0.01 s 的事件  1/23   ΔT 中位  +0.000  ΔOS 中位  +0.000 pt  ΔMD 中位     +0.0 ADC
  gl300          n=40  |ΔT|>0.01 s 的事件  2/23   ΔT 中位  +0.000  ΔOS 中位  +0.000 pt  ΔMD 中位     +0.0 ADC
  kap125         n=40  |ΔT|>0.01 s 的事件  0/23   ΔT 中位  +0.000  ΔOS 中位  +0.000 pt  ΔMD 中位     +0.0 ADC
  rt_measured    n=40  |ΔT|>0.01 s 的事件  5/22   ΔT 中位  +0.000  ΔOS 中位  +0.000 pt  ΔMD 中位     +0.0 ADC

== 事实 7：第三条路候选（Q9 表）==
cand              route  n_events  Tstab_tot_ev_med  Tstab_tot_ev_p90  dT_vs_v6  OS_ch_med  dOS_vs_v6  err1_ch_med  derr1_vs_v6  MD_tot_med  dMD_vs_v6  G_n  G_med
  C1      C1_onset_only        40             0.540            10.120     0.000      8.948     -0.051       -3.703        0.000    1440.286      0.000    7  1.033
  C2 C2_inv_plus_filter        40             1.160             9.520     0.620      7.332     -1.667       -7.213       -3.510    4211.267   2770.981    7  1.031
  C3   C3_decouple_slow        40             0.535             9.208    -0.005      8.999      0.000       -3.703        0.000    1416.929    -23.357    7  1.033
  C4       C4_one_sided        40             0.700            10.198     0.160     -0.305     -9.304      -10.969       -7.265    1181.274   -259.012    7  0.946
  C5      C5_slow_glide        40             0.540            10.120     0.000      8.999      0.000       -3.658        0.045    1440.286      0.000    7  1.033

== 事实 8：T3-A 形状统计（引用；H1 的统计裁决归 T3-A）==
  onset_f(0.3s)                中位 0.854, p10~p90 0.795~0.903, CQV 0.034 (n=18)
  onset_f(0.5s)                中位 0.890, p10~p90 0.826~0.935, CQV 0.034 (n=18)
  onset_f(1.0s)                中位 0.918, p10~p90 0.871~0.957, CQV 0.031 (n=18)
  onset_f(0.05s)               中位 0.723, p10~p90 0.470~0.817, CQV 0.104 (n=18)
  onset_inv@0.2s_自身标定          中位 -0.01%, 中位|误差| 3.14%, p90|误差| 23.52% (n=22)
  onset_inv@0.2s_留一事件          中位 +0.65%, 中位|误差| 5.18%, p90|误差| 24.06% (n=22)
  onset_inv@0.2s_跨族            中位 -1.81%, 中位|误差| 5.11%, p90|误差| 24.25% (n=22)
  onset_inv@0.2s_跨形态           中位 +54.57%, 中位|误差| 56.37%, p90|误差| 68.46% (n=22)

-> results/t3b_h2_facts.json

====================================================================================================
== 裁决表（写入 results/t3b_h2_verdict.csv）==

[H1] 快相爬升的形状总是差不多稳定的，可以当已知形状用掉
  三态：反驳
  理由：统计侧由 T3-A 裁决为反驳（只在 onset+硬阶跃+τ≥0.3 s 子域成立）；本席位从成本侧给出同向证据：形状库精度不是 T_stable 的瓶颈，而形状库偏慢会按 1:1 变成过充/欠报。
  数字：T3-A：usable onset f(0.3 s)=0.854(p10~p90 0.795~0.903,CQV 0.034,n=18)、f(1.0 s)=0.918，但 f(0.05 s) CQV=0.104；单点反演 @0.2 s 中位|误差| 自身标定 3.14% → 留一事件 5.18% → 跨族 5.11% → 跨形态 56.37%（n=22）。T3-B：rom_scale 1.00→1.12（形状库整体提前 0~12%）时 T_stable 中位 0.540→0.650 s（几乎不变），而 OS 8.999%→-0.136%、err1 -3.703%→-10.969%、G 1.033→0.950 单调恶化 ⇒ 形状偏差不改变「停得快不快」，只改变「停得准不准」。
  n：n=40 事件 / 13 录制（算法级）；n=18 usable onset（形状统计，T3-A）

[H2a] 要在 1~2 s 内稳定基线，快相爬升必须被处理（不能不处理）
  三态：支持
  理由：三条「不处理快相」的路线（放任 + 免责期 3/5 s）在 13 份录制上的 T_stable 中位全部 >2 s，且达标录制比为 0%；把免责期压到 1 s 也只到 2.90 s、达标录制比 23%。
  数字：13 录制中位 T_stable（总通道·D1-ev）：raw 15.495 s、v5.1 免责 1/3/5 s = 2.900/3.810/4.192 s、v6 形状反演 0.540 s；≤2 s 的录制比 0% / 23% / 8% / 0% / 77%；最坏录制 8.440/9.120/70.220 s。配对各录制：v6 比免责 5 s 快 -3.130 s（11/13 录制更快）。
  n：n=13 录制（每录制取事件中位）；事件 n=23~24（含 restep 删失，见事实 2）

[H2b] 必须用「形状反演」这种方式处理快相（= 只有形状反演能达到 1~2 s）
  三态：有条件支持
  理由：形状反演确实是本批数据里唯一把中位压进 2 s 的路线；但收益并不来自「形状库够准」：把形状库整体提前 4~12% 对 T_stable 无可辨影响，把 restep 完全退出反演（只对 onset 反演）对四联指标 Δ≈0 —— 起作用的是「在快相内设定目标并钉住」这一机制，形状库只是其中一种取值。
  数字：形状库缩放 1.00/1.04/1.06/1.08/1.12 ⇒ T_stable 中位 0.54/0.51/0.52/0.63/0.65 s（跨 4 个点差 ≤0.14 s）、OS 9.0/4.9/3.0/1.6/-0.1%；只对 onset 反演 vs 全事件反演：ΔT 中位 0.000 s、ΔOS −0.05 pt、ΔMD 0 ADC（n=40）；非形状机制（免责 1 s 早扣）中位 2.900 s、达标录制比 23% —— 仍不达标。
  n：n=13 录制 / 40 事件；κ 维 5 档，滑行器维 5 档（见 t3b_route_roi.csv）

[H2c] 「1~2 s 内稳定」这个目标是可达的
  三态：有条件支持
  理由：中位口径下 v6 已达（0.54 s，77% 录制 ≤2 s），但最严口径（主通道）是 0.77 s、且 38% 的录制 >2 s、最坏 8.92 s ⇒ 只能「按工况分级承诺」，不能承诺「处处 ≤2 s」。
  数字：v6：总通道·D1-ev 中位 0.540 s（p10~p90 0.370~6.970，≤2 s 录制比 77%）；主通道·D1-ev 中位 0.770 s（≤2 s 62%）；T1-A 冻结主口径 D1（完整 30 s 窗、不截断）中位 0.535 s（n=10 份可测，删失比 57%）。±1 包（±40 ms）起点敏感度：|ΔT_stable| 中位 0.080 s。
  n：n=13 录制；D1 在实录上大量删失（慢相不收敛 + 事件密）

[T3-Q6] 不处理快相（v5 免责期路线）能不能进 2 s
  三态：反驳
  理由：13 份录制上三条免责期配置的 T_stable 中位是 2.90/3.81/4.19 s，全部 >2 s；没有任何一档做到「全部录制 ≤2 s」（最好的一档 23%）。
  数字：总通道·D1-ev 中位：raw 15.495、免责1s 2.900、免责3s 3.810、免责5s 4.192 s；距 2 s：0.900/1.810/2.192 s；主通道·D1-ev 中位 2.380/2.362/2.845 s（≤2 s 录制比 46/50/42%）。
  n：n=13 录制；T3-A 冻结口径 D1-ev（主口径 D1 在实录上删失）

[T3-Q7] 处理快相（v6 形状反演）的收益与代价
  三态：支持
  理由：收益：T_stable 中位 0.540 s（vs 免责 3 s 的 3.810 s）。代价：过充 8.999%、1 s 误差 -3.703%、最大偏差中位 1440 ADC（最大 5446 ADC）、epoch 1.708/100 s（免责路线 1.051/100 s）。
  数字：v6：T_stable 中位 0.540 s（总通道）/ 0.770 s（主通道）、OS 中位 8.999%（onset 单独 9.040%）、err1 中位 -3.703%、MD 中位 1440 ADC、G 中位 1.033（n=7，ADC 域大台阶）、epoch 1.708/100 s、trigger 4.1%；v5.1 免责 3 s 对照：T 3.810 s、OS 2.809%、err1 -10.500%、MD 383 ADC、epoch 1.051/100 s。
  n：n=40 事件 / 13 录制（代价类指标用主通道；T_stable 用总通道 D1-ev）

[T3-Q8] 部分处理的 ROI 曲线与拐点
  三态：支持
  理由：四个维度里只有两个真的可动：形状库缩放（拐点 1.060）与 κ 单侧上限（拐点 0.150 = 1.30−1.150）；滑行器速率（0.3~3.0）与「只对 onset 生效」在四联指标上不可观测。
  数字：① rom_scale 拐点 T_stable=1.060、OS=1.060、MD=1.080；甜点在 1.04~1.06（OS 9.0%→3.0%，T 中位 0.54→0.52 s，G 1.033→0.982）；1.12 时 G=0.950（<0.97）、err1=-10.969%。② κ 触发率 4.1%（1.30）→7.2%（1.25≈无效果）→41.0%（1.15）→75.8%（1.00）→100%（0.95）；κ=1.00 时 OS -0.305%、err1 -10.969%、G 0.946；κ=0.95 反而 MD 回升到 1877 ADC。③ 滑行器 0.3~3.0：T 0.54~0.68 s、OS 8.76~9.00%、MD 1337~1440 ADC（Δ≈0 ⇒ 该维无效）。④ onset_only：ΔT 0.000 s、ΔOS −0.05 pt。
  n：n=13 录制 / 40 事件 × 每维 2~5 档；每臂相对 v6 只改一个参数

[T3-Q9] 第三条路是否存在（≥2 个候选的数值可行性）
  三态：有条件支持
  理由：5 个候选里只有 2 个在数值上站得住：C4 单侧门（把过充从 8.999% 压到 -0.305%，代价是 1 s 欠报 -10.969%、G 0.946）与 C3 解耦/慢修正（四联指标 Δ≈0、MD 略降 -320 ADC）；C2 滤波、C5 慢滑行、C1 只对 onset 反演都不成立。
  数字：C1 只对 onset 反演：ΔT 0.000 s、ΔOS -0.05 pt、ΔMD 0 ADC（n=40）；C2 形状反演+EMA(τ=0.3 s)：T 1.160 s、OS 7.332%、err1 -7.213%、MD 4211 ADC（最大 26826 ADC，v6 为 5446 ADC）；C3 解耦(measured)/+trim：T 0.535/0.525 s、OS 8.999%、MD 1417/1121 ADC；C4 单侧门(rs1.08+κ1.00)：T 0.700 s、OS -0.305%、err1 -10.969%、MD 1181 ADC、G 0.946、触发率 63.6%；C5 慢滑行(0.5/s)：ΔT 0.000、ΔOS 0.000。
  n：每个候选都在 13 份录制上跑完整算法（n=40 事件）、相对 v6 只做该候选的改动

-> D:\workshop\Processing\multi-device-cascade-host-cpp\temp\v4.1flash\plan\v1.0\T3_快相爬升可重复性与处理必要性\results\t3b_h2_verdict.csv
-> D:\workshop\Processing\multi-device-cascade-host-cpp\temp\v4.1flash\plan\v1.0\T3_快相爬升可重复性与处理必要性\results\conclusions_T3B.json
总耗时 0.4 s
