==== T3-B 06_sens ==== 2026-09-19 01:45:08
cmd : C:\Python314\python.exe D:\workshop\Processing\multi-device-cascade-host-cpp\temp\v4.1flash\plan\v1.0\T3_快相爬升可重复性与处理必要性\scripts\t3b_06_sens.py
cwd : D:\workshop\Processing\multi-device-cascade-host-cpp
== 1. 平滑口径敏感性（T_stable_ev_tot5；sm = 0.5 s 中值平滑，ns = 未平滑）==
  v6       n=23   sm 中位  0.540  ns 中位  0.540  配对差中位 +0.000 s  (ns/sm 比值中位 1.00)
  v51_f3   n=23   sm 中位  3.645  ns 中位  3.500  配对差中位 +0.000 s  (ns/sm 比值中位 1.00)

== 2. 帧时间戳统计（变载实录为何有 ±1 包不确定性）==
rec                      dt_med   dt_p90 dup_frac   eff_hz
右拇指指尖/数据1                0.0155   0.0176    0.000    100.5
右拇指指尖/数据2                0.0154   0.0177    0.000    100.5
右拇指指尖/数据3                0.0154   0.0177    0.000    100.5
左拇指指尖/数据1                0.0153   0.0178    0.000    100.6
左拇指指尖/数据2                0.0152   0.0179    0.000    100.6
左拇指指尖/数据3                0.0152   0.0180    0.000    100.6
四指指尖/数据1                 0.0151   0.0181    0.000    100.3
四指指尖/数据2                 0.0151   0.0181    0.000    100.3
四指指尖/数据3                 0.0151   0.0180    0.000    100.3
切换负载-快相无责                0.0000   0.0402    0.039    100.5
再切换负载                    0.0000   0.0400    0.051    100.6
中途切换-1d9493              0.0000   0.0401    0.065    100.5
中途切换-13ffca              0.0000   0.0401    0.058    100.5

== 3. ±1 包（±40 ms）事件起点敏感性（v6，D1-ev 总通道）==
  显示域    n=11   中位 −40ms  0.560 / 0  0.520 / +40ms  0.480  |Δ(±40ms)| 中位  0.080 s 最大  0.080 s
  ADC域   n=12   中位 −40ms  0.720 / 0  0.680 / +40ms  0.640  |Δ(±40ms)| 中位  0.080 s 最大  0.080 s

总耗时 112.4 s
-> results/t3b_smoothing_sensitivity.csv / t3b_jitter_pm1pkt.csv
