==== T3-B 03_third ==== 2026-09-19 01:37:13
cmd : C:\Python314\python.exe D:\workshop\Processing\multi-device-cascade-host-cpp\temp\v4.1flash\plan\v1.0\T3_快相爬升可重复性与处理必要性\scripts\t3b_03_third.py --force
cwd : D:\workshop\Processing\multi-device-cascade-host-cpp
[cache] 命中 npz 网格 + t3b_events.csv（40 事件）
Q9：第三条路候选的数值可行性（全部在 13 份录制上跑完整算法）

== arm rt_filter030 (group=third) ==
  rt_filter030   右拇指指尖/数据1            n_ev= 4 epoch=  2 inv= 476 cap=   0 (0.00)  163s
  rt_filter030   右拇指指尖/数据2            n_ev= 3 epoch=  4 inv= 476 cap=   5 (0.01)  234s
  rt_filter030   右拇指指尖/数据3            n_ev= 2 epoch=  5 inv= 482 cap=   4 (0.01)  190s
  rt_filter030   左拇指指尖/数据1            n_ev= 1 epoch=  3 inv= 477 cap=   0 (0.00)  196s
  rt_filter030   左拇指指尖/数据2            n_ev= 1 epoch=  2 inv= 476 cap=   0 (0.00)  198s
  rt_filter030   左拇指指尖/数据3            n_ev= 1 epoch=  2 inv= 476 cap=   0 (0.00)  193s
  rt_filter030   四指指尖/数据1             n_ev= 1 epoch=  4 inv= 477 cap=   0 (0.00)  191s
  rt_filter030   四指指尖/数据2             n_ev= 1 epoch=  2 inv= 477 cap=   0 (0.00)  191s
  rt_filter030   四指指尖/数据3             n_ev= 1 epoch=  2 inv= 476 cap=   0 (0.00)  200s
  rt_filter030   切换负载-快相无责            n_ev=11 epoch= 24 inv=4987 cap= 103 (0.02)  256s
  rt_filter030   再切换负载                n_ev= 4 epoch=  6 inv=1431 cap=   0 (0.00)  71s
  rt_filter030   中途切换-1d9493          n_ev= 3 epoch=  6 inv=1437 cap=  22 (0.02)  64s
  rt_filter030   中途切换-13ffca          n_ev= 7 epoch= 11 inv=2817 cap= 483 (0.17)  121s
   -> 40 行事件指标（累计表 D:\workshop\Processing\multi-device-cascade-host-cpp\temp\v4.1flash\plan\v1.0\T3_快相爬升可重复性与处理必要性\results\t3b_arm_metrics.csv）
== arm rt_filter010 (group=third) ==
  rt_filter010   右拇指指尖/数据1            n_ev= 4 epoch=  2 inv= 476 cap=   0 (0.00)  163s
  rt_filter010   右拇指指尖/数据2            n_ev= 3 epoch=  4 inv= 476 cap=   5 (0.01)  234s
  rt_filter010   右拇指指尖/数据3            n_ev= 2 epoch=  5 inv= 482 cap=   4 (0.01)  190s
  rt_filter010   左拇指指尖/数据1            n_ev= 1 epoch=  3 inv= 477 cap=   0 (0.00)  196s
  rt_filter010   左拇指指尖/数据2            n_ev= 1 epoch=  2 inv= 476 cap=   0 (0.00)  198s
  rt_filter010   左拇指指尖/数据3            n_ev= 1 epoch=  2 inv= 476 cap=   0 (0.00)  193s
  rt_filter010   四指指尖/数据1             n_ev= 1 epoch=  4 inv= 477 cap=   0 (0.00)  191s
  rt_filter010   四指指尖/数据2             n_ev= 1 epoch=  2 inv= 477 cap=   0 (0.00)  191s
  rt_filter010   四指指尖/数据3             n_ev= 1 epoch=  2 inv= 476 cap=   0 (0.00)  200s
  rt_filter010   切换负载-快相无责            n_ev=11 epoch= 24 inv=4987 cap= 103 (0.02)  256s
  rt_filter010   再切换负载                n_ev= 4 epoch=  6 inv=1431 cap=   0 (0.00)  71s
  rt_filter010   中途切换-1d9493          n_ev= 3 epoch=  6 inv=1437 cap=  22 (0.02)  64s
  rt_filter010   中途切换-13ffca          n_ev= 7 epoch= 11 inv=2817 cap= 483 (0.17)  121s
   -> 40 行事件指标（累计表 D:\workshop\Processing\multi-device-cascade-host-cpp\temp\v4.1flash\plan\v1.0\T3_快相爬升可重复性与处理必要性\results\t3b_arm_metrics.csv）
== arm rt_measured (group=third) ==
  rt_measured    右拇指指尖/数据1            n_ev= 4 epoch=  2 inv= 476 cap=   0 (0.00)  163s
  rt_measured    右拇指指尖/数据2            n_ev= 3 epoch=  4 inv= 476 cap=   5 (0.01)  234s
  rt_measured    右拇指指尖/数据3            n_ev= 2 epoch=  5 inv= 482 cap=   4 (0.01)  190s
  rt_measured    左拇指指尖/数据1            n_ev= 1 epoch=  3 inv= 477 cap=   0 (0.00)  196s
  rt_measured    左拇指指尖/数据2            n_ev= 1 epoch=  2 inv= 476 cap=   0 (0.00)  198s
  rt_measured    左拇指指尖/数据3            n_ev= 1 epoch=  2 inv= 476 cap=   0 (0.00)  193s
  rt_measured    四指指尖/数据1             n_ev= 1 epoch=  4 inv= 477 cap=   0 (0.00)  191s
  rt_measured    四指指尖/数据2             n_ev= 1 epoch=  2 inv= 477 cap=   0 (0.00)  191s
  rt_measured    四指指尖/数据3             n_ev= 1 epoch=  2 inv= 476 cap=   0 (0.00)  200s
  rt_measured    切换负载-快相无责            n_ev=11 epoch= 24 inv=4987 cap= 103 (0.02)  256s
  rt_measured    再切换负载                n_ev= 4 epoch=  6 inv=1431 cap=   0 (0.00)  71s
  rt_measured    中途切换-1d9493          n_ev= 3 epoch=  6 inv=1437 cap=  22 (0.02)  64s
  rt_measured    中途切换-13ffca          n_ev= 7 epoch= 11 inv=2817 cap= 483 (0.17)  121s
   -> 40 行事件指标（累计表 D:\workshop\Processing\multi-device-cascade-host-cpp\temp\v4.1flash\plan\v1.0\T3_快相爬升可重复性与处理必要性\results\t3b_arm_metrics.csv）
== arm rt_meas_trim (group=third) ==
  rt_meas_trim   右拇指指尖/数据1            n_ev= 4 epoch=  2 inv= 476 cap=   0 (0.00)  163s
  rt_meas_trim   右拇指指尖/数据2            n_ev= 3 epoch=  4 inv= 476 cap=   5 (0.01)  234s
  rt_meas_trim   右拇指指尖/数据3            n_ev= 2 epoch=  5 inv= 482 cap=   4 (0.01)  190s
  rt_meas_trim   左拇指指尖/数据1            n_ev= 1 epoch=  3 inv= 477 cap=   0 (0.00)  196s
  rt_meas_trim   左拇指指尖/数据2            n_ev= 1 epoch=  2 inv= 476 cap=   0 (0.00)  198s
  rt_meas_trim   左拇指指尖/数据3            n_ev= 1 epoch=  2 inv= 476 cap=   0 (0.00)  193s
  rt_meas_trim   四指指尖/数据1             n_ev= 1 epoch=  4 inv= 477 cap=   0 (0.00)  191s
  rt_meas_trim   四指指尖/数据2             n_ev= 1 epoch=  2 inv= 477 cap=   0 (0.00)  191s
  rt_meas_trim   四指指尖/数据3             n_ev= 1 epoch=  2 inv= 476 cap=   0 (0.00)  200s
  rt_meas_trim   切换负载-快相无责            n_ev=11 epoch= 24 inv=4987 cap= 103 (0.02)  256s
  rt_meas_trim   再切换负载                n_ev= 4 epoch=  6 inv=1431 cap=   0 (0.00)  71s
  rt_meas_trim   中途切换-1d9493          n_ev= 3 epoch=  6 inv=1437 cap=  22 (0.02)  64s
  rt_meas_trim   中途切换-13ffca          n_ev= 7 epoch= 11 inv=2817 cap= 483 (0.17)  121s
   -> 40 行事件指标（累计表 D:\workshop\Processing\multi-device-cascade-host-cpp\temp\v4.1flash\plan\v1.0\T3_快相爬升可重复性与处理必要性\results\t3b_arm_metrics.csv）
== arm rt_onesided (group=third) ==
  rt_onesided    右拇指指尖/数据1            n_ev= 4 epoch=  2 inv= 476 cap=  66 (0.14)  163s
  rt_onesided    右拇指指尖/数据2            n_ev= 3 epoch=  4 inv= 476 cap= 476 (1.00)  234s
  rt_onesided    右拇指指尖/数据3            n_ev= 2 epoch=  5 inv= 482 cap= 481 (1.00)  190s
  rt_onesided    左拇指指尖/数据1            n_ev= 1 epoch=  3 inv= 477 cap= 477 (1.00)  196s
  rt_onesided    左拇指指尖/数据2            n_ev= 1 epoch=  2 inv= 476 cap= 476 (1.00)  198s
  rt_onesided    左拇指指尖/数据3            n_ev= 1 epoch=  2 inv= 476 cap= 476 (1.00)  193s
  rt_onesided    四指指尖/数据1             n_ev= 1 epoch=  4 inv= 477 cap= 477 (1.00)  191s
  rt_onesided    四指指尖/数据2             n_ev= 1 epoch=  2 inv= 477 cap= 477 (1.00)  191s
  rt_onesided    四指指尖/数据3             n_ev= 1 epoch=  2 inv= 476 cap= 476 (1.00)  200s
  rt_onesided    切换负载-快相无责            n_ev=11 epoch= 24 inv=4987 cap=1837 (0.37)  256s
  rt_onesided    再切换负载                n_ev= 4 epoch=  6 inv=1431 cap=1431 (1.00)  71s
  rt_onesided    中途切换-1d9493          n_ev= 3 epoch=  6 inv=1437 cap= 910 (0.63)  64s
  rt_onesided    中途切换-13ffca          n_ev= 7 epoch= 11 inv=2817 cap=1454 (0.52)  121s
   -> 40 行事件指标（累计表 D:\workshop\Processing\multi-device-cascade-host-cpp\temp\v4.1flash\plan\v1.0\T3_快相爬升可重复性与处理必要性\results\t3b_arm_metrics.csv）
-> results/t3b_route_roi.csv（23 臂）
-> results/t3b_route_q6q7.csv（69 行）
-> results/t3b_arm_kind.csv（92 行）

-- 第三条路候选：预期指标（T1 口径；n = 事件数）--
cand              route  n_events  Tstab_tot_ev_med  Tstab_tot_ev_p10  Tstab_tot_ev_p90  Tstab_tot_ev_med_onset  Tstab_tot_ev_med_restep  dT_vs_v6  OS_ch_med  dOS_vs_v6  err1_ch_med  derr1_vs_v6  MD_tot_med  dMD_vs_v6  epoch_per100s  G_n  G_med
  C1      C1_onset_only        40             0.540             0.220            10.120                   0.545                     9.63     0.000      8.948     -0.051       -3.703        0.000    1440.286      0.000          1.708    7  1.033
  C2 C2_inv_plus_filter        40             1.160             0.930             9.520                   1.190                    11.23     0.620      7.332     -1.667       -7.213       -3.510    4211.267   2770.981          1.708    7  1.031
  C3   C3_decouple_slow        40             0.535             0.195             9.208                   0.540                     8.92    -0.005      8.999      0.000       -3.703        0.000    1416.929    -23.357          1.708    7  1.033
  C4       C4_one_sided        40             0.700             0.306            10.198                   0.720                     9.63     0.160     -0.305     -9.304      -10.969       -7.265    1181.274   -259.012          1.708    7  0.946
  C5      C5_slow_glide        40             0.540             0.220            10.120                   0.545                     9.63     0.000      8.999      0.000       -3.658        0.045    1440.286      0.000          1.708    7  1.033

-- 机制 / 代价 / 风险 / 是否需现场标定 --

[C1] C1_onset_only（臂 onset_only）
   机制：只对 onset 做形状反演；restep/减载类不做形状预判（目标 = 当前实测增量），滑行器与慢相模块不变
   理由：T4-A 实测 restep 的等效输入斜坡 T_ramp 中位 0.55 s ⇒ 1 s 目标物理不可达；T4-B 实测 restep 是过充/下冲最大来源
   代价：restep 段不再「提前到位」，事件后 1~2 s 只跟随实测电平（台阶捕获比略降）
   风险：restep 占实录事件约 1/3；若现场以'负载内加重'为主，则等于放弃对它的快速稳定承诺
   现场标定：否（不依赖任何新增标定）

[C2] C2_inv_plus_filter（臂 rt_filter030）
   机制：形状反演照旧，output 端串一级因果 EMA（τ=0.3 s；另有 0.1 s 对照）
   理由：第一轮实测 τ=0.3 s 是「双赢」：过充 9.11→5.14% 且 T_stable 2.72→1.89 s
   代价：显示引入 0.3 s 时间常数：1 s 时刻的误差被 EMA 改写（本任务实测见 err1 列）
   风险：滤波对「方向一致的系统性偏差」只在过渡期有效；τ 越大越吃 1~2 s 预算
   现场标定：否（τ 是全局常数）

[C3] C3_decouple_slow（臂 rt_measured）
   机制：交接时 A 取「交接时刻实测平台」而不是钉住 Â（ANCHOR_MODE=measured），使慢相模块的稳态不再继承形状库误差；`rt_meas_trim` 另外打开限速慢修正(0.2%/s)
   理由：第一轮 §8.2 定位：v6 的显示稳态 ≡ Â，形状误差 1:1 搬成平台高度（组内 std 4.83 pp）
   代价：交接瞬间显示必须先滑到实测平台（多一次回落/抬升），慢相段精度退到 v5 量级
   风险：实测（第一轮 ③④ 负结果）无明显改善；本任务复核见下表
   现场标定：否

[C4] C4_one_sided（臂 rt_onesided）
   机制：单侧门：形状库上包络重标 1.08 + κ 压到 1.00 ⇒ 结构上「宁可欠报不许过报」
   理由：第一轮 §9.4：过充必须靠回落来还，最刺眼；欠报会被随后的慢相自然补上
   代价：明显欠报（欠报在'负载内加重'上会压低台阶捕获比）
   风险：欠报在验收口径'1 s 时刻误差'上变负；需要与'台阶捕获比 ≥0.8'的验收线联判
   现场标定：否（但 1.08 这个数取自 v6.1 的实测分布，现场换传感器需复核）

[C5] C5_slow_glide（臂 gl050）
   机制：把滑行器速率上限从 0.8/s 压到 0.5/s（对照 0.3/s），把过充峰值摊成缓升
   理由：过充的'峰值'由滑行器把 Â 推到位的时间决定；放慢可削峰而不改 Â 本身
   代价：到位时间 ∝ 幅度/RATE_MAX，直接吃 1~2 s 预算
   风险：本质是「用时间换幅度」，与 C2 的滤波是同一类交换，二者不应叠加
   现场标定：否

总耗时 454.3 s
-> D:\workshop\Processing\multi-device-cascade-host-cpp\temp\v4.1flash\plan\v1.0\T3_快相爬升可重复性与处理必要性\results\t3b_third_routes.csv
