T6-A layers log
           右拇指指尖/数据1  v5.1 plat=14.774 err5=+0.61% errstep=+30.20% T_stable=5.44s ep=2 ep_pre=1
           右拇指指尖/数据1    v6 plat=14.432 err5=-1.80% errstep=+27.07% T_stable=5.44s ep=2 ep_pre=0
           右拇指指尖/数据1  v6.1 plat=13.638 err5=-7.42% errstep=+19.81% T_stable=0.89s ep=2 ep_pre=0
右拇指指尖/数据1 [右拇指] t_e=8.23s a_step=10.934 inc5=14.149 m=0.9809
           右拇指指尖/数据2  v5.1 plat=16.681 err5=-0.29% errstep=+27.28% T_stable=3.83s ep=3 ep_pre=1
           右拇指指尖/数据2    v6 plat=16.167 err5=-3.42% errstep=+23.29% T_stable=0.54s ep=4 ep_pre=1
           右拇指指尖/数据2  v6.1 plat=15.260 err5=-8.94% errstep=+16.24% T_stable=0.50s ep=4 ep_pre=1
右拇指指尖/数据2 [右拇指] t_e=12.32s a_step=12.863 inc5=16.420 m=0.9707
           右拇指指尖/数据3  v5.1 plat=17.470 err5=+5.61% errstep=+23.01% T_stable=7.32s ep=2 ep_pre=1
           右拇指指尖/数据3    v6 plat=18.506 err5=+11.89% errstep=+30.33% T_stable=7.61s ep=5 ep_pre=3
           右拇指指尖/数据3  v6.1 plat=17.347 err5=+4.87% errstep=+22.14% T_stable=7.32s ep=5 ep_pre=3
右拇指指尖/数据3 [右拇指] t_e=10.60s a_step=14.166 inc5=16.500 m=1.0495
           左拇指指尖/数据1  v5.1 plat=16.317 err5=+6.76% errstep=+25.86% T_stable=9.11s ep=1 ep_pre=0
           左拇指指尖/数据1    v6 plat=17.054 err5=+11.58% errstep=+31.54% T_stable=9.29s ep=3 ep_pre=1
           左拇指指尖/数据1  v6.1 plat=16.036 err5=+4.92% errstep=+23.70% T_stable=9.11s ep=3 ep_pre=1
左拇指指尖/数据1 [左拇指] t_e=11.70s a_step=12.964 inc5=15.284 m=1.0439
           左拇指指尖/数据2  v5.1 plat=16.438 err5=+1.97% errstep=+19.39% T_stable=1.81s ep=1 ep_pre=0
           左拇指指尖/数据2    v6 plat=16.373 err5=+1.57% errstep=+18.91% T_stable=2.70s ep=2 ep_pre=0
           左拇指指尖/数据2  v6.1 plat=16.373 err5=+1.57% errstep=+18.91% T_stable=0.55s ep=2 ep_pre=0
左拇指指尖/数据2 [左拇指] t_e=14.90s a_step=13.769 inc5=16.121 m=1.0398
           左拇指指尖/数据3  v5.1 plat=17.714 err5=+1.05% errstep=+20.88% T_stable=2.57s ep=1 ep_pre=0
           左拇指指尖/数据3    v6 plat=18.394 err5=+4.93% errstep=+25.52% T_stable=0.55s ep=2 ep_pre=0
           左拇指指尖/数据3  v6.1 plat=17.209 err5=-1.82% errstep=+17.44% T_stable=0.49s ep=2 ep_pre=0
左拇指指尖/数据3 [左拇指] t_e=10.87s a_step=14.653 inc5=17.529 m=1.0297
            四指指尖/数据1  v5.1 plat=13.521 err5=+1.02% errstep=+26.23% T_stable=3.18s ep=2 ep_pre=1
            四指指尖/数据1    v6 plat=13.369 err5=-0.11% errstep=+24.80% T_stable=0.53s ep=4 ep_pre=2
            四指指尖/数据1  v6.1 plat=12.578 err5=-6.05% errstep=+17.38% T_stable=0.49s ep=4 ep_pre=2
四指指尖/数据1 [四指] t_e=10.94s a_step=10.661 inc5=13.320 m=0.9889
            四指指尖/数据2  v5.1 plat=14.780 err5=+0.22% errstep=+28.31% T_stable=4.38s ep=2 ep_pre=1
            四指指尖/数据2    v6 plat=14.441 err5=-2.09% errstep=+25.36% T_stable=0.50s ep=2 ep_pre=0
            四指指尖/数据2  v6.1 plat=13.575 err5=-7.98% errstep=+17.81% T_stable=0.47s ep=2 ep_pre=0
四指指尖/数据2 [四指] t_e=11.03s a_step=11.470 inc5=14.685 m=0.9741
            四指指尖/数据3  v5.1 plat=15.480 err5=+1.09% errstep=+25.02% T_stable=3.52s ep=2 ep_pre=1
            四指指尖/数据3    v6 plat=15.990 err5=+4.44% errstep=+29.17% T_stable=0.55s ep=2 ep_pre=0
            四指指尖/数据3  v6.1 plat=14.975 err5=-2.22% errstep=+20.93% T_stable=0.48s ep=2 ep_pre=0
四指指尖/数据3 [四指] t_e=10.99s a_step=12.327 inc5=15.245 m=1.0278

======================================================================================================================
表 1  L2 输出层组内离散度/偏差（3 组取中位；n=3/组；口径 R5/pre+inc5、Rstep/pre+a_step）
======================================================================================================================
impl                        raw     v5.1       v6     v6.1
metric                                                    
plat_err_std_R5_pp       3.8439   3.0651   5.0944   3.3726
plat_err_std_Rstep_pp    5.4324   3.3917   3.5229   2.9759
abs_plat_std             0.5929   0.9928   1.3178   1.2038
T_stable_std_s           3.9138   1.7467   3.6218   3.8299
OS_std_pp                3.2768   2.2740   4.6736   3.4572
err5s_std_pp             0.0512   0.0512   2.6814   2.5219
flat_in_plat_std_pp      1.0446   0.2236   0.2822   0.1655
move3060_std_pp          0.5582   0.3338   0.5464   0.4760
epoch_total_std          0.0000   0.0000   1.1547   1.1547
epoch_pre_std            0.0000   0.0000   1.1547   1.1547
plat_err_bias_R5_pp     13.4798   1.9774   2.2249  -3.8297
plat_err_bias_Rstep_pp  42.4763  26.5199  26.4415  19.3963
abs_plat_bias           18.0067  16.3080  16.3686  15.4151
T_stable_bias_s         16.4900   4.4967   4.1800   2.9033

表 2  L1 输入层（原始数据本身）组内离散度（3 组取中位；**与实现无关**）
impl                 (input, impl-independent)
metric                                        
CV_shape@0.20                           1.7736
CV_shape@0.30                           4.0114
CV_shape@0.50                           2.7328
CV_shape@0.80                           2.1691
CV_shape@1.00                           2.1668
CV_shape@1.50                           1.2403
CV_shape@2.00                           0.9946
CV_shape@3.00                           1.8329
CV_shape@5.00                           0.0000
CV_shape_med                            1.8503
Spread_shape@0.20                       2.7527
Spread_shape@0.30                       5.6673
Spread_shape@0.50                       4.5213
Spread_shape@0.80                       3.3189
Spread_shape@1.00                       3.6061
Spread_shape@1.50                       2.1438
Spread_shape@2.00                       1.6836
Spread_shape@3.00                       3.4693
Spread_shape@5.00                       0.0000
Spread_shape_med_pp                     3.3189
abs_plat_raw_std                        0.8449
creep_frac_pp                           2.2415
inc5_pct                                6.9551
jump_a_step_pct                         7.2540

表 3  τ 网格逐点 CV_shape / Spread（中位·三组）
  [CV_shape@]
group            右拇指     四指    左拇指
metric                            
CV_shape@0.20  5.811  1.774  1.095
CV_shape@0.30  4.011  4.199  1.442
CV_shape@0.50  4.569  2.733  0.811
CV_shape@0.80  3.464  2.169  0.386
CV_shape@1.00  2.885  2.167  0.478
CV_shape@1.50  2.317  1.240  0.601
CV_shape@2.00  1.801  0.995  0.872
CV_shape@3.00  1.833  1.850  0.625
CV_shape@5.00  0.000  0.000  0.000
  [Spread_shape@]
group                右拇指     四指    左拇指
metric                                
Spread_shape@0.20  8.581  2.753  1.816
Spread_shape@0.30  5.667  6.490  2.168
Spread_shape@0.50  7.341  4.521  1.411
Spread_shape@0.80  6.047  3.319  0.629
Spread_shape@1.00  4.809  3.606  0.875
Spread_shape@1.50  3.900  2.144  1.123
Spread_shape@2.00  3.206  1.684  1.496
Spread_shape@3.00  3.469  3.545  1.074
Spread_shape@5.00  0.000  0.000  0.000
